Compilaci├│n iniciada a las 02/02/2026 18:12:59.
     1>Proyecto "C:\temp\MVP\documento-ia-clasificacion-mvp\src\backend\DocumentIA.Functions\DocumentIA.Functions.csproj" en el nodo 1 (Restore destinos).
     1>_GetAllRestoreProjectPathItems:
         Determinando los proyectos que se van a restaurar...
       Restore:
         La validaci├│n de la cadena de certificados X.509 utilizar├í el almac├®n de confianza predeterminado seleccionado por .NET para la firma de c├│digo.
         La validaci├│n de la cadena de certificados X.509 utilizar├í el almac├®n de confianza predeterminado seleccionado por .NET para la marca de tiempo.
         Restaurando paquetes para C:\temp\MVP\documento-ia-clasificacion-mvp\src\backend\DocumentIA.Functions\DocumentIA.Functions.csproj...
         El archivo de recursos no ha cambiado, as├¡ que se omitir├í su escritura. Ruta de acceso: C:\temp\MVP\documento-ia-clasificacion-mvp\src\backend\DocumentIA.Core\obj\project.assets.json
         El archivo de recursos no ha cambiado, as├¡ que se omitir├í su escritura. Ruta de acceso: C:\temp\MVP\documento-ia-clasificacion-mvp\src\backend\DocumentIA.Data\obj\project.assets.json
         El archivo de recursos no ha cambiado, as├¡ que se omitir├í su escritura. Ruta de acceso: C:\temp\MVP\documento-ia-clasificacion-mvp\src\backend\DocumentIA.Plugins\obj\project.assets.json
         Se ha restaurado C:\temp\MVP\documento-ia-clasificacion-mvp\src\backend\DocumentIA.Data\DocumentIA.Data.csproj (en 122 ms).
         Se ha restaurado C:\temp\MVP\documento-ia-clasificacion-mvp\src\backend\DocumentIA.Core\DocumentIA.Core.csproj (en 117 ms).
         Se ha restaurado C:\temp\MVP\documento-ia-clasificacion-mvp\src\backend\DocumentIA.Plugins\DocumentIA.Plugins.csproj (en 125 ms).
           GET https://api.nuget.org/v3/vulnerabilities/index.json
           OK https://api.nuget.org/v3/vulnerabilities/index.json 55 ms 
           GET https://api.nuget.org/v3-vulnerabilities/2026.01.30.23.44.41/vulnerability.base.json
           GET https://api.nuget.org/v3-vulnerabilities/2026.01.30.23.44.41/2026.02.02.11.44.49/vulnerability.update.json
           OK https://api.nuget.org/v3-vulnerabilities/2026.01.30.23.44.41/vulnerability.base.json 75 ms 
           OK https://api.nuget.org/v3-vulnerabilities/2026.01.30.23.44.41/2026.02.02.11.44.49/vulnerability.update.json 158 ms 
         Generaci├│n de archivo MSBuild C:\temp\MVP\documento-ia-clasificacion-mvp\src\backend\DocumentIA.Functions\obj\DocumentIA.Functions.csproj.nuget.g.props.
         Generaci├│n de archivo MSBuild C:\temp\MVP\documento-ia-clasificacion-mvp\src\backend\DocumentIA.Functions\obj\DocumentIA.Functions.csproj.nuget.g.targets.
         Escribiendo el archivo de recursos en el disco. Ruta de acceso: C:\temp\MVP\documento-ia-clasificacion-mvp\src\backend\DocumentIA.Functions\obj\project.assets.json
         Se ha restaurado C:\temp\MVP\documento-ia-clasificacion-mvp\src\backend\DocumentIA.Functions\DocumentIA.Functions.csproj (en 2,19 s).
         
         Archivos de NuGet Config usados:
             C:\Users\ubf0238\AppData\Roaming\NuGet\NuGet.Config
             C:\Program Files (x86)\NuGet\Config\Microsoft.VisualStudio.FallbackLocation.config
             C:\Program Files (x86)\NuGet\Config\Microsoft.VisualStudio.Offline.config
         
         Fuentes usadas:
             https://api.nuget.org/v3/index.json
             C:\Program Files (x86)\Microsoft SDKs\NuGetPackages\
         3 de 4┬áproyectos est├ín actualizados para la restauraci├│n.
     1>Compilaci├│n del proyecto terminada "C:\temp\MVP\documento-ia-clasificacion-mvp\src\backend\DocumentIA.Functions\DocumentIA.Functions.csproj" (Restore destinos).
   1:7>Proyecto "C:\temp\MVP\documento-ia-clasificacion-mvp\src\backend\DocumentIA.Functions\DocumentIA.Functions.csproj" en nodo 3 (destinos predeterminados).
   1:7>El proyecto "C:\temp\MVP\documento-ia-clasificacion-mvp\src\backend\DocumentIA.Functions\DocumentIA.Functions.csproj" (1:7) est├í compilando "C:\temp\MVP\documento-ia-clasificacion-mvp\src\backend\DocumentIA.Plugins\DocumentIA.Plugins.csproj" (3:6) en el nodo 3 (destinos predeterminados).
     3>GenerateTargetFrameworkMonikerAttribute:
       Se omitir├í el destino "GenerateTargetFrameworkMonikerAttribute" porque todos los archivos de salida est├ín actualizados respecto a los archivos de entrada.
       _GenerateSourceLinkFile:
         Actualizando archivo de Source Link 'obj\Debug\net8.0\DocumentIA.Plugins.sourcelink.json'.
       CoreCompile:
         C:\Program Files\dotnet\dotnet.exe exec "C:\Program Files\dotnet\sdk\9.0.310\Roslyn\bincore\csc.dll" /noconfig /unsafe- /checked- /nowarn:1701,1702,1701,1702 /fullpaths /nostdlib+ /errorreport:prompt /warn:8 /define:TRACE;DEBUG;NET;NET8_0;NETCOREAPP;NET5_0_OR_GREATER;NET6_0_OR_GREATER;NET7_0_OR_GREATER;NET8_0_OR_GREATER;NETCOREAPP1_0_OR_GREATER;NETCOREAPP1_1_OR_GREATER;NETCOREAPP2_0_OR_GREATER;NETCOREAPP2_1_OR_GREATER;NETCOREAPP2_2_OR_GREATER;NETCOREAPP3_0_OR_GREATER;NETCOREAPP3_1_OR_GREATER /highentropyva+ /nullable:enable /reference:"C:\Program Files\dotnet\packs\Microsoft.NETCore.App.Ref\8.0.23\ref\net8.0\Microsoft.CSharp.dll" /reference:"C:\Program Files\dotnet\packs\Microsoft.NETCore.App.Ref\8.0.23\ref\net8.0\Microsoft.VisualBasic.Core.dll" /reference:"C:\Program Files\dotnet\packs\Microsoft.NETCore.App.Ref\8.0.23\ref\net8.0\Microsoft.VisualBasic.dll" /reference:"C:\Program Files\dotnet\packs\Microsoft.NETCore.App.Ref\8.0.23\ref\net8.0\Microsoft.Win32.Primitives.dll" /reference:"C:\Program Files\dotnet\packs\Microsoft.NETCore.App.Ref\8.0.23\ref\net8.0\Microsoft.Win32.Registry.dll" /reference:"C:\Program Files\dotnet\packs\Microsoft.NETCore.App.Ref\8.0.23\ref\net8.0\mscorlib.dll" /reference:"C:\Program Files\dotnet\packs\Microsoft.NETCore.App.Ref\8.0.23\ref\net8.0\netstandard.dll" /reference:"C:\Program Files\dotnet\packs\Microsoft.NETCore.App.Ref\8.0.23\ref\net8.0\System.AppContext.dll" /reference:"C:\Program Files\dotnet\packs\Microsoft.NETCore.App.Ref\8.0.23\ref\net8.0\System.Buffers.dll" /reference:"C:\Program Files\dotnet\packs\Microsoft.NETCore.App.Ref\8.0.23\ref\net8.0\System.Collections.Concurrent.dll" /reference:"C:\Program Files\dotnet\packs\Microsoft.NETCore.App.Ref\8.0.23\ref\net8.0\System.Collections.dll" /reference:"C:\Program Files\dotnet\packs\Microsoft.NETCore.App.Ref\8.0.23\ref\net8.0\System.Collections.Immutable.dll" /reference:"C:\Program Files\dotnet\packs\Microsoft.NETCore.App.Ref\8.0.23\ref\net8.0\System.Collections.NonGeneric.dll" /reference:"C:\Program Files\dotnet\packs\Microsoft.NETCore.App.Ref\8.0.23\ref\net8.0\System.Collections.Specialized.dll" /reference:"C:\Program Files\dotnet\packs\Microsoft.NETCore.App.Ref\8.0.23\ref\net8.0\System.ComponentModel.Annotations.dll" /reference:"C:\Program Files\dotnet\packs\Microsoft.NETCore.App.Ref\8.0.23\ref\net8.0\System.ComponentModel.DataAnnotations.dll" /reference:"C:\Program Files\dotnet\packs\Microsoft.NETCore.App.Ref\8.0.23\ref\net8.0\System.ComponentModel.dll" /reference:"C:\Program Files\dotnet\packs\Microsoft.NETCore.App.Ref\8.0.23\ref\net8.0\System.ComponentModel.EventBasedAsync.dll" /reference:"C:\Program Files\dotnet\packs\Microsoft.NETCore.App.Ref\8.0.23\ref\net8.0\System.ComponentModel.Primitives.dll" /reference:"C:\Program Files\dotnet\packs\Microsoft.NETCore.App.Ref\8.0.23\ref\net8.0\System.ComponentModel.TypeConverter.dll" /reference:"C:\Program Files\dotnet\packs\Microsoft.NETCore.App.Ref\8.0.23\ref\net8.0\System.Configuration.dll" /reference:"C:\Program Files\dotnet\packs\Microsoft.NETCore.App.Ref\8.0.23\ref\net8.0\System.Console.dll" /reference:"C:\Program Files\dotnet\packs\Microsoft.NETCore.App.Ref\8.0.23\ref\net8.0\System.Core.dll" /reference:"C:\Program Files\dotnet\packs\Microsoft.NETCore.App.Ref\8.0.23\ref\net8.0\System.Data.Common.dll" /reference:"C:\Program Files\dotnet\packs\Microsoft.NETCore.App.Ref\8.0.23\ref\net8.0\System.Data.DataSetExtensions.dll" /reference:"C:\Program Files\dotnet\packs\Microsoft.NETCore.App.Ref\8.0.23\ref\net8.0\System.Data.dll" /reference:"C:\Program Files\dotnet\packs\Microsoft.NETCore.App.Ref\8.0.23\ref\net8.0\System.Diagnostics.Contracts.dll" /reference:"C:\Program Files\dotnet\packs\Microsoft.NETCore.App.Ref\8.0.23\ref\net8.0\System.Diagnostics.Debug.dll" /reference:"C:\Program Files\dotnet\packs\Microsoft.NETCore.App.Ref\8.0.23\ref\net8.0\System.Diagnostics.DiagnosticSource.dll" /reference:"C:\Program Files\dotnet\packs\Microsoft.NETCore.App.Ref\8.0.23\ref\net8.0\System.Diagnostics.FileVersionInfo.dll" /reference:"C:\Program Files\dotnet\packs\Microsoft.NETCore.App.Ref\8.0.23\ref\net8.0\System.Diagnostics.Process.dll" /reference:"C:\Program Files\dotnet\packs\Microsoft.NETCore.App.Ref\8.0.23\ref\net8.0\System.Diagnostics.StackTrace.dll" /reference:"C:\Program Files\dotnet\packs\Microsoft.NETCore.App.Ref\8.0.23\ref\net8.0\System.Diagnostics.TextWriterTraceListener.dll" /reference:"C:\Program Files\dotnet\packs\Microsoft.NETCore.App.Ref\8.0.23\ref\net8.0\System.Diagnostics.Tools.dll" /reference:"C:\Program Files\dotnet\packs\Microsoft.NETCore.App.Ref\8.0.23\ref\net8.0\System.Diagnostics.TraceSource.dll" /reference:"C:\Program Files\dotnet\packs\Microsoft.NETCore.App.Ref\8.0.23\ref\net8.0\System.Diagnostics.Tracing.dll" /reference:"C:\Program Files\dotnet\packs\Microsoft.NETCore.App.Ref\8.0.23\ref\net8.0\System.dll" /reference:"C:\Program Files\dotnet\packs\Microsoft.NETCore.App.Ref\8.0.23\ref\net8.0\System.Drawing.dll" /reference:"C:\Program Files\dotnet\packs\Microsoft.NETCore.App.Ref\8.0.23\ref\net8.0\System.Drawing.Primitives.dll" /reference:"C:\Program Files\dotnet\packs\Microsoft.NETCore.App.Ref\8.0.23\ref\net8.0\System.Dynamic.Runtime.dll" /reference:"C:\Program Files\dotnet\packs\Microsoft.NETCore.App.Ref\8.0.23\ref\net8.0\System.Formats.Asn1.dll" /reference:"C:\Program Files\dotnet\packs\Microsoft.NETCore.App.Ref\8.0.23\ref\net8.0\System.Formats.Tar.dll" /reference:"C:\Program Files\dotnet\packs\Microsoft.NETCore.App.Ref\8.0.23\ref\net8.0\System.Globalization.Calendars.dll" /reference:"C:\Program Files\dotnet\packs\Microsoft.NETCore.App.Ref\8.0.23\ref\net8.0\System.Globalization.dll" /reference:"C:\Program Files\dotnet\packs\Microsoft.NETCore.App.Ref\8.0.23\ref\net8.0\System.Globalization.Extensions.dll" /reference:"C:\Program Files\dotnet\packs\Microsoft.NETCore.App.Ref\8.0.23\ref\net8.0\System.IO.Compression.Brotli.dll" /reference:"C:\Program Files\dotnet\packs\Microsoft.NETCore.App.Ref\8.0.23\ref\net8.0\System.IO.Compression.dll" /reference:"C:\Program Files\dotnet\packs\Microsoft.NETCore.App.Ref\8.0.23\ref\net8.0\System.IO.Compression.FileSystem.dll" /reference:"C:\Program Files\dotnet\packs\Microsoft.NETCore.App.Ref\8.0.23\ref\net8.0\System.IO.Compression.ZipFile.dll" /reference:"C:\Program Files\dotnet\packs\Microsoft.NETCore.App.Ref\8.0.23\ref\net8.0\System.IO.dll" /reference:"C:\Program Files\dotnet\packs\Microsoft.NETCore.App.Ref\8.0.23\ref\net8.0\System.IO.FileSystem.AccessControl.dll" /reference:"C:\Program Files\dotnet\packs\Microsoft.NETCore.App.Ref\8.0.23\ref\net8.0\System.IO.FileSystem.dll" /reference:"C:\Program Files\dotnet\packs\Microsoft.NETCore.App.Ref\8.0.23\ref\net8.0\System.IO.FileSystem.DriveInfo.dll" /reference:"C:\Program Files\dotnet\packs\Microsoft.NETCore.App.Ref\8.0.23\ref\net8.0\System.IO.FileSystem.Primitives.dll" /reference:"C:\Program Files\dotnet\packs\Microsoft.NETCore.App.Ref\8.0.23\ref\net8.0\System.IO.FileSystem.Watcher.dll" /reference:"C:\Program Files\dotnet\packs\Microsoft.NETCore.App.Ref\8.0.23\ref\net8.0\System.IO.IsolatedStorage.dll" /reference:"C:\Program Files\dotnet\packs\Microsoft.NETCore.App.Ref\8.0.23\ref\net8.0\System.IO.MemoryMappedFiles.dll" /reference:"C:\Program Files\dotnet\packs\Microsoft.NETCore.App.Ref\8.0.23\ref\net8.0\System.IO.Pipes.AccessControl.dll" /reference:"C:\Program Files\dotnet\packs\Microsoft.NETCore.App.Ref\8.0.23\ref\net8.0\System.IO.Pipes.dll" /reference:"C:\Program Files\dotnet\packs\Microsoft.NETCore.App.Ref\8.0.23\ref\net8.0\System.IO.UnmanagedMemoryStream.dll" /reference:"C:\Program Files\dotnet\packs\Microsoft.NETCore.App.Ref\8.0.23\ref\net8.0\System.Linq.dll" /reference:"C:\Program Files\dotnet\packs\Microsoft.NETCore.App.Ref\8.0.23\ref\net8.0\System.Linq.Expressions.dll" /reference:"C:\Program Files\dotnet\packs\Microsoft.NETCore.App.Ref\8.0.23\ref\net8.0\System.Linq.Parallel.dll" /reference:"C:\Program Files\dotnet\packs\Microsoft.NETCore.App.Ref\8.0.23\ref\net8.0\System.Linq.Queryable.dll" /reference:"C:\Program Files\dotnet\packs\Microsoft.NETCore.App.Ref\8.0.23\ref\net8.0\System.Memory.dll" /reference:"C:\Program Files\dotnet\packs\Microsoft.NETCore.App.Ref\8.0.23\ref\net8.0\System.Net.dll" /reference:"C:\Program Files\dotnet\packs\Microsoft.NETCore.App.Ref\8.0.23\ref\net8.0\System.Net.Http.dll" /reference:"C:\Program Files\dotnet\packs\Microsoft.NETCore.App.Ref\8.0.23\ref\net8.0\System.Net.Http.Json.dll" /reference:"C:\Program Files\dotnet\packs\Microsoft.NETCore.App.Ref\8.0.23\ref\net8.0\System.Net.HttpListener.dll" /reference:"C:\Program Files\dotnet\packs\Microsoft.NETCore.App.Ref\8.0.23\ref\net8.0\System.Net.Mail.dll" /reference:"C:\Program Files\dotnet\packs\Microsoft.NETCore.App.Ref\8.0.23\ref\net8.0\System.Net.NameResolution.dll" /reference:"C:\Program Files\dotnet\packs\Microsoft.NETCore.App.Ref\8.0.23\ref\net8.0\System.Net.NetworkInformation.dll" /reference:"C:\Program Files\dotnet\packs\Microsoft.NETCore.App.Ref\8.0.23\ref\net8.0\System.Net.Ping.dll" /reference:"C:\Program Files\dotnet\packs\Microsoft.NETCore.App.Ref\8.0.23\ref\net8.0\System.Net.Primitives.dll" /reference:"C:\Program Files\dotnet\packs\Microsoft.NETCore.App.Ref\8.0.23\ref\net8.0\System.Net.Quic.dll" /reference:"C:\Program Files\dotnet\packs\Microsoft.NETCore.App.Ref\8.0.23\ref\net8.0\System.Net.Requests.dll" /reference:"C:\Program Files\dotnet\packs\Microsoft.NETCore.App.Ref\8.0.23\ref\net8.0\System.Net.Security.dll" /reference:"C:\Program Files\dotnet\packs\Microsoft.NETCore.App.Ref\8.0.23\ref\net8.0\System.Net.ServicePoint.dll" /reference:"C:\Program Files\dotnet\packs\Microsoft.NETCore.App.Ref\8.0.23\ref\net8.0\System.Net.Sockets.dll" /reference:"C:\Program Files\dotnet\packs\Microsoft.NETCore.App.Ref\8.0.23\ref\net8.0\System.Net.WebClient.dll" /reference:"C:\Program Files\dotnet\packs\Microsoft.NETCore.App.Ref\8.0.23\ref\net8.0\System.Net.WebHeaderCollection.dll" /reference:"C:\Program Files\dotnet\packs\Microsoft.NETCore.App.Ref\8.0.23\ref\net8.0\System.Net.WebProxy.dll" /reference:"C:\Program Files\dotnet\packs\Microsoft.NETCore.App.Ref\8.0.23\ref\net8.0\System.Net.WebSockets.Client.dll" /reference:"C:\Program Files\dotnet\packs\Microsoft.NETCore.App.Ref\8.0.23\ref\net8.0\System.Net.WebSockets.dll" /reference:"C:\Program Files\dotnet\packs\Microsoft.NETCore.App.Ref\8.0.23\ref\net8.0\System.Numerics.dll" /reference:"C:\Program Files\dotnet\packs\Microsoft.NETCore.App.Ref\8.0.23\ref\net8.0\System.Numerics.Vectors.dll" /reference:"C:\Program Files\dotnet\packs\Microsoft.NETCore.App.Ref\8.0.23\ref\net8.0\System.ObjectModel.dll" /reference:"C:\Program Files\dotnet\packs\Microsoft.NETCore.App.Ref\8.0.23\ref\net8.0\System.Reflection.DispatchProxy.dll" /reference:"C:\Program Files\dotnet\packs\Microsoft.NETCore.App.Ref\8.0.23\ref\net8.0\System.Reflection.dll" /reference:"C:\Program Files\dotnet\packs\Microsoft.NETCore.App.Ref\8.0.23\ref\net8.0\System.Reflection.Emit.dll" /reference:"C:\Program Files\dotnet\packs\Microsoft.NETCore.App.Ref\8.0.23\ref\net8.0\System.Reflection.Emit.ILGeneration.dll" /reference:"C:\Program Files\dotnet\packs\Microsoft.NETCore.App.Ref\8.0.23\ref\net8.0\System.Reflection.Emit.Lightweight.dll" /reference:"C:\Program Files\dotnet\packs\Microsoft.NETCore.App.Ref\8.0.23\ref\net8.0\System.Reflection.Extensions.dll" /reference:"C:\Program Files\dotnet\packs\Microsoft.NETCore.App.Ref\8.0.23\ref\net8.0\System.Reflection.Metadata.dll" /reference:"C:\Program Files\dotnet\packs\Microsoft.NETCore.App.Ref\8.0.23\ref\net8.0\System.Reflection.Primitives.dll" /reference:"C:\Program Files\dotnet\packs\Microsoft.NETCore.App.Ref\8.0.23\ref\net8.0\System.Reflection.TypeExtensions.dll" /reference:"C:\Program Files\dotnet\packs\Microsoft.NETCore.App.Ref\8.0.23\ref\net8.0\System.Resources.Reader.dll" /reference:"C:\Program Files\dotnet\packs\Microsoft.NETCore.App.Ref\8.0.23\ref\net8.0\System.Resources.ResourceManager.dll" /reference:"C:\Program Files\dotnet\packs\Microsoft.NETCore.App.Ref\8.0.23\ref\net8.0\System.Resources.Writer.dll" /reference:"C:\Program Files\dotnet\packs\Microsoft.NETCore.App.Ref\8.0.23\ref\net8.0\System.Runtime.CompilerServices.Unsafe.dll" /reference:"C:\Program Files\dotnet\packs\Microsoft.NETCore.App.Ref\8.0.23\ref\net8.0\System.Runtime.CompilerServices.VisualC.dll" /reference:"C:\Program Files\dotnet\packs\Microsoft.NETCore.App.Ref\8.0.23\ref\net8.0\System.Runtime.dll" /reference:"C:\Program Files\dotnet\packs\Microsoft.NETCore.App.Ref\8.0.23\ref\net8.0\System.Runtime.Extensions.dll" /reference:"C:\Program Files\dotnet\packs\Microsoft.NETCore.App.Ref\8.0.23\ref\net8.0\System.Runtime.Handles.dll" /reference:"C:\Program Files\dotnet\packs\Microsoft.NETCore.App.Ref\8.0.23\ref\net8.0\System.Runtime.InteropServices.dll" /reference:"C:\Program Files\dotnet\packs\Microsoft.NETCore.App.Ref\8.0.23\ref\net8.0\System.Runtime.InteropServices.JavaScript.dll" /reference:"C:\Program Files\dotnet\packs\Microsoft.NETCore.App.Ref\8.0.23\ref\net8.0\System.Runtime.InteropServices.RuntimeInformation.dll" /reference:"C:\Program Files\dotnet\packs\Microsoft.NETCore.App.Ref\8.0.23\ref\net8.0\System.Runtime.Intrinsics.dll" /reference:"C:\Program Files\dotnet\packs\Microsoft.NETCore.App.Ref\8.0.23\ref\net8.0\System.Runtime.Loader.dll" /reference:"C:\Program Files\dotnet\packs\Microsoft.NETCore.App.Ref\8.0.23\ref\net8.0\System.Runtime.Numerics.dll" /reference:"C:\Program Files\dotnet\packs\Microsoft.NETCore.App.Ref\8.0.23\ref\net8.0\System.Runtime.Serialization.dll" /reference:"C:\Program Files\dotnet\packs\Microsoft.NETCore.App.Ref\8.0.23\ref\net8.0\System.Runtime.Serialization.Formatters.dll" /reference:"C:\Program Files\dotnet\packs\Microsoft.NETCore.App.Ref\8.0.23\ref\net8.0\System.Runtime.Serialization.Json.dll" /reference:"C:\Program Files\dotnet\packs\Microsoft.NETCore.App.Ref\8.0.23\ref\net8.0\System.Runtime.Serialization.Primitives.dll" /reference:"C:\Program Files\dotnet\packs\Microsoft.NETCore.App.Ref\8.0.23\ref\net8.0\System.Runtime.Serialization.Xml.dll" /reference:"C:\Program Files\dotnet\packs\Microsoft.NETCore.App.Ref\8.0.23\ref\net8.0\System.Security.AccessControl.dll" /reference:"C:\Program Files\dotnet\packs\Microsoft.NETCore.App.Ref\8.0.23\ref\net8.0\System.Security.Claims.dll" /reference:"C:\Program Files\dotnet\packs\Microsoft.NETCore.App.Ref\8.0.23\ref\net8.0\System.Security.Cryptography.Algorithms.dll" /reference:"C:\Program Files\dotnet\packs\Microsoft.NETCore.App.Ref\8.0.23\ref\net8.0\System.Security.Cryptography.Cng.dll" /reference:"C:\Program Files\dotnet\packs\Microsoft.NETCore.App.Ref\8.0.23\ref\net8.0\System.Security.Cryptography.Csp.dll" /reference:"C:\Program Files\dotnet\packs\Microsoft.NETCore.App.Ref\8.0.23\ref\net8.0\System.Security.Cryptography.dll" /reference:"C:\Program Files\dotnet\packs\Microsoft.NETCore.App.Ref\8.0.23\ref\net8.0\System.Security.Cryptography.Encoding.dll" /reference:"C:\Program Files\dotnet\packs\Microsoft.NETCore.App.Ref\8.0.23\ref\net8.0\System.Security.Cryptography.OpenSsl.dll" /reference:"C:\Program Files\dotnet\packs\Microsoft.NETCore.App.Ref\8.0.23\ref\net8.0\System.Security.Cryptography.Primitives.dll" /reference:"C:\Program Files\dotnet\packs\Microsoft.NETCore.App.Ref\8.0.23\ref\net8.0\System.Security.Cryptography.X509Certificates.dll" /reference:"C:\Program Files\dotnet\packs\Microsoft.NETCore.App.Ref\8.0.23\ref\net8.0\System.Security.dll" /reference:"C:\Program Files\dotnet\packs\Microsoft.NETCore.App.Ref\8.0.23\ref\net8.0\System.Security.Principal.dll" /reference:"C:\Program Files\dotnet\packs\Microsoft.NETCore.App.Ref\8.0.23\ref\net8.0\System.Security.Principal.Windows.dll" /reference:"C:\Program Files\dotnet\packs\Microsoft.NETCore.App.Ref\8.0.23\ref\net8.0\System.Security.SecureString.dll" /reference:"C:\Program Files\dotnet\packs\Microsoft.NETCore.App.Ref\8.0.23\ref\net8.0\System.ServiceModel.Web.dll" /reference:"C:\Program Files\dotnet\packs\Microsoft.NETCore.App.Ref\8.0.23\ref\net8.0\System.ServiceProcess.dll" /reference:"C:\Program Files\dotnet\packs\Microsoft.NETCore.App.Ref\8.0.23\ref\net8.0\System.Text.Encoding.CodePages.dll" /reference:"C:\Program Files\dotnet\packs\Microsoft.NETCore.App.Ref\8.0.23\ref\net8.0\System.Text.Encoding.dll" /reference:"C:\Program Files\dotnet\packs\Microsoft.NETCore.App.Ref\8.0.23\ref\net8.0\System.Text.Encoding.Extensions.dll" /reference:"C:\Program Files\dotnet\packs\Microsoft.NETCore.App.Ref\8.0.23\ref\net8.0\System.Text.Encodings.Web.dll" /reference:"C:\Program Files\dotnet\packs\Microsoft.NETCore.App.Ref\8.0.23\ref\net8.0\System.Text.Json.dll" /reference:"C:\Program Files\dotnet\packs\Microsoft.NETCore.App.Ref\8.0.23\ref\net8.0\System.Text.RegularExpressions.dll" /reference:"C:\Program Files\dotnet\packs\Microsoft.NETCore.App.Ref\8.0.23\ref\net8.0\System.Threading.Channels.dll" /reference:"C:\Program Files\dotnet\packs\Microsoft.NETCore.App.Ref\8.0.23\ref\net8.0\System.Threading.dll" /reference:"C:\Program Files\dotnet\packs\Microsoft.NETCore.App.Ref\8.0.23\ref\net8.0\System.Threading.Overlapped.dll" /reference:"C:\Program Files\dotnet\packs\Microsoft.NETCore.App.Ref\8.0.23\ref\net8.0\System.Threading.Tasks.Dataflow.dll" /reference:"C:\Program Files\dotnet\packs\Microsoft.NETCore.App.Ref\8.0.23\ref\net8.0\System.Threading.Tasks.dll" /reference:"C:\Program Files\dotnet\packs\Microsoft.NETCore.App.Ref\8.0.23\ref\net8.0\System.Threading.Tasks.Extensions.dll" /reference:"C:\Program Files\dotnet\packs\Microsoft.NETCore.App.Ref\8.0.23\ref\net8.0\System.Threading.Tasks.Parallel.dll" /reference:"C:\Program Files\dotnet\packs\Microsoft.NETCore.App.Ref\8.0.23\ref\net8.0\System.Threading.Thread.dll" /reference:"C:\Program Files\dotnet\packs\Microsoft.NETCore.App.Ref\8.0.23\ref\net8.0\System.Threading.ThreadPool.dll" /reference:"C:\Program Files\dotnet\packs\Microsoft.NETCore.App.Ref\8.0.23\ref\net8.0\System.Threading.Timer.dll" /reference:"C:\Program Files\dotnet\packs\Microsoft.NETCore.App.Ref\8.0.23\ref\net8.0\System.Transactions.dll" /reference:"C:\Program Files\dotnet\packs\Microsoft.NETCore.App.Ref\8.0.23\ref\net8.0\System.Transactions.Local.dll" /reference:"C:\Program Files\dotnet\packs\Microsoft.NETCore.App.Ref\8.0.23\ref\net8.0\System.ValueTuple.dll" /reference:"C:\Program Files\dotnet\packs\Microsoft.NETCore.App.Ref\8.0.23\ref\net8.0\System.Web.dll" /reference:"C:\Program Files\dotnet\packs\Microsoft.NETCore.App.Ref\8.0.23\ref\net8.0\System.Web.HttpUtility.dll" /reference:"C:\Program Files\dotnet\packs\Microsoft.NETCore.App.Ref\8.0.23\ref\net8.0\System.Windows.dll" /reference:"C:\Program Files\dotnet\packs\Microsoft.NETCore.App.Ref\8.0.23\ref\net8.0\System.Xml.dll" /reference:"C:\Program Files\dotnet\packs\Microsoft.NETCore.App.Ref\8.0.23\ref\net8.0\System.Xml.Linq.dll" /reference:"C:\Program Files\dotnet\packs\Microsoft.NETCore.App.Ref\8.0.23\ref\net8.0\System.Xml.ReaderWriter.dll" /reference:"C:\Program Files\dotnet\packs\Microsoft.NETCore.App.Ref\8.0.23\ref\net8.0\System.Xml.Serialization.dll" /reference:"C:\Program Files\dotnet\packs\Microsoft.NETCore.App.Ref\8.0.23\ref\net8.0\System.Xml.XDocument.dll" /reference:"C:\Program Files\dotnet\packs\Microsoft.NETCore.App.Ref\8.0.23\ref\net8.0\System.Xml.XmlDocument.dll" /reference:"C:\Program Files\dotnet\packs\Microsoft.NETCore.App.Ref\8.0.23\ref\net8.0\System.Xml.XmlSerializer.dll" /reference:"C:\Program Files\dotnet\packs\Microsoft.NETCore.App.Ref\8.0.23\ref\net8.0\System.Xml.XPath.dll" /reference:"C:\Program Files\dotnet\packs\Microsoft.NETCore.App.Ref\8.0.23\ref\net8.0\System.Xml.XPath.XDocument.dll" /reference:"C:\Program Files\dotnet\packs\Microsoft.NETCore.App.Ref\8.0.23\ref\net8.0\WindowsBase.dll" /debug+ /debug:portable /filealign:512 /optimize- /out:obj\Debug\net8.0\DocumentIA.Plugins.dll /refout:obj\Debug\net8.0\refint\DocumentIA.Plugins.dll /target:library /warnaserror- /utf8output /deterministic+ /sourcelink:obj\Debug\net8.0\DocumentIA.Plugins.sourcelink.json /langversion:12.0 /embed:obj\Debug\net8.0\DocumentIA.Plugins.GlobalUsings.g.cs /embed:"obj\Debug\net8.0\.NETCoreApp,Version=v8.0.AssemblyAttributes.cs" /embed:obj\Debug\net8.0\DocumentIA.Plugins.AssemblyInfo.cs /analyzerconfig:obj\Debug\net8.0\DocumentIA.Plugins.GeneratedMSBuildEditorConfig.editorconfig /analyzerconfig:"C:\Program Files\dotnet\sdk\9.0.310\Sdks\Microsoft.NET.Sdk\analyzers\build\config\analysislevel_8_default.globalconfig" /analyzer:"C:\Program Files\dotnet\sdk\9.0.310\Sdks\Microsoft.NET.Sdk\targets\..\analyzers\Microsoft.CodeAnalysis.CSharp.NetAnalyzers.dll" /analyzer:"C:\Program Files\dotnet\sdk\9.0.310\Sdks\Microsoft.NET.Sdk\targets\..\analyzers\Microsoft.CodeAnalysis.NetAnalyzers.dll" /analyzer:"C:\Program Files\dotnet\packs\Microsoft.NETCore.App.Ref\8.0.23\analyzers/dotnet/cs/Microsoft.Interop.ComInterfaceGenerator.dll" /analyzer:"C:\Program Files\dotnet\packs\Microsoft.NETCore.App.Ref\8.0.23\analyzers/dotnet/cs/Microsoft.Interop.JavaScript.JSImportGenerator.dll" /analyzer:"C:\Program Files\dotnet\packs\Microsoft.NETCore.App.Ref\8.0.23\analyzers/dotnet/cs/Microsoft.Interop.LibraryImportGenerator.dll" /analyzer:"C:\Program Files\dotnet\packs\Microsoft.NETCore.App.Ref\8.0.23\analyzers/dotnet/cs/Microsoft.Interop.SourceGeneration.dll" /analyzer:"C:\Program Files\dotnet\packs\Microsoft.NETCore.App.Ref\8.0.23\analyzers/dotnet/cs/System.Text.Json.SourceGeneration.dll" /analyzer:"C:\Program Files\dotnet\packs\Microsoft.NETCore.App.Ref\8.0.23\analyzers/dotnet/cs/System.Text.RegularExpressions.Generator.dll" Class1.cs obj\Debug\net8.0\DocumentIA.Plugins.GlobalUsings.g.cs "obj\Debug\net8.0\.NETCoreApp,Version=v8.0.AssemblyAttributes.cs" obj\Debug\net8.0\DocumentIA.Plugins.AssemblyInfo.cs /warnaserror+:NU1605,SYSLIB0011
   1:7>El proyecto "C:\temp\MVP\documento-ia-clasificacion-mvp\src\backend\DocumentIA.Functions\DocumentIA.Functions.csproj" (1:7) est├í compilando "C:\temp\MVP\documento-ia-clasificacion-mvp\src\backend\DocumentIA.Data\DocumentIA.Data.csproj" (4:6) en el nodo 1 (destinos predeterminados).
     4>GenerateTargetFrameworkMonikerAttribute:
       Se omitir├í el destino "GenerateTargetFrameworkMonikerAttribute" porque todos los archivos de salida est├ín actualizados respecto a los archivos de entrada.
   1:7>El proyecto "C:\temp\MVP\documento-ia-clasificacion-mvp\src\backend\DocumentIA.Functions\DocumentIA.Functions.csproj" (1:7) est├í compilando "C:\temp\MVP\documento-ia-clasificacion-mvp\src\backend\DocumentIA.Core\DocumentIA.Core.csproj" (2:6) en el nodo 2 (destinos predeterminados).
     2>GenerateTargetFrameworkMonikerAttribute:
       Se omitir├í el destino "GenerateTargetFrameworkMonikerAttribute" porque todos los archivos de salida est├ín actualizados respecto a los archivos de entrada.
     4>_GenerateSourceLinkFile:
         Actualizando archivo de Source Link 'obj\Debug\net8.0\DocumentIA.Data.sourcelink.json'.
       CoreCompile:
         C:\Program Files\dotnet\dotnet.exe exec "C:\Program Files\dotnet\sdk\9.0.310\Roslyn\bincore\csc.dll" /noconfig /unsafe- /checked- /nowarn:1701,1702,1701,1702 /fullpaths /nostdlib+ /errorreport:prompt /warn:8 /define:TRACE;DEBUG;NET;NET8_0;NETCOREAPP;NET5_0_OR_GREATER;NET6_0_OR_GREATER;NET7_0_OR_GREATER;NET8_0_OR_GREATER;NETCOREAPP1_0_OR_GREATER;NETCOREAPP1_1_OR_GREATER;NETCOREAPP2_0_OR_GREATER;NETCOREAPP2_1_OR_GREATER;NETCOREAPP2_2_OR_GREATER;NETCOREAPP3_0_OR_GREATER;NETCOREAPP3_1_OR_GREATER /highentropyva+ /nullable:enable /reference:C:\Users\ubf0238\.nuget\packages\azure.core\1.25.0\lib\net5.0\Azure.Core.dll /reference:C:\Users\ubf0238\.nuget\packages\azure.identity\1.7.0\lib\netstandard2.0\Azure.Identity.dll /reference:C:\Users\ubf0238\.nuget\packages\microsoft.bcl.asyncinterfaces\6.0.0\lib\netstandard2.1\Microsoft.Bcl.AsyncInterfaces.dll /reference:"C:\Program Files\dotnet\packs\Microsoft.NETCore.App.Ref\8.0.23\ref\net8.0\Microsoft.CSharp.dll" /reference:C:\Users\ubf0238\.nuget\packages\microsoft.data.sqlclient\5.1.1\ref\net6.0\Microsoft.Data.SqlClient.dll /reference:C:\Users\ubf0238\.nuget\packages\microsoft.entityframeworkcore.abstractions\8.0.1\lib\net8.0\Microsoft.EntityFrameworkCore.Abstractions.dll /reference:C:\Users\ubf0238\.nuget\packages\microsoft.entityframeworkcore\8.0.1\lib\net8.0\Microsoft.EntityFrameworkCore.dll /reference:C:\Users\ubf0238\.nuget\packages\microsoft.entityframeworkcore.relational\8.0.1\lib\net8.0\Microsoft.EntityFrameworkCore.Relational.dll /reference:C:\Users\ubf0238\.nuget\packages\microsoft.entityframeworkcore.sqlserver\8.0.1\lib\net8.0\Microsoft.EntityFrameworkCore.SqlServer.dll /reference:C:\Users\ubf0238\.nuget\packages\microsoft.extensions.caching.abstractions\8.0.0\lib\net8.0\Microsoft.Extensions.Caching.Abstractions.dll /reference:C:\Users\ubf0238\.nuget\packages\microsoft.extensions.caching.memory\8.0.0\lib\net8.0\Microsoft.Extensions.Caching.Memory.dll /reference:C:\Users\ubf0238\.nuget\packages\microsoft.extensions.configuration.abstractions\8.0.0\lib\net8.0\Microsoft.Extensions.Configuration.Abstractions.dll /reference:C:\Users\ubf0238\.nuget\packages\microsoft.extensions.dependencyinjection.abstractions\8.0.0\lib\net8.0\Microsoft.Extensions.DependencyInjection.Abstractions.dll /reference:C:\Users\ubf0238\.nuget\packages\microsoft.extensions.dependencyinjection\8.0.0\lib\net8.0\Microsoft.Extensions.DependencyInjection.dll /reference:C:\Users\ubf0238\.nuget\packages\microsoft.extensions.logging.abstractions\8.0.0\lib\net8.0\Microsoft.Extensions.Logging.Abstractions.dll /reference:C:\Users\ubf0238\.nuget\packages\microsoft.extensions.logging\8.0.0\lib\net8.0\Microsoft.Extensions.Logging.dll /reference:C:\Users\ubf0238\.nuget\packages\microsoft.extensions.options\8.0.0\lib\net8.0\Microsoft.Extensions.Options.dll /reference:C:\Users\ubf0238\.nuget\packages\microsoft.extensions.primitives\8.0.0\lib\net8.0\Microsoft.Extensions.Primitives.dll /reference:C:\Users\ubf0238\.nuget\packages\microsoft.identity.client\4.47.2\lib\netcoreapp2.1\Microsoft.Identity.Client.dll /reference:C:\Users\ubf0238\.nuget\packages\microsoft.identity.client.extensions.msal\2.19.3\lib\netcoreapp2.1\Microsoft.Identity.Client.Extensions.Msal.dll /reference:C:\Users\ubf0238\.nuget\packages\microsoft.identitymodel.abstractions\6.24.0\lib\net6.0\Microsoft.IdentityModel.Abstractions.dll /reference:C:\Users\ubf0238\.nuget\packages\microsoft.identitymodel.jsonwebtokens\6.24.0\lib\net6.0\Microsoft.IdentityModel.JsonWebTokens.dll /reference:C:\Users\ubf0238\.nuget\packages\microsoft.identitymodel.logging\6.24.0\lib\net6.0\Microsoft.IdentityModel.Logging.dll /reference:C:\Users\ubf0238\.nuget\packages\microsoft.identitymodel.protocols\6.24.0\lib\net6.0\Microsoft.IdentityModel.Protocols.dll /reference:C:\Users\ubf0238\.nuget\packages\microsoft.identitymodel.protocols.openidconnect\6.24.0\lib\net6.0\Microsoft.IdentityModel.Protocols.OpenIdConnect.dll /reference:C:\Users\ubf0238\.nuget\packages\microsoft.identitymodel.tokens\6.24.0\lib\net6.0\Microsoft.IdentityModel.Tokens.dll /reference:C:\Users\ubf0238\.nuget\packages\microsoft.sqlserver.server\1.0.0\lib\netstandard2.0\Microsoft.SqlServer.Server.dll /reference:"C:\Program Files\dotnet\packs\Microsoft.NETCore.App.Ref\8.0.23\ref\net8.0\Microsoft.VisualBasic.Core.dll" /reference:"C:\Program Files\dotnet\packs\Microsoft.NETCore.App.Ref\8.0.23\ref\net8.0\Microsoft.VisualBasic.dll" /reference:"C:\Program Files\dotnet\packs\Microsoft.NETCore.App.Ref\8.0.23\ref\net8.0\Microsoft.Win32.Primitives.dll" /reference:"C:\Program Files\dotnet\packs\Microsoft.NETCore.App.Ref\8.0.23\ref\net8.0\Microsoft.Win32.Registry.dll" /reference:"C:\Program Files\dotnet\packs\Microsoft.NETCore.App.Ref\8.0.23\ref\net8.0\mscorlib.dll" /reference:"C:\Program Files\dotnet\packs\Microsoft.NETCore.App.Ref\8.0.23\ref\net8.0\netstandard.dll" /reference:"C:\Program Files\dotnet\packs\Microsoft.NETCore.App.Ref\8.0.23\ref\net8.0\System.AppContext.dll" /reference:"C:\Program Files\dotnet\packs\Microsoft.NETCore.App.Ref\8.0.23\ref\net8.0\System.Buffers.dll" /reference:"C:\Program Files\dotnet\packs\Microsoft.NETCore.App.Ref\8.0.23\ref\net8.0\System.Collections.Concurrent.dll" /reference:"C:\Program Files\dotnet\packs\Microsoft.NETCore.App.Ref\8.0.23\ref\net8.0\System.Collections.dll" /reference:"C:\Program Files\dotnet\packs\Microsoft.NETCore.App.Ref\8.0.23\ref\net8.0\System.Collections.Immutable.dll" /reference:"C:\Program Files\dotnet\packs\Microsoft.NETCore.App.Ref\8.0.23\ref\net8.0\System.Collections.NonGeneric.dll" /reference:"C:\Program Files\dotnet\packs\Microsoft.NETCore.App.Ref\8.0.23\ref\net8.0\System.Collections.Specialized.dll" /reference:"C:\Program Files\dotnet\packs\Microsoft.NETCore.App.Ref\8.0.23\ref\net8.0\System.ComponentModel.Annotations.dll" /reference:"C:\Program Files\dotnet\packs\Microsoft.NETCore.App.Ref\8.0.23\ref\net8.0\System.ComponentModel.DataAnnotations.dll" /reference:"C:\Program Files\dotnet\packs\Microsoft.NETCore.App.Ref\8.0.23\ref\net8.0\System.ComponentModel.dll" /reference:"C:\Program Files\dotnet\packs\Microsoft.NETCore.App.Ref\8.0.23\ref\net8.0\System.ComponentModel.EventBasedAsync.dll" /reference:"C:\Program Files\dotnet\packs\Microsoft.NETCore.App.Ref\8.0.23\ref\net8.0\System.ComponentModel.Primitives.dll" /reference:"C:\Program Files\dotnet\packs\Microsoft.NETCore.App.Ref\8.0.23\ref\net8.0\System.ComponentModel.TypeConverter.dll" /reference:"C:\Program Files\dotnet\packs\Microsoft.NETCore.App.Ref\8.0.23\ref\net8.0\System.Configuration.dll" /reference:"C:\Program Files\dotnet\packs\Microsoft.NETCore.App.Ref\8.0.23\ref\net8.0\System.Console.dll" /reference:"C:\Program Files\dotnet\packs\Microsoft.NETCore.App.Ref\8.0.23\ref\net8.0\System.Core.dll" /reference:"C:\Program Files\dotnet\packs\Microsoft.NETCore.App.Ref\8.0.23\ref\net8.0\System.Data.Common.dll" /reference:"C:\Program Files\dotnet\packs\Microsoft.NETCore.App.Ref\8.0.23\ref\net8.0\System.Data.DataSetExtensions.dll" /reference:"C:\Program Files\dotnet\packs\Microsoft.NETCore.App.Ref\8.0.23\ref\net8.0\System.Data.dll" /reference:"C:\Program Files\dotnet\packs\Microsoft.NETCore.App.Ref\8.0.23\ref\net8.0\System.Diagnostics.Contracts.dll" /reference:"C:\Program Files\dotnet\packs\Microsoft.NETCore.App.Ref\8.0.23\ref\net8.0\System.Diagnostics.Debug.dll" /reference:"C:\Program Files\dotnet\packs\Microsoft.NETCore.App.Ref\8.0.23\ref\net8.0\System.Diagnostics.DiagnosticSource.dll" /reference:"C:\Program Files\dotnet\packs\Microsoft.NETCore.App.Ref\8.0.23\ref\net8.0\System.Diagnostics.FileVersionInfo.dll" /reference:"C:\Program Files\dotnet\packs\Microsoft.NETCore.App.Ref\8.0.23\ref\net8.0\System.Diagnostics.Process.dll" /reference:"C:\Program Files\dotnet\packs\Microsoft.NETCore.App.Ref\8.0.23\ref\net8.0\System.Diagnostics.StackTrace.dll" /reference:"C:\Program Files\dotnet\packs\Microsoft.NETCore.App.Ref\8.0.23\ref\net8.0\System.Diagnostics.TextWriterTraceListener.dll" /reference:"C:\Program Files\dotnet\packs\Microsoft.NETCore.App.Ref\8.0.23\ref\net8.0\System.Diagnostics.Tools.dll" /reference:"C:\Program Files\dotnet\packs\Microsoft.NETCore.App.Ref\8.0.23\ref\net8.0\System.Diagnostics.TraceSource.dll" /reference:"C:\Program Files\dotnet\packs\Microsoft.NETCore.App.Ref\8.0.23\ref\net8.0\System.Diagnostics.Tracing.dll" /reference:"C:\Program Files\dotnet\packs\Microsoft.NETCore.App.Ref\8.0.23\ref\net8.0\System.dll" /reference:"C:\Program Files\dotnet\packs\Microsoft.NETCore.App.Ref\8.0.23\ref\net8.0\System.Drawing.dll" /reference:"C:\Program Files\dotnet\packs\Microsoft.NETCore.App.Ref\8.0.23\ref\net8.0\System.Drawing.Primitives.dll" /reference:"C:\Program Files\dotnet\packs\Microsoft.NETCore.App.Ref\8.0.23\ref\net8.0\System.Dynamic.Runtime.dll" /reference:"C:\Program Files\dotnet\packs\Microsoft.NETCore.App.Ref\8.0.23\ref\net8.0\System.Formats.Asn1.dll" /reference:"C:\Program Files\dotnet\packs\Microsoft.NETCore.App.Ref\8.0.23\ref\net8.0\System.Formats.Tar.dll" /reference:"C:\Program Files\dotnet\packs\Microsoft.NETCore.App.Ref\8.0.23\ref\net8.0\System.Globalization.Calendars.dll" /reference:"C:\Program Files\dotnet\packs\Microsoft.NETCore.App.Ref\8.0.23\ref\net8.0\System.Globalization.dll" /reference:"C:\Program Files\dotnet\packs\Microsoft.NETCore.App.Ref\8.0.23\ref\net8.0\System.Globalization.Extensions.dll" /reference:C:\Users\ubf0238\.nuget\packages\system.identitymodel.tokens.jwt\6.24.0\lib\net6.0\System.IdentityModel.Tokens.Jwt.dll /reference:"C:\Program Files\dotnet\packs\Microsoft.NETCore.App.Ref\8.0.23\ref\net8.0\System.IO.Compression.Brotli.dll" /reference:"C:\Program Files\dotnet\packs\Microsoft.NETCore.App.Ref\8.0.23\ref\net8.0\System.IO.Compression.dll" /reference:"C:\Program Files\dotnet\packs\Microsoft.NETCore.App.Ref\8.0.23\ref\net8.0\System.IO.Compression.FileSystem.dll" /reference:"C:\Program Files\dotnet\packs\Microsoft.NETCore.App.Ref\8.0.23\ref\net8.0\System.IO.Compression.ZipFile.dll" /reference:"C:\Program Files\dotnet\packs\Microsoft.NETCore.App.Ref\8.0.23\ref\net8.0\System.IO.dll" /reference:"C:\Program Files\dotnet\packs\Microsoft.NETCore.App.Ref\8.0.23\ref\net8.0\System.IO.FileSystem.AccessControl.dll" /reference:"C:\Program Files\dotnet\packs\Microsoft.NETCore.App.Ref\8.0.23\ref\net8.0\System.IO.FileSystem.dll" /reference:"C:\Program Files\dotnet\packs\Microsoft.NETCore.App.Ref\8.0.23\ref\net8.0\System.IO.FileSystem.DriveInfo.dll" /reference:"C:\Program Files\dotnet\packs\Microsoft.NETCore.App.Ref\8.0.23\ref\net8.0\System.IO.FileSystem.Primitives.dll" /reference:"C:\Program Files\dotnet\packs\Microsoft.NETCore.App.Ref\8.0.23\ref\net8.0\System.IO.FileSystem.Watcher.dll" /reference:"C:\Program Files\dotnet\packs\Microsoft.NETCore.App.Ref\8.0.23\ref\net8.0\System.IO.IsolatedStorage.dll" /reference:"C:\Program Files\dotnet\packs\Microsoft.NETCore.App.Ref\8.0.23\ref\net8.0\System.IO.MemoryMappedFiles.dll" /reference:"C:\Program Files\dotnet\packs\Microsoft.NETCore.App.Ref\8.0.23\ref\net8.0\System.IO.Pipes.AccessControl.dll" /reference:"C:\Program Files\dotnet\packs\Microsoft.NETCore.App.Ref\8.0.23\ref\net8.0\System.IO.Pipes.dll" /reference:"C:\Program Files\dotnet\packs\Microsoft.NETCore.App.Ref\8.0.23\ref\net8.0\System.IO.UnmanagedMemoryStream.dll" /reference:"C:\Program Files\dotnet\packs\Microsoft.NETCore.App.Ref\8.0.23\ref\net8.0\System.Linq.dll" /reference:"C:\Program Files\dotnet\packs\Microsoft.NETCore.App.Ref\8.0.23\ref\net8.0\System.Linq.Expressions.dll" /reference:"C:\Program Files\dotnet\packs\Microsoft.NETCore.App.Ref\8.0.23\ref\net8.0\System.Linq.Parallel.dll" /reference:"C:\Program Files\dotnet\packs\Microsoft.NETCore.App.Ref\8.0.23\ref\net8.0\System.Linq.Queryable.dll" /reference:C:\Users\ubf0238\.nuget\packages\system.memory.data\1.0.2\lib\netstandard2.0\System.Memory.Data.dll /reference:"C:\Program Files\dotnet\packs\Microsoft.NETCore.App.Ref\8.0.23\ref\net8.0\System.Memory.dll" /reference:"C:\Program Files\dotnet\packs\Microsoft.NETCore.App.Ref\8.0.23\ref\net8.0\System.Net.dll" /reference:"C:\Program Files\dotnet\packs\Microsoft.NETCore.App.Ref\8.0.23\ref\net8.0\System.Net.Http.dll" /reference:"C:\Program Files\dotnet\packs\Microsoft.NETCore.App.Ref\8.0.23\ref\net8.0\System.Net.Http.Json.dll" /reference:"C:\Program Files\dotnet\packs\Microsoft.NETCore.App.Ref\8.0.23\ref\net8.0\System.Net.HttpListener.dll" /reference:"C:\Program Files\dotnet\packs\Microsoft.NETCore.App.Ref\8.0.23\ref\net8.0\System.Net.Mail.dll" /reference:"C:\Program Files\dotnet\packs\Microsoft.NETCore.App.Ref\8.0.23\ref\net8.0\System.Net.NameResolution.dll" /reference:"C:\Program Files\dotnet\packs\Microsoft.NETCore.App.Ref\8.0.23\ref\net8.0\System.Net.NetworkInformation.dll" /reference:"C:\Program Files\dotnet\packs\Microsoft.NETCore.App.Ref\8.0.23\ref\net8.0\System.Net.Ping.dll" /reference:"C:\Program Files\dotnet\packs\Microsoft.NETCore.App.Ref\8.0.23\ref\net8.0\System.Net.Primitives.dll" /reference:"C:\Program Files\dotnet\packs\Microsoft.NETCore.App.Ref\8.0.23\ref\net8.0\System.Net.Quic.dll" /reference:"C:\Program Files\dotnet\packs\Microsoft.NETCore.App.Ref\8.0.23\ref\net8.0\System.Net.Requests.dll" /reference:"C:\Program Files\dotnet\packs\Microsoft.NETCore.App.Ref\8.0.23\ref\net8.0\System.Net.Security.dll" /reference:"C:\Program Files\dotnet\packs\Microsoft.NETCore.App.Ref\8.0.23\ref\net8.0\System.Net.ServicePoint.dll" /reference:"C:\Program Files\dotnet\packs\Microsoft.NETCore.App.Ref\8.0.23\ref\net8.0\System.Net.Sockets.dll" /reference:"C:\Program Files\dotnet\packs\Microsoft.NETCore.App.Ref\8.0.23\ref\net8.0\System.Net.WebClient.dll" /reference:"C:\Program Files\dotnet\packs\Microsoft.NETCore.App.Ref\8.0.23\ref\net8.0\System.Net.WebHeaderCollection.dll" /reference:"C:\Program Files\dotnet\packs\Microsoft.NETCore.App.Ref\8.0.23\ref\net8.0\System.Net.WebProxy.dll" /reference:"C:\Program Files\dotnet\packs\Microsoft.NETCore.App.Ref\8.0.23\ref\net8.0\System.Net.WebSockets.Client.dll" /reference:"C:\Program Files\dotnet\packs\Microsoft.NETCore.App.Ref\8.0.23\ref\net8.0\System.Net.WebSockets.dll" /reference:"C:\Program Files\dotnet\packs\Microsoft.NETCore.App.Ref\8.0.23\ref\net8.0\System.Numerics.dll" /reference:"C:\Program Files\dotnet\packs\Microsoft.NETCore.App.Ref\8.0.23\ref\net8.0\System.Numerics.Vectors.dll" /reference:"C:\Program Files\dotnet\packs\Microsoft.NETCore.App.Ref\8.0.23\ref\net8.0\System.ObjectModel.dll" /reference:"C:\Program Files\dotnet\packs\Microsoft.NETCore.App.Ref\8.0.23\ref\net8.0\System.Reflection.DispatchProxy.dll" /reference:"C:\Program Files\dotnet\packs\Microsoft.NETCore.App.Ref\8.0.23\ref\net8.0\System.Reflection.dll" /reference:"C:\Program Files\dotnet\packs\Microsoft.NETCore.App.Ref\8.0.23\ref\net8.0\System.Reflection.Emit.dll" /reference:"C:\Program Files\dotnet\packs\Microsoft.NETCore.App.Ref\8.0.23\ref\net8.0\System.Reflection.Emit.ILGeneration.dll" /reference:"C:\Program Files\dotnet\packs\Microsoft.NETCore.App.Ref\8.0.23\ref\net8.0\System.Reflection.Emit.Lightweight.dll" /reference:"C:\Program Files\dotnet\packs\Microsoft.NETCore.App.Ref\8.0.23\ref\net8.0\System.Reflection.Extensions.dll" /reference:"C:\Program Files\dotnet\packs\Microsoft.NETCore.App.Ref\8.0.23\ref\net8.0\System.Reflection.Metadata.dll" /reference:"C:\Program Files\dotnet\packs\Microsoft.NETCore.App.Ref\8.0.23\ref\net8.0\System.Reflection.Primitives.dll" /reference:"C:\Program Files\dotnet\packs\Microsoft.NETCore.App.Ref\8.0.23\ref\net8.0\System.Reflection.TypeExtensions.dll" /reference:"C:\Program Files\dotnet\packs\Microsoft.NETCore.App.Ref\8.0.23\ref\net8.0\System.Resources.Reader.dll" /reference:"C:\Program Files\dotnet\packs\Microsoft.NETCore.App.Ref\8.0.23\ref\net8.0\System.Resources.ResourceManager.dll" /reference:"C:\Program Files\dotnet\packs\Microsoft.NETCore.App.Ref\8.0.23\ref\net8.0\System.Resources.Writer.dll" /reference:"C:\Program Files\dotnet\packs\Microsoft.NETCore.App.Ref\8.0.23\ref\net8.0\System.Runtime.CompilerServices.Unsafe.dll" /reference:"C:\Program Files\dotnet\packs\Microsoft.NETCore.App.Ref\8.0.23\ref\net8.0\System.Runtime.CompilerServices.VisualC.dll" /reference:"C:\Program Files\dotnet\packs\Microsoft.NETCore.App.Ref\8.0.23\ref\net8.0\System.Runtime.dll" /reference:"C:\Program Files\dotnet\packs\Microsoft.NETCore.App.Ref\8.0.23\ref\net8.0\System.Runtime.Extensions.dll" /reference:"C:\Program Files\dotnet\packs\Microsoft.NETCore.App.Ref\8.0.23\ref\net8.0\System.Runtime.Handles.dll" /reference:"C:\Program Files\dotnet\packs\Microsoft.NETCore.App.Ref\8.0.23\ref\net8.0\System.Runtime.InteropServices.dll" /reference:"C:\Program Files\dotnet\packs\Microsoft.NETCore.App.Ref\8.0.23\ref\net8.0\System.Runtime.InteropServices.JavaScript.dll" /reference:"C:\Program Files\dotnet\packs\Microsoft.NETCore.App.Ref\8.0.23\ref\net8.0\System.Runtime.InteropServices.RuntimeInformation.dll" /reference:"C:\Program Files\dotnet\packs\Microsoft.NETCore.App.Ref\8.0.23\ref\net8.0\System.Runtime.Intrinsics.dll" /reference:"C:\Program Files\dotnet\packs\Microsoft.NETCore.App.Ref\8.0.23\ref\net8.0\System.Runtime.Loader.dll" /reference:"C:\Program Files\dotnet\packs\Microsoft.NETCore.App.Ref\8.0.23\ref\net8.0\System.Runtime.Numerics.dll" /reference:"C:\Program Files\dotnet\packs\Microsoft.NETCore.App.Ref\8.0.23\ref\net8.0\System.Runtime.Serialization.dll" /reference:"C:\Program Files\dotnet\packs\Microsoft.NETCore.App.Ref\8.0.23\ref\net8.0\System.Runtime.Serialization.Formatters.dll" /reference:"C:\Program Files\dotnet\packs\Microsoft.NETCore.App.Ref\8.0.23\ref\net8.0\System.Runtime.Serialization.Json.dll" /reference:"C:\Program Files\dotnet\packs\Microsoft.NETCore.App.Ref\8.0.23\ref\net8.0\System.Runtime.Serialization.Primitives.dll" /reference:"C:\Program Files\dotnet\packs\Microsoft.NETCore.App.Ref\8.0.23\ref\net8.0\System.Runtime.Serialization.Xml.dll" /reference:"C:\Program Files\dotnet\packs\Microsoft.NETCore.App.Ref\8.0.23\ref\net8.0\System.Security.AccessControl.dll" /reference:"C:\Program Files\dotnet\packs\Microsoft.NETCore.App.Ref\8.0.23\ref\net8.0\System.Security.Claims.dll" /reference:"C:\Program Files\dotnet\packs\Microsoft.NETCore.App.Ref\8.0.23\ref\net8.0\System.Security.Cryptography.Algorithms.dll" /reference:"C:\Program Files\dotnet\packs\Microsoft.NETCore.App.Ref\8.0.23\ref\net8.0\System.Security.Cryptography.Cng.dll" /reference:"C:\Program Files\dotnet\packs\Microsoft.NETCore.App.Ref\8.0.23\ref\net8.0\System.Security.Cryptography.Csp.dll" /reference:"C:\Program Files\dotnet\packs\Microsoft.NETCore.App.Ref\8.0.23\ref\net8.0\System.Security.Cryptography.dll" /reference:"C:\Program Files\dotnet\packs\Microsoft.NETCore.App.Ref\8.0.23\ref\net8.0\System.Security.Cryptography.Encoding.dll" /reference:"C:\Program Files\dotnet\packs\Microsoft.NETCore.App.Ref\8.0.23\ref\net8.0\System.Security.Cryptography.OpenSsl.dll" /reference:"C:\Program Files\dotnet\packs\Microsoft.NETCore.App.Ref\8.0.23\ref\net8.0\System.Security.Cryptography.Primitives.dll" /reference:C:\Users\ubf0238\.nuget\packages\system.security.cryptography.protecteddata\6.0.0\lib\net6.0\System.Security.Cryptography.ProtectedData.dll /reference:"C:\Program Files\dotnet\packs\Microsoft.NETCore.App.Ref\8.0.23\ref\net8.0\System.Security.Cryptography.X509Certificates.dll" /reference:"C:\Program Files\dotnet\packs\Microsoft.NETCore.App.Ref\8.0.23\ref\net8.0\System.Security.dll" /reference:"C:\Program Files\dotnet\packs\Microsoft.NETCore.App.Ref\8.0.23\ref\net8.0\System.Security.Principal.dll" /reference:"C:\Program Files\dotnet\packs\Microsoft.NETCore.App.Ref\8.0.23\ref\net8.0\System.Security.Principal.Windows.dll" /reference:"C:\Program Files\dotnet\packs\Microsoft.NETCore.App.Ref\8.0.23\ref\net8.0\System.Security.SecureString.dll" /reference:"C:\Program Files\dotnet\packs\Microsoft.NETCore.App.Ref\8.0.23\ref\net8.0\System.ServiceModel.Web.dll" /reference:"C:\Program Files\dotnet\packs\Microsoft.NETCore.App.Ref\8.0.23\ref\net8.0\System.ServiceProcess.dll" /reference:"C:\Program Files\dotnet\packs\Microsoft.NETCore.App.Ref\8.0.23\ref\net8.0\System.Text.Encoding.CodePages.dll" /reference:"C:\Program Files\dotnet\packs\Microsoft.NETCore.App.Ref\8.0.23\ref\net8.0\System.Text.Encoding.dll" /reference:"C:\Program Files\dotnet\packs\Microsoft.NETCore.App.Ref\8.0.23\ref\net8.0\System.Text.Encoding.Extensions.dll" /reference:"C:\Program Files\dotnet\packs\Microsoft.NETCore.App.Ref\8.0.23\ref\net8.0\System.Text.Encodings.Web.dll" /reference:"C:\Program Files\dotnet\packs\Microsoft.NETCore.App.Ref\8.0.23\ref\net8.0\System.Text.Json.dll" /reference:"C:\Program Files\dotnet\packs\Microsoft.NETCore.App.Ref\8.0.23\ref\net8.0\System.Text.RegularExpressions.dll" /reference:"C:\Program Files\dotnet\packs\Microsoft.NETCore.App.Ref\8.0.23\ref\net8.0\System.Threading.Channels.dll" /reference:"C:\Program Files\dotnet\packs\Microsoft.NETCore.App.Ref\8.0.23\ref\net8.0\System.Threading.dll" /reference:"C:\Program Files\dotnet\packs\Microsoft.NETCore.App.Ref\8.0.23\ref\net8.0\System.Threading.Overlapped.dll" /reference:"C:\Program Files\dotnet\packs\Microsoft.NETCore.App.Ref\8.0.23\ref\net8.0\System.Threading.Tasks.Dataflow.dll" /reference:"C:\Program Files\dotnet\packs\Microsoft.NETCore.App.Ref\8.0.23\ref\net8.0\System.Threading.Tasks.dll" /reference:"C:\Program Files\dotnet\packs\Microsoft.NETCore.App.Ref\8.0.23\ref\net8.0\System.Threading.Tasks.Extensions.dll" /reference:"C:\Program Files\dotnet\packs\Microsoft.NETCore.App.Ref\8.0.23\ref\net8.0\System.Threading.Tasks.Parallel.dll" /reference:"C:\Program Files\dotnet\packs\Microsoft.NETCore.App.Ref\8.0.23\ref\net8.0\System.Threading.Thread.dll" /reference:"C:\Program Files\dotnet\packs\Microsoft.NETCore.App.Ref\8.0.23\ref\net8.0\System.Threading.ThreadPool.dll" /reference:"C:\Program Files\dotnet\packs\Microsoft.NETCore.App.Ref\8.0.23\ref\net8.0\System.Threading.Timer.dll" /reference:"C:\Program Files\dotnet\packs\Microsoft.NETCore.App.Ref\8.0.23\ref\net8.0\System.Transactions.dll" /reference:"C:\Program Files\dotnet\packs\Microsoft.NETCore.App.Ref\8.0.23\ref\net8.0\System.Transactions.Local.dll" /reference:"C:\Program Files\dotnet\packs\Microsoft.NETCore.App.Ref\8.0.23\ref\net8.0\System.ValueTuple.dll" /reference:"C:\Program Files\dotnet\packs\Microsoft.NETCore.App.Ref\8.0.23\ref\net8.0\System.Web.dll" /reference:"C:\Program Files\dotnet\packs\Microsoft.NETCore.App.Ref\8.0.23\ref\net8.0\System.Web.HttpUtility.dll" /reference:"C:\Program Files\dotnet\packs\Microsoft.NETCore.App.Ref\8.0.23\ref\net8.0\System.Windows.dll" /reference:"C:\Program Files\dotnet\packs\Microsoft.NETCore.App.Ref\8.0.23\ref\net8.0\System.Xml.dll" /reference:"C:\Program Files\dotnet\packs\Microsoft.NETCore.App.Ref\8.0.23\ref\net8.0\System.Xml.Linq.dll" /reference:"C:\Program Files\dotnet\packs\Microsoft.NETCore.App.Ref\8.0.23\ref\net8.0\System.Xml.ReaderWriter.dll" /reference:"C:\Program Files\dotnet\packs\Microsoft.NETCore.App.Ref\8.0.23\ref\net8.0\System.Xml.Serialization.dll" /reference:"C:\Program Files\dotnet\packs\Microsoft.NETCore.App.Ref\8.0.23\ref\net8.0\System.Xml.XDocument.dll" /reference:"C:\Program Files\dotnet\packs\Microsoft.NETCore.App.Ref\8.0.23\ref\net8.0\System.Xml.XmlDocument.dll" /reference:"C:\Program Files\dotnet\packs\Microsoft.NETCore.App.Ref\8.0.23\ref\net8.0\System.Xml.XmlSerializer.dll" /reference:"C:\Program Files\dotnet\packs\Microsoft.NETCore.App.Ref\8.0.23\ref\net8.0\System.Xml.XPath.dll" /reference:"C:\Program Files\dotnet\packs\Microsoft.NETCore.App.Ref\8.0.23\ref\net8.0\System.Xml.XPath.XDocument.dll" /reference:"C:\Program Files\dotnet\packs\Microsoft.NETCore.App.Ref\8.0.23\ref\net8.0\WindowsBase.dll" /debug+ /debug:portable /filealign:512 /optimize- /out:obj\Debug\net8.0\DocumentIA.Data.dll /refout:obj\Debug\net8.0\refint\DocumentIA.Data.dll /target:library /warnaserror- /utf8output /deterministic+ /sourcelink:obj\Debug\net8.0\DocumentIA.Data.sourcelink.json /langversion:12.0 /embed:obj\Debug\net8.0\DocumentIA.Data.GlobalUsings.g.cs /embed:"obj\Debug\net8.0\.NETCoreApp,Version=v8.0.AssemblyAttributes.cs" /embed:obj\Debug\net8.0\DocumentIA.Data.AssemblyInfo.cs /analyzerconfig:obj\Debug\net8.0\DocumentIA.Data.GeneratedMSBuildEditorConfig.editorconfig /analyzerconfig:"C:\Program Files\dotnet\sdk\9.0.310\Sdks\Microsoft.NET.Sdk\analyzers\build\config\analysislevel_8_default.globalconfig" /analyzer:"C:\Program Files\dotnet\sdk\9.0.310\Sdks\Microsoft.NET.Sdk\targets\..\analyzers\Microsoft.CodeAnalysis.CSharp.NetAnalyzers.dll" /analyzer:"C:\Program Files\dotnet\sdk\9.0.310\Sdks\Microsoft.NET.Sdk\targets\..\analyzers\Microsoft.CodeAnalysis.NetAnalyzers.dll" /analyzer:C:\Users\ubf0238\.nuget\packages\microsoft.codeanalysis.analyzers\3.3.3\analyzers\dotnet\cs\Microsoft.CodeAnalysis.Analyzers.dll /analyzer:C:\Users\ubf0238\.nuget\packages\microsoft.codeanalysis.analyzers\3.3.3\analyzers\dotnet\cs\Microsoft.CodeAnalysis.CSharp.Analyzers.dll /analyzer:C:\Users\ubf0238\.nuget\packages\microsoft.entityframeworkcore.analyzers\8.0.1\analyzers\dotnet\cs\Microsoft.EntityFrameworkCore.Analyzers.dll /analyzer:C:\Users\ubf0238\.nuget\packages\microsoft.extensions.logging.abstractions\8.0.0\analyzers\dotnet\roslyn4.4\cs\Microsoft.Extensions.Logging.Generators.dll /analyzer:C:\Users\ubf0238\.nuget\packages\microsoft.extensions.options\8.0.0\analyzers\dotnet\roslyn4.4\cs\Microsoft.Extensions.Options.SourceGeneration.dll /analyzer:"C:\Program Files\dotnet\packs\Microsoft.NETCore.App.Ref\8.0.23\analyzers/dotnet/cs/Microsoft.Interop.ComInterfaceGenerator.dll" /analyzer:"C:\Program Files\dotnet\packs\Microsoft.NETCore.App.Ref\8.0.23\analyzers/dotnet/cs/Microsoft.Interop.JavaScript.JSImportGenerator.dll" /analyzer:"C:\Program Files\dotnet\packs\Microsoft.NETCore.App.Ref\8.0.23\analyzers/dotnet/cs/Microsoft.Interop.LibraryImportGenerator.dll" /analyzer:"C:\Program Files\dotnet\packs\Microsoft.NETCore.App.Ref\8.0.23\analyzers/dotnet/cs/Microsoft.Interop.SourceGeneration.dll" /analyzer:"C:\Program Files\dotnet\packs\Microsoft.NETCore.App.Ref\8.0.23\analyzers/dotnet/cs/System.Text.Json.SourceGeneration.dll" /analyzer:"C:\Program Files\dotnet\packs\Microsoft.NETCore.App.Ref\8.0.23\analyzers/dotnet/cs/System.Text.RegularExpressions.Generator.dll" Class1.cs Context\DocumentIADbContext.cs Context\DocumentIADbContextFactory.cs Entities\AuditoriaEntity.cs Entities\DocumentoEntity.cs Entities\ResultadoProcesamientoEntity.cs Entities\TipologiaEntity.cs Migrations\20260130122543_InitialCreate.cs Migrations\20260130122543_InitialCreate.Designer.cs Migrations\DocumentIADbContextModelSnapshot.cs Repositories\AuditoriaRepository.cs Repositories\DocumentoRepository.cs Repositories\IAuditoriaRepository.cs Repositories\IDocumentoRepository.cs Repositories\ITipologiaRepository.cs Repositories\TipologiaRepository.cs obj\Debug\net8.0\DocumentIA.Data.GlobalUsings.g.cs "obj\Debug\net8.0\.NETCoreApp,Version=v8.0.AssemblyAttributes.cs" obj\Debug\net8.0\DocumentIA.Data.AssemblyInfo.cs /warnaserror+:NU1605,SYSLIB0011
     2>_GenerateSourceLinkFile:
         Actualizando archivo de Source Link 'obj\Debug\net8.0\DocumentIA.Core.sourcelink.json'.
       CoreCompile:
         C:\Program Files\dotnet\dotnet.exe exec "C:\Program Files\dotnet\sdk\9.0.310\Roslyn\bincore\csc.dll" /noconfig /unsafe- /checked- /nowarn:1701,1702,1701,1702 /fullpaths /nostdlib+ /errorreport:prompt /warn:8 /define:TRACE;DEBUG;NET;NET8_0;NETCOREAPP;NET5_0_OR_GREATER;NET6_0_OR_GREATER;NET7_0_OR_GREATER;NET8_0_OR_GREATER;NETCOREAPP1_0_OR_GREATER;NETCOREAPP1_1_OR_GREATER;NETCOREAPP2_0_OR_GREATER;NETCOREAPP2_1_OR_GREATER;NETCOREAPP2_2_OR_GREATER;NETCOREAPP3_0_OR_GREATER;NETCOREAPP3_1_OR_GREATER /highentropyva+ /nullable:enable /reference:C:\Users\ubf0238\.nuget\packages\azure.core\1.50.0\lib\net8.0\Azure.Core.dll /reference:C:\Users\ubf0238\.nuget\packages\azure.storage.blobs\12.27.0\lib\net8.0\Azure.Storage.Blobs.dll /reference:C:\Users\ubf0238\.nuget\packages\azure.storage.common\12.26.0\lib\net8.0\Azure.Storage.Common.dll /reference:C:\Users\ubf0238\.nuget\packages\fluentvalidation\12.1.1\lib\net8.0\FluentValidation.dll /reference:C:\Users\ubf0238\.nuget\packages\microsoft.bcl.asyncinterfaces\8.0.0\lib\netstandard2.1\Microsoft.Bcl.AsyncInterfaces.dll /reference:"C:\Program Files\dotnet\packs\Microsoft.NETCore.App.Ref\8.0.23\ref\net8.0\Microsoft.CSharp.dll" /reference:C:\Users\ubf0238\.nuget\packages\microsoft.extensions.configuration.abstractions\8.0.0\lib\net8.0\Microsoft.Extensions.Configuration.Abstractions.dll /reference:C:\Users\ubf0238\.nuget\packages\microsoft.extensions.dependencyinjection.abstractions\8.0.2\lib\net8.0\Microsoft.Extensions.DependencyInjection.Abstractions.dll /reference:C:\Users\ubf0238\.nuget\packages\microsoft.extensions.logging.abstractions\8.0.3\lib\net8.0\Microsoft.Extensions.Logging.Abstractions.dll /reference:C:\Users\ubf0238\.nuget\packages\microsoft.extensions.primitives\8.0.0\lib\net8.0\Microsoft.Extensions.Primitives.dll /reference:"C:\Program Files\dotnet\packs\Microsoft.NETCore.App.Ref\8.0.23\ref\net8.0\Microsoft.VisualBasic.Core.dll" /reference:"C:\Program Files\dotnet\packs\Microsoft.NETCore.App.Ref\8.0.23\ref\net8.0\Microsoft.VisualBasic.dll" /reference:"C:\Program Files\dotnet\packs\Microsoft.NETCore.App.Ref\8.0.23\ref\net8.0\Microsoft.Win32.Primitives.dll" /reference:"C:\Program Files\dotnet\packs\Microsoft.NETCore.App.Ref\8.0.23\ref\net8.0\Microsoft.Win32.Registry.dll" /reference:"C:\Program Files\dotnet\packs\Microsoft.NETCore.App.Ref\8.0.23\ref\net8.0\mscorlib.dll" /reference:"C:\Program Files\dotnet\packs\Microsoft.NETCore.App.Ref\8.0.23\ref\net8.0\netstandard.dll" /reference:"C:\Program Files\dotnet\packs\Microsoft.NETCore.App.Ref\8.0.23\ref\net8.0\System.AppContext.dll" /reference:"C:\Program Files\dotnet\packs\Microsoft.NETCore.App.Ref\8.0.23\ref\net8.0\System.Buffers.dll" /reference:C:\Users\ubf0238\.nuget\packages\system.clientmodel\1.8.0\lib\net8.0\System.ClientModel.dll /reference:"C:\Program Files\dotnet\packs\Microsoft.NETCore.App.Ref\8.0.23\ref\net8.0\System.Collections.Concurrent.dll" /reference:"C:\Program Files\dotnet\packs\Microsoft.NETCore.App.Ref\8.0.23\ref\net8.0\System.Collections.dll" /reference:"C:\Program Files\dotnet\packs\Microsoft.NETCore.App.Ref\8.0.23\ref\net8.0\System.Collections.Immutable.dll" /reference:"C:\Program Files\dotnet\packs\Microsoft.NETCore.App.Ref\8.0.23\ref\net8.0\System.Collections.NonGeneric.dll" /reference:"C:\Program Files\dotnet\packs\Microsoft.NETCore.App.Ref\8.0.23\ref\net8.0\System.Collections.Specialized.dll" /reference:"C:\Program Files\dotnet\packs\Microsoft.NETCore.App.Ref\8.0.23\ref\net8.0\System.ComponentModel.Annotations.dll" /reference:"C:\Program Files\dotnet\packs\Microsoft.NETCore.App.Ref\8.0.23\ref\net8.0\System.ComponentModel.DataAnnotations.dll" /reference:"C:\Program Files\dotnet\packs\Microsoft.NETCore.App.Ref\8.0.23\ref\net8.0\System.ComponentModel.dll" /reference:"C:\Program Files\dotnet\packs\Microsoft.NETCore.App.Ref\8.0.23\ref\net8.0\System.ComponentModel.EventBasedAsync.dll" /reference:"C:\Program Files\dotnet\packs\Microsoft.NETCore.App.Ref\8.0.23\ref\net8.0\System.ComponentModel.Primitives.dll" /reference:"C:\Program Files\dotnet\packs\Microsoft.NETCore.App.Ref\8.0.23\ref\net8.0\System.ComponentModel.TypeConverter.dll" /reference:"C:\Program Files\dotnet\packs\Microsoft.NETCore.App.Ref\8.0.23\ref\net8.0\System.Configuration.dll" /reference:"C:\Program Files\dotnet\packs\Microsoft.NETCore.App.Ref\8.0.23\ref\net8.0\System.Console.dll" /reference:"C:\Program Files\dotnet\packs\Microsoft.NETCore.App.Ref\8.0.23\ref\net8.0\System.Core.dll" /reference:"C:\Program Files\dotnet\packs\Microsoft.NETCore.App.Ref\8.0.23\ref\net8.0\System.Data.Common.dll" /reference:"C:\Program Files\dotnet\packs\Microsoft.NETCore.App.Ref\8.0.23\ref\net8.0\System.Data.DataSetExtensions.dll" /reference:"C:\Program Files\dotnet\packs\Microsoft.NETCore.App.Ref\8.0.23\ref\net8.0\System.Data.dll" /reference:"C:\Program Files\dotnet\packs\Microsoft.NETCore.App.Ref\8.0.23\ref\net8.0\System.Diagnostics.Contracts.dll" /reference:"C:\Program Files\dotnet\packs\Microsoft.NETCore.App.Ref\8.0.23\ref\net8.0\System.Diagnostics.Debug.dll" /reference:"C:\Program Files\dotnet\packs\Microsoft.NETCore.App.Ref\8.0.23\ref\net8.0\System.Diagnostics.DiagnosticSource.dll" /reference:"C:\Program Files\dotnet\packs\Microsoft.NETCore.App.Ref\8.0.23\ref\net8.0\System.Diagnostics.FileVersionInfo.dll" /reference:"C:\Program Files\dotnet\packs\Microsoft.NETCore.App.Ref\8.0.23\ref\net8.0\System.Diagnostics.Process.dll" /reference:"C:\Program Files\dotnet\packs\Microsoft.NETCore.App.Ref\8.0.23\ref\net8.0\System.Diagnostics.StackTrace.dll" /reference:"C:\Program Files\dotnet\packs\Microsoft.NETCore.App.Ref\8.0.23\ref\net8.0\System.Diagnostics.TextWriterTraceListener.dll" /reference:"C:\Program Files\dotnet\packs\Microsoft.NETCore.App.Ref\8.0.23\ref\net8.0\System.Diagnostics.Tools.dll" /reference:"C:\Program Files\dotnet\packs\Microsoft.NETCore.App.Ref\8.0.23\ref\net8.0\System.Diagnostics.TraceSource.dll" /reference:"C:\Program Files\dotnet\packs\Microsoft.NETCore.App.Ref\8.0.23\ref\net8.0\System.Diagnostics.Tracing.dll" /reference:"C:\Program Files\dotnet\packs\Microsoft.NETCore.App.Ref\8.0.23\ref\net8.0\System.dll" /reference:"C:\Program Files\dotnet\packs\Microsoft.NETCore.App.Ref\8.0.23\ref\net8.0\System.Drawing.dll" /reference:"C:\Program Files\dotnet\packs\Microsoft.NETCore.App.Ref\8.0.23\ref\net8.0\System.Drawing.Primitives.dll" /reference:"C:\Program Files\dotnet\packs\Microsoft.NETCore.App.Ref\8.0.23\ref\net8.0\System.Dynamic.Runtime.dll" /reference:"C:\Program Files\dotnet\packs\Microsoft.NETCore.App.Ref\8.0.23\ref\net8.0\System.Formats.Asn1.dll" /reference:"C:\Program Files\dotnet\packs\Microsoft.NETCore.App.Ref\8.0.23\ref\net8.0\System.Formats.Tar.dll" /reference:"C:\Program Files\dotnet\packs\Microsoft.NETCore.App.Ref\8.0.23\ref\net8.0\System.Globalization.Calendars.dll" /reference:"C:\Program Files\dotnet\packs\Microsoft.NETCore.App.Ref\8.0.23\ref\net8.0\System.Globalization.dll" /reference:"C:\Program Files\dotnet\packs\Microsoft.NETCore.App.Ref\8.0.23\ref\net8.0\System.Globalization.Extensions.dll" /reference:"C:\Program Files\dotnet\packs\Microsoft.NETCore.App.Ref\8.0.23\ref\net8.0\System.IO.Compression.Brotli.dll" /reference:"C:\Program Files\dotnet\packs\Microsoft.NETCore.App.Ref\8.0.23\ref\net8.0\System.IO.Compression.dll" /reference:"C:\Program Files\dotnet\packs\Microsoft.NETCore.App.Ref\8.0.23\ref\net8.0\System.IO.Compression.FileSystem.dll" /reference:"C:\Program Files\dotnet\packs\Microsoft.NETCore.App.Ref\8.0.23\ref\net8.0\System.IO.Compression.ZipFile.dll" /reference:"C:\Program Files\dotnet\packs\Microsoft.NETCore.App.Ref\8.0.23\ref\net8.0\System.IO.dll" /reference:"C:\Program Files\dotnet\packs\Microsoft.NETCore.App.Ref\8.0.23\ref\net8.0\System.IO.FileSystem.AccessControl.dll" /reference:"C:\Program Files\dotnet\packs\Microsoft.NETCore.App.Ref\8.0.23\ref\net8.0\System.IO.FileSystem.dll" /reference:"C:\Program Files\dotnet\packs\Microsoft.NETCore.App.Ref\8.0.23\ref\net8.0\System.IO.FileSystem.DriveInfo.dll" /reference:"C:\Program Files\dotnet\packs\Microsoft.NETCore.App.Ref\8.0.23\ref\net8.0\System.IO.FileSystem.Primitives.dll" /reference:"C:\Program Files\dotnet\packs\Microsoft.NETCore.App.Ref\8.0.23\ref\net8.0\System.IO.FileSystem.Watcher.dll" /reference:C:\Users\ubf0238\.nuget\packages\system.io.hashing\10.0.1\lib\net8.0\System.IO.Hashing.dll /reference:"C:\Program Files\dotnet\packs\Microsoft.NETCore.App.Ref\8.0.23\ref\net8.0\System.IO.IsolatedStorage.dll" /reference:"C:\Program Files\dotnet\packs\Microsoft.NETCore.App.Ref\8.0.23\ref\net8.0\System.IO.MemoryMappedFiles.dll" /reference:C:\Users\ubf0238\.nuget\packages\system.io.pipelines\10.0.2\lib\net8.0\System.IO.Pipelines.dll /reference:"C:\Program Files\dotnet\packs\Microsoft.NETCore.App.Ref\8.0.23\ref\net8.0\System.IO.Pipes.AccessControl.dll" /reference:"C:\Program Files\dotnet\packs\Microsoft.NETCore.App.Ref\8.0.23\ref\net8.0\System.IO.Pipes.dll" /reference:"C:\Program Files\dotnet\packs\Microsoft.NETCore.App.Ref\8.0.23\ref\net8.0\System.IO.UnmanagedMemoryStream.dll" /reference:"C:\Program Files\dotnet\packs\Microsoft.NETCore.App.Ref\8.0.23\ref\net8.0\System.Linq.dll" /reference:"C:\Program Files\dotnet\packs\Microsoft.NETCore.App.Ref\8.0.23\ref\net8.0\System.Linq.Expressions.dll" /reference:"C:\Program Files\dotnet\packs\Microsoft.NETCore.App.Ref\8.0.23\ref\net8.0\System.Linq.Parallel.dll" /reference:"C:\Program Files\dotnet\packs\Microsoft.NETCore.App.Ref\8.0.23\ref\net8.0\System.Linq.Queryable.dll" /reference:C:\Users\ubf0238\.nuget\packages\system.memory.data\8.0.1\lib\net8.0\System.Memory.Data.dll /reference:"C:\Program Files\dotnet\packs\Microsoft.NETCore.App.Ref\8.0.23\ref\net8.0\System.Memory.dll" /reference:"C:\Program Files\dotnet\packs\Microsoft.NETCore.App.Ref\8.0.23\ref\net8.0\System.Net.dll" /reference:"C:\Program Files\dotnet\packs\Microsoft.NETCore.App.Ref\8.0.23\ref\net8.0\System.Net.Http.dll" /reference:"C:\Program Files\dotnet\packs\Microsoft.NETCore.App.Ref\8.0.23\ref\net8.0\System.Net.Http.Json.dll" /reference:"C:\Program Files\dotnet\packs\Microsoft.NETCore.App.Ref\8.0.23\ref\net8.0\System.Net.HttpListener.dll" /reference:"C:\Program Files\dotnet\packs\Microsoft.NETCore.App.Ref\8.0.23\ref\net8.0\System.Net.Mail.dll" /reference:"C:\Program Files\dotnet\packs\Microsoft.NETCore.App.Ref\8.0.23\ref\net8.0\System.Net.NameResolution.dll" /reference:"C:\Program Files\dotnet\packs\Microsoft.NETCore.App.Ref\8.0.23\ref\net8.0\System.Net.NetworkInformation.dll" /reference:"C:\Program Files\dotnet\packs\Microsoft.NETCore.App.Ref\8.0.23\ref\net8.0\System.Net.Ping.dll" /reference:"C:\Program Files\dotnet\packs\Microsoft.NETCore.App.Ref\8.0.23\ref\net8.0\System.Net.Primitives.dll" /reference:"C:\Program Files\dotnet\packs\Microsoft.NETCore.App.Ref\8.0.23\ref\net8.0\System.Net.Quic.dll" /reference:"C:\Program Files\dotnet\packs\Microsoft.NETCore.App.Ref\8.0.23\ref\net8.0\System.Net.Requests.dll" /reference:"C:\Program Files\dotnet\packs\Microsoft.NETCore.App.Ref\8.0.23\ref\net8.0\System.Net.Security.dll" /reference:"C:\Program Files\dotnet\packs\Microsoft.NETCore.App.Ref\8.0.23\ref\net8.0\System.Net.ServicePoint.dll" /reference:"C:\Program Files\dotnet\packs\Microsoft.NETCore.App.Ref\8.0.23\ref\net8.0\System.Net.Sockets.dll" /reference:"C:\Program Files\dotnet\packs\Microsoft.NETCore.App.Ref\8.0.23\ref\net8.0\System.Net.WebClient.dll" /reference:"C:\Program Files\dotnet\packs\Microsoft.NETCore.App.Ref\8.0.23\ref\net8.0\System.Net.WebHeaderCollection.dll" /reference:"C:\Program Files\dotnet\packs\Microsoft.NETCore.App.Ref\8.0.23\ref\net8.0\System.Net.WebProxy.dll" /reference:"C:\Program Files\dotnet\packs\Microsoft.NETCore.App.Ref\8.0.23\ref\net8.0\System.Net.WebSockets.Client.dll" /reference:"C:\Program Files\dotnet\packs\Microsoft.NETCore.App.Ref\8.0.23\ref\net8.0\System.Net.WebSockets.dll" /reference:"C:\Program Files\dotnet\packs\Microsoft.NETCore.App.Ref\8.0.23\ref\net8.0\System.Numerics.dll" /reference:"C:\Program Files\dotnet\packs\Microsoft.NETCore.App.Ref\8.0.23\ref\net8.0\System.Numerics.Vectors.dll" /reference:"C:\Program Files\dotnet\packs\Microsoft.NETCore.App.Ref\8.0.23\ref\net8.0\System.ObjectModel.dll" /reference:"C:\Program Files\dotnet\packs\Microsoft.NETCore.App.Ref\8.0.23\ref\net8.0\System.Reflection.DispatchProxy.dll" /reference:"C:\Program Files\dotnet\packs\Microsoft.NETCore.App.Ref\8.0.23\ref\net8.0\System.Reflection.dll" /reference:"C:\Program Files\dotnet\packs\Microsoft.NETCore.App.Ref\8.0.23\ref\net8.0\System.Reflection.Emit.dll" /reference:"C:\Program Files\dotnet\packs\Microsoft.NETCore.App.Ref\8.0.23\ref\net8.0\System.Reflection.Emit.ILGeneration.dll" /reference:"C:\Program Files\dotnet\packs\Microsoft.NETCore.App.Ref\8.0.23\ref\net8.0\System.Reflection.Emit.Lightweight.dll" /reference:"C:\Program Files\dotnet\packs\Microsoft.NETCore.App.Ref\8.0.23\ref\net8.0\System.Reflection.Extensions.dll" /reference:"C:\Program Files\dotnet\packs\Microsoft.NETCore.App.Ref\8.0.23\ref\net8.0\System.Reflection.Metadata.dll" /reference:"C:\Program Files\dotnet\packs\Microsoft.NETCore.App.Ref\8.0.23\ref\net8.0\System.Reflection.Primitives.dll" /reference:"C:\Program Files\dotnet\packs\Microsoft.NETCore.App.Ref\8.0.23\ref\net8.0\System.Reflection.TypeExtensions.dll" /reference:"C:\Program Files\dotnet\packs\Microsoft.NETCore.App.Ref\8.0.23\ref\net8.0\System.Resources.Reader.dll" /reference:"C:\Program Files\dotnet\packs\Microsoft.NETCore.App.Ref\8.0.23\ref\net8.0\System.Resources.ResourceManager.dll" /reference:"C:\Program Files\dotnet\packs\Microsoft.NETCore.App.Ref\8.0.23\ref\net8.0\System.Resources.Writer.dll" /reference:"C:\Program Files\dotnet\packs\Microsoft.NETCore.App.Ref\8.0.23\ref\net8.0\System.Runtime.CompilerServices.Unsafe.dll" /reference:"C:\Program Files\dotnet\packs\Microsoft.NETCore.App.Ref\8.0.23\ref\net8.0\System.Runtime.CompilerServices.VisualC.dll" /reference:"C:\Program Files\dotnet\packs\Microsoft.NETCore.App.Ref\8.0.23\ref\net8.0\System.Runtime.dll" /reference:"C:\Program Files\dotnet\packs\Microsoft.NETCore.App.Ref\8.0.23\ref\net8.0\System.Runtime.Extensions.dll" /reference:"C:\Program Files\dotnet\packs\Microsoft.NETCore.App.Ref\8.0.23\ref\net8.0\System.Runtime.Handles.dll" /reference:"C:\Program Files\dotnet\packs\Microsoft.NETCore.App.Ref\8.0.23\ref\net8.0\System.Runtime.InteropServices.dll" /reference:"C:\Program Files\dotnet\packs\Microsoft.NETCore.App.Ref\8.0.23\ref\net8.0\System.Runtime.InteropServices.JavaScript.dll" /reference:"C:\Program Files\dotnet\packs\Microsoft.NETCore.App.Ref\8.0.23\ref\net8.0\System.Runtime.InteropServices.RuntimeInformation.dll" /reference:"C:\Program Files\dotnet\packs\Microsoft.NETCore.App.Ref\8.0.23\ref\net8.0\System.Runtime.Intrinsics.dll" /reference:"C:\Program Files\dotnet\packs\Microsoft.NETCore.App.Ref\8.0.23\ref\net8.0\System.Runtime.Loader.dll" /reference:"C:\Program Files\dotnet\packs\Microsoft.NETCore.App.Ref\8.0.23\ref\net8.0\System.Runtime.Numerics.dll" /reference:"C:\Program Files\dotnet\packs\Microsoft.NETCore.App.Ref\8.0.23\ref\net8.0\System.Runtime.Serialization.dll" /reference:"C:\Program Files\dotnet\packs\Microsoft.NETCore.App.Ref\8.0.23\ref\net8.0\System.Runtime.Serialization.Formatters.dll" /reference:"C:\Program Files\dotnet\packs\Microsoft.NETCore.App.Ref\8.0.23\ref\net8.0\System.Runtime.Serialization.Json.dll" /reference:"C:\Program Files\dotnet\packs\Microsoft.NETCore.App.Ref\8.0.23\ref\net8.0\System.Runtime.Serialization.Primitives.dll" /reference:"C:\Program Files\dotnet\packs\Microsoft.NETCore.App.Ref\8.0.23\ref\net8.0\System.Runtime.Serialization.Xml.dll" /reference:"C:\Program Files\dotnet\packs\Microsoft.NETCore.App.Ref\8.0.23\ref\net8.0\System.Security.AccessControl.dll" /reference:"C:\Program Files\dotnet\packs\Microsoft.NETCore.App.Ref\8.0.23\ref\net8.0\System.Security.Claims.dll" /reference:"C:\Program Files\dotnet\packs\Microsoft.NETCore.App.Ref\8.0.23\ref\net8.0\System.Security.Cryptography.Algorithms.dll" /reference:"C:\Program Files\dotnet\packs\Microsoft.NETCore.App.Ref\8.0.23\ref\net8.0\System.Security.Cryptography.Cng.dll" /reference:"C:\Program Files\dotnet\packs\Microsoft.NETCore.App.Ref\8.0.23\ref\net8.0\System.Security.Cryptography.Csp.dll" /reference:"C:\Program Files\dotnet\packs\Microsoft.NETCore.App.Ref\8.0.23\ref\net8.0\System.Security.Cryptography.dll" /reference:"C:\Program Files\dotnet\packs\Microsoft.NETCore.App.Ref\8.0.23\ref\net8.0\System.Security.Cryptography.Encoding.dll" /reference:"C:\Program Files\dotnet\packs\Microsoft.NETCore.App.Ref\8.0.23\ref\net8.0\System.Security.Cryptography.OpenSsl.dll" /reference:"C:\Program Files\dotnet\packs\Microsoft.NETCore.App.Ref\8.0.23\ref\net8.0\System.Security.Cryptography.Primitives.dll" /reference:"C:\Program Files\dotnet\packs\Microsoft.NETCore.App.Ref\8.0.23\ref\net8.0\System.Security.Cryptography.X509Certificates.dll" /reference:"C:\Program Files\dotnet\packs\Microsoft.NETCore.App.Ref\8.0.23\ref\net8.0\System.Security.dll" /reference:"C:\Program Files\dotnet\packs\Microsoft.NETCore.App.Ref\8.0.23\ref\net8.0\System.Security.Principal.dll" /reference:"C:\Program Files\dotnet\packs\Microsoft.NETCore.App.Ref\8.0.23\ref\net8.0\System.Security.Principal.Windows.dll" /reference:"C:\Program Files\dotnet\packs\Microsoft.NETCore.App.Ref\8.0.23\ref\net8.0\System.Security.SecureString.dll" /reference:"C:\Program Files\dotnet\packs\Microsoft.NETCore.App.Ref\8.0.23\ref\net8.0\System.ServiceModel.Web.dll" /reference:"C:\Program Files\dotnet\packs\Microsoft.NETCore.App.Ref\8.0.23\ref\net8.0\System.ServiceProcess.dll" /reference:"C:\Program Files\dotnet\packs\Microsoft.NETCore.App.Ref\8.0.23\ref\net8.0\System.Text.Encoding.CodePages.dll" /reference:"C:\Program Files\dotnet\packs\Microsoft.NETCore.App.Ref\8.0.23\ref\net8.0\System.Text.Encoding.dll" /reference:"C:\Program Files\dotnet\packs\Microsoft.NETCore.App.Ref\8.0.23\ref\net8.0\System.Text.Encoding.Extensions.dll" /reference:C:\Users\ubf0238\.nuget\packages\system.text.encodings.web\10.0.2\lib\net8.0\System.Text.Encodings.Web.dll /reference:C:\Users\ubf0238\.nuget\packages\system.text.json\10.0.2\lib\net8.0\System.Text.Json.dll /reference:"C:\Program Files\dotnet\packs\Microsoft.NETCore.App.Ref\8.0.23\ref\net8.0\System.Text.RegularExpressions.dll" /reference:"C:\Program Files\dotnet\packs\Microsoft.NETCore.App.Ref\8.0.23\ref\net8.0\System.Threading.Channels.dll" /reference:"C:\Program Files\dotnet\packs\Microsoft.NETCore.App.Ref\8.0.23\ref\net8.0\System.Threading.dll" /reference:"C:\Program Files\dotnet\packs\Microsoft.NETCore.App.Ref\8.0.23\ref\net8.0\System.Threading.Overlapped.dll" /reference:"C:\Program Files\dotnet\packs\Microsoft.NETCore.App.Ref\8.0.23\ref\net8.0\System.Threading.Tasks.Dataflow.dll" /reference:"C:\Program Files\dotnet\packs\Microsoft.NETCore.App.Ref\8.0.23\ref\net8.0\System.Threading.Tasks.dll" /reference:"C:\Program Files\dotnet\packs\Microsoft.NETCore.App.Ref\8.0.23\ref\net8.0\System.Threading.Tasks.Extensions.dll" /reference:"C:\Program Files\dotnet\packs\Microsoft.NETCore.App.Ref\8.0.23\ref\net8.0\System.Threading.Tasks.Parallel.dll" /reference:"C:\Program Files\dotnet\packs\Microsoft.NETCore.App.Ref\8.0.23\ref\net8.0\System.Threading.Thread.dll" /reference:"C:\Program Files\dotnet\packs\Microsoft.NETCore.App.Ref\8.0.23\ref\net8.0\System.Threading.ThreadPool.dll" /reference:"C:\Program Files\dotnet\packs\Microsoft.NETCore.App.Ref\8.0.23\ref\net8.0\System.Threading.Timer.dll" /reference:"C:\Program Files\dotnet\packs\Microsoft.NETCore.App.Ref\8.0.23\ref\net8.0\System.Transactions.dll" /reference:"C:\Program Files\dotnet\packs\Microsoft.NETCore.App.Ref\8.0.23\ref\net8.0\System.Transactions.Local.dll" /reference:"C:\Program Files\dotnet\packs\Microsoft.NETCore.App.Ref\8.0.23\ref\net8.0\System.ValueTuple.dll" /reference:"C:\Program Files\dotnet\packs\Microsoft.NETCore.App.Ref\8.0.23\ref\net8.0\System.Web.dll" /reference:"C:\Program Files\dotnet\packs\Microsoft.NETCore.App.Ref\8.0.23\ref\net8.0\System.Web.HttpUtility.dll" /reference:"C:\Program Files\dotnet\packs\Microsoft.NETCore.App.Ref\8.0.23\ref\net8.0\System.Windows.dll" /reference:"C:\Program Files\dotnet\packs\Microsoft.NETCore.App.Ref\8.0.23\ref\net8.0\System.Xml.dll" /reference:"C:\Program Files\dotnet\packs\Microsoft.NETCore.App.Ref\8.0.23\ref\net8.0\System.Xml.Linq.dll" /reference:"C:\Program Files\dotnet\packs\Microsoft.NETCore.App.Ref\8.0.23\ref\net8.0\System.Xml.ReaderWriter.dll" /reference:"C:\Program Files\dotnet\packs\Microsoft.NETCore.App.Ref\8.0.23\ref\net8.0\System.Xml.Serialization.dll" /reference:"C:\Program Files\dotnet\packs\Microsoft.NETCore.App.Ref\8.0.23\ref\net8.0\System.Xml.XDocument.dll" /reference:"C:\Program Files\dotnet\packs\Microsoft.NETCore.App.Ref\8.0.23\ref\net8.0\System.Xml.XmlDocument.dll" /reference:"C:\Program Files\dotnet\packs\Microsoft.NETCore.App.Ref\8.0.23\ref\net8.0\System.Xml.XmlSerializer.dll" /reference:"C:\Program Files\dotnet\packs\Microsoft.NETCore.App.Ref\8.0.23\ref\net8.0\System.Xml.XPath.dll" /reference:"C:\Program Files\dotnet\packs\Microsoft.NETCore.App.Ref\8.0.23\ref\net8.0\System.Xml.XPath.XDocument.dll" /reference:"C:\Program Files\dotnet\packs\Microsoft.NETCore.App.Ref\8.0.23\ref\net8.0\WindowsBase.dll" /debug+ /debug:portable /filealign:512 /optimize- /out:obj\Debug\net8.0\DocumentIA.Core.dll /refout:obj\Debug\net8.0\refint\DocumentIA.Core.dll /target:library /warnaserror- /utf8output /deterministic+ /sourcelink:obj\Debug\net8.0\DocumentIA.Core.sourcelink.json /langversion:12.0 /embed:obj\Debug\net8.0\DocumentIA.Core.GlobalUsings.g.cs /embed:"obj\Debug\net8.0\.NETCoreApp,Version=v8.0.AssemblyAttributes.cs" /embed:obj\Debug\net8.0\DocumentIA.Core.AssemblyInfo.cs /analyzerconfig:obj\Debug\net8.0\DocumentIA.Core.GeneratedMSBuildEditorConfig.editorconfig /analyzerconfig:"C:\Program Files\dotnet\sdk\9.0.310\Sdks\Microsoft.NET.Sdk\analyzers\build\config\analysislevel_8_default.globalconfig" /analyzer:"C:\Program Files\dotnet\sdk\9.0.310\Sdks\Microsoft.NET.Sdk\targets\..\analyzers\Microsoft.CodeAnalysis.CSharp.NetAnalyzers.dll" /analyzer:"C:\Program Files\dotnet\sdk\9.0.310\Sdks\Microsoft.NET.Sdk\targets\..\analyzers\Microsoft.CodeAnalysis.NetAnalyzers.dll" /analyzer:C:\Users\ubf0238\.nuget\packages\microsoft.extensions.logging.abstractions\8.0.3\analyzers\dotnet\roslyn4.4\cs\Microsoft.Extensions.Logging.Generators.dll /analyzer:C:\Users\ubf0238\.nuget\packages\system.clientmodel\1.8.0\analyzers\dotnet\cs\System.ClientModel.SourceGeneration.dll /analyzer:C:\Users\ubf0238\.nuget\packages\system.text.json\10.0.2\analyzers\dotnet\roslyn4.4\cs\System.Text.Json.SourceGeneration.dll /analyzer:"C:\Program Files\dotnet\packs\Microsoft.NETCore.App.Ref\8.0.23\analyzers/dotnet/cs/Microsoft.Interop.ComInterfaceGenerator.dll" /analyzer:"C:\Program Files\dotnet\packs\Microsoft.NETCore.App.Ref\8.0.23\analyzers/dotnet/cs/Microsoft.Interop.JavaScript.JSImportGenerator.dll" /analyzer:"C:\Program Files\dotnet\packs\Microsoft.NETCore.App.Ref\8.0.23\analyzers/dotnet/cs/Microsoft.Interop.LibraryImportGenerator.dll" /analyzer:"C:\Program Files\dotnet\packs\Microsoft.NETCore.App.Ref\8.0.23\analyzers/dotnet/cs/Microsoft.Interop.SourceGeneration.dll" /analyzer:"C:\Program Files\dotnet\packs\Microsoft.NETCore.App.Ref\8.0.23\analyzers/dotnet/cs/System.Text.RegularExpressions.Generator.dll" Class1.cs Configuration\TipologiaConfigLoader.cs Configuration\TipologiaValidationConfig.cs Models\ContratoEntrada.cs Models\ContratoSalida.cs Models\ValidacionModels.cs Services\BlobStorageService.cs Services\IBlobStorageService.cs Validation\IValidationRule.cs Validation\Models\ValidationResult.cs Validation\Rules\CatastralReferenceValidator.cs Validation\Rules\DateFormatValidator.cs Validation\Rules\NifValidator.cs Validation\Rules\RangeValidator.cs Validation\Rules\RequiredFieldValidator.cs Validation\ValidationEngine.cs obj\Debug\net8.0\DocumentIA.Core.GlobalUsings.g.cs "obj\Debug\net8.0\.NETCoreApp,Version=v8.0.AssemblyAttributes.cs" obj\Debug\net8.0\DocumentIA.Core.AssemblyInfo.cs /warnaserror+:NU1605,SYSLIB0011
     3>CoreCompile:
         CompilerServer: server - server processed compilation - DocumentIA.Plugins (net8.0)
       CopyFilesToOutputDirectory:
         Copiando el archivo de "C:\temp\MVP\documento-ia-clasificacion-mvp\src\backend\DocumentIA.Plugins\obj\Debug\net8.0\DocumentIA.Plugins.dll" en "C:\temp\MVP\documento-ia-clasificacion-mvp\src\backend\DocumentIA.Plugins\bin\Debug\net8.0\DocumentIA.Plugins.dll".
         Copiando ensamblado de referencia de "obj\Debug\net8.0\refint\DocumentIA.Plugins.dll" a "C:\temp\MVP\documento-ia-clasificacion-mvp\src\backend\DocumentIA.Plugins\obj\Debug\net8.0\ref\DocumentIA.Plugins.dll".
         DocumentIA.Plugins -> C:\temp\MVP\documento-ia-clasificacion-mvp\src\backend\DocumentIA.Plugins\bin\Debug\net8.0\DocumentIA.Plugins.dll
         Copiando el archivo de "C:\temp\MVP\documento-ia-clasificacion-mvp\src\backend\DocumentIA.Plugins\obj\Debug\net8.0\DocumentIA.Plugins.pdb" en "C:\temp\MVP\documento-ia-clasificacion-mvp\src\backend\DocumentIA.Plugins\bin\Debug\net8.0\DocumentIA.Plugins.pdb".
     3>Compilaci├│n del proyecto terminada "C:\temp\MVP\documento-ia-clasificacion-mvp\src\backend\DocumentIA.Plugins\DocumentIA.Plugins.csproj" (destinos predeterminados).
     2>C:\temp\MVP\documento-ia-clasificacion-mvp\src\backend\DocumentIA.Core\Validation\IValidationRule.cs(21,104): warning CS8625: No se puede convertir un literal NULL en un tipo de referencia que no acepta valores NULL. [C:\temp\MVP\documento-ia-clasificacion-mvp\src\backend\DocumentIA.Core\DocumentIA.Core.csproj]
     2>C:\temp\MVP\documento-ia-clasificacion-mvp\src\backend\DocumentIA.Core\Validation\IValidationRule.cs(32,120): warning CS8625: No se puede convertir un literal NULL en un tipo de referencia que no acepta valores NULL. [C:\temp\MVP\documento-ia-clasificacion-mvp\src\backend\DocumentIA.Core\DocumentIA.Core.csproj]
     2>C:\temp\MVP\documento-ia-clasificacion-mvp\src\backend\DocumentIA.Core\Validation\IValidationRule.cs(44,110): warning CS8625: No se puede convertir un literal NULL en un tipo de referencia que no acepta valores NULL. [C:\temp\MVP\documento-ia-clasificacion-mvp\src\backend\DocumentIA.Core\DocumentIA.Core.csproj]
     2>C:\temp\MVP\documento-ia-clasificacion-mvp\src\backend\DocumentIA.Core\Validation\Rules\CatastralReferenceValidator.cs(18,120): warning CS8625: No se puede convertir un literal NULL en un tipo de referencia que no acepta valores NULL. [C:\temp\MVP\documento-ia-clasificacion-mvp\src\backend\DocumentIA.Core\DocumentIA.Core.csproj]
     2>C:\temp\MVP\documento-ia-clasificacion-mvp\src\backend\DocumentIA.Core\Validation\Rules\NifValidator.cs(17,120): warning CS8625: No se puede convertir un literal NULL en un tipo de referencia que no acepta valores NULL. [C:\temp\MVP\documento-ia-clasificacion-mvp\src\backend\DocumentIA.Core\DocumentIA.Core.csproj]
     2>C:\temp\MVP\documento-ia-clasificacion-mvp\src\backend\DocumentIA.Core\Validation\Rules\RequiredFieldValidator.cs(13,120): warning CS8625: No se puede convertir un literal NULL en un tipo de referencia que no acepta valores NULL. [C:\temp\MVP\documento-ia-clasificacion-mvp\src\backend\DocumentIA.Core\DocumentIA.Core.csproj]
     2>C:\temp\MVP\documento-ia-clasificacion-mvp\src\backend\DocumentIA.Core\Validation\Rules\DateFormatValidator.cs(19,40): warning CS8625: No se puede convertir un literal NULL en un tipo de referencia que no acepta valores NULL. [C:\temp\MVP\documento-ia-clasificacion-mvp\src\backend\DocumentIA.Core\DocumentIA.Core.csproj]
     2>C:\temp\MVP\documento-ia-clasificacion-mvp\src\backend\DocumentIA.Core\Validation\Rules\RangeValidator.cs(22,120): warning CS8625: No se puede convertir un literal NULL en un tipo de referencia que no acepta valores NULL. [C:\temp\MVP\documento-ia-clasificacion-mvp\src\backend\DocumentIA.Core\DocumentIA.Core.csproj]
     2>C:\temp\MVP\documento-ia-clasificacion-mvp\src\backend\DocumentIA.Core\Validation\ValidationEngine.cs(26,129): warning CS8625: No se puede convertir un literal NULL en un tipo de referencia que no acepta valores NULL. [C:\temp\MVP\documento-ia-clasificacion-mvp\src\backend\DocumentIA.Core\DocumentIA.Core.csproj]
     2>C:\temp\MVP\documento-ia-clasificacion-mvp\src\backend\DocumentIA.Core\Validation\Rules\DateFormatValidator.cs(34,120): warning CS8625: No se puede convertir un literal NULL en un tipo de referencia que no acepta valores NULL. [C:\temp\MVP\documento-ia-clasificacion-mvp\src\backend\DocumentIA.Core\DocumentIA.Core.csproj]
     2>C:\temp\MVP\documento-ia-clasificacion-mvp\src\backend\DocumentIA.Core\Configuration\TipologiaConfigLoader.cs(101,103): warning CS8601: Posible asignaci├│n de referencia nula. [C:\temp\MVP\documento-ia-clasificacion-mvp\src\backend\DocumentIA.Core\DocumentIA.Core.csproj]
     2>C:\temp\MVP\documento-ia-clasificacion-mvp\src\backend\DocumentIA.Core\Models\ValidacionModels.cs(28,23): warning CS8618: El elemento propiedad "Campo" que no acepta valores NULL debe contener un valor distinto de NULL al salir del constructor. Considere la posibilidad de agregar el modificador "required'"o declarar el propiedad como un valor que acepta valores NULL. [C:\temp\MVP\documento-ia-clasificacion-mvp\src\backend\DocumentIA.Core\DocumentIA.Core.csproj]
     2>C:\temp\MVP\documento-ia-clasificacion-mvp\src\backend\DocumentIA.Core\Models\ValidacionModels.cs(29,23): warning CS8618: El elemento propiedad "Estado" que no acepta valores NULL debe contener un valor distinto de NULL al salir del constructor. Considere la posibilidad de agregar el modificador "required'"o declarar el propiedad como un valor que acepta valores NULL. [C:\temp\MVP\documento-ia-clasificacion-mvp\src\backend\DocumentIA.Core\DocumentIA.Core.csproj]
     2>C:\temp\MVP\documento-ia-clasificacion-mvp\src\backend\DocumentIA.Core\Models\ValidacionModels.cs(30,23): warning CS8618: El elemento propiedad "Severidad" que no acepta valores NULL debe contener un valor distinto de NULL al salir del constructor. Considere la posibilidad de agregar el modificador "required'"o declarar el propiedad como un valor que acepta valores NULL. [C:\temp\MVP\documento-ia-clasificacion-mvp\src\backend\DocumentIA.Core\DocumentIA.Core.csproj]
     2>C:\temp\MVP\documento-ia-clasificacion-mvp\src\backend\DocumentIA.Core\Models\ValidacionModels.cs(31,23): warning CS8618: El elemento propiedad "Mensaje" que no acepta valores NULL debe contener un valor distinto de NULL al salir del constructor. Considere la posibilidad de agregar el modificador "required'"o declarar el propiedad como un valor que acepta valores NULL. [C:\temp\MVP\documento-ia-clasificacion-mvp\src\backend\DocumentIA.Core\DocumentIA.Core.csproj]
     2>C:\temp\MVP\documento-ia-clasificacion-mvp\src\backend\DocumentIA.Core\Models\ValidacionModels.cs(32,23): warning CS8618: El elemento propiedad "Sugerencia" que no acepta valores NULL debe contener un valor distinto de NULL al salir del constructor. Considere la posibilidad de agregar el modificador "required'"o declarar el propiedad como un valor que acepta valores NULL. [C:\temp\MVP\documento-ia-clasificacion-mvp\src\backend\DocumentIA.Core\DocumentIA.Core.csproj]
     2>C:\temp\MVP\documento-ia-clasificacion-mvp\src\backend\DocumentIA.Core\Configuration\TipologiaValidationConfig.cs(36,16): warning CS8618: El elemento propiedad "RuleType" que no acepta valores NULL debe contener un valor distinto de NULL al salir del constructor. Considere la posibilidad de agregar el modificador "required'"o declarar el propiedad como un valor que acepta valores NULL. [C:\temp\MVP\documento-ia-clasificacion-mvp\src\backend\DocumentIA.Core\DocumentIA.Core.csproj]
     2>C:\temp\MVP\documento-ia-clasificacion-mvp\src\backend\DocumentIA.Core\Configuration\TipologiaValidationConfig.cs(36,16): warning CS8618: El elemento propiedad "Severity" que no acepta valores NULL debe contener un valor distinto de NULL al salir del constructor. Considere la posibilidad de agregar el modificador "required'"o declarar el propiedad como un valor que acepta valores NULL. [C:\temp\MVP\documento-ia-clasificacion-mvp\src\backend\DocumentIA.Core\DocumentIA.Core.csproj]
     2>C:\temp\MVP\documento-ia-clasificacion-mvp\src\backend\DocumentIA.Core\Configuration\TipologiaValidationConfig.cs(11,16): warning CS8618: El elemento propiedad "TipologiaId" que no acepta valores NULL debe contener un valor distinto de NULL al salir del constructor. Considere la posibilidad de agregar el modificador "required'"o declarar el propiedad como un valor que acepta valores NULL. [C:\temp\MVP\documento-ia-clasificacion-mvp\src\backend\DocumentIA.Core\DocumentIA.Core.csproj]
     2>C:\temp\MVP\documento-ia-clasificacion-mvp\src\backend\DocumentIA.Core\Configuration\TipologiaValidationConfig.cs(11,16): warning CS8618: El elemento propiedad "TipologiaNombre" que no acepta valores NULL debe contener un valor distinto de NULL al salir del constructor. Considere la posibilidad de agregar el modificador "required'"o declarar el propiedad como un valor que acepta valores NULL. [C:\temp\MVP\documento-ia-clasificacion-mvp\src\backend\DocumentIA.Core\DocumentIA.Core.csproj]
     2>C:\temp\MVP\documento-ia-clasificacion-mvp\src\backend\DocumentIA.Core\Configuration\TipologiaValidationConfig.cs(11,16): warning CS8618: El elemento propiedad "Version" que no acepta valores NULL debe contener un valor distinto de NULL al salir del constructor. Considere la posibilidad de agregar el modificador "required'"o declarar el propiedad como un valor que acepta valores NULL. [C:\temp\MVP\documento-ia-clasificacion-mvp\src\backend\DocumentIA.Core\DocumentIA.Core.csproj]
     2>C:\temp\MVP\documento-ia-clasificacion-mvp\src\backend\DocumentIA.Core\Models\ValidacionModels.cs(7,23): warning CS8618: El elemento propiedad "Tipologia" que no acepta valores NULL debe contener un valor distinto de NULL al salir del constructor. Considere la posibilidad de agregar el modificador "required'"o declarar el propiedad como un valor que acepta valores NULL. [C:\temp\MVP\documento-ia-clasificacion-mvp\src\backend\DocumentIA.Core\DocumentIA.Core.csproj]
     2>C:\temp\MVP\documento-ia-clasificacion-mvp\src\backend\DocumentIA.Core\Models\ValidacionModels.cs(8,43): warning CS8618: El elemento propiedad "DatosExtraidos" que no acepta valores NULL debe contener un valor distinto de NULL al salir del constructor. Considere la posibilidad de agregar el modificador "required'"o declarar el propiedad como un valor que acepta valores NULL. [C:\temp\MVP\documento-ia-clasificacion-mvp\src\backend\DocumentIA.Core\DocumentIA.Core.csproj]
     2>C:\temp\MVP\documento-ia-clasificacion-mvp\src\backend\DocumentIA.Core\Configuration\TipologiaConfigLoader.cs(38,20): warning CS8603: Posible tipo de valor devuelto de referencia nulo. [C:\temp\MVP\documento-ia-clasificacion-mvp\src\backend\DocumentIA.Core\DocumentIA.Core.csproj]
     2>C:\temp\MVP\documento-ia-clasificacion-mvp\src\backend\DocumentIA.Core\Configuration\TipologiaValidationConfig.cs(24,16): warning CS8618: El elemento propiedad "Name" que no acepta valores NULL debe contener un valor distinto de NULL al salir del constructor. Considere la posibilidad de agregar el modificador "required'"o declarar el propiedad como un valor que acepta valores NULL. [C:\temp\MVP\documento-ia-clasificacion-mvp\src\backend\DocumentIA.Core\DocumentIA.Core.csproj]
     2>C:\temp\MVP\documento-ia-clasificacion-mvp\src\backend\DocumentIA.Core\Configuration\TipologiaValidationConfig.cs(24,16): warning CS8618: El elemento propiedad "Type" que no acepta valores NULL debe contener un valor distinto de NULL al salir del constructor. Considere la posibilidad de agregar el modificador "required'"o declarar el propiedad como un valor que acepta valores NULL. [C:\temp\MVP\documento-ia-clasificacion-mvp\src\backend\DocumentIA.Core\DocumentIA.Core.csproj]
     2>C:\temp\MVP\documento-ia-clasificacion-mvp\src\backend\DocumentIA.Core\Validation\Models\ValidationResult.cs(12,16): warning CS8618: El elemento propiedad "Message" que no acepta valores NULL debe contener un valor distinto de NULL al salir del constructor. Considere la posibilidad de agregar el modificador "required'"o declarar el propiedad como un valor que acepta valores NULL. [C:\temp\MVP\documento-ia-clasificacion-mvp\src\backend\DocumentIA.Core\DocumentIA.Core.csproj]
     2>C:\temp\MVP\documento-ia-clasificacion-mvp\src\backend\DocumentIA.Core\Validation\Models\ValidationResult.cs(12,16): warning CS8618: El elemento propiedad "FieldName" que no acepta valores NULL debe contener un valor distinto de NULL al salir del constructor. Considere la posibilidad de agregar el modificador "required'"o declarar el propiedad como un valor que acepta valores NULL. [C:\temp\MVP\documento-ia-clasificacion-mvp\src\backend\DocumentIA.Core\DocumentIA.Core.csproj]
     2>C:\temp\MVP\documento-ia-clasificacion-mvp\src\backend\DocumentIA.Core\Validation\Models\ValidationResult.cs(12,16): warning CS8618: El elemento propiedad "SuggestionString" que no acepta valores NULL debe contener un valor distinto de NULL al salir del constructor. Considere la posibilidad de agregar el modificador "required'"o declarar el propiedad como un valor que acepta valores NULL. [C:\temp\MVP\documento-ia-clasificacion-mvp\src\backend\DocumentIA.Core\DocumentIA.Core.csproj]
     2>C:\temp\MVP\documento-ia-clasificacion-mvp\src\backend\DocumentIA.Core\Configuration\TipologiaConfigLoader.cs(109,28): warning CS8603: Posible tipo de valor devuelto de referencia nulo. [C:\temp\MVP\documento-ia-clasificacion-mvp\src\backend\DocumentIA.Core\DocumentIA.Core.csproj]
     2>C:\temp\MVP\documento-ia-clasificacion-mvp\src\backend\DocumentIA.Core\Validation\Rules\CatastralReferenceValidator.cs(25,35): warning CS8602: Desreferencia de una referencia posiblemente NULL. [C:\temp\MVP\documento-ia-clasificacion-mvp\src\backend\DocumentIA.Core\DocumentIA.Core.csproj]
     2>C:\temp\MVP\documento-ia-clasificacion-mvp\src\backend\DocumentIA.Core\Validation\Rules\DateFormatValidator.cs(41,33): warning CS8602: Desreferencia de una referencia posiblemente NULL. [C:\temp\MVP\documento-ia-clasificacion-mvp\src\backend\DocumentIA.Core\DocumentIA.Core.csproj]
     2>C:\temp\MVP\documento-ia-clasificacion-mvp\src\backend\DocumentIA.Core\Validation\ValidationEngine.cs(35,37): warning CS8600: Se va a convertir un literal nulo o un posible valor nulo en un tipo que no acepta valores NULL [C:\temp\MVP\documento-ia-clasificacion-mvp\src\backend\DocumentIA.Core\DocumentIA.Core.csproj]
     2>C:\temp\MVP\documento-ia-clasificacion-mvp\src\backend\DocumentIA.Core\Validation\ValidationEngine.cs(41,59): warning CS8604: Posible argumento de referencia nulo para el par├ímetro "value" en "ValidationResult IValidationRule.Validate(string fieldName, object value, Dictionary<string, object> context = null)". [C:\temp\MVP\documento-ia-clasificacion-mvp\src\backend\DocumentIA.Core\DocumentIA.Core.csproj]
     2>C:\temp\MVP\documento-ia-clasificacion-mvp\src\backend\DocumentIA.Core\Validation\Rules\NifValidator.cs(24,31): warning CS8602: Desreferencia de una referencia posiblemente NULL. [C:\temp\MVP\documento-ia-clasificacion-mvp\src\backend\DocumentIA.Core\DocumentIA.Core.csproj]
         CompilerServer: server - server processed compilation - DocumentIA.Core (net8.0)
     2>CopyFilesToOutputDirectory:
         Copiando el archivo de "C:\temp\MVP\documento-ia-clasificacion-mvp\src\backend\DocumentIA.Core\obj\Debug\net8.0\DocumentIA.Core.dll" en "C:\temp\MVP\documento-ia-clasificacion-mvp\src\backend\DocumentIA.Core\bin\Debug\net8.0\DocumentIA.Core.dll".
         Copiando ensamblado de referencia de "obj\Debug\net8.0\refint\DocumentIA.Core.dll" a "C:\temp\MVP\documento-ia-clasificacion-mvp\src\backend\DocumentIA.Core\obj\Debug\net8.0\ref\DocumentIA.Core.dll".
         DocumentIA.Core -> C:\temp\MVP\documento-ia-clasificacion-mvp\src\backend\DocumentIA.Core\bin\Debug\net8.0\DocumentIA.Core.dll
         Copiando el archivo de "C:\temp\MVP\documento-ia-clasificacion-mvp\src\backend\DocumentIA.Core\obj\Debug\net8.0\DocumentIA.Core.pdb" en "C:\temp\MVP\documento-ia-clasificacion-mvp\src\backend\DocumentIA.Core\bin\Debug\net8.0\DocumentIA.Core.pdb".
     2>Compilaci├│n del proyecto terminada "C:\temp\MVP\documento-ia-clasificacion-mvp\src\backend\DocumentIA.Core\DocumentIA.Core.csproj" (destinos predeterminados).
     4>CoreCompile:
         CompilerServer: server - server processed compilation - DocumentIA.Data (net8.0)
       CopyFilesToOutputDirectory:
         Copiando el archivo de "C:\temp\MVP\documento-ia-clasificacion-mvp\src\backend\DocumentIA.Data\obj\Debug\net8.0\DocumentIA.Data.dll" en "C:\temp\MVP\documento-ia-clasificacion-mvp\src\backend\DocumentIA.Data\bin\Debug\net8.0\DocumentIA.Data.dll".
         Copiando ensamblado de referencia de "obj\Debug\net8.0\refint\DocumentIA.Data.dll" a "C:\temp\MVP\documento-ia-clasificacion-mvp\src\backend\DocumentIA.Data\obj\Debug\net8.0\ref\DocumentIA.Data.dll".
         DocumentIA.Data -> C:\temp\MVP\documento-ia-clasificacion-mvp\src\backend\DocumentIA.Data\bin\Debug\net8.0\DocumentIA.Data.dll
         Copiando el archivo de "C:\temp\MVP\documento-ia-clasificacion-mvp\src\backend\DocumentIA.Data\obj\Debug\net8.0\DocumentIA.Data.pdb" en "C:\temp\MVP\documento-ia-clasificacion-mvp\src\backend\DocumentIA.Data\bin\Debug\net8.0\DocumentIA.Data.pdb".
     4>Compilaci├│n del proyecto terminada "C:\temp\MVP\documento-ia-clasificacion-mvp\src\backend\DocumentIA.Data\DocumentIA.Data.csproj" (destinos predeterminados).
     1>GenerateTargetFrameworkMonikerAttribute:
       Se omitir├í el destino "GenerateTargetFrameworkMonikerAttribute" porque todos los archivos de salida est├ín actualizados respecto a los archivos de entrada.
       CoreGenerateAssemblyInfo:
       Se omitir├í el destino "CoreGenerateAssemblyInfo" porque todos los archivos de salida est├ín actualizados respecto a los archivos de entrada.
       _GenerateSourceLinkFile:
         Actualizando archivo de Source Link 'obj\Debug\net8.0\DocumentIA.Functions.sourcelink.json'.
       CoreCompile:
         C:\Program Files\dotnet\dotnet.exe exec "C:\Program Files\dotnet\sdk\9.0.310\Roslyn\bincore\csc.dll" /noconfig /unsafe- /checked- /nowarn:1701,1702,1701,1702 /fullpaths /nostdlib+ /errorreport:prompt /warn:8 /define:TRACE;DEBUG;NET;NET8_0;NETCOREAPP;NET5_0_OR_GREATER;NET6_0_OR_GREATER;NET7_0_OR_GREATER;NET8_0_OR_GREATER;NETCOREAPP1_0_OR_GREATER;NETCOREAPP1_1_OR_GREATER;NETCOREAPP2_0_OR_GREATER;NETCOREAPP2_1_OR_GREATER;NETCOREAPP2_2_OR_GREATER;NETCOREAPP3_0_OR_GREATER;NETCOREAPP3_1_OR_GREATER /highentropyva+ /nullable:enable /reference:C:\Users\ubf0238\.nuget\packages\azure.ai.formrecognizer\4.1.0\lib\netstandard2.0\Azure.AI.FormRecognizer.dll /reference:C:\Users\ubf0238\.nuget\packages\azure.core\1.50.0\lib\net8.0\Azure.Core.dll /reference:C:\Users\ubf0238\.nuget\packages\azure.identity\1.17.1\lib\net8.0\Azure.Identity.dll /reference:C:\Users\ubf0238\.nuget\packages\azure.security.keyvault.secrets\4.8.0\lib\net8.0\Azure.Security.KeyVault.Secrets.dll /reference:C:\Users\ubf0238\.nuget\packages\azure.storage.blobs\12.27.0\lib\net8.0\Azure.Storage.Blobs.dll /reference:C:\Users\ubf0238\.nuget\packages\azure.storage.common\12.26.0\lib\net8.0\Azure.Storage.Common.dll /reference:C:\Users\ubf0238\.nuget\packages\castle.core\5.2.1\lib\net6.0\Castle.Core.dll /reference:C:\temp\MVP\documento-ia-clasificacion-mvp\src\backend\DocumentIA.Core\obj\Debug\net8.0\ref\DocumentIA.Core.dll /reference:C:\temp\MVP\documento-ia-clasificacion-mvp\src\backend\DocumentIA.Data\obj\Debug\net8.0\ref\DocumentIA.Data.dll /reference:C:\temp\MVP\documento-ia-clasificacion-mvp\src\backend\DocumentIA.Plugins\obj\Debug\net8.0\ref\DocumentIA.Plugins.dll /reference:C:\Users\ubf0238\.nuget\packages\microsoft.azure.durabletask.core\3.7.0\lib\netstandard2.0\DurableTask.Core.dll /reference:C:\Users\ubf0238\.nuget\packages\fluentvalidation\12.1.1\lib\net8.0\FluentValidation.dll /reference:C:\Users\ubf0238\.nuget\packages\google.protobuf\3.33.2\lib\net5.0\Google.Protobuf.dll /reference:C:\Users\ubf0238\.nuget\packages\grpc.core.api\2.71.0\lib\netstandard2.1\Grpc.Core.Api.dll /reference:C:\Users\ubf0238\.nuget\packages\grpc.net.client\2.71.0\lib\net8.0\Grpc.Net.Client.dll /reference:C:\Users\ubf0238\.nuget\packages\grpc.net.clientfactory\2.65.0\lib\net8.0\Grpc.Net.ClientFactory.dll /reference:C:\Users\ubf0238\.nuget\packages\grpc.net.common\2.71.0\lib\net8.0\Grpc.Net.Common.dll /reference:C:\Users\ubf0238\.nuget\packages\microsoft.applicationinsights.dependencycollector\2.23.0\lib\netstandard2.0\Microsoft.AI.DependencyCollector.dll /reference:C:\Users\ubf0238\.nuget\packages\microsoft.applicationinsights.eventcountercollector\2.23.0\lib\netstandard2.0\Microsoft.AI.EventCounterCollector.dll /reference:C:\Users\ubf0238\.nuget\packages\microsoft.applicationinsights.perfcountercollector\2.23.0\lib\netstandard2.0\Microsoft.AI.PerfCounterCollector.dll /reference:C:\Users\ubf0238\.nuget\packages\microsoft.applicationinsights.windowsserver.telemetrychannel\2.23.0\lib\netstandard2.0\Microsoft.AI.ServerTelemetryChannel.dll /reference:C:\Users\ubf0238\.nuget\packages\microsoft.applicationinsights.windowsserver\2.23.0\lib\netstandard2.0\Microsoft.AI.WindowsServer.dll /reference:C:\Users\ubf0238\.nuget\packages\microsoft.applicationinsights\2.23.0\lib\netstandard2.0\Microsoft.ApplicationInsights.dll /reference:C:\Users\ubf0238\.nuget\packages\microsoft.applicationinsights.workerservice\2.23.0\lib\netstandard2.0\Microsoft.ApplicationInsights.WorkerService.dll /reference:"C:\Program Files\dotnet\packs\Microsoft.AspNetCore.App.Ref\8.0.23\ref\net8.0\Microsoft.AspNetCore.Antiforgery.dll" /reference:"C:\Program Files\dotnet\packs\Microsoft.AspNetCore.App.Ref\8.0.23\ref\net8.0\Microsoft.AspNetCore.Authentication.Abstractions.dll" /reference:"C:\Program Files\dotnet\packs\Microsoft.AspNetCore.App.Ref\8.0.23\ref\net8.0\Microsoft.AspNetCore.Authentication.BearerToken.dll" /reference:"C:\Program Files\dotnet\packs\Microsoft.AspNetCore.App.Ref\8.0.23\ref\net8.0\Microsoft.AspNetCore.Authentication.Cookies.dll" /reference:"C:\Program Files\dotnet\packs\Microsoft.AspNetCore.App.Ref\8.0.23\ref\net8.0\Microsoft.AspNetCore.Authentication.Core.dll" /reference:"C:\Program Files\dotnet\packs\Microsoft.AspNetCore.App.Ref\8.0.23\ref\net8.0\Microsoft.AspNetCore.Authentication.dll" /reference:"C:\Program Files\dotnet\packs\Microsoft.AspNetCore.App.Ref\8.0.23\ref\net8.0\Microsoft.AspNetCore.Authentication.OAuth.dll" /reference:"C:\Program Files\dotnet\packs\Microsoft.AspNetCore.App.Ref\8.0.23\ref\net8.0\Microsoft.AspNetCore.Authorization.dll" /reference:"C:\Program Files\dotnet\packs\Microsoft.AspNetCore.App.Ref\8.0.23\ref\net8.0\Microsoft.AspNetCore.Authorization.Policy.dll" /reference:"C:\Program Files\dotnet\packs\Microsoft.AspNetCore.App.Ref\8.0.23\ref\net8.0\Microsoft.AspNetCore.Components.Authorization.dll" /reference:"C:\Program Files\dotnet\packs\Microsoft.AspNetCore.App.Ref\8.0.23\ref\net8.0\Microsoft.AspNetCore.Components.dll" /reference:"C:\Program Files\dotnet\packs\Microsoft.AspNetCore.App.Ref\8.0.23\ref\net8.0\Microsoft.AspNetCore.Components.Endpoints.dll" /reference:"C:\Program Files\dotnet\packs\Microsoft.AspNetCore.App.Ref\8.0.23\ref\net8.0\Microsoft.AspNetCore.Components.Forms.dll" /reference:"C:\Program Files\dotnet\packs\Microsoft.AspNetCore.App.Ref\8.0.23\ref\net8.0\Microsoft.AspNetCore.Components.Server.dll" /reference:"C:\Program Files\dotnet\packs\Microsoft.AspNetCore.App.Ref\8.0.23\ref\net8.0\Microsoft.AspNetCore.Components.Web.dll" /reference:"C:\Program Files\dotnet\packs\Microsoft.AspNetCore.App.Ref\8.0.23\ref\net8.0\Microsoft.AspNetCore.Connections.Abstractions.dll" /reference:"C:\Program Files\dotnet\packs\Microsoft.AspNetCore.App.Ref\8.0.23\ref\net8.0\Microsoft.AspNetCore.CookiePolicy.dll" /reference:"C:\Program Files\dotnet\packs\Microsoft.AspNetCore.App.Ref\8.0.23\ref\net8.0\Microsoft.AspNetCore.Cors.dll" /reference:"C:\Program Files\dotnet\packs\Microsoft.AspNetCore.App.Ref\8.0.23\ref\net8.0\Microsoft.AspNetCore.Cryptography.Internal.dll" /reference:"C:\Program Files\dotnet\packs\Microsoft.AspNetCore.App.Ref\8.0.23\ref\net8.0\Microsoft.AspNetCore.Cryptography.KeyDerivation.dll" /reference:"C:\Program Files\dotnet\packs\Microsoft.AspNetCore.App.Ref\8.0.23\ref\net8.0\Microsoft.AspNetCore.DataProtection.Abstractions.dll" /reference:"C:\Program Files\dotnet\packs\Microsoft.AspNetCore.App.Ref\8.0.23\ref\net8.0\Microsoft.AspNetCore.DataProtection.dll" /reference:"C:\Program Files\dotnet\packs\Microsoft.AspNetCore.App.Ref\8.0.23\ref\net8.0\Microsoft.AspNetCore.DataProtection.Extensions.dll" /reference:"C:\Program Files\dotnet\packs\Microsoft.AspNetCore.App.Ref\8.0.23\ref\net8.0\Microsoft.AspNetCore.Diagnostics.Abstractions.dll" /reference:"C:\Program Files\dotnet\packs\Microsoft.AspNetCore.App.Ref\8.0.23\ref\net8.0\Microsoft.AspNetCore.Diagnostics.dll" /reference:"C:\Program Files\dotnet\packs\Microsoft.AspNetCore.App.Ref\8.0.23\ref\net8.0\Microsoft.AspNetCore.Diagnostics.HealthChecks.dll" /reference:"C:\Program Files\dotnet\packs\Microsoft.AspNetCore.App.Ref\8.0.23\ref\net8.0\Microsoft.AspNetCore.dll" /reference:"C:\Program Files\dotnet\packs\Microsoft.AspNetCore.App.Ref\8.0.23\ref\net8.0\Microsoft.AspNetCore.HostFiltering.dll" /reference:"C:\Program Files\dotnet\packs\Microsoft.AspNetCore.App.Ref\8.0.23\ref\net8.0\Microsoft.AspNetCore.Hosting.Abstractions.dll" /reference:"C:\Program Files\dotnet\packs\Microsoft.AspNetCore.App.Ref\8.0.23\ref\net8.0\Microsoft.AspNetCore.Hosting.dll" /reference:"C:\Program Files\dotnet\packs\Microsoft.AspNetCore.App.Ref\8.0.23\ref\net8.0\Microsoft.AspNetCore.Hosting.Server.Abstractions.dll" /reference:"C:\Program Files\dotnet\packs\Microsoft.AspNetCore.App.Ref\8.0.23\ref\net8.0\Microsoft.AspNetCore.Html.Abstractions.dll" /reference:"C:\Program Files\dotnet\packs\Microsoft.AspNetCore.App.Ref\8.0.23\ref\net8.0\Microsoft.AspNetCore.Http.Abstractions.dll" /reference:"C:\Program Files\dotnet\packs\Microsoft.AspNetCore.App.Ref\8.0.23\ref\net8.0\Microsoft.AspNetCore.Http.Connections.Common.dll" /reference:"C:\Program Files\dotnet\packs\Microsoft.AspNetCore.App.Ref\8.0.23\ref\net8.0\Microsoft.AspNetCore.Http.Connections.dll" /reference:"C:\Program Files\dotnet\packs\Microsoft.AspNetCore.App.Ref\8.0.23\ref\net8.0\Microsoft.AspNetCore.Http.dll" /reference:"C:\Program Files\dotnet\packs\Microsoft.AspNetCore.App.Ref\8.0.23\ref\net8.0\Microsoft.AspNetCore.Http.Extensions.dll" /reference:"C:\Program Files\dotnet\packs\Microsoft.AspNetCore.App.Ref\8.0.23\ref\net8.0\Microsoft.AspNetCore.Http.Features.dll" /reference:"C:\Program Files\dotnet\packs\Microsoft.AspNetCore.App.Ref\8.0.23\ref\net8.0\Microsoft.AspNetCore.Http.Results.dll" /reference:"C:\Program Files\dotnet\packs\Microsoft.AspNetCore.App.Ref\8.0.23\ref\net8.0\Microsoft.AspNetCore.HttpLogging.dll" /reference:"C:\Program Files\dotnet\packs\Microsoft.AspNetCore.App.Ref\8.0.23\ref\net8.0\Microsoft.AspNetCore.HttpOverrides.dll" /reference:"C:\Program Files\dotnet\packs\Microsoft.AspNetCore.App.Ref\8.0.23\ref\net8.0\Microsoft.AspNetCore.HttpsPolicy.dll" /reference:"C:\Program Files\dotnet\packs\Microsoft.AspNetCore.App.Ref\8.0.23\ref\net8.0\Microsoft.AspNetCore.Identity.dll" /reference:"C:\Program Files\dotnet\packs\Microsoft.AspNetCore.App.Ref\8.0.23\ref\net8.0\Microsoft.AspNetCore.Localization.dll" /reference:"C:\Program Files\dotnet\packs\Microsoft.AspNetCore.App.Ref\8.0.23\ref\net8.0\Microsoft.AspNetCore.Localization.Routing.dll" /reference:"C:\Program Files\dotnet\packs\Microsoft.AspNetCore.App.Ref\8.0.23\ref\net8.0\Microsoft.AspNetCore.Metadata.dll" /reference:"C:\Program Files\dotnet\packs\Microsoft.AspNetCore.App.Ref\8.0.23\ref\net8.0\Microsoft.AspNetCore.Mvc.Abstractions.dll" /reference:"C:\Program Files\dotnet\packs\Microsoft.AspNetCore.App.Ref\8.0.23\ref\net8.0\Microsoft.AspNetCore.Mvc.ApiExplorer.dll" /reference:"C:\Program Files\dotnet\packs\Microsoft.AspNetCore.App.Ref\8.0.23\ref\net8.0\Microsoft.AspNetCore.Mvc.Core.dll" /reference:"C:\Program Files\dotnet\packs\Microsoft.AspNetCore.App.Ref\8.0.23\ref\net8.0\Microsoft.AspNetCore.Mvc.Cors.dll" /reference:"C:\Program Files\dotnet\packs\Microsoft.AspNetCore.App.Ref\8.0.23\ref\net8.0\Microsoft.AspNetCore.Mvc.DataAnnotations.dll" /reference:"C:\Program Files\dotnet\packs\Microsoft.AspNetCore.App.Ref\8.0.23\ref\net8.0\Microsoft.AspNetCore.Mvc.dll" /reference:"C:\Program Files\dotnet\packs\Microsoft.AspNetCore.App.Ref\8.0.23\ref\net8.0\Microsoft.AspNetCore.Mvc.Formatters.Json.dll" /reference:"C:\Program Files\dotnet\packs\Microsoft.AspNetCore.App.Ref\8.0.23\ref\net8.0\Microsoft.AspNetCore.Mvc.Formatters.Xml.dll" /reference:"C:\Program Files\dotnet\packs\Microsoft.AspNetCore.App.Ref\8.0.23\ref\net8.0\Microsoft.AspNetCore.Mvc.Localization.dll" /reference:"C:\Program Files\dotnet\packs\Microsoft.AspNetCore.App.Ref\8.0.23\ref\net8.0\Microsoft.AspNetCore.Mvc.Razor.dll" /reference:"C:\Program Files\dotnet\packs\Microsoft.AspNetCore.App.Ref\8.0.23\ref\net8.0\Microsoft.AspNetCore.Mvc.RazorPages.dll" /reference:"C:\Program Files\dotnet\packs\Microsoft.AspNetCore.App.Ref\8.0.23\ref\net8.0\Microsoft.AspNetCore.Mvc.TagHelpers.dll" /reference:"C:\Program Files\dotnet\packs\Microsoft.AspNetCore.App.Ref\8.0.23\ref\net8.0\Microsoft.AspNetCore.Mvc.ViewFeatures.dll" /reference:"C:\Program Files\dotnet\packs\Microsoft.AspNetCore.App.Ref\8.0.23\ref\net8.0\Microsoft.AspNetCore.OutputCaching.dll" /reference:"C:\Program Files\dotnet\packs\Microsoft.AspNetCore.App.Ref\8.0.23\ref\net8.0\Microsoft.AspNetCore.RateLimiting.dll" /reference:"C:\Program Files\dotnet\packs\Microsoft.AspNetCore.App.Ref\8.0.23\ref\net8.0\Microsoft.AspNetCore.Razor.dll" /reference:"C:\Program Files\dotnet\packs\Microsoft.AspNetCore.App.Ref\8.0.23\ref\net8.0\Microsoft.AspNetCore.Razor.Runtime.dll" /reference:"C:\Program Files\dotnet\packs\Microsoft.AspNetCore.App.Ref\8.0.23\ref\net8.0\Microsoft.AspNetCore.RequestDecompression.dll" /reference:"C:\Program Files\dotnet\packs\Microsoft.AspNetCore.App.Ref\8.0.23\ref\net8.0\Microsoft.AspNetCore.ResponseCaching.Abstractions.dll" /reference:"C:\Program Files\dotnet\packs\Microsoft.AspNetCore.App.Ref\8.0.23\ref\net8.0\Microsoft.AspNetCore.ResponseCaching.dll" /reference:"C:\Program Files\dotnet\packs\Microsoft.AspNetCore.App.Ref\8.0.23\ref\net8.0\Microsoft.AspNetCore.ResponseCompression.dll" /reference:"C:\Program Files\dotnet\packs\Microsoft.AspNetCore.App.Ref\8.0.23\ref\net8.0\Microsoft.AspNetCore.Rewrite.dll" /reference:"C:\Program Files\dotnet\packs\Microsoft.AspNetCore.App.Ref\8.0.23\ref\net8.0\Microsoft.AspNetCore.Routing.Abstractions.dll" /reference:"C:\Program Files\dotnet\packs\Microsoft.AspNetCore.App.Ref\8.0.23\ref\net8.0\Microsoft.AspNetCore.Routing.dll" /reference:"C:\Program Files\dotnet\packs\Microsoft.AspNetCore.App.Ref\8.0.23\ref\net8.0\Microsoft.AspNetCore.Server.HttpSys.dll" /reference:"C:\Program Files\dotnet\packs\Microsoft.AspNetCore.App.Ref\8.0.23\ref\net8.0\Microsoft.AspNetCore.Server.IIS.dll" /reference:"C:\Program Files\dotnet\packs\Microsoft.AspNetCore.App.Ref\8.0.23\ref\net8.0\Microsoft.AspNetCore.Server.IISIntegration.dll" /reference:"C:\Program Files\dotnet\packs\Microsoft.AspNetCore.App.Ref\8.0.23\ref\net8.0\Microsoft.AspNetCore.Server.Kestrel.Core.dll" /reference:"C:\Program Files\dotnet\packs\Microsoft.AspNetCore.App.Ref\8.0.23\ref\net8.0\Microsoft.AspNetCore.Server.Kestrel.dll" /reference:"C:\Program Files\dotnet\packs\Microsoft.AspNetCore.App.Ref\8.0.23\ref\net8.0\Microsoft.AspNetCore.Server.Kestrel.Transport.NamedPipes.dll" /reference:"C:\Program Files\dotnet\packs\Microsoft.AspNetCore.App.Ref\8.0.23\ref\net8.0\Microsoft.AspNetCore.Server.Kestrel.Transport.Quic.dll" /reference:"C:\Program Files\dotnet\packs\Microsoft.AspNetCore.App.Ref\8.0.23\ref\net8.0\Microsoft.AspNetCore.Server.Kestrel.Transport.Sockets.dll" /reference:"C:\Program Files\dotnet\packs\Microsoft.AspNetCore.App.Ref\8.0.23\ref\net8.0\Microsoft.AspNetCore.Session.dll" /reference:"C:\Program Files\dotnet\packs\Microsoft.AspNetCore.App.Ref\8.0.23\ref\net8.0\Microsoft.AspNetCore.SignalR.Common.dll" /reference:"C:\Program Files\dotnet\packs\Microsoft.AspNetCore.App.Ref\8.0.23\ref\net8.0\Microsoft.AspNetCore.SignalR.Core.dll" /reference:"C:\Program Files\dotnet\packs\Microsoft.AspNetCore.App.Ref\8.0.23\ref\net8.0\Microsoft.AspNetCore.SignalR.dll" /reference:"C:\Program Files\dotnet\packs\Microsoft.AspNetCore.App.Ref\8.0.23\ref\net8.0\Microsoft.AspNetCore.SignalR.Protocols.Json.dll" /reference:"C:\Program Files\dotnet\packs\Microsoft.AspNetCore.App.Ref\8.0.23\ref\net8.0\Microsoft.AspNetCore.StaticFiles.dll" /reference:"C:\Program Files\dotnet\packs\Microsoft.AspNetCore.App.Ref\8.0.23\ref\net8.0\Microsoft.AspNetCore.WebSockets.dll" /reference:"C:\Program Files\dotnet\packs\Microsoft.AspNetCore.App.Ref\8.0.23\ref\net8.0\Microsoft.AspNetCore.WebUtilities.dll" /reference:C:\Users\ubf0238\.nuget\packages\microsoft.azure.functions.worker.applicationinsights\2.0.0\lib\netstandard2.0\Microsoft.Azure.Functions.Worker.ApplicationInsights.dll /reference:C:\Users\ubf0238\.nuget\packages\microsoft.azure.functions.worker.core\2.51.0\lib\net8.0\Microsoft.Azure.Functions.Worker.Core.dll /reference:C:\Users\ubf0238\.nuget\packages\microsoft.azure.functions.worker\2.51.0\lib\net8.0\Microsoft.Azure.Functions.Worker.dll /reference:C:\Users\ubf0238\.nuget\packages\microsoft.azure.functions.worker.extensions.abstractions\1.3.0\lib\netstandard2.0\Microsoft.Azure.Functions.Worker.Extensions.Abstractions.dll /reference:C:\Users\ubf0238\.nuget\packages\microsoft.azure.functions.worker.extensions.durabletask\1.14.0\lib\net8.0\Microsoft.Azure.Functions.Worker.Extensions.DurableTask.dll /reference:C:\Users\ubf0238\.nuget\packages\microsoft.azure.functions.worker.extensions.http.aspnetcore\2.0.2\lib\net8.0\Microsoft.Azure.Functions.Worker.Extensions.Http.AspNetCore.dll /reference:C:\Users\ubf0238\.nuget\packages\microsoft.azure.functions.worker.extensions.http\3.3.0\lib\netstandard2.0\Microsoft.Azure.Functions.Worker.Extensions.Http.dll /reference:C:\Users\ubf0238\.nuget\packages\microsoft.azure.functions.worker.grpc\2.51.0\lib\net8.0\Microsoft.Azure.Functions.Worker.Grpc.dll /reference:C:\Users\ubf0238\.nuget\packages\microsoft.bcl.asyncinterfaces\10.0.1\lib\netstandard2.1\Microsoft.Bcl.AsyncInterfaces.dll /reference:"C:\Program Files\dotnet\packs\Microsoft.NETCore.App.Ref\8.0.23\ref\net8.0\Microsoft.CSharp.dll" /reference:C:\Users\ubf0238\.nuget\packages\microsoft.data.sqlclient\5.1.1\ref\net6.0\Microsoft.Data.SqlClient.dll /reference:C:\Users\ubf0238\.nuget\packages\microsoft.durabletask.abstractions\1.19.1\lib\netstandard2.0\Microsoft.DurableTask.Abstractions.dll /reference:C:\Users\ubf0238\.nuget\packages\microsoft.durabletask.client\1.19.1\lib\netstandard2.0\Microsoft.DurableTask.Client.dll /reference:C:\Users\ubf0238\.nuget\packages\microsoft.durabletask.client.grpc\1.19.1\lib\net8.0\Microsoft.DurableTask.Client.Grpc.dll /reference:C:\Users\ubf0238\.nuget\packages\microsoft.durabletask.grpc\1.19.1\lib\net8.0\Microsoft.DurableTask.Grpc.dll /reference:C:\Users\ubf0238\.nuget\packages\microsoft.durabletask.worker\1.19.1\lib\netstandard2.0\Microsoft.DurableTask.Worker.dll /reference:C:\Users\ubf0238\.nuget\packages\microsoft.durabletask.worker.grpc\1.19.1\lib\net8.0\Microsoft.DurableTask.Worker.Grpc.dll /reference:C:\Users\ubf0238\.nuget\packages\microsoft.entityframeworkcore.abstractions\8.0.1\lib\net8.0\Microsoft.EntityFrameworkCore.Abstractions.dll /reference:C:\Users\ubf0238\.nuget\packages\microsoft.entityframeworkcore\8.0.1\lib\net8.0\Microsoft.EntityFrameworkCore.dll /reference:C:\Users\ubf0238\.nuget\packages\microsoft.entityframeworkcore.relational\8.0.1\lib\net8.0\Microsoft.EntityFrameworkCore.Relational.dll /reference:C:\Users\ubf0238\.nuget\packages\microsoft.entityframeworkcore.sqlserver\8.0.1\lib\net8.0\Microsoft.EntityFrameworkCore.SqlServer.dll /reference:C:\Users\ubf0238\.nuget\packages\microsoft.extensions.caching.abstractions\10.0.0\lib\net8.0\Microsoft.Extensions.Caching.Abstractions.dll /reference:C:\Users\ubf0238\.nuget\packages\microsoft.extensions.caching.memory\10.0.0\lib\net8.0\Microsoft.Extensions.Caching.Memory.dll /reference:C:\Users\ubf0238\.nuget\packages\microsoft.extensions.configuration.abstractions\10.0.0\lib\net8.0\Microsoft.Extensions.Configuration.Abstractions.dll /reference:C:\Users\ubf0238\.nuget\packages\microsoft.extensions.configuration.binder\10.0.0\lib\net8.0\Microsoft.Extensions.Configuration.Binder.dll /reference:C:\Users\ubf0238\.nuget\packages\microsoft.extensions.configuration.commandline\10.0.0\lib\net8.0\Microsoft.Extensions.Configuration.CommandLine.dll /reference:C:\Users\ubf0238\.nuget\packages\microsoft.extensions.configuration\10.0.0\lib\net8.0\Microsoft.Extensions.Configuration.dll /reference:C:\Users\ubf0238\.nuget\packages\microsoft.extensions.configuration.environmentvariables\10.0.0\lib\net8.0\Microsoft.Extensions.Configuration.EnvironmentVariables.dll /reference:C:\Users\ubf0238\.nuget\packages\microsoft.extensions.configuration.fileextensions\10.0.0\lib\net8.0\Microsoft.Extensions.Configuration.FileExtensions.dll /reference:"C:\Program Files\dotnet\packs\Microsoft.AspNetCore.App.Ref\8.0.23\ref\net8.0\Microsoft.Extensions.Configuration.Ini.dll" /reference:C:\Users\ubf0238\.nuget\packages\microsoft.extensions.configuration.json\10.0.0\lib\net8.0\Microsoft.Extensions.Configuration.Json.dll /reference:"C:\Program Files\dotnet\packs\Microsoft.AspNetCore.App.Ref\8.0.23\ref\net8.0\Microsoft.Extensions.Configuration.KeyPerFile.dll" /reference:C:\Users\ubf0238\.nuget\packages\microsoft.extensions.configuration.usersecrets\10.0.0\lib\net8.0\Microsoft.Extensions.Configuration.UserSecrets.dll /reference:"C:\Program Files\dotnet\packs\Microsoft.AspNetCore.App.Ref\8.0.23\ref\net8.0\Microsoft.Extensions.Configuration.Xml.dll" /reference:C:\Users\ubf0238\.nuget\packages\microsoft.extensions.dependencyinjection.abstractions\10.0.1\lib\net8.0\Microsoft.Extensions.DependencyInjection.Abstractions.dll /reference:C:\Users\ubf0238\.nuget\packages\microsoft.extensions.dependencyinjection\10.0.0\lib\net8.0\Microsoft.Extensions.DependencyInjection.dll /reference:C:\Users\ubf0238\.nuget\packages\microsoft.extensions.diagnostics.abstractions\10.0.0\lib\net8.0\Microsoft.Extensions.Diagnostics.Abstractions.dll /reference:C:\Users\ubf0238\.nuget\packages\microsoft.extensions.diagnostics\10.0.0\lib\net8.0\Microsoft.Extensions.Diagnostics.dll /reference:"C:\Program Files\dotnet\packs\Microsoft.AspNetCore.App.Ref\8.0.23\ref\net8.0\Microsoft.Extensions.Diagnostics.HealthChecks.Abstractions.dll" /reference:"C:\Program Files\dotnet\packs\Microsoft.AspNetCore.App.Ref\8.0.23\ref\net8.0\Microsoft.Extensions.Diagnostics.HealthChecks.dll" /reference:"C:\Program Files\dotnet\packs\Microsoft.AspNetCore.App.Ref\8.0.23\ref\net8.0\Microsoft.Extensions.Features.dll" /reference:C:\Users\ubf0238\.nuget\packages\microsoft.extensions.fileproviders.abstractions\10.0.0\lib\net8.0\Microsoft.Extensions.FileProviders.Abstractions.dll /reference:"C:\Program Files\dotnet\packs\Microsoft.AspNetCore.App.Ref\8.0.23\ref\net8.0\Microsoft.Extensions.FileProviders.Composite.dll" /reference:"C:\Program Files\dotnet\packs\Microsoft.AspNetCore.App.Ref\8.0.23\ref\net8.0\Microsoft.Extensions.FileProviders.Embedded.dll" /reference:C:\Users\ubf0238\.nuget\packages\microsoft.extensions.fileproviders.physical\10.0.0\lib\net8.0\Microsoft.Extensions.FileProviders.Physical.dll /reference:C:\Users\ubf0238\.nuget\packages\microsoft.extensions.filesystemglobbing\10.0.0\lib\net8.0\Microsoft.Extensions.FileSystemGlobbing.dll /reference:C:\Users\ubf0238\.nuget\packages\microsoft.extensions.hosting.abstractions\10.0.0\lib\net8.0\Microsoft.Extensions.Hosting.Abstractions.dll /reference:C:\Users\ubf0238\.nuget\packages\microsoft.extensions.hosting\10.0.0\lib\net8.0\Microsoft.Extensions.Hosting.dll /reference:"C:\Program Files\dotnet\packs\Microsoft.AspNetCore.App.Ref\8.0.23\ref\net8.0\Microsoft.Extensions.Http.dll" /reference:"C:\Program Files\dotnet\packs\Microsoft.AspNetCore.App.Ref\8.0.23\ref\net8.0\Microsoft.Extensions.Identity.Core.dll" /reference:"C:\Program Files\dotnet\packs\Microsoft.AspNetCore.App.Ref\8.0.23\ref\net8.0\Microsoft.Extensions.Identity.Stores.dll" /reference:"C:\Program Files\dotnet\packs\Microsoft.AspNetCore.App.Ref\8.0.23\ref\net8.0\Microsoft.Extensions.Localization.Abstractions.dll" /reference:"C:\Program Files\dotnet\packs\Microsoft.AspNetCore.App.Ref\8.0.23\ref\net8.0\Microsoft.Extensions.Localization.dll" /reference:C:\Users\ubf0238\.nuget\packages\microsoft.extensions.logging.abstractions\10.0.0\lib\net8.0\Microsoft.Extensions.Logging.Abstractions.dll /reference:C:\Users\ubf0238\.nuget\packages\microsoft.extensions.logging.applicationinsights\2.23.0\lib\netstandard2.0\Microsoft.Extensions.Logging.ApplicationInsights.dll /reference:C:\Users\ubf0238\.nuget\packages\microsoft.extensions.logging.configuration\10.0.0\lib\net8.0\Microsoft.Extensions.Logging.Configuration.dll /reference:C:\Users\ubf0238\.nuget\packages\microsoft.extensions.logging.console\10.0.0\lib\net8.0\Microsoft.Extensions.Logging.Console.dll /reference:C:\Users\ubf0238\.nuget\packages\microsoft.extensions.logging.debug\10.0.0\lib\net8.0\Microsoft.Extensions.Logging.Debug.dll /reference:C:\Users\ubf0238\.nuget\packages\microsoft.extensions.logging\10.0.0\lib\net8.0\Microsoft.Extensions.Logging.dll /reference:C:\Users\ubf0238\.nuget\packages\microsoft.extensions.logging.eventlog\10.0.0\lib\net8.0\Microsoft.Extensions.Logging.EventLog.dll /reference:C:\Users\ubf0238\.nuget\packages\microsoft.extensions.logging.eventsource\10.0.0\lib\net8.0\Microsoft.Extensions.Logging.EventSource.dll /reference:"C:\Program Files\dotnet\packs\Microsoft.AspNetCore.App.Ref\8.0.23\ref\net8.0\Microsoft.Extensions.Logging.TraceSource.dll" /reference:"C:\Program Files\dotnet\packs\Microsoft.AspNetCore.App.Ref\8.0.23\ref\net8.0\Microsoft.Extensions.ObjectPool.dll" /reference:C:\Users\ubf0238\.nuget\packages\microsoft.extensions.options.configurationextensions\10.0.0\lib\net8.0\Microsoft.Extensions.Options.ConfigurationExtensions.dll /reference:"C:\Program Files\dotnet\packs\Microsoft.AspNetCore.App.Ref\8.0.23\ref\net8.0\Microsoft.Extensions.Options.DataAnnotations.dll" /reference:C:\Users\ubf0238\.nuget\packages\microsoft.extensions.options\10.0.0\lib\net8.0\Microsoft.Extensions.Options.dll /reference:C:\Users\ubf0238\.nuget\packages\microsoft.extensions.primitives\10.0.0\lib\net8.0\Microsoft.Extensions.Primitives.dll /reference:"C:\Program Files\dotnet\packs\Microsoft.AspNetCore.App.Ref\8.0.23\ref\net8.0\Microsoft.Extensions.WebEncoders.dll" /reference:C:\Users\ubf0238\.nuget\packages\microsoft.identity.client\4.78.0\lib\net8.0\Microsoft.Identity.Client.dll /reference:C:\Users\ubf0238\.nuget\packages\microsoft.identity.client.extensions.msal\4.78.0\lib\net8.0\Microsoft.Identity.Client.Extensions.Msal.dll /reference:C:\Users\ubf0238\.nuget\packages\microsoft.identitymodel.abstractions\8.14.0\lib\net8.0\Microsoft.IdentityModel.Abstractions.dll /reference:C:\Users\ubf0238\.nuget\packages\microsoft.identitymodel.jsonwebtokens\6.24.0\lib\net6.0\Microsoft.IdentityModel.JsonWebTokens.dll /reference:C:\Users\ubf0238\.nuget\packages\microsoft.identitymodel.logging\6.24.0\lib\net6.0\Microsoft.IdentityModel.Logging.dll /reference:C:\Users\ubf0238\.nuget\packages\microsoft.identitymodel.protocols\6.24.0\lib\net6.0\Microsoft.IdentityModel.Protocols.dll /reference:C:\Users\ubf0238\.nuget\packages\microsoft.identitymodel.protocols.openidconnect\6.24.0\lib\net6.0\Microsoft.IdentityModel.Protocols.OpenIdConnect.dll /reference:C:\Users\ubf0238\.nuget\packages\microsoft.identitymodel.tokens\6.24.0\lib\net6.0\Microsoft.IdentityModel.Tokens.dll /reference:"C:\Program Files\dotnet\packs\Microsoft.AspNetCore.App.Ref\8.0.23\ref\net8.0\Microsoft.JSInterop.dll" /reference:"C:\Program Files\dotnet\packs\Microsoft.AspNetCore.App.Ref\8.0.23\ref\net8.0\Microsoft.Net.Http.Headers.dll" /reference:C:\Users\ubf0238\.nuget\packages\microsoft.sqlserver.server\1.0.0\lib\netstandard2.0\Microsoft.SqlServer.Server.dll /reference:"C:\Program Files\dotnet\packs\Microsoft.NETCore.App.Ref\8.0.23\ref\net8.0\Microsoft.VisualBasic.Core.dll" /reference:"C:\Program Files\dotnet\packs\Microsoft.NETCore.App.Ref\8.0.23\ref\net8.0\Microsoft.VisualBasic.dll" /reference:"C:\Program Files\dotnet\packs\Microsoft.NETCore.App.Ref\8.0.23\ref\net8.0\Microsoft.Win32.Primitives.dll" /reference:"C:\Program Files\dotnet\packs\Microsoft.NETCore.App.Ref\8.0.23\ref\net8.0\Microsoft.Win32.Registry.dll" /reference:C:\Users\ubf0238\.nuget\packages\microsoft.win32.systemevents\6.0.0\lib\net6.0\Microsoft.Win32.SystemEvents.dll /reference:"C:\Program Files\dotnet\packs\Microsoft.NETCore.App.Ref\8.0.23\ref\net8.0\mscorlib.dll" /reference:"C:\Program Files\dotnet\packs\Microsoft.NETCore.App.Ref\8.0.23\ref\net8.0\netstandard.dll" /reference:C:\Users\ubf0238\.nuget\packages\newtonsoft.json\13.0.1\lib\netstandard2.0\Newtonsoft.Json.dll /reference:"C:\Program Files\dotnet\packs\Microsoft.NETCore.App.Ref\8.0.23\ref\net8.0\System.AppContext.dll" /reference:"C:\Program Files\dotnet\packs\Microsoft.NETCore.App.Ref\8.0.23\ref\net8.0\System.Buffers.dll" /reference:C:\Users\ubf0238\.nuget\packages\system.clientmodel\1.8.0\lib\net8.0\System.ClientModel.dll /reference:"C:\Program Files\dotnet\packs\Microsoft.NETCore.App.Ref\8.0.23\ref\net8.0\System.Collections.Concurrent.dll" /reference:"C:\Program Files\dotnet\packs\Microsoft.NETCore.App.Ref\8.0.23\ref\net8.0\System.Collections.dll" /reference:"C:\Program Files\dotnet\packs\Microsoft.NETCore.App.Ref\8.0.23\ref\net8.0\System.Collections.Immutable.dll" /reference:"C:\Program Files\dotnet\packs\Microsoft.NETCore.App.Ref\8.0.23\ref\net8.0\System.Collections.NonGeneric.dll" /reference:"C:\Program Files\dotnet\packs\Microsoft.NETCore.App.Ref\8.0.23\ref\net8.0\System.Collections.Specialized.dll" /reference:"C:\Program Files\dotnet\packs\Microsoft.NETCore.App.Ref\8.0.23\ref\net8.0\System.ComponentModel.Annotations.dll" /reference:"C:\Program Files\dotnet\packs\Microsoft.NETCore.App.Ref\8.0.23\ref\net8.0\System.ComponentModel.DataAnnotations.dll" /reference:"C:\Program Files\dotnet\packs\Microsoft.NETCore.App.Ref\8.0.23\ref\net8.0\System.ComponentModel.dll" /reference:"C:\Program Files\dotnet\packs\Microsoft.NETCore.App.Ref\8.0.23\ref\net8.0\System.ComponentModel.EventBasedAsync.dll" /reference:"C:\Program Files\dotnet\packs\Microsoft.NETCore.App.Ref\8.0.23\ref\net8.0\System.ComponentModel.Primitives.dll" /reference:"C:\Program Files\dotnet\packs\Microsoft.NETCore.App.Ref\8.0.23\ref\net8.0\System.ComponentModel.TypeConverter.dll" /reference:C:\Users\ubf0238\.nuget\packages\system.configuration.configurationmanager\6.0.1\lib\net6.0\System.Configuration.ConfigurationManager.dll /reference:"C:\Program Files\dotnet\packs\Microsoft.NETCore.App.Ref\8.0.23\ref\net8.0\System.Configuration.dll" /reference:"C:\Program Files\dotnet\packs\Microsoft.NETCore.App.Ref\8.0.23\ref\net8.0\System.Console.dll" /reference:"C:\Program Files\dotnet\packs\Microsoft.NETCore.App.Ref\8.0.23\ref\net8.0\System.Core.dll" /reference:"C:\Program Files\dotnet\packs\Microsoft.NETCore.App.Ref\8.0.23\ref\net8.0\System.Data.Common.dll" /reference:"C:\Program Files\dotnet\packs\Microsoft.NETCore.App.Ref\8.0.23\ref\net8.0\System.Data.DataSetExtensions.dll" /reference:"C:\Program Files\dotnet\packs\Microsoft.NETCore.App.Ref\8.0.23\ref\net8.0\System.Data.dll" /reference:"C:\Program Files\dotnet\packs\Microsoft.NETCore.App.Ref\8.0.23\ref\net8.0\System.Diagnostics.Contracts.dll" /reference:"C:\Program Files\dotnet\packs\Microsoft.NETCore.App.Ref\8.0.23\ref\net8.0\System.Diagnostics.Debug.dll" /reference:C:\Users\ubf0238\.nuget\packages\system.diagnostics.diagnosticsource\10.0.0\lib\net8.0\System.Diagnostics.DiagnosticSource.dll /reference:C:\Users\ubf0238\.nuget\packages\system.diagnostics.eventlog\10.0.0\lib\net8.0\System.Diagnostics.EventLog.dll /reference:"C:\Program Files\dotnet\packs\Microsoft.NETCore.App.Ref\8.0.23\ref\net8.0\System.Diagnostics.FileVersionInfo.dll" /reference:C:\Users\ubf0238\.nuget\packages\system.diagnostics.performancecounter\6.0.0\lib\net6.0\System.Diagnostics.PerformanceCounter.dll /reference:"C:\Program Files\dotnet\packs\Microsoft.NETCore.App.Ref\8.0.23\ref\net8.0\System.Diagnostics.Process.dll" /reference:"C:\Program Files\dotnet\packs\Microsoft.NETCore.App.Ref\8.0.23\ref\net8.0\System.Diagnostics.StackTrace.dll" /reference:"C:\Program Files\dotnet\packs\Microsoft.NETCore.App.Ref\8.0.23\ref\net8.0\System.Diagnostics.TextWriterTraceListener.dll" /reference:"C:\Program Files\dotnet\packs\Microsoft.NETCore.App.Ref\8.0.23\ref\net8.0\System.Diagnostics.Tools.dll" /reference:"C:\Program Files\dotnet\packs\Microsoft.NETCore.App.Ref\8.0.23\ref\net8.0\System.Diagnostics.TraceSource.dll" /reference:"C:\Program Files\dotnet\packs\Microsoft.NETCore.App.Ref\8.0.23\ref\net8.0\System.Diagnostics.Tracing.dll" /reference:"C:\Program Files\dotnet\packs\Microsoft.NETCore.App.Ref\8.0.23\ref\net8.0\System.dll" /reference:C:\Users\ubf0238\.nuget\packages\system.drawing.common\6.0.0\lib\net6.0\System.Drawing.Common.dll /reference:"C:\Program Files\dotnet\packs\Microsoft.NETCore.App.Ref\8.0.23\ref\net8.0\System.Drawing.dll" /reference:"C:\Program Files\dotnet\packs\Microsoft.NETCore.App.Ref\8.0.23\ref\net8.0\System.Drawing.Primitives.dll" /reference:"C:\Program Files\dotnet\packs\Microsoft.NETCore.App.Ref\8.0.23\ref\net8.0\System.Dynamic.Runtime.dll" /reference:"C:\Program Files\dotnet\packs\Microsoft.NETCore.App.Ref\8.0.23\ref\net8.0\System.Formats.Asn1.dll" /reference:"C:\Program Files\dotnet\packs\Microsoft.NETCore.App.Ref\8.0.23\ref\net8.0\System.Formats.Tar.dll" /reference:"C:\Program Files\dotnet\packs\Microsoft.NETCore.App.Ref\8.0.23\ref\net8.0\System.Globalization.Calendars.dll" /reference:"C:\Program Files\dotnet\packs\Microsoft.NETCore.App.Ref\8.0.23\ref\net8.0\System.Globalization.dll" /reference:"C:\Program Files\dotnet\packs\Microsoft.NETCore.App.Ref\8.0.23\ref\net8.0\System.Globalization.Extensions.dll" /reference:C:\Users\ubf0238\.nuget\packages\system.identitymodel.tokens.jwt\6.24.0\lib\net6.0\System.IdentityModel.Tokens.Jwt.dll /reference:"C:\Program Files\dotnet\packs\Microsoft.NETCore.App.Ref\8.0.23\ref\net8.0\System.IO.Compression.Brotli.dll" /reference:"C:\Program Files\dotnet\packs\Microsoft.NETCore.App.Ref\8.0.23\ref\net8.0\System.IO.Compression.dll" /reference:"C:\Program Files\dotnet\packs\Microsoft.NETCore.App.Ref\8.0.23\ref\net8.0\System.IO.Compression.FileSystem.dll" /reference:"C:\Program Files\dotnet\packs\Microsoft.NETCore.App.Ref\8.0.23\ref\net8.0\System.IO.Compression.ZipFile.dll" /reference:"C:\Program Files\dotnet\packs\Microsoft.NETCore.App.Ref\8.0.23\ref\net8.0\System.IO.dll" /reference:"C:\Program Files\dotnet\packs\Microsoft.NETCore.App.Ref\8.0.23\ref\net8.0\System.IO.FileSystem.AccessControl.dll" /reference:"C:\Program Files\dotnet\packs\Microsoft.NETCore.App.Ref\8.0.23\ref\net8.0\System.IO.FileSystem.dll" /reference:"C:\Program Files\dotnet\packs\Microsoft.NETCore.App.Ref\8.0.23\ref\net8.0\System.IO.FileSystem.DriveInfo.dll" /reference:"C:\Program Files\dotnet\packs\Microsoft.NETCore.App.Ref\8.0.23\ref\net8.0\System.IO.FileSystem.Primitives.dll" /reference:"C:\Program Files\dotnet\packs\Microsoft.NETCore.App.Ref\8.0.23\ref\net8.0\System.IO.FileSystem.Watcher.dll" /reference:C:\Users\ubf0238\.nuget\packages\system.io.hashing\10.0.1\lib\net8.0\System.IO.Hashing.dll /reference:"C:\Program Files\dotnet\packs\Microsoft.NETCore.App.Ref\8.0.23\ref\net8.0\System.IO.IsolatedStorage.dll" /reference:"C:\Program Files\dotnet\packs\Microsoft.NETCore.App.Ref\8.0.23\ref\net8.0\System.IO.MemoryMappedFiles.dll" /reference:C:\Users\ubf0238\.nuget\packages\system.io.pipelines\10.0.2\lib\net8.0\System.IO.Pipelines.dll /reference:"C:\Program Files\dotnet\packs\Microsoft.NETCore.App.Ref\8.0.23\ref\net8.0\System.IO.Pipes.AccessControl.dll" /reference:"C:\Program Files\dotnet\packs\Microsoft.NETCore.App.Ref\8.0.23\ref\net8.0\System.IO.Pipes.dll" /reference:"C:\Program Files\dotnet\packs\Microsoft.NETCore.App.Ref\8.0.23\ref\net8.0\System.IO.UnmanagedMemoryStream.dll" /reference:"C:\Program Files\dotnet\packs\Microsoft.NETCore.App.Ref\8.0.23\ref\net8.0\System.Linq.dll" /reference:"C:\Program Files\dotnet\packs\Microsoft.NETCore.App.Ref\8.0.23\ref\net8.0\System.Linq.Expressions.dll" /reference:"C:\Program Files\dotnet\packs\Microsoft.NETCore.App.Ref\8.0.23\ref\net8.0\System.Linq.Parallel.dll" /reference:"C:\Program Files\dotnet\packs\Microsoft.NETCore.App.Ref\8.0.23\ref\net8.0\System.Linq.Queryable.dll" /reference:C:\Users\ubf0238\.nuget\packages\system.memory.data\8.0.1\lib\net8.0\System.Memory.Data.dll /reference:"C:\Program Files\dotnet\packs\Microsoft.NETCore.App.Ref\8.0.23\ref\net8.0\System.Memory.dll" /reference:"C:\Program Files\dotnet\packs\Microsoft.NETCore.App.Ref\8.0.23\ref\net8.0\System.Net.dll" /reference:"C:\Program Files\dotnet\packs\Microsoft.NETCore.App.Ref\8.0.23\ref\net8.0\System.Net.Http.dll" /reference:"C:\Program Files\dotnet\packs\Microsoft.NETCore.App.Ref\8.0.23\ref\net8.0\System.Net.Http.Json.dll" /reference:"C:\Program Files\dotnet\packs\Microsoft.NETCore.App.Ref\8.0.23\ref\net8.0\System.Net.HttpListener.dll" /reference:"C:\Program Files\dotnet\packs\Microsoft.NETCore.App.Ref\8.0.23\ref\net8.0\System.Net.Mail.dll" /reference:"C:\Program Files\dotnet\packs\Microsoft.NETCore.App.Ref\8.0.23\ref\net8.0\System.Net.NameResolution.dll" /reference:"C:\Program Files\dotnet\packs\Microsoft.NETCore.App.Ref\8.0.23\ref\net8.0\System.Net.NetworkInformation.dll" /reference:"C:\Program Files\dotnet\packs\Microsoft.NETCore.App.Ref\8.0.23\ref\net8.0\System.Net.Ping.dll" /reference:"C:\Program Files\dotnet\packs\Microsoft.NETCore.App.Ref\8.0.23\ref\net8.0\System.Net.Primitives.dll" /reference:"C:\Program Files\dotnet\packs\Microsoft.NETCore.App.Ref\8.0.23\ref\net8.0\System.Net.Quic.dll" /reference:"C:\Program Files\dotnet\packs\Microsoft.NETCore.App.Ref\8.0.23\ref\net8.0\System.Net.Requests.dll" /reference:"C:\Program Files\dotnet\packs\Microsoft.NETCore.App.Ref\8.0.23\ref\net8.0\System.Net.Security.dll" /reference:"C:\Program Files\dotnet\packs\Microsoft.NETCore.App.Ref\8.0.23\ref\net8.0\System.Net.ServicePoint.dll" /reference:"C:\Program Files\dotnet\packs\Microsoft.NETCore.App.Ref\8.0.23\ref\net8.0\System.Net.Sockets.dll" /reference:"C:\Program Files\dotnet\packs\Microsoft.NETCore.App.Ref\8.0.23\ref\net8.0\System.Net.WebClient.dll" /reference:"C:\Program Files\dotnet\packs\Microsoft.NETCore.App.Ref\8.0.23\ref\net8.0\System.Net.WebHeaderCollection.dll" /reference:"C:\Program Files\dotnet\packs\Microsoft.NETCore.App.Ref\8.0.23\ref\net8.0\System.Net.WebProxy.dll" /reference:"C:\Program Files\dotnet\packs\Microsoft.NETCore.App.Ref\8.0.23\ref\net8.0\System.Net.WebSockets.Client.dll" /reference:"C:\Program Files\dotnet\packs\Microsoft.NETCore.App.Ref\8.0.23\ref\net8.0\System.Net.WebSockets.dll" /reference:"C:\Program Files\dotnet\packs\Microsoft.NETCore.App.Ref\8.0.23\ref\net8.0\System.Numerics.dll" /reference:"C:\Program Files\dotnet\packs\Microsoft.NETCore.App.Ref\8.0.23\ref\net8.0\System.Numerics.Vectors.dll" /reference:"C:\Program Files\dotnet\packs\Microsoft.NETCore.App.Ref\8.0.23\ref\net8.0\System.ObjectModel.dll" /reference:C:\Users\ubf0238\.nuget\packages\system.reactive.core\4.4.1\lib\netstandard2.0\System.Reactive.Core.dll /reference:C:\Users\ubf0238\.nuget\packages\system.reactive\4.4.1\lib\netstandard2.0\System.Reactive.dll /reference:C:\Users\ubf0238\.nuget\packages\system.reactive.interfaces\4.4.1\lib\netstandard2.0\System.Reactive.Interfaces.dll /reference:C:\Users\ubf0238\.nuget\packages\system.reactive.linq\4.4.1\lib\netstandard2.0\System.Reactive.Linq.dll /reference:C:\Users\ubf0238\.nuget\packages\system.reactive.platformservices\4.4.1\lib\netstandard2.0\System.Reactive.PlatformServices.dll /reference:C:\Users\ubf0238\.nuget\packages\system.reactive.providers\4.4.1\lib\netstandard2.0\System.Reactive.Providers.dll /reference:"C:\Program Files\dotnet\packs\Microsoft.NETCore.App.Ref\8.0.23\ref\net8.0\System.Reflection.DispatchProxy.dll" /reference:"C:\Program Files\dotnet\packs\Microsoft.NETCore.App.Ref\8.0.23\ref\net8.0\System.Reflection.dll" /reference:"C:\Program Files\dotnet\packs\Microsoft.NETCore.App.Ref\8.0.23\ref\net8.0\System.Reflection.Emit.dll" /reference:"C:\Program Files\dotnet\packs\Microsoft.NETCore.App.Ref\8.0.23\ref\net8.0\System.Reflection.Emit.ILGeneration.dll" /reference:"C:\Program Files\dotnet\packs\Microsoft.NETCore.App.Ref\8.0.23\ref\net8.0\System.Reflection.Emit.Lightweight.dll" /reference:"C:\Program Files\dotnet\packs\Microsoft.NETCore.App.Ref\8.0.23\ref\net8.0\System.Reflection.Extensions.dll" /reference:"C:\Program Files\dotnet\packs\Microsoft.NETCore.App.Ref\8.0.23\ref\net8.0\System.Reflection.Metadata.dll" /reference:"C:\Program Files\dotnet\packs\Microsoft.NETCore.App.Ref\8.0.23\ref\net8.0\System.Reflection.Primitives.dll" /reference:"C:\Program Files\dotnet\packs\Microsoft.NETCore.App.Ref\8.0.23\ref\net8.0\System.Reflection.TypeExtensions.dll" /reference:"C:\Program Files\dotnet\packs\Microsoft.NETCore.App.Ref\8.0.23\ref\net8.0\System.Resources.Reader.dll" /reference:"C:\Program Files\dotnet\packs\Microsoft.NETCore.App.Ref\8.0.23\ref\net8.0\System.Resources.ResourceManager.dll" /reference:"C:\Program Files\dotnet\packs\Microsoft.NETCore.App.Ref\8.0.23\ref\net8.0\System.Resources.Writer.dll" /reference:"C:\Program Files\dotnet\packs\Microsoft.NETCore.App.Ref\8.0.23\ref\net8.0\System.Runtime.CompilerServices.Unsafe.dll" /reference:"C:\Program Files\dotnet\packs\Microsoft.NETCore.App.Ref\8.0.23\ref\net8.0\System.Runtime.CompilerServices.VisualC.dll" /reference:"C:\Program Files\dotnet\packs\Microsoft.NETCore.App.Ref\8.0.23\ref\net8.0\System.Runtime.dll" /reference:"C:\Program Files\dotnet\packs\Microsoft.NETCore.App.Ref\8.0.23\ref\net8.0\System.Runtime.Extensions.dll" /reference:"C:\Program Files\dotnet\packs\Microsoft.NETCore.App.Ref\8.0.23\ref\net8.0\System.Runtime.Handles.dll" /reference:"C:\Program Files\dotnet\packs\Microsoft.NETCore.App.Ref\8.0.23\ref\net8.0\System.Runtime.InteropServices.dll" /reference:"C:\Program Files\dotnet\packs\Microsoft.NETCore.App.Ref\8.0.23\ref\net8.0\System.Runtime.InteropServices.JavaScript.dll" /reference:"C:\Program Files\dotnet\packs\Microsoft.NETCore.App.Ref\8.0.23\ref\net8.0\System.Runtime.InteropServices.RuntimeInformation.dll" /reference:"C:\Program Files\dotnet\packs\Microsoft.NETCore.App.Ref\8.0.23\ref\net8.0\System.Runtime.Intrinsics.dll" /reference:"C:\Program Files\dotnet\packs\Microsoft.NETCore.App.Ref\8.0.23\ref\net8.0\System.Runtime.Loader.dll" /reference:"C:\Program Files\dotnet\packs\Microsoft.NETCore.App.Ref\8.0.23\ref\net8.0\System.Runtime.Numerics.dll" /reference:"C:\Program Files\dotnet\packs\Microsoft.NETCore.App.Ref\8.0.23\ref\net8.0\System.Runtime.Serialization.dll" /reference:"C:\Program Files\dotnet\packs\Microsoft.NETCore.App.Ref\8.0.23\ref\net8.0\System.Runtime.Serialization.Formatters.dll" /reference:"C:\Program Files\dotnet\packs\Microsoft.NETCore.App.Ref\8.0.23\ref\net8.0\System.Runtime.Serialization.Json.dll" /reference:"C:\Program Files\dotnet\packs\Microsoft.NETCore.App.Ref\8.0.23\ref\net8.0\System.Runtime.Serialization.Primitives.dll" /reference:"C:\Program Files\dotnet\packs\Microsoft.NETCore.App.Ref\8.0.23\ref\net8.0\System.Runtime.Serialization.Xml.dll" /reference:"C:\Program Files\dotnet\packs\Microsoft.NETCore.App.Ref\8.0.23\ref\net8.0\System.Security.AccessControl.dll" /reference:"C:\Program Files\dotnet\packs\Microsoft.NETCore.App.Ref\8.0.23\ref\net8.0\System.Security.Claims.dll" /reference:"C:\Program Files\dotnet\packs\Microsoft.NETCore.App.Ref\8.0.23\ref\net8.0\System.Security.Cryptography.Algorithms.dll" /reference:"C:\Program Files\dotnet\packs\Microsoft.NETCore.App.Ref\8.0.23\ref\net8.0\System.Security.Cryptography.Cng.dll" /reference:"C:\Program Files\dotnet\packs\Microsoft.NETCore.App.Ref\8.0.23\ref\net8.0\System.Security.Cryptography.Csp.dll" /reference:"C:\Program Files\dotnet\packs\Microsoft.NETCore.App.Ref\8.0.23\ref\net8.0\System.Security.Cryptography.dll" /reference:"C:\Program Files\dotnet\packs\Microsoft.NETCore.App.Ref\8.0.23\ref\net8.0\System.Security.Cryptography.Encoding.dll" /reference:"C:\Program Files\dotnet\packs\Microsoft.NETCore.App.Ref\8.0.23\ref\net8.0\System.Security.Cryptography.OpenSsl.dll" /reference:"C:\Program Files\dotnet\packs\Microsoft.NETCore.App.Ref\8.0.23\ref\net8.0\System.Security.Cryptography.Primitives.dll" /reference:C:\Users\ubf0238\.nuget\packages\system.security.cryptography.protecteddata\6.0.0\lib\net6.0\System.Security.Cryptography.ProtectedData.dll /reference:"C:\Program Files\dotnet\packs\Microsoft.NETCore.App.Ref\8.0.23\ref\net8.0\System.Security.Cryptography.X509Certificates.dll" /reference:"C:\Program Files\dotnet\packs\Microsoft.AspNetCore.App.Ref\8.0.23\ref\net8.0\System.Security.Cryptography.Xml.dll" /reference:"C:\Program Files\dotnet\packs\Microsoft.NETCore.App.Ref\8.0.23\ref\net8.0\System.Security.dll" /reference:C:\Users\ubf0238\.nuget\packages\system.security.permissions\6.0.0\lib\net6.0\System.Security.Permissions.dll /reference:"C:\Program Files\dotnet\packs\Microsoft.NETCore.App.Ref\8.0.23\ref\net8.0\System.Security.Principal.dll" /reference:"C:\Program Files\dotnet\packs\Microsoft.NETCore.App.Ref\8.0.23\ref\net8.0\System.Security.Principal.Windows.dll" /reference:"C:\Program Files\dotnet\packs\Microsoft.NETCore.App.Ref\8.0.23\ref\net8.0\System.Security.SecureString.dll" /reference:"C:\Program Files\dotnet\packs\Microsoft.NETCore.App.Ref\8.0.23\ref\net8.0\System.ServiceModel.Web.dll" /reference:"C:\Program Files\dotnet\packs\Microsoft.NETCore.App.Ref\8.0.23\ref\net8.0\System.ServiceProcess.dll" /reference:"C:\Program Files\dotnet\packs\Microsoft.NETCore.App.Ref\8.0.23\ref\net8.0\System.Text.Encoding.CodePages.dll" /reference:"C:\Program Files\dotnet\packs\Microsoft.NETCore.App.Ref\8.0.23\ref\net8.0\System.Text.Encoding.dll" /reference:"C:\Program Files\dotnet\packs\Microsoft.NETCore.App.Ref\8.0.23\ref\net8.0\System.Text.Encoding.Extensions.dll" /reference:C:\Users\ubf0238\.nuget\packages\system.text.encodings.web\10.0.2\lib\net8.0\System.Text.Encodings.Web.dll /reference:C:\Users\ubf0238\.nuget\packages\system.text.json\10.0.2\lib\net8.0\System.Text.Json.dll /reference:"C:\Program Files\dotnet\packs\Microsoft.NETCore.App.Ref\8.0.23\ref\net8.0\System.Text.RegularExpressions.dll" /reference:"C:\Program Files\dotnet\packs\Microsoft.NETCore.App.Ref\8.0.23\ref\net8.0\System.Threading.Channels.dll" /reference:"C:\Program Files\dotnet\packs\Microsoft.NETCore.App.Ref\8.0.23\ref\net8.0\System.Threading.dll" /reference:"C:\Program Files\dotnet\packs\Microsoft.NETCore.App.Ref\8.0.23\ref\net8.0\System.Threading.Overlapped.dll" /reference:"C:\Program Files\dotnet\packs\Microsoft.AspNetCore.App.Ref\8.0.23\ref\net8.0\System.Threading.RateLimiting.dll" /reference:"C:\Program Files\dotnet\packs\Microsoft.NETCore.App.Ref\8.0.23\ref\net8.0\System.Threading.Tasks.Dataflow.dll" /reference:"C:\Program Files\dotnet\packs\Microsoft.NETCore.App.Ref\8.0.23\ref\net8.0\System.Threading.Tasks.dll" /reference:"C:\Program Files\dotnet\packs\Microsoft.NETCore.App.Ref\8.0.23\ref\net8.0\System.Threading.Tasks.Extensions.dll" /reference:"C:\Program Files\dotnet\packs\Microsoft.NETCore.App.Ref\8.0.23\ref\net8.0\System.Threading.Tasks.Parallel.dll" /reference:"C:\Program Files\dotnet\packs\Microsoft.NETCore.App.Ref\8.0.23\ref\net8.0\System.Threading.Thread.dll" /reference:"C:\Program Files\dotnet\packs\Microsoft.NETCore.App.Ref\8.0.23\ref\net8.0\System.Threading.ThreadPool.dll" /reference:"C:\Program Files\dotnet\packs\Microsoft.NETCore.App.Ref\8.0.23\ref\net8.0\System.Threading.Timer.dll" /reference:"C:\Program Files\dotnet\packs\Microsoft.NETCore.App.Ref\8.0.23\ref\net8.0\System.Transactions.dll" /reference:"C:\Program Files\dotnet\packs\Microsoft.NETCore.App.Ref\8.0.23\ref\net8.0\System.Transactions.Local.dll" /reference:"C:\Program Files\dotnet\packs\Microsoft.NETCore.App.Ref\8.0.23\ref\net8.0\System.ValueTuple.dll" /reference:"C:\Program Files\dotnet\packs\Microsoft.NETCore.App.Ref\8.0.23\ref\net8.0\System.Web.dll" /reference:"C:\Program Files\dotnet\packs\Microsoft.NETCore.App.Ref\8.0.23\ref\net8.0\System.Web.HttpUtility.dll" /reference:"C:\Program Files\dotnet\packs\Microsoft.NETCore.App.Ref\8.0.23\ref\net8.0\System.Windows.dll" /reference:C:\Users\ubf0238\.nuget\packages\system.windows.extensions\6.0.0\lib\net6.0\System.Windows.Extensions.dll /reference:"C:\Program Files\dotnet\packs\Microsoft.NETCore.App.Ref\8.0.23\ref\net8.0\System.Xml.dll" /reference:"C:\Program Files\dotnet\packs\Microsoft.NETCore.App.Ref\8.0.23\ref\net8.0\System.Xml.Linq.dll" /reference:"C:\Program Files\dotnet\packs\Microsoft.NETCore.App.Ref\8.0.23\ref\net8.0\System.Xml.ReaderWriter.dll" /reference:"C:\Program Files\dotnet\packs\Microsoft.NETCore.App.Ref\8.0.23\ref\net8.0\System.Xml.Serialization.dll" /reference:"C:\Program Files\dotnet\packs\Microsoft.NETCore.App.Ref\8.0.23\ref\net8.0\System.Xml.XDocument.dll" /reference:"C:\Program Files\dotnet\packs\Microsoft.NETCore.App.Ref\8.0.23\ref\net8.0\System.Xml.XmlDocument.dll" /reference:"C:\Program Files\dotnet\packs\Microsoft.NETCore.App.Ref\8.0.23\ref\net8.0\System.Xml.XmlSerializer.dll" /reference:"C:\Program Files\dotnet\packs\Microsoft.NETCore.App.Ref\8.0.23\ref\net8.0\System.Xml.XPath.dll" /reference:"C:\Program Files\dotnet\packs\Microsoft.NETCore.App.Ref\8.0.23\ref\net8.0\System.Xml.XPath.XDocument.dll" /reference:"C:\Program Files\dotnet\packs\Microsoft.NETCore.App.Ref\8.0.23\ref\net8.0\WindowsBase.dll" /debug+ /debug:portable /filealign:512 /optimize- /out:obj\Debug\net8.0\DocumentIA.Functions.dll /refout:obj\Debug\net8.0\refint\DocumentIA.Functions.dll /target:exe /warnaserror- /utf8output /deterministic+ /sourcelink:obj\Debug\net8.0\DocumentIA.Functions.sourcelink.json /langversion:12.0 /embed:obj\Debug\net8.0\DocumentIA.Functions.GlobalUsings.g.cs /embed:"obj\Debug\net8.0\.NETCoreApp,Version=v8.0.AssemblyAttributes.cs" /embed:obj\Debug\net8.0\DocumentIA.Functions.AssemblyInfo.cs /analyzerconfig:obj\Debug\net8.0\DocumentIA.Functions.GeneratedMSBuildEditorConfig.editorconfig /analyzerconfig:"C:\Program Files\dotnet\sdk\9.0.310\Sdks\Microsoft.NET.Sdk\analyzers\build\config\analysislevel_8_default.globalconfig" /analyzer:"C:\Program Files\dotnet\sdk\9.0.310\Sdks\Microsoft.NET.Sdk\targets\..\analyzers\Microsoft.CodeAnalysis.CSharp.NetAnalyzers.dll" /analyzer:"C:\Program Files\dotnet\sdk\9.0.310\Sdks\Microsoft.NET.Sdk\targets\..\analyzers\Microsoft.CodeAnalysis.NetAnalyzers.dll" /analyzer:C:\Users\ubf0238\.nuget\packages\microsoft.azure.functions.worker.extensions.http.aspnetcore.analyzers\1.0.4\analyzers\dotnet\cs\Microsoft.Azure.Functions.Worker.Extensions.Http.AspNetCore.Analyzers.dll /analyzer:C:\Users\ubf0238\.nuget\packages\microsoft.azure.functions.worker.sdk.analyzers\1.2.2\analyzers\dotnet\cs\Microsoft.Azure.Functions.Worker.Sdk.Analyzers.dll /analyzer:C:\Users\ubf0238\.nuget\packages\microsoft.azure.functions.worker.sdk.generators\1.3.5\analyzers\dotnet\cs\Microsoft.Azure.Functions.Worker.Sdk.Generators.dll /analyzer:C:\Users\ubf0238\.nuget\packages\microsoft.azure.functions.worker.sdk.generators\1.3.5\analyzers\dotnet\cs\Microsoft.Bcl.AsyncInterfaces.dll /analyzer:C:\Users\ubf0238\.nuget\packages\microsoft.azure.functions.worker.sdk.generators\1.3.5\analyzers\dotnet\cs\System.Text.Encodings.Web.dll /analyzer:C:\Users\ubf0238\.nuget\packages\microsoft.azure.functions.worker.sdk.generators\1.3.5\analyzers\dotnet\cs\System.Text.Json.dll /analyzer:C:\Users\ubf0238\.nuget\packages\microsoft.codeanalysis.analyzers\3.3.3\analyzers\dotnet\cs\Microsoft.CodeAnalysis.Analyzers.dll /analyzer:C:\Users\ubf0238\.nuget\packages\microsoft.codeanalysis.analyzers\3.3.3\analyzers\dotnet\cs\Microsoft.CodeAnalysis.CSharp.Analyzers.dll /analyzer:C:\Users\ubf0238\.nuget\packages\microsoft.durabletask.analyzers\0.2.0\analyzers\dotnet\cs\Microsoft.DurableTask.Analyzers.dll /analyzer:C:\Users\ubf0238\.nuget\packages\microsoft.entityframeworkcore.analyzers\8.0.1\analyzers\dotnet\cs\Microsoft.EntityFrameworkCore.Analyzers.dll /analyzer:C:\Users\ubf0238\.nuget\packages\microsoft.extensions.logging.abstractions\10.0.0\analyzers\dotnet\roslyn4.4\cs\Microsoft.Extensions.Logging.Generators.dll /analyzer:C:\Users\ubf0238\.nuget\packages\microsoft.extensions.options\10.0.0\analyzers\dotnet\roslyn4.4\cs\Microsoft.Extensions.Options.SourceGeneration.dll /analyzer:C:\Users\ubf0238\.nuget\packages\system.clientmodel\1.8.0\analyzers\dotnet\cs\System.ClientModel.SourceGeneration.dll /analyzer:C:\Users\ubf0238\.nuget\packages\system.text.json\10.0.2\analyzers\dotnet\roslyn4.4\cs\System.Text.Json.SourceGeneration.dll /analyzer:"C:\Program Files\dotnet\packs\Microsoft.NETCore.App.Ref\8.0.23\analyzers/dotnet/cs/Microsoft.Interop.ComInterfaceGenerator.dll" /analyzer:"C:\Program Files\dotnet\packs\Microsoft.NETCore.App.Ref\8.0.23\analyzers/dotnet/cs/Microsoft.Interop.JavaScript.JSImportGenerator.dll" /analyzer:"C:\Program Files\dotnet\packs\Microsoft.NETCore.App.Ref\8.0.23\analyzers/dotnet/cs/Microsoft.Interop.LibraryImportGenerator.dll" /analyzer:"C:\Program Files\dotnet\packs\Microsoft.NETCore.App.Ref\8.0.23\analyzers/dotnet/cs/Microsoft.Interop.SourceGeneration.dll" /analyzer:"C:\Program Files\dotnet\packs\Microsoft.NETCore.App.Ref\8.0.23\analyzers/dotnet/cs/System.Text.RegularExpressions.Generator.dll" /analyzer:"C:\Program Files\dotnet\packs\Microsoft.AspNetCore.App.Ref\8.0.23\analyzers/dotnet/cs/Microsoft.AspNetCore.App.Analyzers.dll" /analyzer:"C:\Program Files\dotnet\packs\Microsoft.AspNetCore.App.Ref\8.0.23\analyzers/dotnet/cs/Microsoft.AspNetCore.App.CodeFixes.dll" /analyzer:"C:\Program Files\dotnet\packs\Microsoft.AspNetCore.App.Ref\8.0.23\analyzers/dotnet/cs/Microsoft.AspNetCore.Components.Analyzers.dll" Activities\ClasificarActivity.cs Activities\ExtraerActivity.cs Activities\IntegrarActivity.cs Activities\NormalizarActivity.cs Activities\PersistirActivity.cs Activities\ValidarActivity.cs Activities\VerificarDuplicadoActivity.cs Orchestrators\DocumentProcessOrchestrator.cs Program.cs Triggers\IngestAPITrigger.cs obj\Debug\net8.0\DocumentIA.Functions.GlobalUsings.g.cs "obj\Debug\net8.0\.NETCoreApp,Version=v8.0.AssemblyAttributes.cs" obj\Debug\net8.0\DocumentIA.Functions.AssemblyInfo.cs /warnaserror+:NU1605,SYSLIB0011
     1>C:\temp\MVP\documento-ia-clasificacion-mvp\src\backend\DocumentIA.Functions\Activities\ValidarActivity.cs(24,46): warning CS1998: This async method lacks 'await' operators and will run synchronously. Consider using the 'await' operator to await non-blocking API calls, or 'await Task.Run(...)' to do CPU-bound work on a background thread. [C:\temp\MVP\documento-ia-clasificacion-mvp\src\backend\DocumentIA.Functions\DocumentIA.Functions.csproj]
         CompilerServer: server - server processed compilation - DocumentIA.Functions (net8.0)
       _FunctionsGenerateCommon:
         Found 107 assemblies to evaluate.
           Collecting function metadata from DocumentIA.Functions.dll.
             Found 1 functions in 'DocumentIA.Functions.Triggers.IngestAPITrigger'.
             Found 1 functions in 'DocumentIA.Functions.Orchestrators.DocumentProcessOrchestrator'.
             Found 1 functions in 'DocumentIA.Functions.Activities.ClasificarActivity'.
             Found 1 functions in 'DocumentIA.Functions.Activities.ExtraerActivity'.
             Found 1 functions in 'DocumentIA.Functions.Activities.IntegrarActivity'.
             Found 1 functions in 'DocumentIA.Functions.Activities.NormalizarActivity'.
             Found 1 functions in 'DocumentIA.Functions.Activities.PersistirActivity'.
             Found 1 functions in 'DocumentIA.Functions.Activities.ValidarActivity'.
             Found 1 functions in 'DocumentIA.Functions.Activities.VerificarDuplicadoActivity'.
           Collecting function metadata from Azure.AI.FormRecognizer.dll.
           Collecting function metadata from Azure.Core.dll.
           Collecting function metadata from Azure.Identity.dll.
           Collecting function metadata from Azure.Security.KeyVault.Secrets.dll.
           Collecting function metadata from Azure.Storage.Blobs.dll.
           Collecting function metadata from Azure.Storage.Common.dll.
           Collecting function metadata from Castle.Core.dll.
           Collecting function metadata from DocumentIA.Core.dll.
           Collecting function metadata from DocumentIA.Data.dll.
           Collecting function metadata from DocumentIA.Plugins.dll.
           Collecting function metadata from DurableTask.Core.dll.
           Collecting function metadata from FluentValidation.dll.
           Collecting function metadata from Google.Protobuf.dll.
           Collecting function metadata from Grpc.Core.Api.dll.
           Collecting function metadata from Grpc.Net.Client.dll.
           Collecting function metadata from Grpc.Net.ClientFactory.dll.
           Collecting function metadata from Grpc.Net.Common.dll.
           Collecting function metadata from Microsoft.AI.DependencyCollector.dll.
           Collecting function metadata from Microsoft.AI.EventCounterCollector.dll.
           Collecting function metadata from Microsoft.AI.PerfCounterCollector.dll.
           Collecting function metadata from Microsoft.AI.ServerTelemetryChannel.dll.
           Collecting function metadata from Microsoft.AI.WindowsServer.dll.
           Collecting function metadata from Microsoft.ApplicationInsights.dll.
           Collecting function metadata from Microsoft.ApplicationInsights.WorkerService.dll.
           Collecting function metadata from Microsoft.Azure.Functions.Worker.ApplicationInsights.dll.
           Collecting function metadata from Microsoft.Azure.Functions.Worker.Core.dll.
           Collecting function metadata from Microsoft.Azure.Functions.Worker.dll.
           Collecting function metadata from Microsoft.Azure.Functions.Worker.Extensions.Abstractions.dll.
           Collecting function metadata from Microsoft.Azure.Functions.Worker.Extensions.DurableTask.dll.
             Implicitly registered C:\Users\ubf0238\.nuget\packages\microsoft.azure.functions.worker.extensions.durabletask\1.14.0\lib\net8.0\Microsoft.Azure.Functions.Worker.Extensions.DurableTask.dll as an extension.
           Collecting function metadata from Microsoft.Azure.Functions.Worker.Extensions.Http.AspNetCore.dll.
           Collecting function metadata from Microsoft.Azure.Functions.Worker.Extensions.Http.dll.
           Collecting function metadata from Microsoft.Azure.Functions.Worker.Grpc.dll.
           Collecting function metadata from Microsoft.Bcl.AsyncInterfaces.dll.
           Collecting function metadata from Microsoft.Data.SqlClient.dll.
           Collecting function metadata from Microsoft.DurableTask.Abstractions.dll.
           Collecting function metadata from Microsoft.DurableTask.Client.dll.
           Collecting function metadata from Microsoft.DurableTask.Client.Grpc.dll.
           Collecting function metadata from Microsoft.DurableTask.Grpc.dll.
           Collecting function metadata from Microsoft.DurableTask.Worker.dll.
           Collecting function metadata from Microsoft.DurableTask.Worker.Grpc.dll.
           Collecting function metadata from Microsoft.EntityFrameworkCore.Abstractions.dll.
           Collecting function metadata from Microsoft.EntityFrameworkCore.dll.
           Collecting function metadata from Microsoft.EntityFrameworkCore.Relational.dll.
           Collecting function metadata from Microsoft.EntityFrameworkCore.SqlServer.dll.
           Collecting function metadata from Microsoft.Extensions.Caching.Abstractions.dll.
           Collecting function metadata from Microsoft.Extensions.Caching.Memory.dll.
           Collecting function metadata from Microsoft.Extensions.Configuration.Abstractions.dll.
           Collecting function metadata from Microsoft.Extensions.Configuration.Binder.dll.
           Collecting function metadata from Microsoft.Extensions.Configuration.CommandLine.dll.
           Collecting function metadata from Microsoft.Extensions.Configuration.dll.
           Collecting function metadata from Microsoft.Extensions.Configuration.EnvironmentVariables.dll.
           Collecting function metadata from Microsoft.Extensions.Configuration.FileExtensions.dll.
           Collecting function metadata from Microsoft.Extensions.Configuration.Json.dll.
           Collecting function metadata from Microsoft.Extensions.Configuration.UserSecrets.dll.
           Collecting function metadata from Microsoft.Extensions.DependencyInjection.Abstractions.dll.
           Collecting function metadata from Microsoft.Extensions.DependencyInjection.dll.
           Collecting function metadata from Microsoft.Extensions.Diagnostics.Abstractions.dll.
           Collecting function metadata from Microsoft.Extensions.Diagnostics.dll.
           Collecting function metadata from Microsoft.Extensions.FileProviders.Abstractions.dll.
           Collecting function metadata from Microsoft.Extensions.FileProviders.Physical.dll.
           Collecting function metadata from Microsoft.Extensions.FileSystemGlobbing.dll.
           Collecting function metadata from Microsoft.Extensions.Hosting.Abstractions.dll.
           Collecting function metadata from Microsoft.Extensions.Hosting.dll.
           Collecting function metadata from Microsoft.Extensions.Logging.Abstractions.dll.
           Collecting function metadata from Microsoft.Extensions.Logging.ApplicationInsights.dll.
           Collecting function metadata from Microsoft.Extensions.Logging.Configuration.dll.
           Collecting function metadata from Microsoft.Extensions.Logging.Console.dll.
           Collecting function metadata from Microsoft.Extensions.Logging.Debug.dll.
           Collecting function metadata from Microsoft.Extensions.Logging.dll.
           Collecting function metadata from Microsoft.Extensions.Logging.EventLog.dll.
           Collecting function metadata from Microsoft.Extensions.Logging.EventSource.dll.
           Collecting function metadata from Microsoft.Extensions.Options.ConfigurationExtensions.dll.
           Collecting function metadata from Microsoft.Extensions.Options.dll.
           Collecting function metadata from Microsoft.Extensions.Primitives.dll.
           Collecting function metadata from Microsoft.Identity.Client.dll.
           Collecting function metadata from Microsoft.Identity.Client.Extensions.Msal.dll.
           Collecting function metadata from Microsoft.IdentityModel.Abstractions.dll.
           Collecting function metadata from Microsoft.IdentityModel.JsonWebTokens.dll.
           Collecting function metadata from Microsoft.IdentityModel.Logging.dll.
           Collecting function metadata from Microsoft.IdentityModel.Protocols.dll.
           Collecting function metadata from Microsoft.IdentityModel.Protocols.OpenIdConnect.dll.
           Collecting function metadata from Microsoft.IdentityModel.Tokens.dll.
           Collecting function metadata from Microsoft.SqlServer.Server.dll.
           Collecting function metadata from Microsoft.Win32.SystemEvents.dll.
           Collecting function metadata from Newtonsoft.Json.dll.
           Collecting function metadata from System.ClientModel.dll.
           Collecting function metadata from System.Configuration.ConfigurationManager.dll.
           Collecting function metadata from System.Diagnostics.DiagnosticSource.dll.
           Collecting function metadata from System.Diagnostics.EventLog.dll.
           Collecting function metadata from System.Diagnostics.PerformanceCounter.dll.
           Collecting function metadata from System.Drawing.Common.dll.
           Collecting function metadata from System.IdentityModel.Tokens.Jwt.dll.
           Collecting function metadata from System.IO.Hashing.dll.
           Collecting function metadata from System.IO.Pipelines.dll.
           Collecting function metadata from System.Memory.Data.dll.
           Collecting function metadata from System.Reactive.Core.dll.
           Collecting function metadata from System.Reactive.dll.
           Collecting function metadata from System.Reactive.Interfaces.dll.
           Collecting function metadata from System.Reactive.Linq.dll.
           Collecting function metadata from System.Reactive.PlatformServices.dll.
           Collecting function metadata from System.Reactive.Providers.dll.
           Collecting function metadata from System.Security.Cryptography.ProtectedData.dll.
           Collecting function metadata from System.Security.Permissions.dll.
           Collecting function metadata from System.Text.Encodings.Web.dll.
           Collecting function metadata from System.Text.Json.dll.
           Collecting function metadata from System.Windows.Extensions.dll.
   1:7>El proyecto "C:\temp\MVP\documento-ia-clasificacion-mvp\src\backend\DocumentIA.Functions\DocumentIA.Functions.csproj" (1:7) est├í compilando "C:\temp\MVP\documento-ia-clasificacion-mvp\src\backend\DocumentIA.Functions\obj\Debug\net8.0\WorkerExtensions\WorkerExtensions.csproj" (5) en el nodo 2 (Restore destinos).
     5>_GetAllRestoreProjectPathItems:
         Determinando los proyectos que se van a restaurar...
       Restore:
         La validaci├│n de la cadena de certificados X.509 utilizar├í el almac├®n de confianza predeterminado seleccionado por .NET para la firma de c├│digo.
         La validaci├│n de la cadena de certificados X.509 utilizar├í el almac├®n de confianza predeterminado seleccionado por .NET para la marca de tiempo.
         Restaurando paquetes para C:\temp\MVP\documento-ia-clasificacion-mvp\src\backend\DocumentIA.Functions\obj\Debug\net8.0\WorkerExtensions\WorkerExtensions.csproj...
           CACHE https://api.nuget.org/v3/vulnerabilities/index.json
           CACHE https://api.nuget.org/v3-vulnerabilities/2026.01.30.23.44.41/vulnerability.base.json
           CACHE https://api.nuget.org/v3-vulnerabilities/2026.01.30.23.44.41/2026.02.02.11.44.49/vulnerability.update.json
         Generaci├│n de archivo MSBuild C:\temp\MVP\documento-ia-clasificacion-mvp\src\backend\DocumentIA.Functions\obj\Debug\net8.0\WorkerExtensions\obj\WorkerExtensions.csproj.nuget.g.props.
         Generaci├│n de archivo MSBuild C:\temp\MVP\documento-ia-clasificacion-mvp\src\backend\DocumentIA.Functions\obj\Debug\net8.0\WorkerExtensions\obj\WorkerExtensions.csproj.nuget.g.targets.
         Escribiendo el archivo de recursos en el disco. Ruta de acceso: C:\temp\MVP\documento-ia-clasificacion-mvp\src\backend\DocumentIA.Functions\obj\Debug\net8.0\WorkerExtensions\obj\project.assets.json
         Se ha restaurado C:\temp\MVP\documento-ia-clasificacion-mvp\src\backend\DocumentIA.Functions\obj\Debug\net8.0\WorkerExtensions\WorkerExtensions.csproj (en 3,38 s).
         
         Archivos de NuGet Config usados:
             C:\Users\ubf0238\AppData\Roaming\NuGet\NuGet.Config
             C:\Program Files (x86)\NuGet\Config\Microsoft.VisualStudio.FallbackLocation.config
             C:\Program Files (x86)\NuGet\Config\Microsoft.VisualStudio.Offline.config
         
         Fuentes usadas:
             https://api.nuget.org/v3/index.json
             C:\Program Files (x86)\Microsoft SDKs\NuGetPackages\
     5>Compilaci├│n del proyecto terminada "C:\temp\MVP\documento-ia-clasificacion-mvp\src\backend\DocumentIA.Functions\obj\Debug\net8.0\WorkerExtensions\WorkerExtensions.csproj" (Restore destinos).
   1:7>El proyecto "C:\temp\MVP\documento-ia-clasificacion-mvp\src\backend\DocumentIA.Functions\DocumentIA.Functions.csproj" (1:7) est├í compilando "C:\temp\MVP\documento-ia-clasificacion-mvp\src\backend\DocumentIA.Functions\obj\Debug\net8.0\WorkerExtensions\WorkerExtensions.csproj" (5:7) en el nodo 1 (Build destinos).
     5>PrepareForBuild:
         Creando directorio "bin\Release\net8.0\".
         Creando directorio "obj\Release\net8.0\".
         Creando directorio "C:\temp\MVP\documento-ia-clasificacion-mvp\src\backend\DocumentIA.Functions\obj\Debug\net8.0\WorkerExtensions\obj\Release\net8.0\refint\".
         Creando directorio "obj\Release\net8.0\ref".
       _GenerateSourceLinkFile:
         Actualizando archivo de Source Link 'obj\Release\net8.0\WorkerExtensions.sourcelink.json'.
       CoreCompile:
         C:\Program Files\dotnet\dotnet.exe exec "C:\Program Files\dotnet\sdk\9.0.310\Roslyn\bincore\csc.dll" /noconfig /unsafe- /checked- /nowarn:1701,1702,1701,1702 /fullpaths /nostdlib+ /errorreport:prompt /warn:8 /define:TRACE;RELEASE;NET;NET8_0;NETCOREAPP;NET5_0_OR_GREATER;NET6_0_OR_GREATER;NET7_0_OR_GREATER;NET8_0_OR_GREATER;NETCOREAPP1_0_OR_GREATER;NETCOREAPP1_1_OR_GREATER;NETCOREAPP2_0_OR_GREATER;NETCOREAPP2_1_OR_GREATER;NETCOREAPP2_2_OR_GREATER;NETCOREAPP3_0_OR_GREATER;NETCOREAPP3_1_OR_GREATER /highentropyva+ /reference:C:\Users\ubf0238\.nuget\packages\azure.core\1.50.0\lib\net8.0\Azure.Core.dll /reference:C:\Users\ubf0238\.nuget\packages\azure.data.tables\12.11.0\lib\net8.0\Azure.Data.Tables.dll /reference:C:\Users\ubf0238\.nuget\packages\azure.identity\1.17.1\lib\net8.0\Azure.Identity.dll /reference:C:\Users\ubf0238\.nuget\packages\azure.storage.blobs\12.24.0\lib\net8.0\Azure.Storage.Blobs.dll /reference:C:\Users\ubf0238\.nuget\packages\azure.storage.common\12.23.0\lib\net8.0\Azure.Storage.Common.dll /reference:C:\Users\ubf0238\.nuget\packages\azure.storage.queues\12.22.0\lib\net8.0\Azure.Storage.Queues.dll /reference:C:\Users\ubf0238\.nuget\packages\castle.core\5.2.1\lib\net6.0\Castle.Core.dll /reference:C:\Users\ubf0238\.nuget\packages\microsoft.azure.durabletask.applicationinsights\0.9.0\lib\netstandard2.0\DurableTask.ApplicationInsights.dll /reference:C:\Users\ubf0238\.nuget\packages\microsoft.azure.durabletask.azurestorage\2.8.1\lib\netstandard2.0\DurableTask.AzureStorage.dll /reference:C:\Users\ubf0238\.nuget\packages\microsoft.azure.durabletask.core\3.7.0\lib\netstandard2.0\DurableTask.Core.dll /reference:C:\Users\ubf0238\.nuget\packages\google.protobuf\3.21.5\lib\net5.0\Google.Protobuf.dll /reference:C:\Users\ubf0238\.nuget\packages\grpc.aspnetcore.server.clientfactory\2.49.0\lib\net7.0\Grpc.AspNetCore.Server.ClientFactory.dll /reference:C:\Users\ubf0238\.nuget\packages\grpc.aspnetcore.server\2.49.0\lib\net7.0\Grpc.AspNetCore.Server.dll /reference:C:\Users\ubf0238\.nuget\packages\grpc.core.api\2.49.0\lib\netstandard2.1\Grpc.Core.Api.dll /reference:C:\Users\ubf0238\.nuget\packages\grpc.net.client\2.49.0\lib\net7.0\Grpc.Net.Client.dll /reference:C:\Users\ubf0238\.nuget\packages\grpc.net.clientfactory\2.49.0\lib\net7.0\Grpc.Net.ClientFactory.dll /reference:C:\Users\ubf0238\.nuget\packages\grpc.net.common\2.49.0\lib\net7.0\Grpc.Net.Common.dll /reference:C:\Users\ubf0238\.nuget\packages\microsoft.applicationinsights\2.21.0\lib\netstandard2.0\Microsoft.ApplicationInsights.dll /reference:"C:\Program Files\dotnet\packs\Microsoft.AspNetCore.App.Ref\8.0.23\ref\net8.0\Microsoft.AspNetCore.Antiforgery.dll" /reference:"C:\Program Files\dotnet\packs\Microsoft.AspNetCore.App.Ref\8.0.23\ref\net8.0\Microsoft.AspNetCore.Authentication.Abstractions.dll" /reference:"C:\Program Files\dotnet\packs\Microsoft.AspNetCore.App.Ref\8.0.23\ref\net8.0\Microsoft.AspNetCore.Authentication.BearerToken.dll" /reference:"C:\Program Files\dotnet\packs\Microsoft.AspNetCore.App.Ref\8.0.23\ref\net8.0\Microsoft.AspNetCore.Authentication.Cookies.dll" /reference:"C:\Program Files\dotnet\packs\Microsoft.AspNetCore.App.Ref\8.0.23\ref\net8.0\Microsoft.AspNetCore.Authentication.Core.dll" /reference:"C:\Program Files\dotnet\packs\Microsoft.AspNetCore.App.Ref\8.0.23\ref\net8.0\Microsoft.AspNetCore.Authentication.dll" /reference:"C:\Program Files\dotnet\packs\Microsoft.AspNetCore.App.Ref\8.0.23\ref\net8.0\Microsoft.AspNetCore.Authentication.OAuth.dll" /reference:"C:\Program Files\dotnet\packs\Microsoft.AspNetCore.App.Ref\8.0.23\ref\net8.0\Microsoft.AspNetCore.Authorization.dll" /reference:"C:\Program Files\dotnet\packs\Microsoft.AspNetCore.App.Ref\8.0.23\ref\net8.0\Microsoft.AspNetCore.Authorization.Policy.dll" /reference:"C:\Program Files\dotnet\packs\Microsoft.AspNetCore.App.Ref\8.0.23\ref\net8.0\Microsoft.AspNetCore.Components.Authorization.dll" /reference:"C:\Program Files\dotnet\packs\Microsoft.AspNetCore.App.Ref\8.0.23\ref\net8.0\Microsoft.AspNetCore.Components.dll" /reference:"C:\Program Files\dotnet\packs\Microsoft.AspNetCore.App.Ref\8.0.23\ref\net8.0\Microsoft.AspNetCore.Components.Endpoints.dll" /reference:"C:\Program Files\dotnet\packs\Microsoft.AspNetCore.App.Ref\8.0.23\ref\net8.0\Microsoft.AspNetCore.Components.Forms.dll" /reference:"C:\Program Files\dotnet\packs\Microsoft.AspNetCore.App.Ref\8.0.23\ref\net8.0\Microsoft.AspNetCore.Components.Server.dll" /reference:"C:\Program Files\dotnet\packs\Microsoft.AspNetCore.App.Ref\8.0.23\ref\net8.0\Microsoft.AspNetCore.Components.Web.dll" /reference:"C:\Program Files\dotnet\packs\Microsoft.AspNetCore.App.Ref\8.0.23\ref\net8.0\Microsoft.AspNetCore.Connections.Abstractions.dll" /reference:"C:\Program Files\dotnet\packs\Microsoft.AspNetCore.App.Ref\8.0.23\ref\net8.0\Microsoft.AspNetCore.CookiePolicy.dll" /reference:"C:\Program Files\dotnet\packs\Microsoft.AspNetCore.App.Ref\8.0.23\ref\net8.0\Microsoft.AspNetCore.Cors.dll" /reference:"C:\Program Files\dotnet\packs\Microsoft.AspNetCore.App.Ref\8.0.23\ref\net8.0\Microsoft.AspNetCore.Cryptography.Internal.dll" /reference:"C:\Program Files\dotnet\packs\Microsoft.AspNetCore.App.Ref\8.0.23\ref\net8.0\Microsoft.AspNetCore.Cryptography.KeyDerivation.dll" /reference:"C:\Program Files\dotnet\packs\Microsoft.AspNetCore.App.Ref\8.0.23\ref\net8.0\Microsoft.AspNetCore.DataProtection.Abstractions.dll" /reference:"C:\Program Files\dotnet\packs\Microsoft.AspNetCore.App.Ref\8.0.23\ref\net8.0\Microsoft.AspNetCore.DataProtection.dll" /reference:"C:\Program Files\dotnet\packs\Microsoft.AspNetCore.App.Ref\8.0.23\ref\net8.0\Microsoft.AspNetCore.DataProtection.Extensions.dll" /reference:"C:\Program Files\dotnet\packs\Microsoft.AspNetCore.App.Ref\8.0.23\ref\net8.0\Microsoft.AspNetCore.Diagnostics.Abstractions.dll" /reference:"C:\Program Files\dotnet\packs\Microsoft.AspNetCore.App.Ref\8.0.23\ref\net8.0\Microsoft.AspNetCore.Diagnostics.dll" /reference:"C:\Program Files\dotnet\packs\Microsoft.AspNetCore.App.Ref\8.0.23\ref\net8.0\Microsoft.AspNetCore.Diagnostics.HealthChecks.dll" /reference:"C:\Program Files\dotnet\packs\Microsoft.AspNetCore.App.Ref\8.0.23\ref\net8.0\Microsoft.AspNetCore.dll" /reference:"C:\Program Files\dotnet\packs\Microsoft.AspNetCore.App.Ref\8.0.23\ref\net8.0\Microsoft.AspNetCore.HostFiltering.dll" /reference:"C:\Program Files\dotnet\packs\Microsoft.AspNetCore.App.Ref\8.0.23\ref\net8.0\Microsoft.AspNetCore.Hosting.Abstractions.dll" /reference:"C:\Program Files\dotnet\packs\Microsoft.AspNetCore.App.Ref\8.0.23\ref\net8.0\Microsoft.AspNetCore.Hosting.dll" /reference:"C:\Program Files\dotnet\packs\Microsoft.AspNetCore.App.Ref\8.0.23\ref\net8.0\Microsoft.AspNetCore.Hosting.Server.Abstractions.dll" /reference:"C:\Program Files\dotnet\packs\Microsoft.AspNetCore.App.Ref\8.0.23\ref\net8.0\Microsoft.AspNetCore.Html.Abstractions.dll" /reference:"C:\Program Files\dotnet\packs\Microsoft.AspNetCore.App.Ref\8.0.23\ref\net8.0\Microsoft.AspNetCore.Http.Abstractions.dll" /reference:"C:\Program Files\dotnet\packs\Microsoft.AspNetCore.App.Ref\8.0.23\ref\net8.0\Microsoft.AspNetCore.Http.Connections.Common.dll" /reference:"C:\Program Files\dotnet\packs\Microsoft.AspNetCore.App.Ref\8.0.23\ref\net8.0\Microsoft.AspNetCore.Http.Connections.dll" /reference:"C:\Program Files\dotnet\packs\Microsoft.AspNetCore.App.Ref\8.0.23\ref\net8.0\Microsoft.AspNetCore.Http.dll" /reference:"C:\Program Files\dotnet\packs\Microsoft.AspNetCore.App.Ref\8.0.23\ref\net8.0\Microsoft.AspNetCore.Http.Extensions.dll" /reference:"C:\Program Files\dotnet\packs\Microsoft.AspNetCore.App.Ref\8.0.23\ref\net8.0\Microsoft.AspNetCore.Http.Features.dll" /reference:"C:\Program Files\dotnet\packs\Microsoft.AspNetCore.App.Ref\8.0.23\ref\net8.0\Microsoft.AspNetCore.Http.Results.dll" /reference:"C:\Program Files\dotnet\packs\Microsoft.AspNetCore.App.Ref\8.0.23\ref\net8.0\Microsoft.AspNetCore.HttpLogging.dll" /reference:"C:\Program Files\dotnet\packs\Microsoft.AspNetCore.App.Ref\8.0.23\ref\net8.0\Microsoft.AspNetCore.HttpOverrides.dll" /reference:"C:\Program Files\dotnet\packs\Microsoft.AspNetCore.App.Ref\8.0.23\ref\net8.0\Microsoft.AspNetCore.HttpsPolicy.dll" /reference:"C:\Program Files\dotnet\packs\Microsoft.AspNetCore.App.Ref\8.0.23\ref\net8.0\Microsoft.AspNetCore.Identity.dll" /reference:C:\Users\ubf0238\.nuget\packages\microsoft.aspnetcore.jsonpatch\2.2.0\lib\netstandard2.0\Microsoft.AspNetCore.JsonPatch.dll /reference:"C:\Program Files\dotnet\packs\Microsoft.AspNetCore.App.Ref\8.0.23\ref\net8.0\Microsoft.AspNetCore.Localization.dll" /reference:"C:\Program Files\dotnet\packs\Microsoft.AspNetCore.App.Ref\8.0.23\ref\net8.0\Microsoft.AspNetCore.Localization.Routing.dll" /reference:"C:\Program Files\dotnet\packs\Microsoft.AspNetCore.App.Ref\8.0.23\ref\net8.0\Microsoft.AspNetCore.Metadata.dll" /reference:"C:\Program Files\dotnet\packs\Microsoft.AspNetCore.App.Ref\8.0.23\ref\net8.0\Microsoft.AspNetCore.Mvc.Abstractions.dll" /reference:"C:\Program Files\dotnet\packs\Microsoft.AspNetCore.App.Ref\8.0.23\ref\net8.0\Microsoft.AspNetCore.Mvc.ApiExplorer.dll" /reference:"C:\Program Files\dotnet\packs\Microsoft.AspNetCore.App.Ref\8.0.23\ref\net8.0\Microsoft.AspNetCore.Mvc.Core.dll" /reference:"C:\Program Files\dotnet\packs\Microsoft.AspNetCore.App.Ref\8.0.23\ref\net8.0\Microsoft.AspNetCore.Mvc.Cors.dll" /reference:"C:\Program Files\dotnet\packs\Microsoft.AspNetCore.App.Ref\8.0.23\ref\net8.0\Microsoft.AspNetCore.Mvc.DataAnnotations.dll" /reference:"C:\Program Files\dotnet\packs\Microsoft.AspNetCore.App.Ref\8.0.23\ref\net8.0\Microsoft.AspNetCore.Mvc.dll" /reference:"C:\Program Files\dotnet\packs\Microsoft.AspNetCore.App.Ref\8.0.23\ref\net8.0\Microsoft.AspNetCore.Mvc.Formatters.Json.dll" /reference:"C:\Program Files\dotnet\packs\Microsoft.AspNetCore.App.Ref\8.0.23\ref\net8.0\Microsoft.AspNetCore.Mvc.Formatters.Xml.dll" /reference:"C:\Program Files\dotnet\packs\Microsoft.AspNetCore.App.Ref\8.0.23\ref\net8.0\Microsoft.AspNetCore.Mvc.Localization.dll" /reference:"C:\Program Files\dotnet\packs\Microsoft.AspNetCore.App.Ref\8.0.23\ref\net8.0\Microsoft.AspNetCore.Mvc.Razor.dll" /reference:"C:\Program Files\dotnet\packs\Microsoft.AspNetCore.App.Ref\8.0.23\ref\net8.0\Microsoft.AspNetCore.Mvc.RazorPages.dll" /reference:"C:\Program Files\dotnet\packs\Microsoft.AspNetCore.App.Ref\8.0.23\ref\net8.0\Microsoft.AspNetCore.Mvc.TagHelpers.dll" /reference:"C:\Program Files\dotnet\packs\Microsoft.AspNetCore.App.Ref\8.0.23\ref\net8.0\Microsoft.AspNetCore.Mvc.ViewFeatures.dll" /reference:C:\Users\ubf0238\.nuget\packages\microsoft.aspnetcore.mvc.webapicompatshim\2.2.0\lib\netstandard2.0\Microsoft.AspNetCore.Mvc.WebApiCompatShim.dll /reference:"C:\Program Files\dotnet\packs\Microsoft.AspNetCore.App.Ref\8.0.23\ref\net8.0\Microsoft.AspNetCore.OutputCaching.dll" /reference:"C:\Program Files\dotnet\packs\Microsoft.AspNetCore.App.Ref\8.0.23\ref\net8.0\Microsoft.AspNetCore.RateLimiting.dll" /reference:"C:\Program Files\dotnet\packs\Microsoft.AspNetCore.App.Ref\8.0.23\ref\net8.0\Microsoft.AspNetCore.Razor.dll" /reference:"C:\Program Files\dotnet\packs\Microsoft.AspNetCore.App.Ref\8.0.23\ref\net8.0\Microsoft.AspNetCore.Razor.Runtime.dll" /reference:"C:\Program Files\dotnet\packs\Microsoft.AspNetCore.App.Ref\8.0.23\ref\net8.0\Microsoft.AspNetCore.RequestDecompression.dll" /reference:"C:\Program Files\dotnet\packs\Microsoft.AspNetCore.App.Ref\8.0.23\ref\net8.0\Microsoft.AspNetCore.ResponseCaching.Abstractions.dll" /reference:"C:\Program Files\dotnet\packs\Microsoft.AspNetCore.App.Ref\8.0.23\ref\net8.0\Microsoft.AspNetCore.ResponseCaching.dll" /reference:"C:\Program Files\dotnet\packs\Microsoft.AspNetCore.App.Ref\8.0.23\ref\net8.0\Microsoft.AspNetCore.ResponseCompression.dll" /reference:"C:\Program Files\dotnet\packs\Microsoft.AspNetCore.App.Ref\8.0.23\ref\net8.0\Microsoft.AspNetCore.Rewrite.dll" /reference:"C:\Program Files\dotnet\packs\Microsoft.AspNetCore.App.Ref\8.0.23\ref\net8.0\Microsoft.AspNetCore.Routing.Abstractions.dll" /reference:"C:\Program Files\dotnet\packs\Microsoft.AspNetCore.App.Ref\8.0.23\ref\net8.0\Microsoft.AspNetCore.Routing.dll" /reference:"C:\Program Files\dotnet\packs\Microsoft.AspNetCore.App.Ref\8.0.23\ref\net8.0\Microsoft.AspNetCore.Server.HttpSys.dll" /reference:"C:\Program Files\dotnet\packs\Microsoft.AspNetCore.App.Ref\8.0.23\ref\net8.0\Microsoft.AspNetCore.Server.IIS.dll" /reference:"C:\Program Files\dotnet\packs\Microsoft.AspNetCore.App.Ref\8.0.23\ref\net8.0\Microsoft.AspNetCore.Server.IISIntegration.dll" /reference:"C:\Program Files\dotnet\packs\Microsoft.AspNetCore.App.Ref\8.0.23\ref\net8.0\Microsoft.AspNetCore.Server.Kestrel.Core.dll" /reference:"C:\Program Files\dotnet\packs\Microsoft.AspNetCore.App.Ref\8.0.23\ref\net8.0\Microsoft.AspNetCore.Server.Kestrel.dll" /reference:"C:\Program Files\dotnet\packs\Microsoft.AspNetCore.App.Ref\8.0.23\ref\net8.0\Microsoft.AspNetCore.Server.Kestrel.Transport.NamedPipes.dll" /reference:"C:\Program Files\dotnet\packs\Microsoft.AspNetCore.App.Ref\8.0.23\ref\net8.0\Microsoft.AspNetCore.Server.Kestrel.Transport.Quic.dll" /reference:"C:\Program Files\dotnet\packs\Microsoft.AspNetCore.App.Ref\8.0.23\ref\net8.0\Microsoft.AspNetCore.Server.Kestrel.Transport.Sockets.dll" /reference:"C:\Program Files\dotnet\packs\Microsoft.AspNetCore.App.Ref\8.0.23\ref\net8.0\Microsoft.AspNetCore.Session.dll" /reference:"C:\Program Files\dotnet\packs\Microsoft.AspNetCore.App.Ref\8.0.23\ref\net8.0\Microsoft.AspNetCore.SignalR.Common.dll" /reference:"C:\Program Files\dotnet\packs\Microsoft.AspNetCore.App.Ref\8.0.23\ref\net8.0\Microsoft.AspNetCore.SignalR.Core.dll" /reference:"C:\Program Files\dotnet\packs\Microsoft.AspNetCore.App.Ref\8.0.23\ref\net8.0\Microsoft.AspNetCore.SignalR.dll" /reference:"C:\Program Files\dotnet\packs\Microsoft.AspNetCore.App.Ref\8.0.23\ref\net8.0\Microsoft.AspNetCore.SignalR.Protocols.Json.dll" /reference:"C:\Program Files\dotnet\packs\Microsoft.AspNetCore.App.Ref\8.0.23\ref\net8.0\Microsoft.AspNetCore.StaticFiles.dll" /reference:"C:\Program Files\dotnet\packs\Microsoft.AspNetCore.App.Ref\8.0.23\ref\net8.0\Microsoft.AspNetCore.WebSockets.dll" /reference:"C:\Program Files\dotnet\packs\Microsoft.AspNetCore.App.Ref\8.0.23\ref\net8.0\Microsoft.AspNetCore.WebUtilities.dll" /reference:C:\Users\ubf0238\.nuget\packages\microsoft.azure.webjobs.core\3.0.39\lib\netstandard2.0\Microsoft.Azure.WebJobs.dll /reference:C:\Users\ubf0238\.nuget\packages\microsoft.azure.webjobs.extensions\3.0.6\lib\netstandard2.0\Microsoft.Azure.WebJobs.Extensions.dll /reference:C:\Users\ubf0238\.nuget\packages\microsoft.azure.webjobs.extensions.durabletask\3.10.0\lib\net8.0\Microsoft.Azure.WebJobs.Extensions.DurableTask.dll /reference:C:\Users\ubf0238\.nuget\packages\microsoft.azure.webjobs.extensions.http\3.2.0\lib\netstandard2.0\Microsoft.Azure.WebJobs.Extensions.Http.dll /reference:C:\Users\ubf0238\.nuget\packages\microsoft.azure.webjobs.extensions.rpc\3.0.39\lib\net6.0\Microsoft.Azure.WebJobs.Extensions.Rpc.dll /reference:C:\Users\ubf0238\.nuget\packages\microsoft.azure.webjobs\3.0.39\lib\netstandard2.0\Microsoft.Azure.WebJobs.Host.dll /reference:C:\Users\ubf0238\.nuget\packages\microsoft.azure.webjobs.host.storage\3.0.14\lib\netstandard2.0\Microsoft.Azure.WebJobs.Host.Storage.dll /reference:C:\Users\ubf0238\.nuget\packages\microsoft.azure.webjobs.rpc.core\3.0.39\lib\net6.0\Microsoft.Azure.WebJobs.Rpc.Core.dll /reference:C:\Users\ubf0238\.nuget\packages\microsoft.bcl.asyncinterfaces\8.0.0\lib\netstandard2.1\Microsoft.Bcl.AsyncInterfaces.dll /reference:"C:\Program Files\dotnet\packs\Microsoft.NETCore.App.Ref\8.0.23\ref\net8.0\Microsoft.CSharp.dll" /reference:C:\Users\ubf0238\.nuget\packages\microsoft.dotnet.platformabstractions\2.1.0\lib\netstandard1.3\Microsoft.DotNet.PlatformAbstractions.dll /reference:C:\Users\ubf0238\.nuget\packages\microsoft.extensions.azure\1.7.0\lib\netstandard2.0\Microsoft.Extensions.Azure.dll /reference:"C:\Program Files\dotnet\packs\Microsoft.AspNetCore.App.Ref\8.0.23\ref\net8.0\Microsoft.Extensions.Caching.Abstractions.dll" /reference:"C:\Program Files\dotnet\packs\Microsoft.AspNetCore.App.Ref\8.0.23\ref\net8.0\Microsoft.Extensions.Caching.Memory.dll" /reference:"C:\Program Files\dotnet\packs\Microsoft.AspNetCore.App.Ref\8.0.23\ref\net8.0\Microsoft.Extensions.Configuration.Abstractions.dll" /reference:"C:\Program Files\dotnet\packs\Microsoft.AspNetCore.App.Ref\8.0.23\ref\net8.0\Microsoft.Extensions.Configuration.Binder.dll" /reference:"C:\Program Files\dotnet\packs\Microsoft.AspNetCore.App.Ref\8.0.23\ref\net8.0\Microsoft.Extensions.Configuration.CommandLine.dll" /reference:"C:\Program Files\dotnet\packs\Microsoft.AspNetCore.App.Ref\8.0.23\ref\net8.0\Microsoft.Extensions.Configuration.dll" /reference:"C:\Program Files\dotnet\packs\Microsoft.AspNetCore.App.Ref\8.0.23\ref\net8.0\Microsoft.Extensions.Configuration.EnvironmentVariables.dll" /reference:"C:\Program Files\dotnet\packs\Microsoft.AspNetCore.App.Ref\8.0.23\ref\net8.0\Microsoft.Extensions.Configuration.FileExtensions.dll" /reference:"C:\Program Files\dotnet\packs\Microsoft.AspNetCore.App.Ref\8.0.23\ref\net8.0\Microsoft.Extensions.Configuration.Ini.dll" /reference:"C:\Program Files\dotnet\packs\Microsoft.AspNetCore.App.Ref\8.0.23\ref\net8.0\Microsoft.Extensions.Configuration.Json.dll" /reference:"C:\Program Files\dotnet\packs\Microsoft.AspNetCore.App.Ref\8.0.23\ref\net8.0\Microsoft.Extensions.Configuration.KeyPerFile.dll" /reference:"C:\Program Files\dotnet\packs\Microsoft.AspNetCore.App.Ref\8.0.23\ref\net8.0\Microsoft.Extensions.Configuration.UserSecrets.dll" /reference:"C:\Program Files\dotnet\packs\Microsoft.AspNetCore.App.Ref\8.0.23\ref\net8.0\Microsoft.Extensions.Configuration.Xml.dll" /reference:"C:\Program Files\dotnet\packs\Microsoft.AspNetCore.App.Ref\8.0.23\ref\net8.0\Microsoft.Extensions.DependencyInjection.Abstractions.dll" /reference:"C:\Program Files\dotnet\packs\Microsoft.AspNetCore.App.Ref\8.0.23\ref\net8.0\Microsoft.Extensions.DependencyInjection.dll" /reference:C:\Users\ubf0238\.nuget\packages\microsoft.extensions.dependencymodel\2.1.0\lib\netstandard1.6\Microsoft.Extensions.DependencyModel.dll /reference:"C:\Program Files\dotnet\packs\Microsoft.AspNetCore.App.Ref\8.0.23\ref\net8.0\Microsoft.Extensions.Diagnostics.Abstractions.dll" /reference:"C:\Program Files\dotnet\packs\Microsoft.AspNetCore.App.Ref\8.0.23\ref\net8.0\Microsoft.Extensions.Diagnostics.dll" /reference:"C:\Program Files\dotnet\packs\Microsoft.AspNetCore.App.Ref\8.0.23\ref\net8.0\Microsoft.Extensions.Diagnostics.HealthChecks.Abstractions.dll" /reference:"C:\Program Files\dotnet\packs\Microsoft.AspNetCore.App.Ref\8.0.23\ref\net8.0\Microsoft.Extensions.Diagnostics.HealthChecks.dll" /reference:"C:\Program Files\dotnet\packs\Microsoft.AspNetCore.App.Ref\8.0.23\ref\net8.0\Microsoft.Extensions.Features.dll" /reference:"C:\Program Files\dotnet\packs\Microsoft.AspNetCore.App.Ref\8.0.23\ref\net8.0\Microsoft.Extensions.FileProviders.Abstractions.dll" /reference:"C:\Program Files\dotnet\packs\Microsoft.AspNetCore.App.Ref\8.0.23\ref\net8.0\Microsoft.Extensions.FileProviders.Composite.dll" /reference:"C:\Program Files\dotnet\packs\Microsoft.AspNetCore.App.Ref\8.0.23\ref\net8.0\Microsoft.Extensions.FileProviders.Embedded.dll" /reference:"C:\Program Files\dotnet\packs\Microsoft.AspNetCore.App.Ref\8.0.23\ref\net8.0\Microsoft.Extensions.FileProviders.Physical.dll" /reference:"C:\Program Files\dotnet\packs\Microsoft.AspNetCore.App.Ref\8.0.23\ref\net8.0\Microsoft.Extensions.FileSystemGlobbing.dll" /reference:"C:\Program Files\dotnet\packs\Microsoft.AspNetCore.App.Ref\8.0.23\ref\net8.0\Microsoft.Extensions.Hosting.Abstractions.dll" /reference:"C:\Program Files\dotnet\packs\Microsoft.AspNetCore.App.Ref\8.0.23\ref\net8.0\Microsoft.Extensions.Hosting.dll" /reference:"C:\Program Files\dotnet\packs\Microsoft.AspNetCore.App.Ref\8.0.23\ref\net8.0\Microsoft.Extensions.Http.dll" /reference:"C:\Program Files\dotnet\packs\Microsoft.AspNetCore.App.Ref\8.0.23\ref\net8.0\Microsoft.Extensions.Identity.Core.dll" /reference:"C:\Program Files\dotnet\packs\Microsoft.AspNetCore.App.Ref\8.0.23\ref\net8.0\Microsoft.Extensions.Identity.Stores.dll" /reference:"C:\Program Files\dotnet\packs\Microsoft.AspNetCore.App.Ref\8.0.23\ref\net8.0\Microsoft.Extensions.Localization.Abstractions.dll" /reference:"C:\Program Files\dotnet\packs\Microsoft.AspNetCore.App.Ref\8.0.23\ref\net8.0\Microsoft.Extensions.Localization.dll" /reference:"C:\Program Files\dotnet\packs\Microsoft.AspNetCore.App.Ref\8.0.23\ref\net8.0\Microsoft.Extensions.Logging.Abstractions.dll" /reference:"C:\Program Files\dotnet\packs\Microsoft.AspNetCore.App.Ref\8.0.23\ref\net8.0\Microsoft.Extensions.Logging.Configuration.dll" /reference:"C:\Program Files\dotnet\packs\Microsoft.AspNetCore.App.Ref\8.0.23\ref\net8.0\Microsoft.Extensions.Logging.Console.dll" /reference:"C:\Program Files\dotnet\packs\Microsoft.AspNetCore.App.Ref\8.0.23\ref\net8.0\Microsoft.Extensions.Logging.Debug.dll" /reference:"C:\Program Files\dotnet\packs\Microsoft.AspNetCore.App.Ref\8.0.23\ref\net8.0\Microsoft.Extensions.Logging.dll" /reference:"C:\Program Files\dotnet\packs\Microsoft.AspNetCore.App.Ref\8.0.23\ref\net8.0\Microsoft.Extensions.Logging.EventLog.dll" /reference:"C:\Program Files\dotnet\packs\Microsoft.AspNetCore.App.Ref\8.0.23\ref\net8.0\Microsoft.Extensions.Logging.EventSource.dll" /reference:"C:\Program Files\dotnet\packs\Microsoft.AspNetCore.App.Ref\8.0.23\ref\net8.0\Microsoft.Extensions.Logging.TraceSource.dll" /reference:"C:\Program Files\dotnet\packs\Microsoft.AspNetCore.App.Ref\8.0.23\ref\net8.0\Microsoft.Extensions.ObjectPool.dll" /reference:"C:\Program Files\dotnet\packs\Microsoft.AspNetCore.App.Ref\8.0.23\ref\net8.0\Microsoft.Extensions.Options.ConfigurationExtensions.dll" /reference:"C:\Program Files\dotnet\packs\Microsoft.AspNetCore.App.Ref\8.0.23\ref\net8.0\Microsoft.Extensions.Options.DataAnnotations.dll" /reference:"C:\Program Files\dotnet\packs\Microsoft.AspNetCore.App.Ref\8.0.23\ref\net8.0\Microsoft.Extensions.Options.dll" /reference:"C:\Program Files\dotnet\packs\Microsoft.AspNetCore.App.Ref\8.0.23\ref\net8.0\Microsoft.Extensions.Primitives.dll" /reference:"C:\Program Files\dotnet\packs\Microsoft.AspNetCore.App.Ref\8.0.23\ref\net8.0\Microsoft.Extensions.WebEncoders.dll" /reference:C:\Users\ubf0238\.nuget\packages\microsoft.identity.client\4.78.0\lib\net8.0\Microsoft.Identity.Client.dll /reference:C:\Users\ubf0238\.nuget\packages\microsoft.identity.client.extensions.msal\4.78.0\lib\net8.0\Microsoft.Identity.Client.Extensions.Msal.dll /reference:C:\Users\ubf0238\.nuget\packages\microsoft.identitymodel.abstractions\8.14.0\lib\net8.0\Microsoft.IdentityModel.Abstractions.dll /reference:"C:\Program Files\dotnet\packs\Microsoft.AspNetCore.App.Ref\8.0.23\ref\net8.0\Microsoft.JSInterop.dll" /reference:"C:\Program Files\dotnet\packs\Microsoft.AspNetCore.App.Ref\8.0.23\ref\net8.0\Microsoft.Net.Http.Headers.dll" /reference:"C:\Program Files\dotnet\packs\Microsoft.NETCore.App.Ref\8.0.23\ref\net8.0\Microsoft.VisualBasic.Core.dll" /reference:"C:\Program Files\dotnet\packs\Microsoft.NETCore.App.Ref\8.0.23\ref\net8.0\Microsoft.VisualBasic.dll" /reference:"C:\Program Files\dotnet\packs\Microsoft.NETCore.App.Ref\8.0.23\ref\net8.0\Microsoft.Win32.Primitives.dll" /reference:"C:\Program Files\dotnet\packs\Microsoft.NETCore.App.Ref\8.0.23\ref\net8.0\Microsoft.Win32.Registry.dll" /reference:C:\Users\ubf0238\.nuget\packages\windowsazure.storage\9.3.1\lib\netstandard1.3\Microsoft.WindowsAzure.Storage.dll /reference:"C:\Program Files\dotnet\packs\Microsoft.NETCore.App.Ref\8.0.23\ref\net8.0\mscorlib.dll" /reference:C:\Users\ubf0238\.nuget\packages\ncrontab.signed\3.3.0\lib\netstandard1.0\NCrontab.Signed.dll /reference:"C:\Program Files\dotnet\packs\Microsoft.NETCore.App.Ref\8.0.23\ref\net8.0\netstandard.dll" /reference:C:\Users\ubf0238\.nuget\packages\newtonsoft.json.bson\1.0.1\lib\netstandard1.3\Newtonsoft.Json.Bson.dll /reference:C:\Users\ubf0238\.nuget\packages\newtonsoft.json\13.0.1\lib\netstandard2.0\Newtonsoft.Json.dll /reference:"C:\Program Files\dotnet\packs\Microsoft.NETCore.App.Ref\8.0.23\ref\net8.0\System.AppContext.dll" /reference:"C:\Program Files\dotnet\packs\Microsoft.NETCore.App.Ref\8.0.23\ref\net8.0\System.Buffers.dll" /reference:C:\Users\ubf0238\.nuget\packages\system.clientmodel\1.8.0\lib\net8.0\System.ClientModel.dll /reference:"C:\Program Files\dotnet\packs\Microsoft.NETCore.App.Ref\8.0.23\ref\net8.0\System.Collections.Concurrent.dll" /reference:"C:\Program Files\dotnet\packs\Microsoft.NETCore.App.Ref\8.0.23\ref\net8.0\System.Collections.dll" /reference:"C:\Program Files\dotnet\packs\Microsoft.NETCore.App.Ref\8.0.23\ref\net8.0\System.Collections.Immutable.dll" /reference:"C:\Program Files\dotnet\packs\Microsoft.NETCore.App.Ref\8.0.23\ref\net8.0\System.Collections.NonGeneric.dll" /reference:"C:\Program Files\dotnet\packs\Microsoft.NETCore.App.Ref\8.0.23\ref\net8.0\System.Collections.Specialized.dll" /reference:"C:\Program Files\dotnet\packs\Microsoft.NETCore.App.Ref\8.0.23\ref\net8.0\System.ComponentModel.Annotations.dll" /reference:"C:\Program Files\dotnet\packs\Microsoft.NETCore.App.Ref\8.0.23\ref\net8.0\System.ComponentModel.DataAnnotations.dll" /reference:"C:\Program Files\dotnet\packs\Microsoft.NETCore.App.Ref\8.0.23\ref\net8.0\System.ComponentModel.dll" /reference:"C:\Program Files\dotnet\packs\Microsoft.NETCore.App.Ref\8.0.23\ref\net8.0\System.ComponentModel.EventBasedAsync.dll" /reference:"C:\Program Files\dotnet\packs\Microsoft.NETCore.App.Ref\8.0.23\ref\net8.0\System.ComponentModel.Primitives.dll" /reference:"C:\Program Files\dotnet\packs\Microsoft.NETCore.App.Ref\8.0.23\ref\net8.0\System.ComponentModel.TypeConverter.dll" /reference:"C:\Program Files\dotnet\packs\Microsoft.NETCore.App.Ref\8.0.23\ref\net8.0\System.Configuration.dll" /reference:"C:\Program Files\dotnet\packs\Microsoft.NETCore.App.Ref\8.0.23\ref\net8.0\System.Console.dll" /reference:"C:\Program Files\dotnet\packs\Microsoft.NETCore.App.Ref\8.0.23\ref\net8.0\System.Core.dll" /reference:"C:\Program Files\dotnet\packs\Microsoft.NETCore.App.Ref\8.0.23\ref\net8.0\System.Data.Common.dll" /reference:"C:\Program Files\dotnet\packs\Microsoft.NETCore.App.Ref\8.0.23\ref\net8.0\System.Data.DataSetExtensions.dll" /reference:"C:\Program Files\dotnet\packs\Microsoft.NETCore.App.Ref\8.0.23\ref\net8.0\System.Data.dll" /reference:"C:\Program Files\dotnet\packs\Microsoft.NETCore.App.Ref\8.0.23\ref\net8.0\System.Diagnostics.Contracts.dll" /reference:"C:\Program Files\dotnet\packs\Microsoft.NETCore.App.Ref\8.0.23\ref\net8.0\System.Diagnostics.Debug.dll" /reference:"C:\Program Files\dotnet\packs\Microsoft.NETCore.App.Ref\8.0.23\ref\net8.0\System.Diagnostics.DiagnosticSource.dll" /reference:"C:\Program Files\dotnet\packs\Microsoft.AspNetCore.App.Ref\8.0.23\ref\net8.0\System.Diagnostics.EventLog.dll" /reference:"C:\Program Files\dotnet\packs\Microsoft.NETCore.App.Ref\8.0.23\ref\net8.0\System.Diagnostics.FileVersionInfo.dll" /reference:"C:\Program Files\dotnet\packs\Microsoft.NETCore.App.Ref\8.0.23\ref\net8.0\System.Diagnostics.Process.dll" /reference:"C:\Program Files\dotnet\packs\Microsoft.NETCore.App.Ref\8.0.23\ref\net8.0\System.Diagnostics.StackTrace.dll" /reference:"C:\Program Files\dotnet\packs\Microsoft.NETCore.App.Ref\8.0.23\ref\net8.0\System.Diagnostics.TextWriterTraceListener.dll" /reference:"C:\Program Files\dotnet\packs\Microsoft.NETCore.App.Ref\8.0.23\ref\net8.0\System.Diagnostics.Tools.dll" /reference:"C:\Program Files\dotnet\packs\Microsoft.NETCore.App.Ref\8.0.23\ref\net8.0\System.Diagnostics.TraceSource.dll" /reference:"C:\Program Files\dotnet\packs\Microsoft.NETCore.App.Ref\8.0.23\ref\net8.0\System.Diagnostics.Tracing.dll" /reference:"C:\Program Files\dotnet\packs\Microsoft.NETCore.App.Ref\8.0.23\ref\net8.0\System.dll" /reference:"C:\Program Files\dotnet\packs\Microsoft.NETCore.App.Ref\8.0.23\ref\net8.0\System.Drawing.dll" /reference:"C:\Program Files\dotnet\packs\Microsoft.NETCore.App.Ref\8.0.23\ref\net8.0\System.Drawing.Primitives.dll" /reference:"C:\Program Files\dotnet\packs\Microsoft.NETCore.App.Ref\8.0.23\ref\net8.0\System.Dynamic.Runtime.dll" /reference:"C:\Program Files\dotnet\packs\Microsoft.NETCore.App.Ref\8.0.23\ref\net8.0\System.Formats.Asn1.dll" /reference:"C:\Program Files\dotnet\packs\Microsoft.NETCore.App.Ref\8.0.23\ref\net8.0\System.Formats.Tar.dll" /reference:"C:\Program Files\dotnet\packs\Microsoft.NETCore.App.Ref\8.0.23\ref\net8.0\System.Globalization.Calendars.dll" /reference:"C:\Program Files\dotnet\packs\Microsoft.NETCore.App.Ref\8.0.23\ref\net8.0\System.Globalization.dll" /reference:"C:\Program Files\dotnet\packs\Microsoft.NETCore.App.Ref\8.0.23\ref\net8.0\System.Globalization.Extensions.dll" /reference:"C:\Program Files\dotnet\packs\Microsoft.NETCore.App.Ref\8.0.23\ref\net8.0\System.IO.Compression.Brotli.dll" /reference:"C:\Program Files\dotnet\packs\Microsoft.NETCore.App.Ref\8.0.23\ref\net8.0\System.IO.Compression.dll" /reference:"C:\Program Files\dotnet\packs\Microsoft.NETCore.App.Ref\8.0.23\ref\net8.0\System.IO.Compression.FileSystem.dll" /reference:"C:\Program Files\dotnet\packs\Microsoft.NETCore.App.Ref\8.0.23\ref\net8.0\System.IO.Compression.ZipFile.dll" /reference:"C:\Program Files\dotnet\packs\Microsoft.NETCore.App.Ref\8.0.23\ref\net8.0\System.IO.dll" /reference:"C:\Program Files\dotnet\packs\Microsoft.NETCore.App.Ref\8.0.23\ref\net8.0\System.IO.FileSystem.AccessControl.dll" /reference:"C:\Program Files\dotnet\packs\Microsoft.NETCore.App.Ref\8.0.23\ref\net8.0\System.IO.FileSystem.dll" /reference:"C:\Program Files\dotnet\packs\Microsoft.NETCore.App.Ref\8.0.23\ref\net8.0\System.IO.FileSystem.DriveInfo.dll" /reference:"C:\Program Files\dotnet\packs\Microsoft.NETCore.App.Ref\8.0.23\ref\net8.0\System.IO.FileSystem.Primitives.dll" /reference:"C:\Program Files\dotnet\packs\Microsoft.NETCore.App.Ref\8.0.23\ref\net8.0\System.IO.FileSystem.Watcher.dll" /reference:C:\Users\ubf0238\.nuget\packages\system.io.hashing\6.0.0\lib\net6.0\System.IO.Hashing.dll /reference:"C:\Program Files\dotnet\packs\Microsoft.NETCore.App.Ref\8.0.23\ref\net8.0\System.IO.IsolatedStorage.dll" /reference:"C:\Program Files\dotnet\packs\Microsoft.NETCore.App.Ref\8.0.23\ref\net8.0\System.IO.MemoryMappedFiles.dll" /reference:"C:\Program Files\dotnet\packs\Microsoft.AspNetCore.App.Ref\8.0.23\ref\net8.0\System.IO.Pipelines.dll" /reference:"C:\Program Files\dotnet\packs\Microsoft.NETCore.App.Ref\8.0.23\ref\net8.0\System.IO.Pipes.AccessControl.dll" /reference:"C:\Program Files\dotnet\packs\Microsoft.NETCore.App.Ref\8.0.23\ref\net8.0\System.IO.Pipes.dll" /reference:"C:\Program Files\dotnet\packs\Microsoft.NETCore.App.Ref\8.0.23\ref\net8.0\System.IO.UnmanagedMemoryStream.dll" /reference:C:\Users\ubf0238\.nuget\packages\system.linq.async\6.0.1\ref\net6.0\System.Linq.Async.dll /reference:"C:\Program Files\dotnet\packs\Microsoft.NETCore.App.Ref\8.0.23\ref\net8.0\System.Linq.dll" /reference:"C:\Program Files\dotnet\packs\Microsoft.NETCore.App.Ref\8.0.23\ref\net8.0\System.Linq.Expressions.dll" /reference:"C:\Program Files\dotnet\packs\Microsoft.NETCore.App.Ref\8.0.23\ref\net8.0\System.Linq.Parallel.dll" /reference:"C:\Program Files\dotnet\packs\Microsoft.NETCore.App.Ref\8.0.23\ref\net8.0\System.Linq.Queryable.dll" /reference:C:\Users\ubf0238\.nuget\packages\system.memory.data\8.0.1\lib\net8.0\System.Memory.Data.dll /reference:"C:\Program Files\dotnet\packs\Microsoft.NETCore.App.Ref\8.0.23\ref\net8.0\System.Memory.dll" /reference:"C:\Program Files\dotnet\packs\Microsoft.NETCore.App.Ref\8.0.23\ref\net8.0\System.Net.dll" /reference:"C:\Program Files\dotnet\packs\Microsoft.NETCore.App.Ref\8.0.23\ref\net8.0\System.Net.Http.dll" /reference:C:\Users\ubf0238\.nuget\packages\microsoft.aspnet.webapi.client\5.2.8\lib\netstandard2.0\System.Net.Http.Formatting.dll /reference:"C:\Program Files\dotnet\packs\Microsoft.NETCore.App.Ref\8.0.23\ref\net8.0\System.Net.Http.Json.dll" /reference:"C:\Program Files\dotnet\packs\Microsoft.NETCore.App.Ref\8.0.23\ref\net8.0\System.Net.HttpListener.dll" /reference:"C:\Program Files\dotnet\packs\Microsoft.NETCore.App.Ref\8.0.23\ref\net8.0\System.Net.Mail.dll" /reference:"C:\Program Files\dotnet\packs\Microsoft.NETCore.App.Ref\8.0.23\ref\net8.0\System.Net.NameResolution.dll" /reference:"C:\Program Files\dotnet\packs\Microsoft.NETCore.App.Ref\8.0.23\ref\net8.0\System.Net.NetworkInformation.dll" /reference:"C:\Program Files\dotnet\packs\Microsoft.NETCore.App.Ref\8.0.23\ref\net8.0\System.Net.Ping.dll" /reference:"C:\Program Files\dotnet\packs\Microsoft.NETCore.App.Ref\8.0.23\ref\net8.0\System.Net.Primitives.dll" /reference:"C:\Program Files\dotnet\packs\Microsoft.NETCore.App.Ref\8.0.23\ref\net8.0\System.Net.Quic.dll" /reference:"C:\Program Files\dotnet\packs\Microsoft.NETCore.App.Ref\8.0.23\ref\net8.0\System.Net.Requests.dll" /reference:"C:\Program Files\dotnet\packs\Microsoft.NETCore.App.Ref\8.0.23\ref\net8.0\System.Net.Security.dll" /reference:"C:\Program Files\dotnet\packs\Microsoft.NETCore.App.Ref\8.0.23\ref\net8.0\System.Net.ServicePoint.dll" /reference:"C:\Program Files\dotnet\packs\Microsoft.NETCore.App.Ref\8.0.23\ref\net8.0\System.Net.Sockets.dll" /reference:"C:\Program Files\dotnet\packs\Microsoft.NETCore.App.Ref\8.0.23\ref\net8.0\System.Net.WebClient.dll" /reference:"C:\Program Files\dotnet\packs\Microsoft.NETCore.App.Ref\8.0.23\ref\net8.0\System.Net.WebHeaderCollection.dll" /reference:"C:\Program Files\dotnet\packs\Microsoft.NETCore.App.Ref\8.0.23\ref\net8.0\System.Net.WebProxy.dll" /reference:"C:\Program Files\dotnet\packs\Microsoft.NETCore.App.Ref\8.0.23\ref\net8.0\System.Net.WebSockets.Client.dll" /reference:"C:\Program Files\dotnet\packs\Microsoft.NETCore.App.Ref\8.0.23\ref\net8.0\System.Net.WebSockets.dll" /reference:"C:\Program Files\dotnet\packs\Microsoft.NETCore.App.Ref\8.0.23\ref\net8.0\System.Numerics.dll" /reference:"C:\Program Files\dotnet\packs\Microsoft.NETCore.App.Ref\8.0.23\ref\net8.0\System.Numerics.Vectors.dll" /reference:"C:\Program Files\dotnet\packs\Microsoft.NETCore.App.Ref\8.0.23\ref\net8.0\System.ObjectModel.dll" /reference:C:\Users\ubf0238\.nuget\packages\system.reactive.core\4.4.1\lib\netstandard2.0\System.Reactive.Core.dll /reference:C:\Users\ubf0238\.nuget\packages\system.reactive\4.4.1\lib\netstandard2.0\System.Reactive.dll /reference:C:\Users\ubf0238\.nuget\packages\system.reactive.interfaces\4.4.1\lib\netstandard2.0\System.Reactive.Interfaces.dll /reference:C:\Users\ubf0238\.nuget\packages\system.reactive.linq\4.4.1\lib\netstandard2.0\System.Reactive.Linq.dll /reference:C:\Users\ubf0238\.nuget\packages\system.reactive.platformservices\4.4.1\lib\netstandard2.0\System.Reactive.PlatformServices.dll /reference:C:\Users\ubf0238\.nuget\packages\system.reactive.providers\4.4.1\lib\netstandard2.0\System.Reactive.Providers.dll /reference:"C:\Program Files\dotnet\packs\Microsoft.NETCore.App.Ref\8.0.23\ref\net8.0\System.Reflection.DispatchProxy.dll" /reference:"C:\Program Files\dotnet\packs\Microsoft.NETCore.App.Ref\8.0.23\ref\net8.0\System.Reflection.dll" /reference:"C:\Program Files\dotnet\packs\Microsoft.NETCore.App.Ref\8.0.23\ref\net8.0\System.Reflection.Emit.dll" /reference:"C:\Program Files\dotnet\packs\Microsoft.NETCore.App.Ref\8.0.23\ref\net8.0\System.Reflection.Emit.ILGeneration.dll" /reference:"C:\Program Files\dotnet\packs\Microsoft.NETCore.App.Ref\8.0.23\ref\net8.0\System.Reflection.Emit.Lightweight.dll" /reference:"C:\Program Files\dotnet\packs\Microsoft.NETCore.App.Ref\8.0.23\ref\net8.0\System.Reflection.Extensions.dll" /reference:"C:\Program Files\dotnet\packs\Microsoft.NETCore.App.Ref\8.0.23\ref\net8.0\System.Reflection.Metadata.dll" /reference:"C:\Program Files\dotnet\packs\Microsoft.NETCore.App.Ref\8.0.23\ref\net8.0\System.Reflection.Primitives.dll" /reference:"C:\Program Files\dotnet\packs\Microsoft.NETCore.App.Ref\8.0.23\ref\net8.0\System.Reflection.TypeExtensions.dll" /reference:"C:\Program Files\dotnet\packs\Microsoft.NETCore.App.Ref\8.0.23\ref\net8.0\System.Resources.Reader.dll" /reference:"C:\Program Files\dotnet\packs\Microsoft.NETCore.App.Ref\8.0.23\ref\net8.0\System.Resources.ResourceManager.dll" /reference:"C:\Program Files\dotnet\packs\Microsoft.NETCore.App.Ref\8.0.23\ref\net8.0\System.Resources.Writer.dll" /reference:"C:\Program Files\dotnet\packs\Microsoft.NETCore.App.Ref\8.0.23\ref\net8.0\System.Runtime.CompilerServices.Unsafe.dll" /reference:"C:\Program Files\dotnet\packs\Microsoft.NETCore.App.Ref\8.0.23\ref\net8.0\System.Runtime.CompilerServices.VisualC.dll" /reference:"C:\Program Files\dotnet\packs\Microsoft.NETCore.App.Ref\8.0.23\ref\net8.0\System.Runtime.dll" /reference:"C:\Program Files\dotnet\packs\Microsoft.NETCore.App.Ref\8.0.23\ref\net8.0\System.Runtime.Extensions.dll" /reference:"C:\Program Files\dotnet\packs\Microsoft.NETCore.App.Ref\8.0.23\ref\net8.0\System.Runtime.Handles.dll" /reference:"C:\Program Files\dotnet\packs\Microsoft.NETCore.App.Ref\8.0.23\ref\net8.0\System.Runtime.InteropServices.dll" /reference:"C:\Program Files\dotnet\packs\Microsoft.NETCore.App.Ref\8.0.23\ref\net8.0\System.Runtime.InteropServices.JavaScript.dll" /reference:"C:\Program Files\dotnet\packs\Microsoft.NETCore.App.Ref\8.0.23\ref\net8.0\System.Runtime.InteropServices.RuntimeInformation.dll" /reference:"C:\Program Files\dotnet\packs\Microsoft.NETCore.App.Ref\8.0.23\ref\net8.0\System.Runtime.Intrinsics.dll" /reference:"C:\Program Files\dotnet\packs\Microsoft.NETCore.App.Ref\8.0.23\ref\net8.0\System.Runtime.Loader.dll" /reference:"C:\Program Files\dotnet\packs\Microsoft.NETCore.App.Ref\8.0.23\ref\net8.0\System.Runtime.Numerics.dll" /reference:"C:\Program Files\dotnet\packs\Microsoft.NETCore.App.Ref\8.0.23\ref\net8.0\System.Runtime.Serialization.dll" /reference:"C:\Program Files\dotnet\packs\Microsoft.NETCore.App.Ref\8.0.23\ref\net8.0\System.Runtime.Serialization.Formatters.dll" /reference:"C:\Program Files\dotnet\packs\Microsoft.NETCore.App.Ref\8.0.23\ref\net8.0\System.Runtime.Serialization.Json.dll" /reference:"C:\Program Files\dotnet\packs\Microsoft.NETCore.App.Ref\8.0.23\ref\net8.0\System.Runtime.Serialization.Primitives.dll" /reference:"C:\Program Files\dotnet\packs\Microsoft.NETCore.App.Ref\8.0.23\ref\net8.0\System.Runtime.Serialization.Xml.dll" /reference:"C:\Program Files\dotnet\packs\Microsoft.NETCore.App.Ref\8.0.23\ref\net8.0\System.Security.AccessControl.dll" /reference:"C:\Program Files\dotnet\packs\Microsoft.NETCore.App.Ref\8.0.23\ref\net8.0\System.Security.Claims.dll" /reference:"C:\Program Files\dotnet\packs\Microsoft.NETCore.App.Ref\8.0.23\ref\net8.0\System.Security.Cryptography.Algorithms.dll" /reference:"C:\Program Files\dotnet\packs\Microsoft.NETCore.App.Ref\8.0.23\ref\net8.0\System.Security.Cryptography.Cng.dll" /reference:"C:\Program Files\dotnet\packs\Microsoft.NETCore.App.Ref\8.0.23\ref\net8.0\System.Security.Cryptography.Csp.dll" /reference:"C:\Program Files\dotnet\packs\Microsoft.NETCore.App.Ref\8.0.23\ref\net8.0\System.Security.Cryptography.dll" /reference:"C:\Program Files\dotnet\packs\Microsoft.NETCore.App.Ref\8.0.23\ref\net8.0\System.Security.Cryptography.Encoding.dll" /reference:"C:\Program Files\dotnet\packs\Microsoft.NETCore.App.Ref\8.0.23\ref\net8.0\System.Security.Cryptography.OpenSsl.dll" /reference:"C:\Program Files\dotnet\packs\Microsoft.NETCore.App.Ref\8.0.23\ref\net8.0\System.Security.Cryptography.Primitives.dll" /reference:C:\Users\ubf0238\.nuget\packages\system.security.cryptography.protecteddata\4.5.0\ref\netstandard2.0\System.Security.Cryptography.ProtectedData.dll /reference:"C:\Program Files\dotnet\packs\Microsoft.NETCore.App.Ref\8.0.23\ref\net8.0\System.Security.Cryptography.X509Certificates.dll" /reference:"C:\Program Files\dotnet\packs\Microsoft.AspNetCore.App.Ref\8.0.23\ref\net8.0\System.Security.Cryptography.Xml.dll" /reference:"C:\Program Files\dotnet\packs\Microsoft.NETCore.App.Ref\8.0.23\ref\net8.0\System.Security.dll" /reference:"C:\Program Files\dotnet\packs\Microsoft.NETCore.App.Ref\8.0.23\ref\net8.0\System.Security.Principal.dll" /reference:"C:\Program Files\dotnet\packs\Microsoft.NETCore.App.Ref\8.0.23\ref\net8.0\System.Security.Principal.Windows.dll" /reference:"C:\Program Files\dotnet\packs\Microsoft.NETCore.App.Ref\8.0.23\ref\net8.0\System.Security.SecureString.dll" /reference:"C:\Program Files\dotnet\packs\Microsoft.NETCore.App.Ref\8.0.23\ref\net8.0\System.ServiceModel.Web.dll" /reference:"C:\Program Files\dotnet\packs\Microsoft.NETCore.App.Ref\8.0.23\ref\net8.0\System.ServiceProcess.dll" /reference:"C:\Program Files\dotnet\packs\Microsoft.NETCore.App.Ref\8.0.23\ref\net8.0\System.Text.Encoding.CodePages.dll" /reference:"C:\Program Files\dotnet\packs\Microsoft.NETCore.App.Ref\8.0.23\ref\net8.0\System.Text.Encoding.dll" /reference:"C:\Program Files\dotnet\packs\Microsoft.NETCore.App.Ref\8.0.23\ref\net8.0\System.Text.Encoding.Extensions.dll" /reference:"C:\Program Files\dotnet\packs\Microsoft.NETCore.App.Ref\8.0.23\ref\net8.0\System.Text.Encodings.Web.dll" /reference:"C:\Program Files\dotnet\packs\Microsoft.NETCore.App.Ref\8.0.23\ref\net8.0\System.Text.Json.dll" /reference:"C:\Program Files\dotnet\packs\Microsoft.NETCore.App.Ref\8.0.23\ref\net8.0\System.Text.RegularExpressions.dll" /reference:"C:\Program Files\dotnet\packs\Microsoft.NETCore.App.Ref\8.0.23\ref\net8.0\System.Threading.Channels.dll" /reference:"C:\Program Files\dotnet\packs\Microsoft.NETCore.App.Ref\8.0.23\ref\net8.0\System.Threading.dll" /reference:"C:\Program Files\dotnet\packs\Microsoft.NETCore.App.Ref\8.0.23\ref\net8.0\System.Threading.Overlapped.dll" /reference:"C:\Program Files\dotnet\packs\Microsoft.AspNetCore.App.Ref\8.0.23\ref\net8.0\System.Threading.RateLimiting.dll" /reference:"C:\Program Files\dotnet\packs\Microsoft.NETCore.App.Ref\8.0.23\ref\net8.0\System.Threading.Tasks.Dataflow.dll" /reference:"C:\Program Files\dotnet\packs\Microsoft.NETCore.App.Ref\8.0.23\ref\net8.0\System.Threading.Tasks.dll" /reference:"C:\Program Files\dotnet\packs\Microsoft.NETCore.App.Ref\8.0.23\ref\net8.0\System.Threading.Tasks.Extensions.dll" /reference:"C:\Program Files\dotnet\packs\Microsoft.NETCore.App.Ref\8.0.23\ref\net8.0\System.Threading.Tasks.Parallel.dll" /reference:"C:\Program Files\dotnet\packs\Microsoft.NETCore.App.Ref\8.0.23\ref\net8.0\System.Threading.Thread.dll" /reference:"C:\Program Files\dotnet\packs\Microsoft.NETCore.App.Ref\8.0.23\ref\net8.0\System.Threading.ThreadPool.dll" /reference:"C:\Program Files\dotnet\packs\Microsoft.NETCore.App.Ref\8.0.23\ref\net8.0\System.Threading.Timer.dll" /reference:"C:\Program Files\dotnet\packs\Microsoft.NETCore.App.Ref\8.0.23\ref\net8.0\System.Transactions.dll" /reference:"C:\Program Files\dotnet\packs\Microsoft.NETCore.App.Ref\8.0.23\ref\net8.0\System.Transactions.Local.dll" /reference:"C:\Program Files\dotnet\packs\Microsoft.NETCore.App.Ref\8.0.23\ref\net8.0\System.ValueTuple.dll" /reference:"C:\Program Files\dotnet\packs\Microsoft.NETCore.App.Ref\8.0.23\ref\net8.0\System.Web.dll" /reference:"C:\Program Files\dotnet\packs\Microsoft.NETCore.App.Ref\8.0.23\ref\net8.0\System.Web.HttpUtility.dll" /reference:"C:\Program Files\dotnet\packs\Microsoft.NETCore.App.Ref\8.0.23\ref\net8.0\System.Windows.dll" /reference:"C:\Program Files\dotnet\packs\Microsoft.NETCore.App.Ref\8.0.23\ref\net8.0\System.Xml.dll" /reference:"C:\Program Files\dotnet\packs\Microsoft.NETCore.App.Ref\8.0.23\ref\net8.0\System.Xml.Linq.dll" /reference:"C:\Program Files\dotnet\packs\Microsoft.NETCore.App.Ref\8.0.23\ref\net8.0\System.Xml.ReaderWriter.dll" /reference:"C:\Program Files\dotnet\packs\Microsoft.NETCore.App.Ref\8.0.23\ref\net8.0\System.Xml.Serialization.dll" /reference:"C:\Program Files\dotnet\packs\Microsoft.NETCore.App.Ref\8.0.23\ref\net8.0\System.Xml.XDocument.dll" /reference:"C:\Program Files\dotnet\packs\Microsoft.NETCore.App.Ref\8.0.23\ref\net8.0\System.Xml.XmlDocument.dll" /reference:"C:\Program Files\dotnet\packs\Microsoft.NETCore.App.Ref\8.0.23\ref\net8.0\System.Xml.XmlSerializer.dll" /reference:"C:\Program Files\dotnet\packs\Microsoft.NETCore.App.Ref\8.0.23\ref\net8.0\System.Xml.XPath.dll" /reference:"C:\Program Files\dotnet\packs\Microsoft.NETCore.App.Ref\8.0.23\ref\net8.0\System.Xml.XPath.XDocument.dll" /reference:"C:\Program Files\dotnet\packs\Microsoft.NETCore.App.Ref\8.0.23\ref\net8.0\WindowsBase.dll" /debug- /debug:portable /filealign:512 /optimize+ /out:obj\Release\net8.0\Microsoft.Azure.Functions.Worker.Extensions.dll /refout:obj\Release\net8.0\refint\Microsoft.Azure.Functions.Worker.Extensions.dll /target:library /warnaserror- /utf8output /deterministic+ /sourcelink:obj\Release\net8.0\WorkerExtensions.sourcelink.json /langversion:12.0 /embed:obj\Release\net8.0\WorkerExtensions.AssemblyInfo.cs /analyzerconfig:obj\Release\net8.0\WorkerExtensions.GeneratedMSBuildEditorConfig.editorconfig /analyzerconfig:"C:\Program Files\dotnet\sdk\9.0.310\Sdks\Microsoft.NET.Sdk\analyzers\build\config\analysislevel_8_default.globalconfig" /analyzer:"C:\Program Files\dotnet\sdk\9.0.310\Sdks\Microsoft.NET.Sdk\targets\..\analyzers\Microsoft.CodeAnalysis.CSharp.NetAnalyzers.dll" /analyzer:"C:\Program Files\dotnet\sdk\9.0.310\Sdks\Microsoft.NET.Sdk\targets\..\analyzers\Microsoft.CodeAnalysis.NetAnalyzers.dll" /analyzer:C:\Users\ubf0238\.nuget\packages\microsoft.azure.functions.analyzers\1.0.0\analyzers\dotnet\cs\Microsoft.Azure.Functions.Analyzers.dll /analyzer:C:\Users\ubf0238\.nuget\packages\microsoft.azure.webjobs.extensions.durabletask.analyzers\0.5.0\analyzers\dotnet\cs\Microsoft.Azure.WebJobs.Extensions.DurableTask.Analyzers.dll /analyzer:C:\Users\ubf0238\.nuget\packages\system.clientmodel\1.8.0\analyzers\dotnet\cs\System.ClientModel.SourceGeneration.dll /analyzer:"C:\Program Files\dotnet\packs\Microsoft.NETCore.App.Ref\8.0.23\analyzers/dotnet/cs/Microsoft.Interop.ComInterfaceGenerator.dll" /analyzer:"C:\Program Files\dotnet\packs\Microsoft.NETCore.App.Ref\8.0.23\analyzers/dotnet/cs/Microsoft.Interop.JavaScript.JSImportGenerator.dll" /analyzer:"C:\Program Files\dotnet\packs\Microsoft.NETCore.App.Ref\8.0.23\analyzers/dotnet/cs/Microsoft.Interop.LibraryImportGenerator.dll" /analyzer:"C:\Program Files\dotnet\packs\Microsoft.NETCore.App.Ref\8.0.23\analyzers/dotnet/cs/Microsoft.Interop.SourceGeneration.dll" /analyzer:"C:\Program Files\dotnet\packs\Microsoft.NETCore.App.Ref\8.0.23\analyzers/dotnet/cs/System.Text.Json.SourceGeneration.dll" /analyzer:"C:\Program Files\dotnet\packs\Microsoft.NETCore.App.Ref\8.0.23\analyzers/dotnet/cs/System.Text.RegularExpressions.Generator.dll" /analyzer:"C:\Program Files\dotnet\packs\Microsoft.AspNetCore.App.Ref\8.0.23\analyzers/dotnet/cs/Microsoft.AspNetCore.App.Analyzers.dll" /analyzer:"C:\Program Files\dotnet\packs\Microsoft.AspNetCore.App.Ref\8.0.23\analyzers/dotnet/cs/Microsoft.AspNetCore.App.CodeFixes.dll" /analyzer:"C:\Program Files\dotnet\packs\Microsoft.AspNetCore.App.Ref\8.0.23\analyzers/dotnet/cs/Microsoft.AspNetCore.Components.Analyzers.dll" /analyzer:"C:\Program Files\dotnet\packs\Microsoft.AspNetCore.App.Ref\8.0.23\analyzers/dotnet/roslyn4.4/cs/Microsoft.Extensions.Logging.Generators.dll" /analyzer:"C:\Program Files\dotnet\packs\Microsoft.AspNetCore.App.Ref\8.0.23\analyzers/dotnet/roslyn4.4/cs/Microsoft.Extensions.Options.SourceGeneration.dll" obj\Release\net8.0\WorkerExtensions.AssemblyInfo.cs /warnaserror+:NU1605,SYSLIB0011
         CompilerServer: server - server processed compilation - WorkerExtensions (net8.0)
       _CopyFilesMarkedCopyLocal:
         Copiando el archivo de "C:\Users\ubf0238\.nuget\packages\azure.core\1.50.0\lib\net8.0\Azure.Core.dll" en "C:\temp\MVP\documento-ia-clasificacion-mvp\src\backend\DocumentIA.Functions\obj\Debug\net8.0\WorkerExtensions\bin\Release\net8.0\Azure.Core.dll".
         Copiando el archivo de "C:\Users\ubf0238\.nuget\packages\azure.data.tables\12.11.0\lib\net8.0\Azure.Data.Tables.dll" en "C:\temp\MVP\documento-ia-clasificacion-mvp\src\backend\DocumentIA.Functions\obj\Debug\net8.0\WorkerExtensions\bin\Release\net8.0\Azure.Data.Tables.dll".
         Copiando el archivo de "C:\Users\ubf0238\.nuget\packages\azure.identity\1.17.1\lib\net8.0\Azure.Identity.dll" en "C:\temp\MVP\documento-ia-clasificacion-mvp\src\backend\DocumentIA.Functions\obj\Debug\net8.0\WorkerExtensions\bin\Release\net8.0\Azure.Identity.dll".
         Copiando el archivo de "C:\Users\ubf0238\.nuget\packages\azure.storage.blobs\12.24.0\lib\net8.0\Azure.Storage.Blobs.dll" en "C:\temp\MVP\documento-ia-clasificacion-mvp\src\backend\DocumentIA.Functions\obj\Debug\net8.0\WorkerExtensions\bin\Release\net8.0\Azure.Storage.Blobs.dll".
         Copiando el archivo de "C:\Users\ubf0238\.nuget\packages\azure.storage.common\12.23.0\lib\net8.0\Azure.Storage.Common.dll" en "C:\temp\MVP\documento-ia-clasificacion-mvp\src\backend\DocumentIA.Functions\obj\Debug\net8.0\WorkerExtensions\bin\Release\net8.0\Azure.Storage.Common.dll".
         Copiando el archivo de "C:\Users\ubf0238\.nuget\packages\azure.storage.queues\12.22.0\lib\net8.0\Azure.Storage.Queues.dll" en "C:\temp\MVP\documento-ia-clasificacion-mvp\src\backend\DocumentIA.Functions\obj\Debug\net8.0\WorkerExtensions\bin\Release\net8.0\Azure.Storage.Queues.dll".
         Copiando el archivo de "C:\Users\ubf0238\.nuget\packages\castle.core\5.2.1\lib\net6.0\Castle.Core.dll" en "C:\temp\MVP\documento-ia-clasificacion-mvp\src\backend\DocumentIA.Functions\obj\Debug\net8.0\WorkerExtensions\bin\Release\net8.0\Castle.Core.dll".
         Copiando el archivo de "C:\Users\ubf0238\.nuget\packages\google.protobuf\3.21.5\lib\net5.0\Google.Protobuf.dll" en "C:\temp\MVP\documento-ia-clasificacion-mvp\src\backend\DocumentIA.Functions\obj\Debug\net8.0\WorkerExtensions\bin\Release\net8.0\Google.Protobuf.dll".
         Copiando el archivo de "C:\Users\ubf0238\.nuget\packages\grpc.aspnetcore.server\2.49.0\lib\net7.0\Grpc.AspNetCore.Server.dll" en "C:\temp\MVP\documento-ia-clasificacion-mvp\src\backend\DocumentIA.Functions\obj\Debug\net8.0\WorkerExtensions\bin\Release\net8.0\Grpc.AspNetCore.Server.dll".
         Copiando el archivo de "C:\Users\ubf0238\.nuget\packages\grpc.aspnetcore.server.clientfactory\2.49.0\lib\net7.0\Grpc.AspNetCore.Server.ClientFactory.dll" en "C:\temp\MVP\documento-ia-clasificacion-mvp\src\backend\DocumentIA.Functions\obj\Debug\net8.0\WorkerExtensions\bin\Release\net8.0\Grpc.AspNetCore.Server.ClientFactory.dll".
         Copiando el archivo de "C:\Users\ubf0238\.nuget\packages\grpc.core.api\2.49.0\lib\netstandard2.1\Grpc.Core.Api.dll" en "C:\temp\MVP\documento-ia-clasificacion-mvp\src\backend\DocumentIA.Functions\obj\Debug\net8.0\WorkerExtensions\bin\Release\net8.0\Grpc.Core.Api.dll".
         Copiando el archivo de "C:\Users\ubf0238\.nuget\packages\grpc.net.client\2.49.0\lib\net7.0\Grpc.Net.Client.dll" en "C:\temp\MVP\documento-ia-clasificacion-mvp\src\backend\DocumentIA.Functions\obj\Debug\net8.0\WorkerExtensions\bin\Release\net8.0\Grpc.Net.Client.dll".
         Copiando el archivo de "C:\Users\ubf0238\.nuget\packages\grpc.net.clientfactory\2.49.0\lib\net7.0\Grpc.Net.ClientFactory.dll" en "C:\temp\MVP\documento-ia-clasificacion-mvp\src\backend\DocumentIA.Functions\obj\Debug\net8.0\WorkerExtensions\bin\Release\net8.0\Grpc.Net.ClientFactory.dll".
         Copiando el archivo de "C:\Users\ubf0238\.nuget\packages\grpc.net.common\2.49.0\lib\net7.0\Grpc.Net.Common.dll" en "C:\temp\MVP\documento-ia-clasificacion-mvp\src\backend\DocumentIA.Functions\obj\Debug\net8.0\WorkerExtensions\bin\Release\net8.0\Grpc.Net.Common.dll".
         Copiando el archivo de "C:\Users\ubf0238\.nuget\packages\microsoft.applicationinsights\2.21.0\lib\netstandard2.0\Microsoft.ApplicationInsights.dll" en "C:\temp\MVP\documento-ia-clasificacion-mvp\src\backend\DocumentIA.Functions\obj\Debug\net8.0\WorkerExtensions\bin\Release\net8.0\Microsoft.ApplicationInsights.dll".
         Copiando el archivo de "C:\Users\ubf0238\.nuget\packages\microsoft.aspnet.webapi.client\5.2.8\lib\netstandard2.0\System.Net.Http.Formatting.dll" en "C:\temp\MVP\documento-ia-clasificacion-mvp\src\backend\DocumentIA.Functions\obj\Debug\net8.0\WorkerExtensions\bin\Release\net8.0\System.Net.Http.Formatting.dll".
         Copiando el archivo de "C:\Users\ubf0238\.nuget\packages\microsoft.aspnetcore.jsonpatch\2.2.0\lib\netstandard2.0\Microsoft.AspNetCore.JsonPatch.dll" en "C:\temp\MVP\documento-ia-clasificacion-mvp\src\backend\DocumentIA.Functions\obj\Debug\net8.0\WorkerExtensions\bin\Release\net8.0\Microsoft.AspNetCore.JsonPatch.dll".
         Copiando el archivo de "C:\Users\ubf0238\.nuget\packages\microsoft.aspnetcore.mvc.webapicompatshim\2.2.0\lib\netstandard2.0\Microsoft.AspNetCore.Mvc.WebApiCompatShim.dll" en "C:\temp\MVP\documento-ia-clasificacion-mvp\src\backend\DocumentIA.Functions\obj\Debug\net8.0\WorkerExtensions\bin\Release\net8.0\Microsoft.AspNetCore.Mvc.WebApiCompatShim.dll".
         Copiando el archivo de "C:\Users\ubf0238\.nuget\packages\microsoft.azure.durabletask.applicationinsights\0.9.0\lib\netstandard2.0\DurableTask.ApplicationInsights.dll" en "C:\temp\MVP\documento-ia-clasificacion-mvp\src\backend\DocumentIA.Functions\obj\Debug\net8.0\WorkerExtensions\bin\Release\net8.0\DurableTask.ApplicationInsights.dll".
         Copiando el archivo de "C:\Users\ubf0238\.nuget\packages\microsoft.azure.durabletask.core\3.7.0\lib\netstandard2.0\DurableTask.Core.dll" en "C:\temp\MVP\documento-ia-clasificacion-mvp\src\backend\DocumentIA.Functions\obj\Debug\net8.0\WorkerExtensions\bin\Release\net8.0\DurableTask.Core.dll".
         Copiando el archivo de "C:\Users\ubf0238\.nuget\packages\microsoft.azure.durabletask.azurestorage\2.8.1\lib\netstandard2.0\DurableTask.AzureStorage.dll" en "C:\temp\MVP\documento-ia-clasificacion-mvp\src\backend\DocumentIA.Functions\obj\Debug\net8.0\WorkerExtensions\bin\Release\net8.0\DurableTask.AzureStorage.dll".
         Copiando el archivo de "C:\Users\ubf0238\.nuget\packages\microsoft.azure.webjobs\3.0.39\lib\netstandard2.0\Microsoft.Azure.WebJobs.Host.dll" en "C:\temp\MVP\documento-ia-clasificacion-mvp\src\backend\DocumentIA.Functions\obj\Debug\net8.0\WorkerExtensions\bin\Release\net8.0\Microsoft.Azure.WebJobs.Host.dll".
         Copiando el archivo de "C:\Users\ubf0238\.nuget\packages\microsoft.azure.webjobs.core\3.0.39\lib\netstandard2.0\Microsoft.Azure.WebJobs.dll" en "C:\temp\MVP\documento-ia-clasificacion-mvp\src\backend\DocumentIA.Functions\obj\Debug\net8.0\WorkerExtensions\bin\Release\net8.0\Microsoft.Azure.WebJobs.dll".
         Copiando el archivo de "C:\Users\ubf0238\.nuget\packages\microsoft.azure.webjobs.extensions\3.0.6\lib\netstandard2.0\Microsoft.Azure.WebJobs.Extensions.dll" en "C:\temp\MVP\documento-ia-clasificacion-mvp\src\backend\DocumentIA.Functions\obj\Debug\net8.0\WorkerExtensions\bin\Release\net8.0\Microsoft.Azure.WebJobs.Extensions.dll".
         Copiando el archivo de "C:\Users\ubf0238\.nuget\packages\microsoft.azure.webjobs.extensions.durabletask\3.10.0\lib\net8.0\Microsoft.Azure.WebJobs.Extensions.DurableTask.dll" en "C:\temp\MVP\documento-ia-clasificacion-mvp\src\backend\DocumentIA.Functions\obj\Debug\net8.0\WorkerExtensions\bin\Release\net8.0\Microsoft.Azure.WebJobs.Extensions.DurableTask.dll".
         Copiando el archivo de "C:\Users\ubf0238\.nuget\packages\microsoft.azure.webjobs.extensions.http\3.2.0\lib\netstandard2.0\Microsoft.Azure.WebJobs.Extensions.Http.dll" en "C:\temp\MVP\documento-ia-clasificacion-mvp\src\backend\DocumentIA.Functions\obj\Debug\net8.0\WorkerExtensions\bin\Release\net8.0\Microsoft.Azure.WebJobs.Extensions.Http.dll".
         Copiando el archivo de "C:\Users\ubf0238\.nuget\packages\microsoft.azure.webjobs.extensions.rpc\3.0.39\lib\net6.0\Microsoft.Azure.WebJobs.Extensions.Rpc.dll" en "C:\temp\MVP\documento-ia-clasificacion-mvp\src\backend\DocumentIA.Functions\obj\Debug\net8.0\WorkerExtensions\bin\Release\net8.0\Microsoft.Azure.WebJobs.Extensions.Rpc.dll".
         Copiando el archivo de "C:\Users\ubf0238\.nuget\packages\microsoft.azure.webjobs.host.storage\3.0.14\lib\netstandard2.0\Microsoft.Azure.WebJobs.Host.Storage.dll" en "C:\temp\MVP\documento-ia-clasificacion-mvp\src\backend\DocumentIA.Functions\obj\Debug\net8.0\WorkerExtensions\bin\Release\net8.0\Microsoft.Azure.WebJobs.Host.Storage.dll".
         Copiando el archivo de "C:\Users\ubf0238\.nuget\packages\microsoft.azure.webjobs.rpc.core\3.0.39\lib\net6.0\Microsoft.Azure.WebJobs.Rpc.Core.dll" en "C:\temp\MVP\documento-ia-clasificacion-mvp\src\backend\DocumentIA.Functions\obj\Debug\net8.0\WorkerExtensions\bin\Release\net8.0\Microsoft.Azure.WebJobs.Rpc.Core.dll".
         Copiando el archivo de "C:\Users\ubf0238\.nuget\packages\microsoft.bcl.asyncinterfaces\8.0.0\lib\netstandard2.1\Microsoft.Bcl.AsyncInterfaces.dll" en "C:\temp\MVP\documento-ia-clasificacion-mvp\src\backend\DocumentIA.Functions\obj\Debug\net8.0\WorkerExtensions\bin\Release\net8.0\Microsoft.Bcl.AsyncInterfaces.dll".
         Copiando el archivo de "C:\Users\ubf0238\.nuget\packages\microsoft.dotnet.platformabstractions\2.1.0\lib\netstandard1.3\Microsoft.DotNet.PlatformAbstractions.dll" en "C:\temp\MVP\documento-ia-clasificacion-mvp\src\backend\DocumentIA.Functions\obj\Debug\net8.0\WorkerExtensions\bin\Release\net8.0\Microsoft.DotNet.PlatformAbstractions.dll".
         Copiando el archivo de "C:\Users\ubf0238\.nuget\packages\microsoft.extensions.azure\1.7.0\lib\netstandard2.0\Microsoft.Extensions.Azure.dll" en "C:\temp\MVP\documento-ia-clasificacion-mvp\src\backend\DocumentIA.Functions\obj\Debug\net8.0\WorkerExtensions\bin\Release\net8.0\Microsoft.Extensions.Azure.dll".
         Copiando el archivo de "C:\Users\ubf0238\.nuget\packages\microsoft.extensions.dependencyinjection.abstractions\8.0.2\lib\net8.0\Microsoft.Extensions.DependencyInjection.Abstractions.dll" en "C:\temp\MVP\documento-ia-clasificacion-mvp\src\backend\DocumentIA.Functions\obj\Debug\net8.0\WorkerExtensions\bin\Release\net8.0\Microsoft.Extensions.DependencyInjection.Abstractions.dll".
         Copiando el archivo de "C:\Users\ubf0238\.nuget\packages\microsoft.extensions.dependencymodel\2.1.0\lib\netstandard1.6\Microsoft.Extensions.DependencyModel.dll" en "C:\temp\MVP\documento-ia-clasificacion-mvp\src\backend\DocumentIA.Functions\obj\Debug\net8.0\WorkerExtensions\bin\Release\net8.0\Microsoft.Extensions.DependencyModel.dll".
         Copiando el archivo de "C:\Users\ubf0238\.nuget\packages\microsoft.extensions.logging.abstractions\8.0.3\lib\net8.0\Microsoft.Extensions.Logging.Abstractions.dll" en "C:\temp\MVP\documento-ia-clasificacion-mvp\src\backend\DocumentIA.Functions\obj\Debug\net8.0\WorkerExtensions\bin\Release\net8.0\Microsoft.Extensions.Logging.Abstractions.dll".
         Copiando el archivo de "C:\Users\ubf0238\.nuget\packages\microsoft.identity.client\4.78.0\lib\net8.0\Microsoft.Identity.Client.dll" en "C:\temp\MVP\documento-ia-clasificacion-mvp\src\backend\DocumentIA.Functions\obj\Debug\net8.0\WorkerExtensions\bin\Release\net8.0\Microsoft.Identity.Client.dll".
         Copiando el archivo de "C:\Users\ubf0238\.nuget\packages\microsoft.identity.client.extensions.msal\4.78.0\lib\net8.0\Microsoft.Identity.Client.Extensions.Msal.dll" en "C:\temp\MVP\documento-ia-clasificacion-mvp\src\backend\DocumentIA.Functions\obj\Debug\net8.0\WorkerExtensions\bin\Release\net8.0\Microsoft.Identity.Client.Extensions.Msal.dll".
         Copiando el archivo de "C:\Users\ubf0238\.nuget\packages\microsoft.identitymodel.abstractions\8.14.0\lib\net8.0\Microsoft.IdentityModel.Abstractions.dll" en "C:\temp\MVP\documento-ia-clasificacion-mvp\src\backend\DocumentIA.Functions\obj\Debug\net8.0\WorkerExtensions\bin\Release\net8.0\Microsoft.IdentityModel.Abstractions.dll".
         Copiando el archivo de "C:\Users\ubf0238\.nuget\packages\ncrontab.signed\3.3.0\lib\netstandard1.0\NCrontab.Signed.dll" en "C:\temp\MVP\documento-ia-clasificacion-mvp\src\backend\DocumentIA.Functions\obj\Debug\net8.0\WorkerExtensions\bin\Release\net8.0\NCrontab.Signed.dll".
         Copiando el archivo de "C:\Users\ubf0238\.nuget\packages\newtonsoft.json\13.0.1\lib\netstandard2.0\Newtonsoft.Json.dll" en "C:\temp\MVP\documento-ia-clasificacion-mvp\src\backend\DocumentIA.Functions\obj\Debug\net8.0\WorkerExtensions\bin\Release\net8.0\Newtonsoft.Json.dll".
         Copiando el archivo de "C:\Users\ubf0238\.nuget\packages\newtonsoft.json.bson\1.0.1\lib\netstandard1.3\Newtonsoft.Json.Bson.dll" en "C:\temp\MVP\documento-ia-clasificacion-mvp\src\backend\DocumentIA.Functions\obj\Debug\net8.0\WorkerExtensions\bin\Release\net8.0\Newtonsoft.Json.Bson.dll".
         Copiando el archivo de "C:\Users\ubf0238\.nuget\packages\system.clientmodel\1.8.0\lib\net8.0\System.ClientModel.dll" en "C:\temp\MVP\documento-ia-clasificacion-mvp\src\backend\DocumentIA.Functions\obj\Debug\net8.0\WorkerExtensions\bin\Release\net8.0\System.ClientModel.dll".
         Copiando el archivo de "C:\Users\ubf0238\.nuget\packages\system.io.hashing\6.0.0\lib\net6.0\System.IO.Hashing.dll" en "C:\temp\MVP\documento-ia-clasificacion-mvp\src\backend\DocumentIA.Functions\obj\Debug\net8.0\WorkerExtensions\bin\Release\net8.0\System.IO.Hashing.dll".
         Copiando el archivo de "C:\Users\ubf0238\.nuget\packages\system.linq.async\6.0.1\lib\net6.0\System.Linq.Async.dll" en "C:\temp\MVP\documento-ia-clasificacion-mvp\src\backend\DocumentIA.Functions\obj\Debug\net8.0\WorkerExtensions\bin\Release\net8.0\System.Linq.Async.dll".
         Copiando el archivo de "C:\Users\ubf0238\.nuget\packages\system.memory.data\8.0.1\lib\net8.0\System.Memory.Data.dll" en "C:\temp\MVP\documento-ia-clasificacion-mvp\src\backend\DocumentIA.Functions\obj\Debug\net8.0\WorkerExtensions\bin\Release\net8.0\System.Memory.Data.dll".
         Copiando el archivo de "C:\Users\ubf0238\.nuget\packages\system.reactive.core\4.4.1\lib\netstandard2.0\System.Reactive.Core.dll" en "C:\temp\MVP\documento-ia-clasificacion-mvp\src\backend\DocumentIA.Functions\obj\Debug\net8.0\WorkerExtensions\bin\Release\net8.0\System.Reactive.Core.dll".
         Copiando el archivo de "C:\Users\ubf0238\.nuget\packages\system.reactive.interfaces\4.4.1\lib\netstandard2.0\System.Reactive.Interfaces.dll" en "C:\temp\MVP\documento-ia-clasificacion-mvp\src\backend\DocumentIA.Functions\obj\Debug\net8.0\WorkerExtensions\bin\Release\net8.0\System.Reactive.Interfaces.dll".
         Copiando el archivo de "C:\Users\ubf0238\.nuget\packages\system.reactive.linq\4.4.1\lib\netstandard2.0\System.Reactive.Linq.dll" en "C:\temp\MVP\documento-ia-clasificacion-mvp\src\backend\DocumentIA.Functions\obj\Debug\net8.0\WorkerExtensions\bin\Release\net8.0\System.Reactive.Linq.dll".
         Copiando el archivo de "C:\Users\ubf0238\.nuget\packages\system.reactive.platformservices\4.4.1\lib\netstandard2.0\System.Reactive.PlatformServices.dll" en "C:\temp\MVP\documento-ia-clasificacion-mvp\src\backend\DocumentIA.Functions\obj\Debug\net8.0\WorkerExtensions\bin\Release\net8.0\System.Reactive.PlatformServices.dll".
         Copiando el archivo de "C:\Users\ubf0238\.nuget\packages\system.reactive.providers\4.4.1\lib\netstandard2.0\System.Reactive.Providers.dll" en "C:\temp\MVP\documento-ia-clasificacion-mvp\src\backend\DocumentIA.Functions\obj\Debug\net8.0\WorkerExtensions\bin\Release\net8.0\System.Reactive.Providers.dll".
         Copiando el archivo de "C:\Users\ubf0238\.nuget\packages\system.security.cryptography.protecteddata\4.5.0\lib\netstandard2.0\System.Security.Cryptography.ProtectedData.dll" en "C:\temp\MVP\documento-ia-clasificacion-mvp\src\backend\DocumentIA.Functions\obj\Debug\net8.0\WorkerExtensions\bin\Release\net8.0\System.Security.Cryptography.ProtectedData.dll".
         Copiando el archivo de "C:\Users\ubf0238\.nuget\packages\windowsazure.storage\9.3.1\lib\netstandard1.3\Microsoft.WindowsAzure.Storage.dll" en "C:\temp\MVP\documento-ia-clasificacion-mvp\src\backend\DocumentIA.Functions\obj\Debug\net8.0\WorkerExtensions\bin\Release\net8.0\Microsoft.WindowsAzure.Storage.dll".
         Creando directorio "bin\Release\net8.0\runtimes\win\lib\netstandard2.0".
         Copiando el archivo de "C:\Users\ubf0238\.nuget\packages\system.reactive\4.4.1\lib\netstandard2.0\System.Reactive.dll" en "C:\temp\MVP\documento-ia-clasificacion-mvp\src\backend\DocumentIA.Functions\obj\Debug\net8.0\WorkerExtensions\bin\Release\net8.0\System.Reactive.dll".
         Copiando el archivo de "C:\Users\ubf0238\.nuget\packages\system.security.cryptography.protecteddata\4.5.0\runtimes\win\lib\netstandard2.0\System.Security.Cryptography.ProtectedData.dll" en "C:\temp\MVP\documento-ia-clasificacion-mvp\src\backend\DocumentIA.Functions\obj\Debug\net8.0\WorkerExtensions\bin\Release\net8.0\runtimes\win\lib\netstandard2.0\System.Security.Cryptography.ProtectedData.dll".
         Copiando el archivo de "C:\Users\ubf0238\.nuget\packages\system.reactive\4.4.1\lib\netstandard2.0\System.Reactive.xml" en "C:\temp\MVP\documento-ia-clasificacion-mvp\src\backend\DocumentIA.Functions\obj\Debug\net8.0\WorkerExtensions\bin\Release\net8.0\System.Reactive.xml".
         Se crear├í "C:\temp\MVP\documento-ia-clasificacion-mvp\src\backend\DocumentIA.Functions\obj\Debug\net8.0\WorkerExtensions\obj\Release\net8.0\WorkerEx.422953E6.Up2Date" porque se especific├│ "AlwaysCreate".
         Aplicando tarea Touch a "C:\temp\MVP\documento-ia-clasificacion-mvp\src\backend\DocumentIA.Functions\obj\Debug\net8.0\WorkerExtensions\obj\Release\net8.0\WorkerEx.422953E6.Up2Date".
       CopyFilesToOutputDirectory:
         Copiando el archivo de "C:\temp\MVP\documento-ia-clasificacion-mvp\src\backend\DocumentIA.Functions\obj\Debug\net8.0\WorkerExtensions\obj\Release\net8.0\Microsoft.Azure.Functions.Worker.Extensions.dll" en "C:\temp\MVP\documento-ia-clasificacion-mvp\src\backend\DocumentIA.Functions\obj\Debug\net8.0\WorkerExtensions\bin\Release\net8.0\Microsoft.Azure.Functions.Worker.Extensions.dll".
         Copiando ensamblado de referencia de "obj\Release\net8.0\refint\Microsoft.Azure.Functions.Worker.Extensions.dll" a "C:\temp\MVP\documento-ia-clasificacion-mvp\src\backend\DocumentIA.Functions\obj\Debug\net8.0\WorkerExtensions\obj\Release\net8.0\ref\Microsoft.Azure.Functions.Worker.Extensions.dll".
         WorkerExtensions -> C:\temp\MVP\documento-ia-clasificacion-mvp\src\backend\DocumentIA.Functions\obj\Debug\net8.0\WorkerExtensions\bin\Release\net8.0\Microsoft.Azure.Functions.Worker.Extensions.dll
         Copiando el archivo de "C:\temp\MVP\documento-ia-clasificacion-mvp\src\backend\DocumentIA.Functions\obj\Debug\net8.0\WorkerExtensions\obj\Release\net8.0\Microsoft.Azure.Functions.Worker.Extensions.pdb" en "C:\temp\MVP\documento-ia-clasificacion-mvp\src\backend\DocumentIA.Functions\obj\Debug\net8.0\WorkerExtensions\bin\Release\net8.0\Microsoft.Azure.Functions.Worker.Extensions.pdb".
       _FunctionsPostBuildDepsCopy:
         Creando directorio "bin\Release\net8.0\bin".
         Copiando el archivo de "C:\temp\MVP\documento-ia-clasificacion-mvp\src\backend\DocumentIA.Functions\obj\Debug\net8.0\WorkerExtensions\bin\Release\net8.0\Microsoft.Azure.Functions.Worker.Extensions.deps.json" en "C:\temp\MVP\documento-ia-clasificacion-mvp\src\backend\DocumentIA.Functions\obj\Debug\net8.0\WorkerExtensions\bin\Release\net8.0\bin\function.deps.json".
       _FunctionsPostBuildCopyFiles:
         Copiando el archivo de "C:\temp\MVP\documento-ia-clasificacion-mvp\src\backend\DocumentIA.Functions\obj\Debug\net8.0\WorkerExtensions\bin\Release\net8.0\Azure.Core.dll" en "C:\temp\MVP\documento-ia-clasificacion-mvp\src\backend\DocumentIA.Functions\obj\Debug\net8.0\WorkerExtensions\bin\Release\net8.0\bin\Azure.Core.dll".
       _FunctionsPostBuildCopyFiles:
         Copiando el archivo de "C:\temp\MVP\documento-ia-clasificacion-mvp\src\backend\DocumentIA.Functions\obj\Debug\net8.0\WorkerExtensions\bin\Release\net8.0\Azure.Data.Tables.dll" en "C:\temp\MVP\documento-ia-clasificacion-mvp\src\backend\DocumentIA.Functions\obj\Debug\net8.0\WorkerExtensions\bin\Release\net8.0\bin\Azure.Data.Tables.dll".
       _FunctionsPostBuildCopyFiles:
         Copiando el archivo de "C:\temp\MVP\documento-ia-clasificacion-mvp\src\backend\DocumentIA.Functions\obj\Debug\net8.0\WorkerExtensions\bin\Release\net8.0\Azure.Identity.dll" en "C:\temp\MVP\documento-ia-clasificacion-mvp\src\backend\DocumentIA.Functions\obj\Debug\net8.0\WorkerExtensions\bin\Release\net8.0\bin\Azure.Identity.dll".
       _FunctionsPostBuildCopyFiles:
         Copiando el archivo de "C:\temp\MVP\documento-ia-clasificacion-mvp\src\backend\DocumentIA.Functions\obj\Debug\net8.0\WorkerExtensions\bin\Release\net8.0\Azure.Storage.Blobs.dll" en "C:\temp\MVP\documento-ia-clasificacion-mvp\src\backend\DocumentIA.Functions\obj\Debug\net8.0\WorkerExtensions\bin\Release\net8.0\bin\Azure.Storage.Blobs.dll".
       _FunctionsPostBuildCopyFiles:
         Copiando el archivo de "C:\temp\MVP\documento-ia-clasificacion-mvp\src\backend\DocumentIA.Functions\obj\Debug\net8.0\WorkerExtensions\bin\Release\net8.0\Azure.Storage.Common.dll" en "C:\temp\MVP\documento-ia-clasificacion-mvp\src\backend\DocumentIA.Functions\obj\Debug\net8.0\WorkerExtensions\bin\Release\net8.0\bin\Azure.Storage.Common.dll".
       _FunctionsPostBuildCopyFiles:
         Copiando el archivo de "C:\temp\MVP\documento-ia-clasificacion-mvp\src\backend\DocumentIA.Functions\obj\Debug\net8.0\WorkerExtensions\bin\Release\net8.0\Azure.Storage.Queues.dll" en "C:\temp\MVP\documento-ia-clasificacion-mvp\src\backend\DocumentIA.Functions\obj\Debug\net8.0\WorkerExtensions\bin\Release\net8.0\bin\Azure.Storage.Queues.dll".
       _FunctionsPostBuildCopyFiles:
         Copiando el archivo de "C:\temp\MVP\documento-ia-clasificacion-mvp\src\backend\DocumentIA.Functions\obj\Debug\net8.0\WorkerExtensions\bin\Release\net8.0\Castle.Core.dll" en "C:\temp\MVP\documento-ia-clasificacion-mvp\src\backend\DocumentIA.Functions\obj\Debug\net8.0\WorkerExtensions\bin\Release\net8.0\bin\Castle.Core.dll".
       _FunctionsPostBuildCopyFiles:
         Copiando el archivo de "C:\temp\MVP\documento-ia-clasificacion-mvp\src\backend\DocumentIA.Functions\obj\Debug\net8.0\WorkerExtensions\bin\Release\net8.0\DurableTask.ApplicationInsights.dll" en "C:\temp\MVP\documento-ia-clasificacion-mvp\src\backend\DocumentIA.Functions\obj\Debug\net8.0\WorkerExtensions\bin\Release\net8.0\bin\DurableTask.ApplicationInsights.dll".
       _FunctionsPostBuildCopyFiles:
         Copiando el archivo de "C:\temp\MVP\documento-ia-clasificacion-mvp\src\backend\DocumentIA.Functions\obj\Debug\net8.0\WorkerExtensions\bin\Release\net8.0\DurableTask.AzureStorage.dll" en "C:\temp\MVP\documento-ia-clasificacion-mvp\src\backend\DocumentIA.Functions\obj\Debug\net8.0\WorkerExtensions\bin\Release\net8.0\bin\DurableTask.AzureStorage.dll".
       _FunctionsPostBuildCopyFiles:
         Copiando el archivo de "C:\temp\MVP\documento-ia-clasificacion-mvp\src\backend\DocumentIA.Functions\obj\Debug\net8.0\WorkerExtensions\bin\Release\net8.0\DurableTask.Core.dll" en "C:\temp\MVP\documento-ia-clasificacion-mvp\src\backend\DocumentIA.Functions\obj\Debug\net8.0\WorkerExtensions\bin\Release\net8.0\bin\DurableTask.Core.dll".
       _FunctionsPostBuildCopyFiles:
         Copiando el archivo de "C:\temp\MVP\documento-ia-clasificacion-mvp\src\backend\DocumentIA.Functions\obj\Debug\net8.0\WorkerExtensions\bin\Release\net8.0\Google.Protobuf.dll" en "C:\temp\MVP\documento-ia-clasificacion-mvp\src\backend\DocumentIA.Functions\obj\Debug\net8.0\WorkerExtensions\bin\Release\net8.0\bin\Google.Protobuf.dll".
       _FunctionsPostBuildCopyFiles:
         Copiando el archivo de "C:\temp\MVP\documento-ia-clasificacion-mvp\src\backend\DocumentIA.Functions\obj\Debug\net8.0\WorkerExtensions\bin\Release\net8.0\Grpc.AspNetCore.Server.ClientFactory.dll" en "C:\temp\MVP\documento-ia-clasificacion-mvp\src\backend\DocumentIA.Functions\obj\Debug\net8.0\WorkerExtensions\bin\Release\net8.0\bin\Grpc.AspNetCore.Server.ClientFactory.dll".
       _FunctionsPostBuildCopyFiles:
         Copiando el archivo de "C:\temp\MVP\documento-ia-clasificacion-mvp\src\backend\DocumentIA.Functions\obj\Debug\net8.0\WorkerExtensions\bin\Release\net8.0\Grpc.AspNetCore.Server.dll" en "C:\temp\MVP\documento-ia-clasificacion-mvp\src\backend\DocumentIA.Functions\obj\Debug\net8.0\WorkerExtensions\bin\Release\net8.0\bin\Grpc.AspNetCore.Server.dll".
       _FunctionsPostBuildCopyFiles:
         Copiando el archivo de "C:\temp\MVP\documento-ia-clasificacion-mvp\src\backend\DocumentIA.Functions\obj\Debug\net8.0\WorkerExtensions\bin\Release\net8.0\Grpc.Core.Api.dll" en "C:\temp\MVP\documento-ia-clasificacion-mvp\src\backend\DocumentIA.Functions\obj\Debug\net8.0\WorkerExtensions\bin\Release\net8.0\bin\Grpc.Core.Api.dll".
       _FunctionsPostBuildCopyFiles:
         Copiando el archivo de "C:\temp\MVP\documento-ia-clasificacion-mvp\src\backend\DocumentIA.Functions\obj\Debug\net8.0\WorkerExtensions\bin\Release\net8.0\Grpc.Net.Client.dll" en "C:\temp\MVP\documento-ia-clasificacion-mvp\src\backend\DocumentIA.Functions\obj\Debug\net8.0\WorkerExtensions\bin\Release\net8.0\bin\Grpc.Net.Client.dll".
       _FunctionsPostBuildCopyFiles:
         Copiando el archivo de "C:\temp\MVP\documento-ia-clasificacion-mvp\src\backend\DocumentIA.Functions\obj\Debug\net8.0\WorkerExtensions\bin\Release\net8.0\Grpc.Net.ClientFactory.dll" en "C:\temp\MVP\documento-ia-clasificacion-mvp\src\backend\DocumentIA.Functions\obj\Debug\net8.0\WorkerExtensions\bin\Release\net8.0\bin\Grpc.Net.ClientFactory.dll".
       _FunctionsPostBuildCopyFiles:
         Copiando el archivo de "C:\temp\MVP\documento-ia-clasificacion-mvp\src\backend\DocumentIA.Functions\obj\Debug\net8.0\WorkerExtensions\bin\Release\net8.0\Grpc.Net.Common.dll" en "C:\temp\MVP\documento-ia-clasificacion-mvp\src\backend\DocumentIA.Functions\obj\Debug\net8.0\WorkerExtensions\bin\Release\net8.0\bin\Grpc.Net.Common.dll".
       _FunctionsPostBuildCopyFiles:
         Copiando el archivo de "C:\temp\MVP\documento-ia-clasificacion-mvp\src\backend\DocumentIA.Functions\obj\Debug\net8.0\WorkerExtensions\bin\Release\net8.0\Microsoft.ApplicationInsights.dll" en "C:\temp\MVP\documento-ia-clasificacion-mvp\src\backend\DocumentIA.Functions\obj\Debug\net8.0\WorkerExtensions\bin\Release\net8.0\bin\Microsoft.ApplicationInsights.dll".
       _FunctionsPostBuildCopyFiles:
         Copiando el archivo de "C:\temp\MVP\documento-ia-clasificacion-mvp\src\backend\DocumentIA.Functions\obj\Debug\net8.0\WorkerExtensions\bin\Release\net8.0\Microsoft.AspNetCore.JsonPatch.dll" en "C:\temp\MVP\documento-ia-clasificacion-mvp\src\backend\DocumentIA.Functions\obj\Debug\net8.0\WorkerExtensions\bin\Release\net8.0\bin\Microsoft.AspNetCore.JsonPatch.dll".
       _FunctionsPostBuildCopyFiles:
         Copiando el archivo de "C:\temp\MVP\documento-ia-clasificacion-mvp\src\backend\DocumentIA.Functions\obj\Debug\net8.0\WorkerExtensions\bin\Release\net8.0\Microsoft.AspNetCore.Mvc.WebApiCompatShim.dll" en "C:\temp\MVP\documento-ia-clasificacion-mvp\src\backend\DocumentIA.Functions\obj\Debug\net8.0\WorkerExtensions\bin\Release\net8.0\bin\Microsoft.AspNetCore.Mvc.WebApiCompatShim.dll".
       _FunctionsPostBuildCopyFiles:
         Copiando el archivo de "C:\temp\MVP\documento-ia-clasificacion-mvp\src\backend\DocumentIA.Functions\obj\Debug\net8.0\WorkerExtensions\bin\Release\net8.0\Microsoft.Azure.Functions.Worker.Extensions.dll" en "C:\temp\MVP\documento-ia-clasificacion-mvp\src\backend\DocumentIA.Functions\obj\Debug\net8.0\WorkerExtensions\bin\Release\net8.0\bin\Microsoft.Azure.Functions.Worker.Extensions.dll".
       _FunctionsPostBuildCopyFiles:
         Copiando el archivo de "C:\temp\MVP\documento-ia-clasificacion-mvp\src\backend\DocumentIA.Functions\obj\Debug\net8.0\WorkerExtensions\bin\Release\net8.0\Microsoft.Azure.WebJobs.dll" en "C:\temp\MVP\documento-ia-clasificacion-mvp\src\backend\DocumentIA.Functions\obj\Debug\net8.0\WorkerExtensions\bin\Release\net8.0\bin\Microsoft.Azure.WebJobs.dll".
       _FunctionsPostBuildCopyFiles:
         Copiando el archivo de "C:\temp\MVP\documento-ia-clasificacion-mvp\src\backend\DocumentIA.Functions\obj\Debug\net8.0\WorkerExtensions\bin\Release\net8.0\Microsoft.Azure.WebJobs.Extensions.dll" en "C:\temp\MVP\documento-ia-clasificacion-mvp\src\backend\DocumentIA.Functions\obj\Debug\net8.0\WorkerExtensions\bin\Release\net8.0\bin\Microsoft.Azure.WebJobs.Extensions.dll".
       _FunctionsPostBuildCopyFiles:
         Copiando el archivo de "C:\temp\MVP\documento-ia-clasificacion-mvp\src\backend\DocumentIA.Functions\obj\Debug\net8.0\WorkerExtensions\bin\Release\net8.0\Microsoft.Azure.WebJobs.Extensions.DurableTask.dll" en "C:\temp\MVP\documento-ia-clasificacion-mvp\src\backend\DocumentIA.Functions\obj\Debug\net8.0\WorkerExtensions\bin\Release\net8.0\bin\Microsoft.Azure.WebJobs.Extensions.DurableTask.dll".
       _FunctionsPostBuildCopyFiles:
         Copiando el archivo de "C:\temp\MVP\documento-ia-clasificacion-mvp\src\backend\DocumentIA.Functions\obj\Debug\net8.0\WorkerExtensions\bin\Release\net8.0\Microsoft.Azure.WebJobs.Extensions.Http.dll" en "C:\temp\MVP\documento-ia-clasificacion-mvp\src\backend\DocumentIA.Functions\obj\Debug\net8.0\WorkerExtensions\bin\Release\net8.0\bin\Microsoft.Azure.WebJobs.Extensions.Http.dll".
       _FunctionsPostBuildCopyFiles:
         Copiando el archivo de "C:\temp\MVP\documento-ia-clasificacion-mvp\src\backend\DocumentIA.Functions\obj\Debug\net8.0\WorkerExtensions\bin\Release\net8.0\Microsoft.Azure.WebJobs.Extensions.Rpc.dll" en "C:\temp\MVP\documento-ia-clasificacion-mvp\src\backend\DocumentIA.Functions\obj\Debug\net8.0\WorkerExtensions\bin\Release\net8.0\bin\Microsoft.Azure.WebJobs.Extensions.Rpc.dll".
       _FunctionsPostBuildCopyFiles:
         Copiando el archivo de "C:\temp\MVP\documento-ia-clasificacion-mvp\src\backend\DocumentIA.Functions\obj\Debug\net8.0\WorkerExtensions\bin\Release\net8.0\Microsoft.Azure.WebJobs.Host.dll" en "C:\temp\MVP\documento-ia-clasificacion-mvp\src\backend\DocumentIA.Functions\obj\Debug\net8.0\WorkerExtensions\bin\Release\net8.0\bin\Microsoft.Azure.WebJobs.Host.dll".
       _FunctionsPostBuildCopyFiles:
         Copiando el archivo de "C:\temp\MVP\documento-ia-clasificacion-mvp\src\backend\DocumentIA.Functions\obj\Debug\net8.0\WorkerExtensions\bin\Release\net8.0\Microsoft.Azure.WebJobs.Host.Storage.dll" en "C:\temp\MVP\documento-ia-clasificacion-mvp\src\backend\DocumentIA.Functions\obj\Debug\net8.0\WorkerExtensions\bin\Release\net8.0\bin\Microsoft.Azure.WebJobs.Host.Storage.dll".
       _FunctionsPostBuildCopyFiles:
         Copiando el archivo de "C:\temp\MVP\documento-ia-clasificacion-mvp\src\backend\DocumentIA.Functions\obj\Debug\net8.0\WorkerExtensions\bin\Release\net8.0\Microsoft.Azure.WebJobs.Rpc.Core.dll" en "C:\temp\MVP\documento-ia-clasificacion-mvp\src\backend\DocumentIA.Functions\obj\Debug\net8.0\WorkerExtensions\bin\Release\net8.0\bin\Microsoft.Azure.WebJobs.Rpc.Core.dll".
       _FunctionsPostBuildCopyFiles:
         Copiando el archivo de "C:\temp\MVP\documento-ia-clasificacion-mvp\src\backend\DocumentIA.Functions\obj\Debug\net8.0\WorkerExtensions\bin\Release\net8.0\Microsoft.Bcl.AsyncInterfaces.dll" en "C:\temp\MVP\documento-ia-clasificacion-mvp\src\backend\DocumentIA.Functions\obj\Debug\net8.0\WorkerExtensions\bin\Release\net8.0\bin\Microsoft.Bcl.AsyncInterfaces.dll".
       _FunctionsPostBuildCopyFiles:
         Copiando el archivo de "C:\temp\MVP\documento-ia-clasificacion-mvp\src\backend\DocumentIA.Functions\obj\Debug\net8.0\WorkerExtensions\bin\Release\net8.0\Microsoft.DotNet.PlatformAbstractions.dll" en "C:\temp\MVP\documento-ia-clasificacion-mvp\src\backend\DocumentIA.Functions\obj\Debug\net8.0\WorkerExtensions\bin\Release\net8.0\bin\Microsoft.DotNet.PlatformAbstractions.dll".
       _FunctionsPostBuildCopyFiles:
         Copiando el archivo de "C:\temp\MVP\documento-ia-clasificacion-mvp\src\backend\DocumentIA.Functions\obj\Debug\net8.0\WorkerExtensions\bin\Release\net8.0\Microsoft.Extensions.Azure.dll" en "C:\temp\MVP\documento-ia-clasificacion-mvp\src\backend\DocumentIA.Functions\obj\Debug\net8.0\WorkerExtensions\bin\Release\net8.0\bin\Microsoft.Extensions.Azure.dll".
       _FunctionsPostBuildCopyFiles:
         Copiando el archivo de "C:\temp\MVP\documento-ia-clasificacion-mvp\src\backend\DocumentIA.Functions\obj\Debug\net8.0\WorkerExtensions\bin\Release\net8.0\Microsoft.Extensions.DependencyInjection.Abstractions.dll" en "C:\temp\MVP\documento-ia-clasificacion-mvp\src\backend\DocumentIA.Functions\obj\Debug\net8.0\WorkerExtensions\bin\Release\net8.0\bin\Microsoft.Extensions.DependencyInjection.Abstractions.dll".
       _FunctionsPostBuildCopyFiles:
         Copiando el archivo de "C:\temp\MVP\documento-ia-clasificacion-mvp\src\backend\DocumentIA.Functions\obj\Debug\net8.0\WorkerExtensions\bin\Release\net8.0\Microsoft.Extensions.DependencyModel.dll" en "C:\temp\MVP\documento-ia-clasificacion-mvp\src\backend\DocumentIA.Functions\obj\Debug\net8.0\WorkerExtensions\bin\Release\net8.0\bin\Microsoft.Extensions.DependencyModel.dll".
       _FunctionsPostBuildCopyFiles:
         Copiando el archivo de "C:\temp\MVP\documento-ia-clasificacion-mvp\src\backend\DocumentIA.Functions\obj\Debug\net8.0\WorkerExtensions\bin\Release\net8.0\Microsoft.Extensions.Logging.Abstractions.dll" en "C:\temp\MVP\documento-ia-clasificacion-mvp\src\backend\DocumentIA.Functions\obj\Debug\net8.0\WorkerExtensions\bin\Release\net8.0\bin\Microsoft.Extensions.Logging.Abstractions.dll".
       _FunctionsPostBuildCopyFiles:
         Copiando el archivo de "C:\temp\MVP\documento-ia-clasificacion-mvp\src\backend\DocumentIA.Functions\obj\Debug\net8.0\WorkerExtensions\bin\Release\net8.0\Microsoft.Identity.Client.dll" en "C:\temp\MVP\documento-ia-clasificacion-mvp\src\backend\DocumentIA.Functions\obj\Debug\net8.0\WorkerExtensions\bin\Release\net8.0\bin\Microsoft.Identity.Client.dll".
       _FunctionsPostBuildCopyFiles:
         Copiando el archivo de "C:\temp\MVP\documento-ia-clasificacion-mvp\src\backend\DocumentIA.Functions\obj\Debug\net8.0\WorkerExtensions\bin\Release\net8.0\Microsoft.Identity.Client.Extensions.Msal.dll" en "C:\temp\MVP\documento-ia-clasificacion-mvp\src\backend\DocumentIA.Functions\obj\Debug\net8.0\WorkerExtensions\bin\Release\net8.0\bin\Microsoft.Identity.Client.Extensions.Msal.dll".
       _FunctionsPostBuildCopyFiles:
         Copiando el archivo de "C:\temp\MVP\documento-ia-clasificacion-mvp\src\backend\DocumentIA.Functions\obj\Debug\net8.0\WorkerExtensions\bin\Release\net8.0\Microsoft.IdentityModel.Abstractions.dll" en "C:\temp\MVP\documento-ia-clasificacion-mvp\src\backend\DocumentIA.Functions\obj\Debug\net8.0\WorkerExtensions\bin\Release\net8.0\bin\Microsoft.IdentityModel.Abstractions.dll".
       _FunctionsPostBuildCopyFiles:
         Copiando el archivo de "C:\temp\MVP\documento-ia-clasificacion-mvp\src\backend\DocumentIA.Functions\obj\Debug\net8.0\WorkerExtensions\bin\Release\net8.0\Microsoft.WindowsAzure.Storage.dll" en "C:\temp\MVP\documento-ia-clasificacion-mvp\src\backend\DocumentIA.Functions\obj\Debug\net8.0\WorkerExtensions\bin\Release\net8.0\bin\Microsoft.WindowsAzure.Storage.dll".
       _FunctionsPostBuildCopyFiles:
         Copiando el archivo de "C:\temp\MVP\documento-ia-clasificacion-mvp\src\backend\DocumentIA.Functions\obj\Debug\net8.0\WorkerExtensions\bin\Release\net8.0\NCrontab.Signed.dll" en "C:\temp\MVP\documento-ia-clasificacion-mvp\src\backend\DocumentIA.Functions\obj\Debug\net8.0\WorkerExtensions\bin\Release\net8.0\bin\NCrontab.Signed.dll".
       _FunctionsPostBuildCopyFiles:
         Copiando el archivo de "C:\temp\MVP\documento-ia-clasificacion-mvp\src\backend\DocumentIA.Functions\obj\Debug\net8.0\WorkerExtensions\bin\Release\net8.0\Newtonsoft.Json.Bson.dll" en "C:\temp\MVP\documento-ia-clasificacion-mvp\src\backend\DocumentIA.Functions\obj\Debug\net8.0\WorkerExtensions\bin\Release\net8.0\bin\Newtonsoft.Json.Bson.dll".
       _FunctionsPostBuildCopyFiles:
         Copiando el archivo de "C:\temp\MVP\documento-ia-clasificacion-mvp\src\backend\DocumentIA.Functions\obj\Debug\net8.0\WorkerExtensions\bin\Release\net8.0\Newtonsoft.Json.dll" en "C:\temp\MVP\documento-ia-clasificacion-mvp\src\backend\DocumentIA.Functions\obj\Debug\net8.0\WorkerExtensions\bin\Release\net8.0\bin\Newtonsoft.Json.dll".
       _FunctionsPostBuildCopyFiles:
         Creando directorio "C:\temp\MVP\documento-ia-clasificacion-mvp\src\backend\DocumentIA.Functions\obj\Debug\net8.0\WorkerExtensions\bin\Release\net8.0\bin\runtimes\win\lib\netstandard2.0".
         Copiando el archivo de "C:\temp\MVP\documento-ia-clasificacion-mvp\src\backend\DocumentIA.Functions\obj\Debug\net8.0\WorkerExtensions\bin\Release\net8.0\runtimes\win\lib\netstandard2.0\System.Security.Cryptography.ProtectedData.dll" en "C:\temp\MVP\documento-ia-clasificacion-mvp\src\backend\DocumentIA.Functions\obj\Debug\net8.0\WorkerExtensions\bin\Release\net8.0\bin\runtimes\win\lib\netstandard2.0\System.Security.Cryptography.ProtectedData.dll".
       _FunctionsPostBuildCopyFiles:
         Copiando el archivo de "C:\temp\MVP\documento-ia-clasificacion-mvp\src\backend\DocumentIA.Functions\obj\Debug\net8.0\WorkerExtensions\bin\Release\net8.0\System.ClientModel.dll" en "C:\temp\MVP\documento-ia-clasificacion-mvp\src\backend\DocumentIA.Functions\obj\Debug\net8.0\WorkerExtensions\bin\Release\net8.0\bin\System.ClientModel.dll".
       _FunctionsPostBuildCopyFiles:
         Copiando el archivo de "C:\temp\MVP\documento-ia-clasificacion-mvp\src\backend\DocumentIA.Functions\obj\Debug\net8.0\WorkerExtensions\bin\Release\net8.0\System.IO.Hashing.dll" en "C:\temp\MVP\documento-ia-clasificacion-mvp\src\backend\DocumentIA.Functions\obj\Debug\net8.0\WorkerExtensions\bin\Release\net8.0\bin\System.IO.Hashing.dll".
       _FunctionsPostBuildCopyFiles:
         Copiando el archivo de "C:\temp\MVP\documento-ia-clasificacion-mvp\src\backend\DocumentIA.Functions\obj\Debug\net8.0\WorkerExtensions\bin\Release\net8.0\System.Linq.Async.dll" en "C:\temp\MVP\documento-ia-clasificacion-mvp\src\backend\DocumentIA.Functions\obj\Debug\net8.0\WorkerExtensions\bin\Release\net8.0\bin\System.Linq.Async.dll".
       _FunctionsPostBuildCopyFiles:
         Copiando el archivo de "C:\temp\MVP\documento-ia-clasificacion-mvp\src\backend\DocumentIA.Functions\obj\Debug\net8.0\WorkerExtensions\bin\Release\net8.0\System.Memory.Data.dll" en "C:\temp\MVP\documento-ia-clasificacion-mvp\src\backend\DocumentIA.Functions\obj\Debug\net8.0\WorkerExtensions\bin\Release\net8.0\bin\System.Memory.Data.dll".
       _FunctionsPostBuildCopyFiles:
         Copiando el archivo de "C:\temp\MVP\documento-ia-clasificacion-mvp\src\backend\DocumentIA.Functions\obj\Debug\net8.0\WorkerExtensions\bin\Release\net8.0\System.Net.Http.Formatting.dll" en "C:\temp\MVP\documento-ia-clasificacion-mvp\src\backend\DocumentIA.Functions\obj\Debug\net8.0\WorkerExtensions\bin\Release\net8.0\bin\System.Net.Http.Formatting.dll".
       _FunctionsPostBuildCopyFiles:
         Copiando el archivo de "C:\temp\MVP\documento-ia-clasificacion-mvp\src\backend\DocumentIA.Functions\obj\Debug\net8.0\WorkerExtensions\bin\Release\net8.0\System.Reactive.Core.dll" en "C:\temp\MVP\documento-ia-clasificacion-mvp\src\backend\DocumentIA.Functions\obj\Debug\net8.0\WorkerExtensions\bin\Release\net8.0\bin\System.Reactive.Core.dll".
       _FunctionsPostBuildCopyFiles:
         Copiando el archivo de "C:\temp\MVP\documento-ia-clasificacion-mvp\src\backend\DocumentIA.Functions\obj\Debug\net8.0\WorkerExtensions\bin\Release\net8.0\System.Reactive.dll" en "C:\temp\MVP\documento-ia-clasificacion-mvp\src\backend\DocumentIA.Functions\obj\Debug\net8.0\WorkerExtensions\bin\Release\net8.0\bin\System.Reactive.dll".
       _FunctionsPostBuildCopyFiles:
         Copiando el archivo de "C:\temp\MVP\documento-ia-clasificacion-mvp\src\backend\DocumentIA.Functions\obj\Debug\net8.0\WorkerExtensions\bin\Release\net8.0\System.Reactive.Interfaces.dll" en "C:\temp\MVP\documento-ia-clasificacion-mvp\src\backend\DocumentIA.Functions\obj\Debug\net8.0\WorkerExtensions\bin\Release\net8.0\bin\System.Reactive.Interfaces.dll".
       _FunctionsPostBuildCopyFiles:
         Copiando el archivo de "C:\temp\MVP\documento-ia-clasificacion-mvp\src\backend\DocumentIA.Functions\obj\Debug\net8.0\WorkerExtensions\bin\Release\net8.0\System.Reactive.Linq.dll" en "C:\temp\MVP\documento-ia-clasificacion-mvp\src\backend\DocumentIA.Functions\obj\Debug\net8.0\WorkerExtensions\bin\Release\net8.0\bin\System.Reactive.Linq.dll".
       _FunctionsPostBuildCopyFiles:
         Copiando el archivo de "C:\temp\MVP\documento-ia-clasificacion-mvp\src\backend\DocumentIA.Functions\obj\Debug\net8.0\WorkerExtensions\bin\Release\net8.0\System.Reactive.PlatformServices.dll" en "C:\temp\MVP\documento-ia-clasificacion-mvp\src\backend\DocumentIA.Functions\obj\Debug\net8.0\WorkerExtensions\bin\Release\net8.0\bin\System.Reactive.PlatformServices.dll".
       _FunctionsPostBuildCopyFiles:
         Copiando el archivo de "C:\temp\MVP\documento-ia-clasificacion-mvp\src\backend\DocumentIA.Functions\obj\Debug\net8.0\WorkerExtensions\bin\Release\net8.0\System.Reactive.Providers.dll" en "C:\temp\MVP\documento-ia-clasificacion-mvp\src\backend\DocumentIA.Functions\obj\Debug\net8.0\WorkerExtensions\bin\Release\net8.0\bin\System.Reactive.Providers.dll".
       _FunctionsPostBuildCopyFiles:
         Copiando el archivo de "C:\temp\MVP\documento-ia-clasificacion-mvp\src\backend\DocumentIA.Functions\obj\Debug\net8.0\WorkerExtensions\bin\Release\net8.0\System.Security.Cryptography.ProtectedData.dll" en "C:\temp\MVP\documento-ia-clasificacion-mvp\src\backend\DocumentIA.Functions\obj\Debug\net8.0\WorkerExtensions\bin\Release\net8.0\bin\System.Security.Cryptography.ProtectedData.dll".
       _FunctionsPostBuildCopyFiles:
         Copiando el archivo de "C:\temp\MVP\documento-ia-clasificacion-mvp\src\backend\DocumentIA.Functions\obj\Debug\net8.0\WorkerExtensions\bin\Release\net8.0\Microsoft.Azure.Functions.Worker.Extensions.pdb" en "C:\temp\MVP\documento-ia-clasificacion-mvp\src\backend\DocumentIA.Functions\obj\Debug\net8.0\WorkerExtensions\bin\Release\net8.0\bin\Microsoft.Azure.Functions.Worker.Extensions.pdb".
       _GenerateFunctionsPostBuild:
         Microsoft.NET.Sdk.Functions.Generator.dll "C:\temp\MVP\documento-ia-clasificacion-mvp\src\backend\DocumentIA.Functions\obj\Debug\net8.0\WorkerExtensions\bin\Release\net8.0\bin\Microsoft.Azure.Functions.Worker.Extensions.dll " "C:\temp\MVP\documento-ia-clasificacion-mvp\src\backend\DocumentIA.Functions\obj\Debug\net8.0\WorkerExtensions\bin\Release\net8.0\ " "False "
       _GenerateFunctionsExtensionsMetadataPostBuild:
         Microsoft.Azure.WebJobs.Script.ExtensionsMetadataGenerator.Console.dll "C:\temp\MVP\documento-ia-clasificacion-mvp\src\backend\DocumentIA.Functions\obj\Debug\net8.0\WorkerExtensions\bin\Release\net8.0\bin" "C:\temp\MVP\documento-ia-clasificacion-mvp\src\backend\DocumentIA.Functions\obj\Debug\net8.0\WorkerExtensions\bin\Release\net8.0\bin\extensions.json"
     5>Compilaci├│n del proyecto terminada "C:\temp\MVP\documento-ia-clasificacion-mvp\src\backend\DocumentIA.Functions\obj\Debug\net8.0\WorkerExtensions\WorkerExtensions.csproj" (Build destinos).
     1>_CopyFilesMarkedCopyLocal:
         Copiando el archivo de "C:\Users\ubf0238\.nuget\packages\azure.ai.formrecognizer\4.1.0\lib\netstandard2.0\Azure.AI.FormRecognizer.dll" en "C:\temp\MVP\documento-ia-clasificacion-mvp\src\backend\DocumentIA.Functions\bin\Debug\net8.0\Azure.AI.FormRecognizer.dll".
         Copiando el archivo de "C:\Users\ubf0238\.nuget\packages\azure.core\1.50.0\lib\net8.0\Azure.Core.dll" en "C:\temp\MVP\documento-ia-clasificacion-mvp\src\backend\DocumentIA.Functions\bin\Debug\net8.0\Azure.Core.dll".
         Copiando el archivo de "C:\Users\ubf0238\.nuget\packages\azure.identity\1.17.1\lib\net8.0\Azure.Identity.dll" en "C:\temp\MVP\documento-ia-clasificacion-mvp\src\backend\DocumentIA.Functions\bin\Debug\net8.0\Azure.Identity.dll".
         Copiando el archivo de "C:\Users\ubf0238\.nuget\packages\azure.security.keyvault.secrets\4.8.0\lib\net8.0\Azure.Security.KeyVault.Secrets.dll" en "C:\temp\MVP\documento-ia-clasificacion-mvp\src\backend\DocumentIA.Functions\bin\Debug\net8.0\Azure.Security.KeyVault.Secrets.dll".
         Copiando el archivo de "C:\Users\ubf0238\.nuget\packages\azure.storage.common\12.26.0\lib\net8.0\Azure.Storage.Common.dll" en "C:\temp\MVP\documento-ia-clasificacion-mvp\src\backend\DocumentIA.Functions\bin\Debug\net8.0\Azure.Storage.Common.dll".
         Copiando el archivo de "C:\Users\ubf0238\.nuget\packages\azure.storage.blobs\12.27.0\lib\net8.0\Azure.Storage.Blobs.dll" en "C:\temp\MVP\documento-ia-clasificacion-mvp\src\backend\DocumentIA.Functions\bin\Debug\net8.0\Azure.Storage.Blobs.dll".
         Copiando el archivo de "C:\Users\ubf0238\.nuget\packages\castle.core\5.2.1\lib\net6.0\Castle.Core.dll" en "C:\temp\MVP\documento-ia-clasificacion-mvp\src\backend\DocumentIA.Functions\bin\Debug\net8.0\Castle.Core.dll".
         Copiando el archivo de "C:\Users\ubf0238\.nuget\packages\fluentvalidation\12.1.1\lib\net8.0\FluentValidation.dll" en "C:\temp\MVP\documento-ia-clasificacion-mvp\src\backend\DocumentIA.Functions\bin\Debug\net8.0\FluentValidation.dll".
         Copiando el archivo de "C:\Users\ubf0238\.nuget\packages\google.protobuf\3.33.2\lib\net5.0\Google.Protobuf.dll" en "C:\temp\MVP\documento-ia-clasificacion-mvp\src\backend\DocumentIA.Functions\bin\Debug\net8.0\Google.Protobuf.dll".
         Copiando el archivo de "C:\Users\ubf0238\.nuget\packages\grpc.core.api\2.71.0\lib\netstandard2.1\Grpc.Core.Api.dll" en "C:\temp\MVP\documento-ia-clasificacion-mvp\src\backend\DocumentIA.Functions\bin\Debug\net8.0\Grpc.Core.Api.dll".
         Copiando el archivo de "C:\Users\ubf0238\.nuget\packages\grpc.net.client\2.71.0\lib\net8.0\Grpc.Net.Client.dll" en "C:\temp\MVP\documento-ia-clasificacion-mvp\src\backend\DocumentIA.Functions\bin\Debug\net8.0\Grpc.Net.Client.dll".
         Copiando el archivo de "C:\Users\ubf0238\.nuget\packages\grpc.net.clientfactory\2.65.0\lib\net8.0\Grpc.Net.ClientFactory.dll" en "C:\temp\MVP\documento-ia-clasificacion-mvp\src\backend\DocumentIA.Functions\bin\Debug\net8.0\Grpc.Net.ClientFactory.dll".
         Copiando el archivo de "C:\Users\ubf0238\.nuget\packages\grpc.net.common\2.71.0\lib\net8.0\Grpc.Net.Common.dll" en "C:\temp\MVP\documento-ia-clasificacion-mvp\src\backend\DocumentIA.Functions\bin\Debug\net8.0\Grpc.Net.Common.dll".
         Copiando el archivo de "C:\Users\ubf0238\.nuget\packages\humanizer.core\2.14.1\lib\net6.0\Humanizer.dll" en "C:\temp\MVP\documento-ia-clasificacion-mvp\src\backend\DocumentIA.Functions\bin\Debug\net8.0\Humanizer.dll".
         Copiando el archivo de "C:\Users\ubf0238\.nuget\packages\microsoft.applicationinsights\2.23.0\lib\netstandard2.0\Microsoft.ApplicationInsights.dll" en "C:\temp\MVP\documento-ia-clasificacion-mvp\src\backend\DocumentIA.Functions\bin\Debug\net8.0\Microsoft.ApplicationInsights.dll".
         Copiando el archivo de "C:\Users\ubf0238\.nuget\packages\microsoft.applicationinsights.dependencycollector\2.23.0\lib\netstandard2.0\Microsoft.AI.DependencyCollector.dll" en "C:\temp\MVP\documento-ia-clasificacion-mvp\src\backend\DocumentIA.Functions\bin\Debug\net8.0\Microsoft.AI.DependencyCollector.dll".
         Copiando el archivo de "C:\Users\ubf0238\.nuget\packages\microsoft.applicationinsights.eventcountercollector\2.23.0\lib\netstandard2.0\Microsoft.AI.EventCounterCollector.dll" en "C:\temp\MVP\documento-ia-clasificacion-mvp\src\backend\DocumentIA.Functions\bin\Debug\net8.0\Microsoft.AI.EventCounterCollector.dll".
         Copiando el archivo de "C:\Users\ubf0238\.nuget\packages\microsoft.applicationinsights.perfcountercollector\2.23.0\lib\netstandard2.0\Microsoft.AI.PerfCounterCollector.dll" en "C:\temp\MVP\documento-ia-clasificacion-mvp\src\backend\DocumentIA.Functions\bin\Debug\net8.0\Microsoft.AI.PerfCounterCollector.dll".
         Copiando el archivo de "C:\Users\ubf0238\.nuget\packages\microsoft.applicationinsights.windowsserver\2.23.0\lib\netstandard2.0\Microsoft.AI.WindowsServer.dll" en "C:\temp\MVP\documento-ia-clasificacion-mvp\src\backend\DocumentIA.Functions\bin\Debug\net8.0\Microsoft.AI.WindowsServer.dll".
         Copiando el archivo de "C:\Users\ubf0238\.nuget\packages\microsoft.applicationinsights.windowsserver.telemetrychannel\2.23.0\lib\netstandard2.0\Microsoft.AI.ServerTelemetryChannel.dll" en "C:\temp\MVP\documento-ia-clasificacion-mvp\src\backend\DocumentIA.Functions\bin\Debug\net8.0\Microsoft.AI.ServerTelemetryChannel.dll".
         Copiando el archivo de "C:\Users\ubf0238\.nuget\packages\microsoft.applicationinsights.workerservice\2.23.0\lib\netstandard2.0\Microsoft.ApplicationInsights.WorkerService.dll" en "C:\temp\MVP\documento-ia-clasificacion-mvp\src\backend\DocumentIA.Functions\bin\Debug\net8.0\Microsoft.ApplicationInsights.WorkerService.dll".
         Copiando el archivo de "C:\Users\ubf0238\.nuget\packages\microsoft.azure.durabletask.core\3.7.0\lib\netstandard2.0\DurableTask.Core.dll" en "C:\temp\MVP\documento-ia-clasificacion-mvp\src\backend\DocumentIA.Functions\bin\Debug\net8.0\DurableTask.Core.dll".
         Copiando el archivo de "C:\Users\ubf0238\.nuget\packages\microsoft.azure.functions.worker\2.51.0\lib\net8.0\Microsoft.Azure.Functions.Worker.dll" en "C:\temp\MVP\documento-ia-clasificacion-mvp\src\backend\DocumentIA.Functions\bin\Debug\net8.0\Microsoft.Azure.Functions.Worker.dll".
         Copiando el archivo de "C:\Users\ubf0238\.nuget\packages\microsoft.azure.functions.worker.applicationinsights\2.0.0\lib\netstandard2.0\Microsoft.Azure.Functions.Worker.ApplicationInsights.dll" en "C:\temp\MVP\documento-ia-clasificacion-mvp\src\backend\DocumentIA.Functions\bin\Debug\net8.0\Microsoft.Azure.Functions.Worker.ApplicationInsights.dll".
         Copiando el archivo de "C:\Users\ubf0238\.nuget\packages\microsoft.azure.functions.worker.core\2.51.0\lib\net8.0\Microsoft.Azure.Functions.Worker.Core.dll" en "C:\temp\MVP\documento-ia-clasificacion-mvp\src\backend\DocumentIA.Functions\bin\Debug\net8.0\Microsoft.Azure.Functions.Worker.Core.dll".
         Copiando el archivo de "C:\Users\ubf0238\.nuget\packages\microsoft.azure.functions.worker.extensions.abstractions\1.3.0\lib\netstandard2.0\Microsoft.Azure.Functions.Worker.Extensions.Abstractions.dll" en "C:\temp\MVP\documento-ia-clasificacion-mvp\src\backend\DocumentIA.Functions\bin\Debug\net8.0\Microsoft.Azure.Functions.Worker.Extensions.Abstractions.dll".
         Copiando el archivo de "C:\Users\ubf0238\.nuget\packages\microsoft.azure.functions.worker.extensions.durabletask\1.14.0\lib\net8.0\Microsoft.Azure.Functions.Worker.Extensions.DurableTask.dll" en "C:\temp\MVP\documento-ia-clasificacion-mvp\src\backend\DocumentIA.Functions\bin\Debug\net8.0\Microsoft.Azure.Functions.Worker.Extensions.DurableTask.dll".
         Copiando el archivo de "C:\Users\ubf0238\.nuget\packages\microsoft.azure.functions.worker.extensions.http\3.3.0\lib\netstandard2.0\Microsoft.Azure.Functions.Worker.Extensions.Http.dll" en "C:\temp\MVP\documento-ia-clasificacion-mvp\src\backend\DocumentIA.Functions\bin\Debug\net8.0\Microsoft.Azure.Functions.Worker.Extensions.Http.dll".
         Copiando el archivo de "C:\Users\ubf0238\.nuget\packages\microsoft.azure.functions.worker.extensions.http.aspnetcore\2.0.2\lib\net8.0\Microsoft.Azure.Functions.Worker.Extensions.Http.AspNetCore.dll" en "C:\temp\MVP\documento-ia-clasificacion-mvp\src\backend\DocumentIA.Functions\bin\Debug\net8.0\Microsoft.Azure.Functions.Worker.Extensions.Http.AspNetCore.dll".
         Copiando el archivo de "C:\Users\ubf0238\.nuget\packages\microsoft.azure.functions.worker.grpc\2.51.0\lib\net8.0\Microsoft.Azure.Functions.Worker.Grpc.dll" en "C:\temp\MVP\documento-ia-clasificacion-mvp\src\backend\DocumentIA.Functions\bin\Debug\net8.0\Microsoft.Azure.Functions.Worker.Grpc.dll".
         Copiando el archivo de "C:\Users\ubf0238\.nuget\packages\microsoft.bcl.asyncinterfaces\10.0.1\lib\netstandard2.1\Microsoft.Bcl.AsyncInterfaces.dll" en "C:\temp\MVP\documento-ia-clasificacion-mvp\src\backend\DocumentIA.Functions\bin\Debug\net8.0\Microsoft.Bcl.AsyncInterfaces.dll".
         Copiando el archivo de "C:\Users\ubf0238\.nuget\packages\microsoft.codeanalysis.common\4.5.0\lib\netcoreapp3.1\Microsoft.CodeAnalysis.dll" en "C:\temp\MVP\documento-ia-clasificacion-mvp\src\backend\DocumentIA.Functions\bin\Debug\net8.0\Microsoft.CodeAnalysis.dll".
         Copiando el archivo de "C:\Users\ubf0238\.nuget\packages\microsoft.codeanalysis.csharp\4.5.0\lib\netcoreapp3.1\Microsoft.CodeAnalysis.CSharp.dll" en "C:\temp\MVP\documento-ia-clasificacion-mvp\src\backend\DocumentIA.Functions\bin\Debug\net8.0\Microsoft.CodeAnalysis.CSharp.dll".
         Copiando el archivo de "C:\Users\ubf0238\.nuget\packages\microsoft.codeanalysis.csharp.workspaces\4.5.0\lib\netcoreapp3.1\Microsoft.CodeAnalysis.CSharp.Workspaces.dll" en "C:\temp\MVP\documento-ia-clasificacion-mvp\src\backend\DocumentIA.Functions\bin\Debug\net8.0\Microsoft.CodeAnalysis.CSharp.Workspaces.dll".
         Copiando el archivo de "C:\Users\ubf0238\.nuget\packages\microsoft.codeanalysis.workspaces.common\4.5.0\lib\netcoreapp3.1\Microsoft.CodeAnalysis.Workspaces.dll" en "C:\temp\MVP\documento-ia-clasificacion-mvp\src\backend\DocumentIA.Functions\bin\Debug\net8.0\Microsoft.CodeAnalysis.Workspaces.dll".
         Copiando el archivo de "C:\Users\ubf0238\.nuget\packages\microsoft.data.sqlclient\5.1.1\lib\net6.0\Microsoft.Data.SqlClient.dll" en "C:\temp\MVP\documento-ia-clasificacion-mvp\src\backend\DocumentIA.Functions\bin\Debug\net8.0\Microsoft.Data.SqlClient.dll".
         Copiando el archivo de "C:\Users\ubf0238\.nuget\packages\microsoft.durabletask.client\1.19.1\lib\netstandard2.0\Microsoft.DurableTask.Client.dll" en "C:\temp\MVP\documento-ia-clasificacion-mvp\src\backend\DocumentIA.Functions\bin\Debug\net8.0\Microsoft.DurableTask.Client.dll".
         Copiando el archivo de "C:\Users\ubf0238\.nuget\packages\microsoft.durabletask.client.grpc\1.19.1\lib\net8.0\Microsoft.DurableTask.Client.Grpc.dll" en "C:\temp\MVP\documento-ia-clasificacion-mvp\src\backend\DocumentIA.Functions\bin\Debug\net8.0\Microsoft.DurableTask.Client.Grpc.dll".
         Copiando el archivo de "C:\Users\ubf0238\.nuget\packages\microsoft.durabletask.worker\1.19.1\lib\netstandard2.0\Microsoft.DurableTask.Worker.dll" en "C:\temp\MVP\documento-ia-clasificacion-mvp\src\backend\DocumentIA.Functions\bin\Debug\net8.0\Microsoft.DurableTask.Worker.dll".
         Copiando el archivo de "C:\Users\ubf0238\.nuget\packages\microsoft.durabletask.grpc\1.19.1\lib\net8.0\Microsoft.DurableTask.Grpc.dll" en "C:\temp\MVP\documento-ia-clasificacion-mvp\src\backend\DocumentIA.Functions\bin\Debug\net8.0\Microsoft.DurableTask.Grpc.dll".
         Copiando el archivo de "C:\Users\ubf0238\.nuget\packages\microsoft.durabletask.worker.grpc\1.19.1\lib\net8.0\Microsoft.DurableTask.Worker.Grpc.dll" en "C:\temp\MVP\documento-ia-clasificacion-mvp\src\backend\DocumentIA.Functions\bin\Debug\net8.0\Microsoft.DurableTask.Worker.Grpc.dll".
         Copiando el archivo de "C:\Users\ubf0238\.nuget\packages\microsoft.entityframeworkcore\8.0.1\lib\net8.0\Microsoft.EntityFrameworkCore.dll" en "C:\temp\MVP\documento-ia-clasificacion-mvp\src\backend\DocumentIA.Functions\bin\Debug\net8.0\Microsoft.EntityFrameworkCore.dll".
         Copiando el archivo de "C:\Users\ubf0238\.nuget\packages\microsoft.durabletask.abstractions\1.19.1\lib\netstandard2.0\Microsoft.DurableTask.Abstractions.dll" en "C:\temp\MVP\documento-ia-clasificacion-mvp\src\backend\DocumentIA.Functions\bin\Debug\net8.0\Microsoft.DurableTask.Abstractions.dll".
         Copiando el archivo de "C:\Users\ubf0238\.nuget\packages\microsoft.entityframeworkcore.abstractions\8.0.1\lib\net8.0\Microsoft.EntityFrameworkCore.Abstractions.dll" en "C:\temp\MVP\documento-ia-clasificacion-mvp\src\backend\DocumentIA.Functions\bin\Debug\net8.0\Microsoft.EntityFrameworkCore.Abstractions.dll".
         Copiando el archivo de "C:\Users\ubf0238\.nuget\packages\microsoft.entityframeworkcore.design\8.0.1\lib\net8.0\Microsoft.EntityFrameworkCore.Design.dll" en "C:\temp\MVP\documento-ia-clasificacion-mvp\src\backend\DocumentIA.Functions\bin\Debug\net8.0\Microsoft.EntityFrameworkCore.Design.dll".
         Copiando el archivo de "C:\Users\ubf0238\.nuget\packages\microsoft.entityframeworkcore.relational\8.0.1\lib\net8.0\Microsoft.EntityFrameworkCore.Relational.dll" en "C:\temp\MVP\documento-ia-clasificacion-mvp\src\backend\DocumentIA.Functions\bin\Debug\net8.0\Microsoft.EntityFrameworkCore.Relational.dll".
         Copiando el archivo de "C:\Users\ubf0238\.nuget\packages\microsoft.entityframeworkcore.sqlserver\8.0.1\lib\net8.0\Microsoft.EntityFrameworkCore.SqlServer.dll" en "C:\temp\MVP\documento-ia-clasificacion-mvp\src\backend\DocumentIA.Functions\bin\Debug\net8.0\Microsoft.EntityFrameworkCore.SqlServer.dll".
         Copiando el archivo de "C:\Users\ubf0238\.nuget\packages\microsoft.extensions.caching.abstractions\10.0.0\lib\net8.0\Microsoft.Extensions.Caching.Abstractions.dll" en "C:\temp\MVP\documento-ia-clasificacion-mvp\src\backend\DocumentIA.Functions\bin\Debug\net8.0\Microsoft.Extensions.Caching.Abstractions.dll".
         Copiando el archivo de "C:\Users\ubf0238\.nuget\packages\microsoft.extensions.caching.memory\10.0.0\lib\net8.0\Microsoft.Extensions.Caching.Memory.dll" en "C:\temp\MVP\documento-ia-clasificacion-mvp\src\backend\DocumentIA.Functions\bin\Debug\net8.0\Microsoft.Extensions.Caching.Memory.dll".
         Copiando el archivo de "C:\Users\ubf0238\.nuget\packages\microsoft.extensions.configuration\10.0.0\lib\net8.0\Microsoft.Extensions.Configuration.dll" en "C:\temp\MVP\documento-ia-clasificacion-mvp\src\backend\DocumentIA.Functions\bin\Debug\net8.0\Microsoft.Extensions.Configuration.dll".
         Copiando el archivo de "C:\Users\ubf0238\.nuget\packages\microsoft.extensions.configuration.abstractions\10.0.0\lib\net8.0\Microsoft.Extensions.Configuration.Abstractions.dll" en "C:\temp\MVP\documento-ia-clasificacion-mvp\src\backend\DocumentIA.Functions\bin\Debug\net8.0\Microsoft.Extensions.Configuration.Abstractions.dll".
         Copiando el archivo de "C:\Users\ubf0238\.nuget\packages\microsoft.extensions.configuration.binder\10.0.0\lib\net8.0\Microsoft.Extensions.Configuration.Binder.dll" en "C:\temp\MVP\documento-ia-clasificacion-mvp\src\backend\DocumentIA.Functions\bin\Debug\net8.0\Microsoft.Extensions.Configuration.Binder.dll".
         Copiando el archivo de "C:\Users\ubf0238\.nuget\packages\microsoft.extensions.configuration.commandline\10.0.0\lib\net8.0\Microsoft.Extensions.Configuration.CommandLine.dll" en "C:\temp\MVP\documento-ia-clasificacion-mvp\src\backend\DocumentIA.Functions\bin\Debug\net8.0\Microsoft.Extensions.Configuration.CommandLine.dll".
         Copiando el archivo de "C:\Users\ubf0238\.nuget\packages\microsoft.extensions.configuration.environmentvariables\10.0.0\lib\net8.0\Microsoft.Extensions.Configuration.EnvironmentVariables.dll" en "C:\temp\MVP\documento-ia-clasificacion-mvp\src\backend\DocumentIA.Functions\bin\Debug\net8.0\Microsoft.Extensions.Configuration.EnvironmentVariables.dll".
         Copiando el archivo de "C:\Users\ubf0238\.nuget\packages\microsoft.extensions.configuration.usersecrets\10.0.0\lib\net8.0\Microsoft.Extensions.Configuration.UserSecrets.dll" en "C:\temp\MVP\documento-ia-clasificacion-mvp\src\backend\DocumentIA.Functions\bin\Debug\net8.0\Microsoft.Extensions.Configuration.UserSecrets.dll".
         Copiando el archivo de "C:\Users\ubf0238\.nuget\packages\microsoft.extensions.configuration.json\10.0.0\lib\net8.0\Microsoft.Extensions.Configuration.Json.dll" en "C:\temp\MVP\documento-ia-clasificacion-mvp\src\backend\DocumentIA.Functions\bin\Debug\net8.0\Microsoft.Extensions.Configuration.Json.dll".
         Copiando el archivo de "C:\Users\ubf0238\.nuget\packages\microsoft.extensions.dependencyinjection\10.0.0\lib\net8.0\Microsoft.Extensions.DependencyInjection.dll" en "C:\temp\MVP\documento-ia-clasificacion-mvp\src\backend\DocumentIA.Functions\bin\Debug\net8.0\Microsoft.Extensions.DependencyInjection.dll".
         Copiando el archivo de "C:\Users\ubf0238\.nuget\packages\microsoft.extensions.dependencyinjection.abstractions\10.0.1\lib\net8.0\Microsoft.Extensions.DependencyInjection.Abstractions.dll" en "C:\temp\MVP\documento-ia-clasificacion-mvp\src\backend\DocumentIA.Functions\bin\Debug\net8.0\Microsoft.Extensions.DependencyInjection.Abstractions.dll".
         Copiando el archivo de "C:\Users\ubf0238\.nuget\packages\microsoft.extensions.dependencymodel\8.0.0\lib\net8.0\Microsoft.Extensions.DependencyModel.dll" en "C:\temp\MVP\documento-ia-clasificacion-mvp\src\backend\DocumentIA.Functions\bin\Debug\net8.0\Microsoft.Extensions.DependencyModel.dll".
         Copiando el archivo de "C:\Users\ubf0238\.nuget\packages\microsoft.extensions.diagnostics\10.0.0\lib\net8.0\Microsoft.Extensions.Diagnostics.dll" en "C:\temp\MVP\documento-ia-clasificacion-mvp\src\backend\DocumentIA.Functions\bin\Debug\net8.0\Microsoft.Extensions.Diagnostics.dll".
         Copiando el archivo de "C:\Users\ubf0238\.nuget\packages\microsoft.extensions.configuration.fileextensions\10.0.0\lib\net8.0\Microsoft.Extensions.Configuration.FileExtensions.dll" en "C:\temp\MVP\documento-ia-clasificacion-mvp\src\backend\DocumentIA.Functions\bin\Debug\net8.0\Microsoft.Extensions.Configuration.FileExtensions.dll".
         Copiando el archivo de "C:\Users\ubf0238\.nuget\packages\microsoft.extensions.diagnostics.abstractions\10.0.0\lib\net8.0\Microsoft.Extensions.Diagnostics.Abstractions.dll" en "C:\temp\MVP\documento-ia-clasificacion-mvp\src\backend\DocumentIA.Functions\bin\Debug\net8.0\Microsoft.Extensions.Diagnostics.Abstractions.dll".
         Copiando el archivo de "C:\Users\ubf0238\.nuget\packages\microsoft.extensions.fileproviders.abstractions\10.0.0\lib\net8.0\Microsoft.Extensions.FileProviders.Abstractions.dll" en "C:\temp\MVP\documento-ia-clasificacion-mvp\src\backend\DocumentIA.Functions\bin\Debug\net8.0\Microsoft.Extensions.FileProviders.Abstractions.dll".
         Copiando el archivo de "C:\Users\ubf0238\.nuget\packages\microsoft.extensions.fileproviders.physical\10.0.0\lib\net8.0\Microsoft.Extensions.FileProviders.Physical.dll" en "C:\temp\MVP\documento-ia-clasificacion-mvp\src\backend\DocumentIA.Functions\bin\Debug\net8.0\Microsoft.Extensions.FileProviders.Physical.dll".
         Copiando el archivo de "C:\Users\ubf0238\.nuget\packages\microsoft.extensions.filesystemglobbing\10.0.0\lib\net8.0\Microsoft.Extensions.FileSystemGlobbing.dll" en "C:\temp\MVP\documento-ia-clasificacion-mvp\src\backend\DocumentIA.Functions\bin\Debug\net8.0\Microsoft.Extensions.FileSystemGlobbing.dll".
         Copiando el archivo de "C:\Users\ubf0238\.nuget\packages\microsoft.extensions.hosting\10.0.0\lib\net8.0\Microsoft.Extensions.Hosting.dll" en "C:\temp\MVP\documento-ia-clasificacion-mvp\src\backend\DocumentIA.Functions\bin\Debug\net8.0\Microsoft.Extensions.Hosting.dll".
         Copiando el archivo de "C:\Users\ubf0238\.nuget\packages\microsoft.extensions.hosting.abstractions\10.0.0\lib\net8.0\Microsoft.Extensions.Hosting.Abstractions.dll" en "C:\temp\MVP\documento-ia-clasificacion-mvp\src\backend\DocumentIA.Functions\bin\Debug\net8.0\Microsoft.Extensions.Hosting.Abstractions.dll".
         Copiando el archivo de "C:\Users\ubf0238\.nuget\packages\microsoft.extensions.logging\10.0.0\lib\net8.0\Microsoft.Extensions.Logging.dll" en "C:\temp\MVP\documento-ia-clasificacion-mvp\src\backend\DocumentIA.Functions\bin\Debug\net8.0\Microsoft.Extensions.Logging.dll".
         Copiando el archivo de "C:\Users\ubf0238\.nuget\packages\microsoft.extensions.logging.configuration\10.0.0\lib\net8.0\Microsoft.Extensions.Logging.Configuration.dll" en "C:\temp\MVP\documento-ia-clasificacion-mvp\src\backend\DocumentIA.Functions\bin\Debug\net8.0\Microsoft.Extensions.Logging.Configuration.dll".
         Copiando el archivo de "C:\Users\ubf0238\.nuget\packages\microsoft.extensions.logging.abstractions\10.0.0\lib\net8.0\Microsoft.Extensions.Logging.Abstractions.dll" en "C:\temp\MVP\documento-ia-clasificacion-mvp\src\backend\DocumentIA.Functions\bin\Debug\net8.0\Microsoft.Extensions.Logging.Abstractions.dll".
         Copiando el archivo de "C:\Users\ubf0238\.nuget\packages\microsoft.extensions.logging.applicationinsights\2.23.0\lib\netstandard2.0\Microsoft.Extensions.Logging.ApplicationInsights.dll" en "C:\temp\MVP\documento-ia-clasificacion-mvp\src\backend\DocumentIA.Functions\bin\Debug\net8.0\Microsoft.Extensions.Logging.ApplicationInsights.dll".
         Copiando el archivo de "C:\Users\ubf0238\.nuget\packages\microsoft.extensions.logging.console\10.0.0\lib\net8.0\Microsoft.Extensions.Logging.Console.dll" en "C:\temp\MVP\documento-ia-clasificacion-mvp\src\backend\DocumentIA.Functions\bin\Debug\net8.0\Microsoft.Extensions.Logging.Console.dll".
         Copiando el archivo de "C:\Users\ubf0238\.nuget\packages\microsoft.extensions.logging.debug\10.0.0\lib\net8.0\Microsoft.Extensions.Logging.Debug.dll" en "C:\temp\MVP\documento-ia-clasificacion-mvp\src\backend\DocumentIA.Functions\bin\Debug\net8.0\Microsoft.Extensions.Logging.Debug.dll".
         Copiando el archivo de "C:\Users\ubf0238\.nuget\packages\microsoft.extensions.logging.eventlog\10.0.0\lib\net8.0\Microsoft.Extensions.Logging.EventLog.dll" en "C:\temp\MVP\documento-ia-clasificacion-mvp\src\backend\DocumentIA.Functions\bin\Debug\net8.0\Microsoft.Extensions.Logging.EventLog.dll".
         Copiando el archivo de "C:\Users\ubf0238\.nuget\packages\microsoft.extensions.logging.eventsource\10.0.0\lib\net8.0\Microsoft.Extensions.Logging.EventSource.dll" en "C:\temp\MVP\documento-ia-clasificacion-mvp\src\backend\DocumentIA.Functions\bin\Debug\net8.0\Microsoft.Extensions.Logging.EventSource.dll".
         Copiando el archivo de "C:\Users\ubf0238\.nuget\packages\microsoft.extensions.options\10.0.0\lib\net8.0\Microsoft.Extensions.Options.dll" en "C:\temp\MVP\documento-ia-clasificacion-mvp\src\backend\DocumentIA.Functions\bin\Debug\net8.0\Microsoft.Extensions.Options.dll".
         Copiando el archivo de "C:\Users\ubf0238\.nuget\packages\microsoft.extensions.options.configurationextensions\10.0.0\lib\net8.0\Microsoft.Extensions.Options.ConfigurationExtensions.dll" en "C:\temp\MVP\documento-ia-clasificacion-mvp\src\backend\DocumentIA.Functions\bin\Debug\net8.0\Microsoft.Extensions.Options.ConfigurationExtensions.dll".
         Copiando el archivo de "C:\Users\ubf0238\.nuget\packages\microsoft.identity.client\4.78.0\lib\net8.0\Microsoft.Identity.Client.dll" en "C:\temp\MVP\documento-ia-clasificacion-mvp\src\backend\DocumentIA.Functions\bin\Debug\net8.0\Microsoft.Identity.Client.dll".
         Copiando el archivo de "C:\Users\ubf0238\.nuget\packages\microsoft.extensions.primitives\10.0.0\lib\net8.0\Microsoft.Extensions.Primitives.dll" en "C:\temp\MVP\documento-ia-clasificacion-mvp\src\backend\DocumentIA.Functions\bin\Debug\net8.0\Microsoft.Extensions.Primitives.dll".
         Copiando el archivo de "C:\Users\ubf0238\.nuget\packages\microsoft.identity.client.extensions.msal\4.78.0\lib\net8.0\Microsoft.Identity.Client.Extensions.Msal.dll" en "C:\temp\MVP\documento-ia-clasificacion-mvp\src\backend\DocumentIA.Functions\bin\Debug\net8.0\Microsoft.Identity.Client.Extensions.Msal.dll".
         Copiando el archivo de "C:\Users\ubf0238\.nuget\packages\microsoft.identitymodel.abstractions\8.14.0\lib\net8.0\Microsoft.IdentityModel.Abstractions.dll" en "C:\temp\MVP\documento-ia-clasificacion-mvp\src\backend\DocumentIA.Functions\bin\Debug\net8.0\Microsoft.IdentityModel.Abstractions.dll".
         Copiando el archivo de "C:\Users\ubf0238\.nuget\packages\microsoft.identitymodel.jsonwebtokens\6.24.0\lib\net6.0\Microsoft.IdentityModel.JsonWebTokens.dll" en "C:\temp\MVP\documento-ia-clasificacion-mvp\src\backend\DocumentIA.Functions\bin\Debug\net8.0\Microsoft.IdentityModel.JsonWebTokens.dll".
         Copiando el archivo de "C:\Users\ubf0238\.nuget\packages\microsoft.identitymodel.logging\6.24.0\lib\net6.0\Microsoft.IdentityModel.Logging.dll" en "C:\temp\MVP\documento-ia-clasificacion-mvp\src\backend\DocumentIA.Functions\bin\Debug\net8.0\Microsoft.IdentityModel.Logging.dll".
         Copiando el archivo de "C:\Users\ubf0238\.nuget\packages\microsoft.identitymodel.protocols.openidconnect\6.24.0\lib\net6.0\Microsoft.IdentityModel.Protocols.OpenIdConnect.dll" en "C:\temp\MVP\documento-ia-clasificacion-mvp\src\backend\DocumentIA.Functions\bin\Debug\net8.0\Microsoft.IdentityModel.Protocols.OpenIdConnect.dll".
         Copiando el archivo de "C:\Users\ubf0238\.nuget\packages\microsoft.identitymodel.tokens\6.24.0\lib\net6.0\Microsoft.IdentityModel.Tokens.dll" en "C:\temp\MVP\documento-ia-clasificacion-mvp\src\backend\DocumentIA.Functions\bin\Debug\net8.0\Microsoft.IdentityModel.Tokens.dll".
         Copiando el archivo de "C:\Users\ubf0238\.nuget\packages\microsoft.identitymodel.protocols\6.24.0\lib\net6.0\Microsoft.IdentityModel.Protocols.dll" en "C:\temp\MVP\documento-ia-clasificacion-mvp\src\backend\DocumentIA.Functions\bin\Debug\net8.0\Microsoft.IdentityModel.Protocols.dll".
         Copiando el archivo de "C:\Users\ubf0238\.nuget\packages\microsoft.sqlserver.server\1.0.0\lib\netstandard2.0\Microsoft.SqlServer.Server.dll" en "C:\temp\MVP\documento-ia-clasificacion-mvp\src\backend\DocumentIA.Functions\bin\Debug\net8.0\Microsoft.SqlServer.Server.dll".
         Copiando el archivo de "C:\Users\ubf0238\.nuget\packages\microsoft.win32.systemevents\6.0.0\lib\net6.0\Microsoft.Win32.SystemEvents.dll" en "C:\temp\MVP\documento-ia-clasificacion-mvp\src\backend\DocumentIA.Functions\bin\Debug\net8.0\Microsoft.Win32.SystemEvents.dll".
         Copiando el archivo de "C:\Users\ubf0238\.nuget\packages\mono.texttemplating\2.2.1\lib\netstandard2.0\Mono.TextTemplating.dll" en "C:\temp\MVP\documento-ia-clasificacion-mvp\src\backend\DocumentIA.Functions\bin\Debug\net8.0\Mono.TextTemplating.dll".
         Copiando el archivo de "C:\Users\ubf0238\.nuget\packages\newtonsoft.json\13.0.1\lib\netstandard2.0\Newtonsoft.Json.dll" en "C:\temp\MVP\documento-ia-clasificacion-mvp\src\backend\DocumentIA.Functions\bin\Debug\net8.0\Newtonsoft.Json.dll".
         Copiando el archivo de "C:\Users\ubf0238\.nuget\packages\system.clientmodel\1.8.0\lib\net8.0\System.ClientModel.dll" en "C:\temp\MVP\documento-ia-clasificacion-mvp\src\backend\DocumentIA.Functions\bin\Debug\net8.0\System.ClientModel.dll".
         Copiando el archivo de "C:\Users\ubf0238\.nuget\packages\system.composition.attributedmodel\6.0.0\lib\net6.0\System.Composition.AttributedModel.dll" en "C:\temp\MVP\documento-ia-clasificacion-mvp\src\backend\DocumentIA.Functions\bin\Debug\net8.0\System.Composition.AttributedModel.dll".
         Copiando el archivo de "C:\Users\ubf0238\.nuget\packages\system.codedom\4.4.0\lib\netstandard2.0\System.CodeDom.dll" en "C:\temp\MVP\documento-ia-clasificacion-mvp\src\backend\DocumentIA.Functions\bin\Debug\net8.0\System.CodeDom.dll".
         Copiando el archivo de "C:\Users\ubf0238\.nuget\packages\system.composition.convention\6.0.0\lib\net6.0\System.Composition.Convention.dll" en "C:\temp\MVP\documento-ia-clasificacion-mvp\src\backend\DocumentIA.Functions\bin\Debug\net8.0\System.Composition.Convention.dll".
         Copiando el archivo de "C:\Users\ubf0238\.nuget\packages\system.composition.hosting\6.0.0\lib\net6.0\System.Composition.Hosting.dll" en "C:\temp\MVP\documento-ia-clasificacion-mvp\src\backend\DocumentIA.Functions\bin\Debug\net8.0\System.Composition.Hosting.dll".
         Copiando el archivo de "C:\Users\ubf0238\.nuget\packages\system.composition.runtime\6.0.0\lib\net6.0\System.Composition.Runtime.dll" en "C:\temp\MVP\documento-ia-clasificacion-mvp\src\backend\DocumentIA.Functions\bin\Debug\net8.0\System.Composition.Runtime.dll".
         Copiando el archivo de "C:\Users\ubf0238\.nuget\packages\system.composition.typedparts\6.0.0\lib\net6.0\System.Composition.TypedParts.dll" en "C:\temp\MVP\documento-ia-clasificacion-mvp\src\backend\DocumentIA.Functions\bin\Debug\net8.0\System.Composition.TypedParts.dll".
         Copiando el archivo de "C:\Users\ubf0238\.nuget\packages\system.configuration.configurationmanager\6.0.1\lib\net6.0\System.Configuration.ConfigurationManager.dll" en "C:\temp\MVP\documento-ia-clasificacion-mvp\src\backend\DocumentIA.Functions\bin\Debug\net8.0\System.Configuration.ConfigurationManager.dll".
         Copiando el archivo de "C:\Users\ubf0238\.nuget\packages\system.diagnostics.diagnosticsource\10.0.0\lib\net8.0\System.Diagnostics.DiagnosticSource.dll" en "C:\temp\MVP\documento-ia-clasificacion-mvp\src\backend\DocumentIA.Functions\bin\Debug\net8.0\System.Diagnostics.DiagnosticSource.dll".
         Copiando el archivo de "C:\Users\ubf0238\.nuget\packages\system.diagnostics.eventlog\10.0.0\lib\net8.0\System.Diagnostics.EventLog.dll" en "C:\temp\MVP\documento-ia-clasificacion-mvp\src\backend\DocumentIA.Functions\bin\Debug\net8.0\System.Diagnostics.EventLog.dll".
         Copiando el archivo de "C:\Users\ubf0238\.nuget\packages\system.diagnostics.performancecounter\6.0.0\lib\net6.0\System.Diagnostics.PerformanceCounter.dll" en "C:\temp\MVP\documento-ia-clasificacion-mvp\src\backend\DocumentIA.Functions\bin\Debug\net8.0\System.Diagnostics.PerformanceCounter.dll".
         Copiando el archivo de "C:\Users\ubf0238\.nuget\packages\system.drawing.common\6.0.0\lib\net6.0\System.Drawing.Common.dll" en "C:\temp\MVP\documento-ia-clasificacion-mvp\src\backend\DocumentIA.Functions\bin\Debug\net8.0\System.Drawing.Common.dll".
         Copiando el archivo de "C:\Users\ubf0238\.nuget\packages\system.identitymodel.tokens.jwt\6.24.0\lib\net6.0\System.IdentityModel.Tokens.Jwt.dll" en "C:\temp\MVP\documento-ia-clasificacion-mvp\src\backend\DocumentIA.Functions\bin\Debug\net8.0\System.IdentityModel.Tokens.Jwt.dll".
         Copiando el archivo de "C:\Users\ubf0238\.nuget\packages\system.io.hashing\10.0.1\lib\net8.0\System.IO.Hashing.dll" en "C:\temp\MVP\documento-ia-clasificacion-mvp\src\backend\DocumentIA.Functions\bin\Debug\net8.0\System.IO.Hashing.dll".
         Copiando el archivo de "C:\Users\ubf0238\.nuget\packages\system.io.pipelines\10.0.2\lib\net8.0\System.IO.Pipelines.dll" en "C:\temp\MVP\documento-ia-clasificacion-mvp\src\backend\DocumentIA.Functions\bin\Debug\net8.0\System.IO.Pipelines.dll".
         Copiando el archivo de "C:\Users\ubf0238\.nuget\packages\system.memory.data\8.0.1\lib\net8.0\System.Memory.Data.dll" en "C:\temp\MVP\documento-ia-clasificacion-mvp\src\backend\DocumentIA.Functions\bin\Debug\net8.0\System.Memory.Data.dll".
         Copiando el archivo de "C:\Users\ubf0238\.nuget\packages\system.reactive.core\4.4.1\lib\netstandard2.0\System.Reactive.Core.dll" en "C:\temp\MVP\documento-ia-clasificacion-mvp\src\backend\DocumentIA.Functions\bin\Debug\net8.0\System.Reactive.Core.dll".
         Copiando el archivo de "C:\Users\ubf0238\.nuget\packages\system.reactive.interfaces\4.4.1\lib\netstandard2.0\System.Reactive.Interfaces.dll" en "C:\temp\MVP\documento-ia-clasificacion-mvp\src\backend\DocumentIA.Functions\bin\Debug\net8.0\System.Reactive.Interfaces.dll".
         Copiando el archivo de "C:\Users\ubf0238\.nuget\packages\system.reactive.linq\4.4.1\lib\netstandard2.0\System.Reactive.Linq.dll" en "C:\temp\MVP\documento-ia-clasificacion-mvp\src\backend\DocumentIA.Functions\bin\Debug\net8.0\System.Reactive.Linq.dll".
         Copiando el archivo de "C:\Users\ubf0238\.nuget\packages\system.reactive.platformservices\4.4.1\lib\netstandard2.0\System.Reactive.PlatformServices.dll" en "C:\temp\MVP\documento-ia-clasificacion-mvp\src\backend\DocumentIA.Functions\bin\Debug\net8.0\System.Reactive.PlatformServices.dll".
         Copiando el archivo de "C:\Users\ubf0238\.nuget\packages\system.reactive.providers\4.4.1\lib\netstandard2.0\System.Reactive.Providers.dll" en "C:\temp\MVP\documento-ia-clasificacion-mvp\src\backend\DocumentIA.Functions\bin\Debug\net8.0\System.Reactive.Providers.dll".
         Copiando el archivo de "C:\Users\ubf0238\.nuget\packages\system.runtime.caching\6.0.0\lib\net6.0\System.Runtime.Caching.dll" en "C:\temp\MVP\documento-ia-clasificacion-mvp\src\backend\DocumentIA.Functions\bin\Debug\net8.0\System.Runtime.Caching.dll".
         Copiando el archivo de "C:\Users\ubf0238\.nuget\packages\system.security.cryptography.protecteddata\6.0.0\lib\net6.0\System.Security.Cryptography.ProtectedData.dll" en "C:\temp\MVP\documento-ia-clasificacion-mvp\src\backend\DocumentIA.Functions\bin\Debug\net8.0\System.Security.Cryptography.ProtectedData.dll".
         Copiando el archivo de "C:\Users\ubf0238\.nuget\packages\system.security.permissions\6.0.0\lib\net6.0\System.Security.Permissions.dll" en "C:\temp\MVP\documento-ia-clasificacion-mvp\src\backend\DocumentIA.Functions\bin\Debug\net8.0\System.Security.Permissions.dll".
         Copiando el archivo de "C:\Users\ubf0238\.nuget\packages\system.text.encodings.web\10.0.2\lib\net8.0\System.Text.Encodings.Web.dll" en "C:\temp\MVP\documento-ia-clasificacion-mvp\src\backend\DocumentIA.Functions\bin\Debug\net8.0\System.Text.Encodings.Web.dll".
         Copiando el archivo de "C:\Users\ubf0238\.nuget\packages\system.text.json\10.0.2\lib\net8.0\System.Text.Json.dll" en "C:\temp\MVP\documento-ia-clasificacion-mvp\src\backend\DocumentIA.Functions\bin\Debug\net8.0\System.Text.Json.dll".
         Copiando el archivo de "C:\Users\ubf0238\.nuget\packages\system.windows.extensions\6.0.0\lib\net6.0\System.Windows.Extensions.dll" en "C:\temp\MVP\documento-ia-clasificacion-mvp\src\backend\DocumentIA.Functions\bin\Debug\net8.0\System.Windows.Extensions.dll".
         Creando directorio "bin\Debug\net8.0\cs".
         Creando directorio "bin\Debug\net8.0\de".
         Creando directorio "bin\Debug\net8.0\es".
         Creando directorio "bin\Debug\net8.0\fr".
         Creando directorio "bin\Debug\net8.0\it".
         Creando directorio "bin\Debug\net8.0\ja".
         Copiando el archivo de "C:\Users\ubf0238\.nuget\packages\microsoft.codeanalysis.common\4.5.0\lib\netcoreapp3.1\es\Microsoft.CodeAnalysis.resources.dll" en "C:\temp\MVP\documento-ia-clasificacion-mvp\src\backend\DocumentIA.Functions\bin\Debug\net8.0\es\Microsoft.CodeAnalysis.resources.dll".
         Copiando el archivo de "C:\Users\ubf0238\.nuget\packages\microsoft.codeanalysis.common\4.5.0\lib\netcoreapp3.1\cs\Microsoft.CodeAnalysis.resources.dll" en "C:\temp\MVP\documento-ia-clasificacion-mvp\src\backend\DocumentIA.Functions\bin\Debug\net8.0\cs\Microsoft.CodeAnalysis.resources.dll".
         Copiando el archivo de "C:\Users\ubf0238\.nuget\packages\microsoft.codeanalysis.common\4.5.0\lib\netcoreapp3.1\de\Microsoft.CodeAnalysis.resources.dll" en "C:\temp\MVP\documento-ia-clasificacion-mvp\src\backend\DocumentIA.Functions\bin\Debug\net8.0\de\Microsoft.CodeAnalysis.resources.dll".
         Copiando el archivo de "C:\Users\ubf0238\.nuget\packages\microsoft.codeanalysis.common\4.5.0\lib\netcoreapp3.1\fr\Microsoft.CodeAnalysis.resources.dll" en "C:\temp\MVP\documento-ia-clasificacion-mvp\src\backend\DocumentIA.Functions\bin\Debug\net8.0\fr\Microsoft.CodeAnalysis.resources.dll".
         Copiando el archivo de "C:\Users\ubf0238\.nuget\packages\microsoft.codeanalysis.common\4.5.0\lib\netcoreapp3.1\it\Microsoft.CodeAnalysis.resources.dll" en "C:\temp\MVP\documento-ia-clasificacion-mvp\src\backend\DocumentIA.Functions\bin\Debug\net8.0\it\Microsoft.CodeAnalysis.resources.dll".
         Copiando el archivo de "C:\Users\ubf0238\.nuget\packages\microsoft.codeanalysis.common\4.5.0\lib\netcoreapp3.1\ja\Microsoft.CodeAnalysis.resources.dll" en "C:\temp\MVP\documento-ia-clasificacion-mvp\src\backend\DocumentIA.Functions\bin\Debug\net8.0\ja\Microsoft.CodeAnalysis.resources.dll".
         Creando directorio "bin\Debug\net8.0\ko".
         Creando directorio "bin\Debug\net8.0\pl".
         Creando directorio "bin\Debug\net8.0\pt-BR".
         Copiando el archivo de "C:\Users\ubf0238\.nuget\packages\microsoft.codeanalysis.common\4.5.0\lib\netcoreapp3.1\pl\Microsoft.CodeAnalysis.resources.dll" en "C:\temp\MVP\documento-ia-clasificacion-mvp\src\backend\DocumentIA.Functions\bin\Debug\net8.0\pl\Microsoft.CodeAnalysis.resources.dll".
         Creando directorio "bin\Debug\net8.0\tr".
         Creando directorio "bin\Debug\net8.0\zh-Hans".
         Copiando el archivo de "C:\Users\ubf0238\.nuget\packages\microsoft.codeanalysis.common\4.5.0\lib\netcoreapp3.1\ko\Microsoft.CodeAnalysis.resources.dll" en "C:\temp\MVP\documento-ia-clasificacion-mvp\src\backend\DocumentIA.Functions\bin\Debug\net8.0\ko\Microsoft.CodeAnalysis.resources.dll".
         Copiando el archivo de "C:\Users\ubf0238\.nuget\packages\microsoft.codeanalysis.common\4.5.0\lib\netcoreapp3.1\pt-BR\Microsoft.CodeAnalysis.resources.dll" en "C:\temp\MVP\documento-ia-clasificacion-mvp\src\backend\DocumentIA.Functions\bin\Debug\net8.0\pt-BR\Microsoft.CodeAnalysis.resources.dll".
         Creando directorio "bin\Debug\net8.0\zh-Hant".
         Copiando el archivo de "C:\Users\ubf0238\.nuget\packages\microsoft.codeanalysis.common\4.5.0\lib\netcoreapp3.1\tr\Microsoft.CodeAnalysis.resources.dll" en "C:\temp\MVP\documento-ia-clasificacion-mvp\src\backend\DocumentIA.Functions\bin\Debug\net8.0\tr\Microsoft.CodeAnalysis.resources.dll".
         Copiando el archivo de "C:\Users\ubf0238\.nuget\packages\microsoft.codeanalysis.common\4.5.0\lib\netcoreapp3.1\zh-Hans\Microsoft.CodeAnalysis.resources.dll" en "C:\temp\MVP\documento-ia-clasificacion-mvp\src\backend\DocumentIA.Functions\bin\Debug\net8.0\zh-Hans\Microsoft.CodeAnalysis.resources.dll".
         Copiando el archivo de "C:\Users\ubf0238\.nuget\packages\microsoft.codeanalysis.common\4.5.0\lib\netcoreapp3.1\zh-Hant\Microsoft.CodeAnalysis.resources.dll" en "C:\temp\MVP\documento-ia-clasificacion-mvp\src\backend\DocumentIA.Functions\bin\Debug\net8.0\zh-Hant\Microsoft.CodeAnalysis.resources.dll".
         Copiando el archivo de "C:\Users\ubf0238\.nuget\packages\microsoft.codeanalysis.csharp\4.5.0\lib\netcoreapp3.1\cs\Microsoft.CodeAnalysis.CSharp.resources.dll" en "C:\temp\MVP\documento-ia-clasificacion-mvp\src\backend\DocumentIA.Functions\bin\Debug\net8.0\cs\Microsoft.CodeAnalysis.CSharp.resources.dll".
         Copiando el archivo de "C:\Users\ubf0238\.nuget\packages\microsoft.codeanalysis.csharp\4.5.0\lib\netcoreapp3.1\de\Microsoft.CodeAnalysis.CSharp.resources.dll" en "C:\temp\MVP\documento-ia-clasificacion-mvp\src\backend\DocumentIA.Functions\bin\Debug\net8.0\de\Microsoft.CodeAnalysis.CSharp.resources.dll".
         Copiando el archivo de "C:\Users\ubf0238\.nuget\packages\microsoft.codeanalysis.csharp\4.5.0\lib\netcoreapp3.1\es\Microsoft.CodeAnalysis.CSharp.resources.dll" en "C:\temp\MVP\documento-ia-clasificacion-mvp\src\backend\DocumentIA.Functions\bin\Debug\net8.0\es\Microsoft.CodeAnalysis.CSharp.resources.dll".
         Copiando el archivo de "C:\Users\ubf0238\.nuget\packages\microsoft.codeanalysis.csharp\4.5.0\lib\netcoreapp3.1\fr\Microsoft.CodeAnalysis.CSharp.resources.dll" en "C:\temp\MVP\documento-ia-clasificacion-mvp\src\backend\DocumentIA.Functions\bin\Debug\net8.0\fr\Microsoft.CodeAnalysis.CSharp.resources.dll".
         Creando directorio "bin\Debug\net8.0\ru".
         Copiando el archivo de "C:\Users\ubf0238\.nuget\packages\microsoft.codeanalysis.csharp\4.5.0\lib\netcoreapp3.1\it\Microsoft.CodeAnalysis.CSharp.resources.dll" en "C:\temp\MVP\documento-ia-clasificacion-mvp\src\backend\DocumentIA.Functions\bin\Debug\net8.0\it\Microsoft.CodeAnalysis.CSharp.resources.dll".
         Copiando el archivo de "C:\Users\ubf0238\.nuget\packages\microsoft.codeanalysis.csharp\4.5.0\lib\netcoreapp3.1\ja\Microsoft.CodeAnalysis.CSharp.resources.dll" en "C:\temp\MVP\documento-ia-clasificacion-mvp\src\backend\DocumentIA.Functions\bin\Debug\net8.0\ja\Microsoft.CodeAnalysis.CSharp.resources.dll".
         Copiando el archivo de "C:\Users\ubf0238\.nuget\packages\microsoft.codeanalysis.common\4.5.0\lib\netcoreapp3.1\ru\Microsoft.CodeAnalysis.resources.dll" en "C:\temp\MVP\documento-ia-clasificacion-mvp\src\backend\DocumentIA.Functions\bin\Debug\net8.0\ru\Microsoft.CodeAnalysis.resources.dll".
         Copiando el archivo de "C:\Users\ubf0238\.nuget\packages\microsoft.codeanalysis.csharp\4.5.0\lib\netcoreapp3.1\ko\Microsoft.CodeAnalysis.CSharp.resources.dll" en "C:\temp\MVP\documento-ia-clasificacion-mvp\src\backend\DocumentIA.Functions\bin\Debug\net8.0\ko\Microsoft.CodeAnalysis.CSharp.resources.dll".
         Copiando el archivo de "C:\Users\ubf0238\.nuget\packages\microsoft.codeanalysis.csharp\4.5.0\lib\netcoreapp3.1\pl\Microsoft.CodeAnalysis.CSharp.resources.dll" en "C:\temp\MVP\documento-ia-clasificacion-mvp\src\backend\DocumentIA.Functions\bin\Debug\net8.0\pl\Microsoft.CodeAnalysis.CSharp.resources.dll".
         Copiando el archivo de "C:\Users\ubf0238\.nuget\packages\microsoft.codeanalysis.csharp\4.5.0\lib\netcoreapp3.1\pt-BR\Microsoft.CodeAnalysis.CSharp.resources.dll" en "C:\temp\MVP\documento-ia-clasificacion-mvp\src\backend\DocumentIA.Functions\bin\Debug\net8.0\pt-BR\Microsoft.CodeAnalysis.CSharp.resources.dll".
         Copiando el archivo de "C:\Users\ubf0238\.nuget\packages\microsoft.codeanalysis.csharp\4.5.0\lib\netcoreapp3.1\ru\Microsoft.CodeAnalysis.CSharp.resources.dll" en "C:\temp\MVP\documento-ia-clasificacion-mvp\src\backend\DocumentIA.Functions\bin\Debug\net8.0\ru\Microsoft.CodeAnalysis.CSharp.resources.dll".
         Copiando el archivo de "C:\Users\ubf0238\.nuget\packages\microsoft.codeanalysis.csharp\4.5.0\lib\netcoreapp3.1\tr\Microsoft.CodeAnalysis.CSharp.resources.dll" en "C:\temp\MVP\documento-ia-clasificacion-mvp\src\backend\DocumentIA.Functions\bin\Debug\net8.0\tr\Microsoft.CodeAnalysis.CSharp.resources.dll".
         Copiando el archivo de "C:\Users\ubf0238\.nuget\packages\microsoft.codeanalysis.csharp\4.5.0\lib\netcoreapp3.1\zh-Hans\Microsoft.CodeAnalysis.CSharp.resources.dll" en "C:\temp\MVP\documento-ia-clasificacion-mvp\src\backend\DocumentIA.Functions\bin\Debug\net8.0\zh-Hans\Microsoft.CodeAnalysis.CSharp.resources.dll".
         Copiando el archivo de "C:\Users\ubf0238\.nuget\packages\microsoft.codeanalysis.csharp\4.5.0\lib\netcoreapp3.1\zh-Hant\Microsoft.CodeAnalysis.CSharp.resources.dll" en "C:\temp\MVP\documento-ia-clasificacion-mvp\src\backend\DocumentIA.Functions\bin\Debug\net8.0\zh-Hant\Microsoft.CodeAnalysis.CSharp.resources.dll".
         Copiando el archivo de "C:\Users\ubf0238\.nuget\packages\microsoft.codeanalysis.csharp.workspaces\4.5.0\lib\netcoreapp3.1\cs\Microsoft.CodeAnalysis.CSharp.Workspaces.resources.dll" en "C:\temp\MVP\documento-ia-clasificacion-mvp\src\backend\DocumentIA.Functions\bin\Debug\net8.0\cs\Microsoft.CodeAnalysis.CSharp.Workspaces.resources.dll".
         Copiando el archivo de "C:\Users\ubf0238\.nuget\packages\microsoft.codeanalysis.csharp.workspaces\4.5.0\lib\netcoreapp3.1\de\Microsoft.CodeAnalysis.CSharp.Workspaces.resources.dll" en "C:\temp\MVP\documento-ia-clasificacion-mvp\src\backend\DocumentIA.Functions\bin\Debug\net8.0\de\Microsoft.CodeAnalysis.CSharp.Workspaces.resources.dll".
         Copiando el archivo de "C:\Users\ubf0238\.nuget\packages\microsoft.codeanalysis.csharp.workspaces\4.5.0\lib\netcoreapp3.1\es\Microsoft.CodeAnalysis.CSharp.Workspaces.resources.dll" en "C:\temp\MVP\documento-ia-clasificacion-mvp\src\backend\DocumentIA.Functions\bin\Debug\net8.0\es\Microsoft.CodeAnalysis.CSharp.Workspaces.resources.dll".
         Copiando el archivo de "C:\Users\ubf0238\.nuget\packages\microsoft.codeanalysis.csharp.workspaces\4.5.0\lib\netcoreapp3.1\fr\Microsoft.CodeAnalysis.CSharp.Workspaces.resources.dll" en "C:\temp\MVP\documento-ia-clasificacion-mvp\src\backend\DocumentIA.Functions\bin\Debug\net8.0\fr\Microsoft.CodeAnalysis.CSharp.Workspaces.resources.dll".
         Copiando el archivo de "C:\Users\ubf0238\.nuget\packages\microsoft.codeanalysis.csharp.workspaces\4.5.0\lib\netcoreapp3.1\it\Microsoft.CodeAnalysis.CSharp.Workspaces.resources.dll" en "C:\temp\MVP\documento-ia-clasificacion-mvp\src\backend\DocumentIA.Functions\bin\Debug\net8.0\it\Microsoft.CodeAnalysis.CSharp.Workspaces.resources.dll".
         Copiando el archivo de "C:\Users\ubf0238\.nuget\packages\microsoft.codeanalysis.csharp.workspaces\4.5.0\lib\netcoreapp3.1\ja\Microsoft.CodeAnalysis.CSharp.Workspaces.resources.dll" en "C:\temp\MVP\documento-ia-clasificacion-mvp\src\backend\DocumentIA.Functions\bin\Debug\net8.0\ja\Microsoft.CodeAnalysis.CSharp.Workspaces.resources.dll".
         Copiando el archivo de "C:\Users\ubf0238\.nuget\packages\microsoft.codeanalysis.csharp.workspaces\4.5.0\lib\netcoreapp3.1\ko\Microsoft.CodeAnalysis.CSharp.Workspaces.resources.dll" en "C:\temp\MVP\documento-ia-clasificacion-mvp\src\backend\DocumentIA.Functions\bin\Debug\net8.0\ko\Microsoft.CodeAnalysis.CSharp.Workspaces.resources.dll".
         Copiando el archivo de "C:\Users\ubf0238\.nuget\packages\microsoft.codeanalysis.csharp.workspaces\4.5.0\lib\netcoreapp3.1\pl\Microsoft.CodeAnalysis.CSharp.Workspaces.resources.dll" en "C:\temp\MVP\documento-ia-clasificacion-mvp\src\backend\DocumentIA.Functions\bin\Debug\net8.0\pl\Microsoft.CodeAnalysis.CSharp.Workspaces.resources.dll".
         Copiando el archivo de "C:\Users\ubf0238\.nuget\packages\microsoft.codeanalysis.csharp.workspaces\4.5.0\lib\netcoreapp3.1\pt-BR\Microsoft.CodeAnalysis.CSharp.Workspaces.resources.dll" en "C:\temp\MVP\documento-ia-clasificacion-mvp\src\backend\DocumentIA.Functions\bin\Debug\net8.0\pt-BR\Microsoft.CodeAnalysis.CSharp.Workspaces.resources.dll".
         Copiando el archivo de "C:\Users\ubf0238\.nuget\packages\microsoft.codeanalysis.csharp.workspaces\4.5.0\lib\netcoreapp3.1\ru\Microsoft.CodeAnalysis.CSharp.Workspaces.resources.dll" en "C:\temp\MVP\documento-ia-clasificacion-mvp\src\backend\DocumentIA.Functions\bin\Debug\net8.0\ru\Microsoft.CodeAnalysis.CSharp.Workspaces.resources.dll".
         Copiando el archivo de "C:\Users\ubf0238\.nuget\packages\microsoft.codeanalysis.csharp.workspaces\4.5.0\lib\netcoreapp3.1\tr\Microsoft.CodeAnalysis.CSharp.Workspaces.resources.dll" en "C:\temp\MVP\documento-ia-clasificacion-mvp\src\backend\DocumentIA.Functions\bin\Debug\net8.0\tr\Microsoft.CodeAnalysis.CSharp.Workspaces.resources.dll".
         Copiando el archivo de "C:\Users\ubf0238\.nuget\packages\microsoft.codeanalysis.csharp.workspaces\4.5.0\lib\netcoreapp3.1\zh-Hans\Microsoft.CodeAnalysis.CSharp.Workspaces.resources.dll" en "C:\temp\MVP\documento-ia-clasificacion-mvp\src\backend\DocumentIA.Functions\bin\Debug\net8.0\zh-Hans\Microsoft.CodeAnalysis.CSharp.Workspaces.resources.dll".
         Copiando el archivo de "C:\Users\ubf0238\.nuget\packages\microsoft.codeanalysis.csharp.workspaces\4.5.0\lib\netcoreapp3.1\zh-Hant\Microsoft.CodeAnalysis.CSharp.Workspaces.resources.dll" en "C:\temp\MVP\documento-ia-clasificacion-mvp\src\backend\DocumentIA.Functions\bin\Debug\net8.0\zh-Hant\Microsoft.CodeAnalysis.CSharp.Workspaces.resources.dll".
         Copiando el archivo de "C:\Users\ubf0238\.nuget\packages\microsoft.codeanalysis.workspaces.common\4.5.0\lib\netcoreapp3.1\cs\Microsoft.CodeAnalysis.Workspaces.resources.dll" en "C:\temp\MVP\documento-ia-clasificacion-mvp\src\backend\DocumentIA.Functions\bin\Debug\net8.0\cs\Microsoft.CodeAnalysis.Workspaces.resources.dll".
         Copiando el archivo de "C:\Users\ubf0238\.nuget\packages\microsoft.codeanalysis.workspaces.common\4.5.0\lib\netcoreapp3.1\de\Microsoft.CodeAnalysis.Workspaces.resources.dll" en "C:\temp\MVP\documento-ia-clasificacion-mvp\src\backend\DocumentIA.Functions\bin\Debug\net8.0\de\Microsoft.CodeAnalysis.Workspaces.resources.dll".
         Copiando el archivo de "C:\Users\ubf0238\.nuget\packages\microsoft.codeanalysis.workspaces.common\4.5.0\lib\netcoreapp3.1\es\Microsoft.CodeAnalysis.Workspaces.resources.dll" en "C:\temp\MVP\documento-ia-clasificacion-mvp\src\backend\DocumentIA.Functions\bin\Debug\net8.0\es\Microsoft.CodeAnalysis.Workspaces.resources.dll".
         Copiando el archivo de "C:\Users\ubf0238\.nuget\packages\microsoft.codeanalysis.workspaces.common\4.5.0\lib\netcoreapp3.1\fr\Microsoft.CodeAnalysis.Workspaces.resources.dll" en "C:\temp\MVP\documento-ia-clasificacion-mvp\src\backend\DocumentIA.Functions\bin\Debug\net8.0\fr\Microsoft.CodeAnalysis.Workspaces.resources.dll".
         Copiando el archivo de "C:\Users\ubf0238\.nuget\packages\microsoft.codeanalysis.workspaces.common\4.5.0\lib\netcoreapp3.1\it\Microsoft.CodeAnalysis.Workspaces.resources.dll" en "C:\temp\MVP\documento-ia-clasificacion-mvp\src\backend\DocumentIA.Functions\bin\Debug\net8.0\it\Microsoft.CodeAnalysis.Workspaces.resources.dll".
         Copiando el archivo de "C:\Users\ubf0238\.nuget\packages\microsoft.codeanalysis.workspaces.common\4.5.0\lib\netcoreapp3.1\ko\Microsoft.CodeAnalysis.Workspaces.resources.dll" en "C:\temp\MVP\documento-ia-clasificacion-mvp\src\backend\DocumentIA.Functions\bin\Debug\net8.0\ko\Microsoft.CodeAnalysis.Workspaces.resources.dll".
         Copiando el archivo de "C:\Users\ubf0238\.nuget\packages\microsoft.codeanalysis.workspaces.common\4.5.0\lib\netcoreapp3.1\pl\Microsoft.CodeAnalysis.Workspaces.resources.dll" en "C:\temp\MVP\documento-ia-clasificacion-mvp\src\backend\DocumentIA.Functions\bin\Debug\net8.0\pl\Microsoft.CodeAnalysis.Workspaces.resources.dll".
         Copiando el archivo de "C:\Users\ubf0238\.nuget\packages\microsoft.codeanalysis.workspaces.common\4.5.0\lib\netcoreapp3.1\ru\Microsoft.CodeAnalysis.Workspaces.resources.dll" en "C:\temp\MVP\documento-ia-clasificacion-mvp\src\backend\DocumentIA.Functions\bin\Debug\net8.0\ru\Microsoft.CodeAnalysis.Workspaces.resources.dll".
         Copiando el archivo de "C:\Users\ubf0238\.nuget\packages\microsoft.codeanalysis.workspaces.common\4.5.0\lib\netcoreapp3.1\pt-BR\Microsoft.CodeAnalysis.Workspaces.resources.dll" en "C:\temp\MVP\documento-ia-clasificacion-mvp\src\backend\DocumentIA.Functions\bin\Debug\net8.0\pt-BR\Microsoft.CodeAnalysis.Workspaces.resources.dll".
         Copiando el archivo de "C:\Users\ubf0238\.nuget\packages\microsoft.codeanalysis.workspaces.common\4.5.0\lib\netcoreapp3.1\tr\Microsoft.CodeAnalysis.Workspaces.resources.dll" en "C:\temp\MVP\documento-ia-clasificacion-mvp\src\backend\DocumentIA.Functions\bin\Debug\net8.0\tr\Microsoft.CodeAnalysis.Workspaces.resources.dll".
         Copiando el archivo de "C:\Users\ubf0238\.nuget\packages\microsoft.codeanalysis.workspaces.common\4.5.0\lib\netcoreapp3.1\zh-Hans\Microsoft.CodeAnalysis.Workspaces.resources.dll" en "C:\temp\MVP\documento-ia-clasificacion-mvp\src\backend\DocumentIA.Functions\bin\Debug\net8.0\zh-Hans\Microsoft.CodeAnalysis.Workspaces.resources.dll".
         Copiando el archivo de "C:\Users\ubf0238\.nuget\packages\microsoft.codeanalysis.workspaces.common\4.5.0\lib\netcoreapp3.1\zh-Hant\Microsoft.CodeAnalysis.Workspaces.resources.dll" en "C:\temp\MVP\documento-ia-clasificacion-mvp\src\backend\DocumentIA.Functions\bin\Debug\net8.0\zh-Hant\Microsoft.CodeAnalysis.Workspaces.resources.dll".
         Creando directorio "bin\Debug\net8.0\runtimes\unix\lib\net6.0".
         Creando directorio "bin\Debug\net8.0\runtimes\win\lib\net6.0".
         Copiando el archivo de "C:\Users\ubf0238\.nuget\packages\microsoft.data.sqlclient\5.1.1\runtimes\unix\lib\net6.0\Microsoft.Data.SqlClient.dll" en "C:\temp\MVP\documento-ia-clasificacion-mvp\src\backend\DocumentIA.Functions\bin\Debug\net8.0\runtimes\unix\lib\net6.0\Microsoft.Data.SqlClient.dll".
         Copiando el archivo de "C:\Users\ubf0238\.nuget\packages\microsoft.codeanalysis.workspaces.common\4.5.0\lib\netcoreapp3.1\ja\Microsoft.CodeAnalysis.Workspaces.resources.dll" en "C:\temp\MVP\documento-ia-clasificacion-mvp\src\backend\DocumentIA.Functions\bin\Debug\net8.0\ja\Microsoft.CodeAnalysis.Workspaces.resources.dll".
         Copiando el archivo de "C:\Users\ubf0238\.nuget\packages\microsoft.data.sqlclient\5.1.1\runtimes\win\lib\net6.0\Microsoft.Data.SqlClient.dll" en "C:\temp\MVP\documento-ia-clasificacion-mvp\src\backend\DocumentIA.Functions\bin\Debug\net8.0\runtimes\win\lib\net6.0\Microsoft.Data.SqlClient.dll".
         Creando directorio "bin\Debug\net8.0\runtimes\win-arm\native".
         Copiando el archivo de "C:\Users\ubf0238\.nuget\packages\microsoft.data.sqlclient.sni.runtime\5.1.0\runtimes\win-arm\native\Microsoft.Data.SqlClient.SNI.dll" en "C:\temp\MVP\documento-ia-clasificacion-mvp\src\backend\DocumentIA.Functions\bin\Debug\net8.0\runtimes\win-arm\native\Microsoft.Data.SqlClient.SNI.dll".
         Creando directorio "bin\Debug\net8.0\runtimes\win-arm64\native".
         Copiando el archivo de "C:\Users\ubf0238\.nuget\packages\microsoft.data.sqlclient.sni.runtime\5.1.0\runtimes\win-arm64\native\Microsoft.Data.SqlClient.SNI.dll" en "C:\temp\MVP\documento-ia-clasificacion-mvp\src\backend\DocumentIA.Functions\bin\Debug\net8.0\runtimes\win-arm64\native\Microsoft.Data.SqlClient.SNI.dll".
         Creando directorio "bin\Debug\net8.0\runtimes\win-x64\native".
         Creando directorio "bin\Debug\net8.0\runtimes\win-x86\native".
         Copiando el archivo de "C:\Users\ubf0238\.nuget\packages\microsoft.win32.systemevents\6.0.0\runtimes\win\lib\net6.0\Microsoft.Win32.SystemEvents.dll" en "C:\temp\MVP\documento-ia-clasificacion-mvp\src\backend\DocumentIA.Functions\bin\Debug\net8.0\runtimes\win\lib\net6.0\Microsoft.Win32.SystemEvents.dll".
         Creando directorio "bin\Debug\net8.0\runtimes\win\lib\net8.0".
         Copiando el archivo de "C:\Users\ubf0238\.nuget\packages\microsoft.data.sqlclient.sni.runtime\5.1.0\runtimes\win-x86\native\Microsoft.Data.SqlClient.SNI.dll" en "C:\temp\MVP\documento-ia-clasificacion-mvp\src\backend\DocumentIA.Functions\bin\Debug\net8.0\runtimes\win-x86\native\Microsoft.Data.SqlClient.SNI.dll".
         Copiando el archivo de "C:\Users\ubf0238\.nuget\packages\system.diagnostics.eventlog\10.0.0\runtimes\win\lib\net8.0\System.Diagnostics.EventLog.Messages.dll" en "C:\temp\MVP\documento-ia-clasificacion-mvp\src\backend\DocumentIA.Functions\bin\Debug\net8.0\runtimes\win\lib\net8.0\System.Diagnostics.EventLog.Messages.dll".
         Copiando el archivo de "C:\Users\ubf0238\.nuget\packages\microsoft.data.sqlclient.sni.runtime\5.1.0\runtimes\win-x64\native\Microsoft.Data.SqlClient.SNI.dll" en "C:\temp\MVP\documento-ia-clasificacion-mvp\src\backend\DocumentIA.Functions\bin\Debug\net8.0\runtimes\win-x64\native\Microsoft.Data.SqlClient.SNI.dll".
         Copiando el archivo de "C:\Users\ubf0238\.nuget\packages\system.diagnostics.eventlog\10.0.0\runtimes\win\lib\net8.0\System.Diagnostics.EventLog.dll" en "C:\temp\MVP\documento-ia-clasificacion-mvp\src\backend\DocumentIA.Functions\bin\Debug\net8.0\runtimes\win\lib\net8.0\System.Diagnostics.EventLog.dll".
         Copiando el archivo de "C:\Users\ubf0238\.nuget\packages\system.diagnostics.performancecounter\6.0.0\runtimes\win\lib\net6.0\System.Diagnostics.PerformanceCounter.dll" en "C:\temp\MVP\documento-ia-clasificacion-mvp\src\backend\DocumentIA.Functions\bin\Debug\net8.0\runtimes\win\lib\net6.0\System.Diagnostics.PerformanceCounter.dll".
         Copiando el archivo de "C:\Users\ubf0238\.nuget\packages\system.drawing.common\6.0.0\runtimes\unix\lib\net6.0\System.Drawing.Common.dll" en "C:\temp\MVP\documento-ia-clasificacion-mvp\src\backend\DocumentIA.Functions\bin\Debug\net8.0\runtimes\unix\lib\net6.0\System.Drawing.Common.dll".
         Copiando el archivo de "C:\Users\ubf0238\.nuget\packages\system.drawing.common\6.0.0\runtimes\win\lib\net6.0\System.Drawing.Common.dll" en "C:\temp\MVP\documento-ia-clasificacion-mvp\src\backend\DocumentIA.Functions\bin\Debug\net8.0\runtimes\win\lib\net6.0\System.Drawing.Common.dll".
         Copiando el archivo de "C:\Users\ubf0238\.nuget\packages\system.runtime.caching\6.0.0\runtimes\win\lib\net6.0\System.Runtime.Caching.dll" en "C:\temp\MVP\documento-ia-clasificacion-mvp\src\backend\DocumentIA.Functions\bin\Debug\net8.0\runtimes\win\lib\net6.0\System.Runtime.Caching.dll".
         Copiando el archivo de "C:\Users\ubf0238\.nuget\packages\system.security.cryptography.protecteddata\6.0.0\runtimes\win\lib\net6.0\System.Security.Cryptography.ProtectedData.dll" en "C:\temp\MVP\documento-ia-clasificacion-mvp\src\backend\DocumentIA.Functions\bin\Debug\net8.0\runtimes\win\lib\net6.0\System.Security.Cryptography.ProtectedData.dll".
         Creando directorio "bin\Debug\net8.0\runtimes\browser\lib\net8.0".
         Copiando el archivo de "C:\Users\ubf0238\.nuget\packages\system.windows.extensions\6.0.0\runtimes\win\lib\net6.0\System.Windows.Extensions.dll" en "C:\temp\MVP\documento-ia-clasificacion-mvp\src\backend\DocumentIA.Functions\bin\Debug\net8.0\runtimes\win\lib\net6.0\System.Windows.Extensions.dll".
         Copiando el archivo de "C:\temp\MVP\documento-ia-clasificacion-mvp\src\backend\DocumentIA.Core\bin\Debug\net8.0\DocumentIA.Core.dll" en "C:\temp\MVP\documento-ia-clasificacion-mvp\src\backend\DocumentIA.Functions\bin\Debug\net8.0\DocumentIA.Core.dll".
         Copiando el archivo de "C:\temp\MVP\documento-ia-clasificacion-mvp\src\backend\DocumentIA.Data\bin\Debug\net8.0\DocumentIA.Data.dll" en "C:\temp\MVP\documento-ia-clasificacion-mvp\src\backend\DocumentIA.Functions\bin\Debug\net8.0\DocumentIA.Data.dll".
         Copiando el archivo de "C:\Users\ubf0238\.nuget\packages\system.text.encodings.web\10.0.2\runtimes\browser\lib\net8.0\System.Text.Encodings.Web.dll" en "C:\temp\MVP\documento-ia-clasificacion-mvp\src\backend\DocumentIA.Functions\bin\Debug\net8.0\runtimes\browser\lib\net8.0\System.Text.Encodings.Web.dll".
         Copiando el archivo de "C:\temp\MVP\documento-ia-clasificacion-mvp\src\backend\DocumentIA.Plugins\bin\Debug\net8.0\DocumentIA.Plugins.dll" en "C:\temp\MVP\documento-ia-clasificacion-mvp\src\backend\DocumentIA.Functions\bin\Debug\net8.0\DocumentIA.Plugins.dll".
         Copiando el archivo de "C:\Users\ubf0238\.nuget\packages\system.reactive\4.4.1\lib\netstandard2.0\System.Reactive.dll" en "C:\temp\MVP\documento-ia-clasificacion-mvp\src\backend\DocumentIA.Functions\bin\Debug\net8.0\System.Reactive.dll".
         Copiando el archivo de "C:\temp\MVP\documento-ia-clasificacion-mvp\src\backend\DocumentIA.Plugins\bin\Debug\net8.0\DocumentIA.Plugins.pdb" en "C:\temp\MVP\documento-ia-clasificacion-mvp\src\backend\DocumentIA.Functions\bin\Debug\net8.0\DocumentIA.Plugins.pdb".
         Copiando el archivo de "C:\temp\MVP\documento-ia-clasificacion-mvp\src\backend\DocumentIA.Core\bin\Debug\net8.0\DocumentIA.Core.pdb" en "C:\temp\MVP\documento-ia-clasificacion-mvp\src\backend\DocumentIA.Functions\bin\Debug\net8.0\DocumentIA.Core.pdb".
         Copiando el archivo de "C:\temp\MVP\documento-ia-clasificacion-mvp\src\backend\DocumentIA.Data\bin\Debug\net8.0\DocumentIA.Data.pdb" en "C:\temp\MVP\documento-ia-clasificacion-mvp\src\backend\DocumentIA.Functions\bin\Debug\net8.0\DocumentIA.Data.pdb".
         Copiando el archivo de "C:\Users\ubf0238\.nuget\packages\system.reactive\4.4.1\lib\netstandard2.0\System.Reactive.xml" en "C:\temp\MVP\documento-ia-clasificacion-mvp\src\backend\DocumentIA.Functions\bin\Debug\net8.0\System.Reactive.xml".
         Se crear├í "C:\temp\MVP\documento-ia-clasificacion-mvp\src\backend\DocumentIA.Functions\obj\Debug\net8.0\Document.03E33BA7.Up2Date" porque se especific├│ "AlwaysCreate".
         Aplicando tarea Touch a "C:\temp\MVP\documento-ia-clasificacion-mvp\src\backend\DocumentIA.Functions\obj\Debug\net8.0\Document.03E33BA7.Up2Date".
       _CopyOutOfDateSourceItemsToOutputDirectory:
         Copiando el archivo de "C:\temp\MVP\documento-ia-clasificacion-mvp\src\backend\DocumentIA.Functions\obj\Debug\net8.0\extensions.json" en "C:\temp\MVP\documento-ia-clasificacion-mvp\src\backend\DocumentIA.Functions\bin\Debug\net8.0\extensions.json".
         Copiando el archivo de "C:\temp\MVP\documento-ia-clasificacion-mvp\src\backend\DocumentIA.Functions\host.json" en "C:\temp\MVP\documento-ia-clasificacion-mvp\src\backend\DocumentIA.Functions\bin\Debug\net8.0\host.json".
         Copiando el archivo de "C:\temp\MVP\documento-ia-clasificacion-mvp\src\backend\DocumentIA.Functions\local.settings.json" en "C:\temp\MVP\documento-ia-clasificacion-mvp\src\backend\DocumentIA.Functions\bin\Debug\net8.0\local.settings.json".
         Copiando el archivo de "C:\temp\MVP\documento-ia-clasificacion-mvp\src\backend\DocumentIA.Functions\obj\Debug\net8.0\worker.config.json" en "C:\temp\MVP\documento-ia-clasificacion-mvp\src\backend\DocumentIA.Functions\bin\Debug\net8.0\worker.config.json".
         Copiando el archivo de "C:\temp\MVP\documento-ia-clasificacion-mvp\src\backend\DocumentIA.Functions\obj\Debug\net8.0\apphost.exe" en "C:\temp\MVP\documento-ia-clasificacion-mvp\src\backend\DocumentIA.Functions\bin\Debug\net8.0\DocumentIA.Functions.exe".
         Creando directorio "bin\Debug\net8.0\.azurefunctions".
         Creando directorio "bin\Debug\net8.0\.azurefunctions".
         Copiando el archivo de "C:\temp\MVP\documento-ia-clasificacion-mvp\src\backend\DocumentIA.Functions\obj\Debug\net8.0\WorkerExtensions\bin\Release\net8.0\bin\Azure.Core.dll" en "C:\temp\MVP\documento-ia-clasificacion-mvp\src\backend\DocumentIA.Functions\bin\Debug\net8.0\.azurefunctions\Azure.Core.dll".
         Copiando el archivo de "C:\temp\MVP\documento-ia-clasificacion-mvp\src\backend\DocumentIA.Functions\obj\Debug\net8.0\WorkerExtensions\bin\Release\net8.0\bin\Azure.Data.Tables.dll" en "C:\temp\MVP\documento-ia-clasificacion-mvp\src\backend\DocumentIA.Functions\bin\Debug\net8.0\.azurefunctions\Azure.Data.Tables.dll".
         Copiando el archivo de "C:\temp\MVP\documento-ia-clasificacion-mvp\src\backend\DocumentIA.Functions\obj\Debug\net8.0\WorkerExtensions\bin\Release\net8.0\bin\Azure.Identity.dll" en "C:\temp\MVP\documento-ia-clasificacion-mvp\src\backend\DocumentIA.Functions\bin\Debug\net8.0\.azurefunctions\Azure.Identity.dll".
         Copiando el archivo de "C:\temp\MVP\documento-ia-clasificacion-mvp\src\backend\DocumentIA.Functions\obj\Debug\net8.0\WorkerExtensions\bin\Release\net8.0\bin\Azure.Storage.Blobs.dll" en "C:\temp\MVP\documento-ia-clasificacion-mvp\src\backend\DocumentIA.Functions\bin\Debug\net8.0\.azurefunctions\Azure.Storage.Blobs.dll".
         Copiando el archivo de "C:\Users\ubf0238\.nuget\packages\microsoft.azure.functions.worker.sdk\2.0.5\tools\netstandard2.0\Microsoft.Azure.WebJobs.Extensions.FunctionMetadataLoader.dll" en "C:\temp\MVP\documento-ia-clasificacion-mvp\src\backend\DocumentIA.Functions\bin\Debug\net8.0\.azurefunctions\Microsoft.Azure.WebJobs.Extensions.FunctionMetadataLoader.dll".
         Copiando el archivo de "C:\temp\MVP\documento-ia-clasificacion-mvp\src\backend\DocumentIA.Functions\obj\Debug\net8.0\WorkerExtensions\bin\Release\net8.0\bin\Azure.Storage.Common.dll" en "C:\temp\MVP\documento-ia-clasificacion-mvp\src\backend\DocumentIA.Functions\bin\Debug\net8.0\.azurefunctions\Azure.Storage.Common.dll".
         Copiando el archivo de "C:\temp\MVP\documento-ia-clasificacion-mvp\src\backend\DocumentIA.Functions\obj\Debug\net8.0\WorkerExtensions\bin\Release\net8.0\bin\Azure.Storage.Queues.dll" en "C:\temp\MVP\documento-ia-clasificacion-mvp\src\backend\DocumentIA.Functions\bin\Debug\net8.0\.azurefunctions\Azure.Storage.Queues.dll".
         Copiando el archivo de "C:\temp\MVP\documento-ia-clasificacion-mvp\src\backend\DocumentIA.Functions\obj\Debug\net8.0\WorkerExtensions\bin\Release\net8.0\bin\Castle.Core.dll" en "C:\temp\MVP\documento-ia-clasificacion-mvp\src\backend\DocumentIA.Functions\bin\Debug\net8.0\.azurefunctions\Castle.Core.dll".
         Copiando el archivo de "C:\temp\MVP\documento-ia-clasificacion-mvp\src\backend\DocumentIA.Functions\obj\Debug\net8.0\WorkerExtensions\bin\Release\net8.0\bin\DurableTask.ApplicationInsights.dll" en "C:\temp\MVP\documento-ia-clasificacion-mvp\src\backend\DocumentIA.Functions\bin\Debug\net8.0\.azurefunctions\DurableTask.ApplicationInsights.dll".
         Copiando el archivo de "C:\temp\MVP\documento-ia-clasificacion-mvp\src\backend\DocumentIA.Functions\obj\Debug\net8.0\WorkerExtensions\bin\Release\net8.0\bin\DurableTask.AzureStorage.dll" en "C:\temp\MVP\documento-ia-clasificacion-mvp\src\backend\DocumentIA.Functions\bin\Debug\net8.0\.azurefunctions\DurableTask.AzureStorage.dll".
         Copiando el archivo de "C:\temp\MVP\documento-ia-clasificacion-mvp\src\backend\DocumentIA.Functions\obj\Debug\net8.0\functions.metadata" en "C:\temp\MVP\documento-ia-clasificacion-mvp\src\backend\DocumentIA.Functions\bin\Debug\net8.0\functions.metadata".
         Copiando el archivo de "C:\temp\MVP\documento-ia-clasificacion-mvp\src\backend\DocumentIA.Functions\obj\Debug\net8.0\WorkerExtensions\bin\Release\net8.0\bin\function.deps.json" en "C:\temp\MVP\documento-ia-clasificacion-mvp\src\backend\DocumentIA.Functions\bin\Debug\net8.0\.azurefunctions\function.deps.json".
         Copiando el archivo de "C:\temp\MVP\documento-ia-clasificacion-mvp\src\backend\DocumentIA.Functions\obj\Debug\net8.0\WorkerExtensions\bin\Release\net8.0\bin\DurableTask.Core.dll" en "C:\temp\MVP\documento-ia-clasificacion-mvp\src\backend\DocumentIA.Functions\bin\Debug\net8.0\.azurefunctions\DurableTask.Core.dll".
         Copiando el archivo de "C:\temp\MVP\documento-ia-clasificacion-mvp\src\backend\DocumentIA.Functions\obj\Debug\net8.0\WorkerExtensions\bin\Release\net8.0\bin\Google.Protobuf.dll" en "C:\temp\MVP\documento-ia-clasificacion-mvp\src\backend\DocumentIA.Functions\bin\Debug\net8.0\.azurefunctions\Google.Protobuf.dll".
         Copiando el archivo de "C:\temp\MVP\documento-ia-clasificacion-mvp\src\backend\DocumentIA.Functions\obj\Debug\net8.0\WorkerExtensions\bin\Release\net8.0\bin\Grpc.AspNetCore.Server.dll" en "C:\temp\MVP\documento-ia-clasificacion-mvp\src\backend\DocumentIA.Functions\bin\Debug\net8.0\.azurefunctions\Grpc.AspNetCore.Server.dll".
         Copiando el archivo de "C:\temp\MVP\documento-ia-clasificacion-mvp\src\backend\DocumentIA.Functions\obj\Debug\net8.0\WorkerExtensions\bin\Release\net8.0\bin\Grpc.AspNetCore.Server.ClientFactory.dll" en "C:\temp\MVP\documento-ia-clasificacion-mvp\src\backend\DocumentIA.Functions\bin\Debug\net8.0\.azurefunctions\Grpc.AspNetCore.Server.ClientFactory.dll".
         Copiando el archivo de "C:\temp\MVP\documento-ia-clasificacion-mvp\src\backend\DocumentIA.Functions\obj\Debug\net8.0\WorkerExtensions\bin\Release\net8.0\bin\Grpc.Core.Api.dll" en "C:\temp\MVP\documento-ia-clasificacion-mvp\src\backend\DocumentIA.Functions\bin\Debug\net8.0\.azurefunctions\Grpc.Core.Api.dll".
         Copiando el archivo de "C:\temp\MVP\documento-ia-clasificacion-mvp\src\backend\DocumentIA.Functions\obj\Debug\net8.0\WorkerExtensions\bin\Release\net8.0\bin\Grpc.Net.Client.dll" en "C:\temp\MVP\documento-ia-clasificacion-mvp\src\backend\DocumentIA.Functions\bin\Debug\net8.0\.azurefunctions\Grpc.Net.Client.dll".
         Copiando el archivo de "C:\temp\MVP\documento-ia-clasificacion-mvp\src\backend\DocumentIA.Functions\obj\Debug\net8.0\WorkerExtensions\bin\Release\net8.0\bin\Grpc.Net.ClientFactory.dll" en "C:\temp\MVP\documento-ia-clasificacion-mvp\src\backend\DocumentIA.Functions\bin\Debug\net8.0\.azurefunctions\Grpc.Net.ClientFactory.dll".
         Copiando el archivo de "C:\temp\MVP\documento-ia-clasificacion-mvp\src\backend\DocumentIA.Functions\obj\Debug\net8.0\WorkerExtensions\bin\Release\net8.0\bin\Grpc.Net.Common.dll" en "C:\temp\MVP\documento-ia-clasificacion-mvp\src\backend\DocumentIA.Functions\bin\Debug\net8.0\.azurefunctions\Grpc.Net.Common.dll".
         Copiando el archivo de "C:\temp\MVP\documento-ia-clasificacion-mvp\src\backend\DocumentIA.Functions\obj\Debug\net8.0\WorkerExtensions\bin\Release\net8.0\bin\Microsoft.Azure.Functions.Worker.Extensions.dll" en "C:\temp\MVP\documento-ia-clasificacion-mvp\src\backend\DocumentIA.Functions\bin\Debug\net8.0\.azurefunctions\Microsoft.Azure.Functions.Worker.Extensions.dll".
         Copiando el archivo de "C:\temp\MVP\documento-ia-clasificacion-mvp\src\backend\DocumentIA.Functions\obj\Debug\net8.0\WorkerExtensions\bin\Release\net8.0\bin\Microsoft.Azure.WebJobs.Extensions.DurableTask.dll" en "C:\temp\MVP\documento-ia-clasificacion-mvp\src\backend\DocumentIA.Functions\bin\Debug\net8.0\.azurefunctions\Microsoft.Azure.WebJobs.Extensions.DurableTask.dll".
         Copiando el archivo de "C:\temp\MVP\documento-ia-clasificacion-mvp\src\backend\DocumentIA.Functions\obj\Debug\net8.0\WorkerExtensions\bin\Release\net8.0\bin\Microsoft.Azure.Functions.Worker.Extensions.pdb" en "C:\temp\MVP\documento-ia-clasificacion-mvp\src\backend\DocumentIA.Functions\bin\Debug\net8.0\.azurefunctions\Microsoft.Azure.Functions.Worker.Extensions.pdb".
         Copiando el archivo de "C:\temp\MVP\documento-ia-clasificacion-mvp\src\backend\DocumentIA.Functions\obj\Debug\net8.0\WorkerExtensions\bin\Release\net8.0\bin\Microsoft.Azure.WebJobs.Extensions.Rpc.dll" en "C:\temp\MVP\documento-ia-clasificacion-mvp\src\backend\DocumentIA.Functions\bin\Debug\net8.0\.azurefunctions\Microsoft.Azure.WebJobs.Extensions.Rpc.dll".
         Copiando el archivo de "C:\temp\MVP\documento-ia-clasificacion-mvp\src\backend\DocumentIA.Functions\obj\Debug\net8.0\WorkerExtensions\bin\Release\net8.0\bin\Microsoft.Azure.WebJobs.Host.Storage.dll" en "C:\temp\MVP\documento-ia-clasificacion-mvp\src\backend\DocumentIA.Functions\bin\Debug\net8.0\.azurefunctions\Microsoft.Azure.WebJobs.Host.Storage.dll".
         Copiando el archivo de "C:\temp\MVP\documento-ia-clasificacion-mvp\src\backend\DocumentIA.Functions\obj\Debug\net8.0\WorkerExtensions\bin\Release\net8.0\bin\Microsoft.Azure.WebJobs.Rpc.Core.dll" en "C:\temp\MVP\documento-ia-clasificacion-mvp\src\backend\DocumentIA.Functions\bin\Debug\net8.0\.azurefunctions\Microsoft.Azure.WebJobs.Rpc.Core.dll".
         Copiando el archivo de "C:\temp\MVP\documento-ia-clasificacion-mvp\src\backend\DocumentIA.Functions\obj\Debug\net8.0\WorkerExtensions\bin\Release\net8.0\bin\Microsoft.Bcl.AsyncInterfaces.dll" en "C:\temp\MVP\documento-ia-clasificacion-mvp\src\backend\DocumentIA.Functions\bin\Debug\net8.0\.azurefunctions\Microsoft.Bcl.AsyncInterfaces.dll".
         Copiando el archivo de "C:\temp\MVP\documento-ia-clasificacion-mvp\src\backend\DocumentIA.Functions\obj\Debug\net8.0\WorkerExtensions\bin\Release\net8.0\bin\Microsoft.Identity.Client.dll" en "C:\temp\MVP\documento-ia-clasificacion-mvp\src\backend\DocumentIA.Functions\bin\Debug\net8.0\.azurefunctions\Microsoft.Identity.Client.dll".
         Copiando el archivo de "C:\temp\MVP\documento-ia-clasificacion-mvp\src\backend\DocumentIA.Functions\obj\Debug\net8.0\WorkerExtensions\bin\Release\net8.0\bin\Microsoft.Extensions.Azure.dll" en "C:\temp\MVP\documento-ia-clasificacion-mvp\src\backend\DocumentIA.Functions\bin\Debug\net8.0\.azurefunctions\Microsoft.Extensions.Azure.dll".
         Copiando el archivo de "C:\temp\MVP\documento-ia-clasificacion-mvp\src\backend\DocumentIA.Functions\obj\Debug\net8.0\WorkerExtensions\bin\Release\net8.0\bin\Microsoft.Identity.Client.Extensions.Msal.dll" en "C:\temp\MVP\documento-ia-clasificacion-mvp\src\backend\DocumentIA.Functions\bin\Debug\net8.0\.azurefunctions\Microsoft.Identity.Client.Extensions.Msal.dll".
         Copiando el archivo de "C:\temp\MVP\documento-ia-clasificacion-mvp\src\backend\DocumentIA.Functions\obj\Debug\net8.0\WorkerExtensions\bin\Release\net8.0\bin\Microsoft.IdentityModel.Abstractions.dll" en "C:\temp\MVP\documento-ia-clasificacion-mvp\src\backend\DocumentIA.Functions\bin\Debug\net8.0\.azurefunctions\Microsoft.IdentityModel.Abstractions.dll".
         Copiando el archivo de "C:\temp\MVP\documento-ia-clasificacion-mvp\src\backend\DocumentIA.Functions\obj\Debug\net8.0\WorkerExtensions\bin\Release\net8.0\bin\Microsoft.WindowsAzure.Storage.dll" en "C:\temp\MVP\documento-ia-clasificacion-mvp\src\backend\DocumentIA.Functions\bin\Debug\net8.0\.azurefunctions\Microsoft.WindowsAzure.Storage.dll".
         Copiando el archivo de "C:\temp\MVP\documento-ia-clasificacion-mvp\src\backend\DocumentIA.Functions\obj\Debug\net8.0\WorkerExtensions\bin\Release\net8.0\bin\System.ClientModel.dll" en "C:\temp\MVP\documento-ia-clasificacion-mvp\src\backend\DocumentIA.Functions\bin\Debug\net8.0\.azurefunctions\System.ClientModel.dll".
         Copiando el archivo de "C:\temp\MVP\documento-ia-clasificacion-mvp\src\backend\DocumentIA.Functions\obj\Debug\net8.0\WorkerExtensions\bin\Release\net8.0\bin\System.IO.Hashing.dll" en "C:\temp\MVP\documento-ia-clasificacion-mvp\src\backend\DocumentIA.Functions\bin\Debug\net8.0\.azurefunctions\System.IO.Hashing.dll".
         Copiando el archivo de "C:\temp\MVP\documento-ia-clasificacion-mvp\src\backend\DocumentIA.Functions\obj\Debug\net8.0\WorkerExtensions\bin\Release\net8.0\bin\System.Linq.Async.dll" en "C:\temp\MVP\documento-ia-clasificacion-mvp\src\backend\DocumentIA.Functions\bin\Debug\net8.0\.azurefunctions\System.Linq.Async.dll".
         Copiando el archivo de "C:\temp\MVP\documento-ia-clasificacion-mvp\src\backend\DocumentIA.Functions\obj\Debug\net8.0\WorkerExtensions\bin\Release\net8.0\bin\System.Reactive.Core.dll" en "C:\temp\MVP\documento-ia-clasificacion-mvp\src\backend\DocumentIA.Functions\bin\Debug\net8.0\.azurefunctions\System.Reactive.Core.dll".
         Copiando el archivo de "C:\temp\MVP\documento-ia-clasificacion-mvp\src\backend\DocumentIA.Functions\obj\Debug\net8.0\WorkerExtensions\bin\Release\net8.0\bin\System.Reactive.dll" en "C:\temp\MVP\documento-ia-clasificacion-mvp\src\backend\DocumentIA.Functions\bin\Debug\net8.0\.azurefunctions\System.Reactive.dll".
         Copiando el archivo de "C:\temp\MVP\documento-ia-clasificacion-mvp\src\backend\DocumentIA.Functions\obj\Debug\net8.0\WorkerExtensions\bin\Release\net8.0\bin\System.Reactive.Interfaces.dll" en "C:\temp\MVP\documento-ia-clasificacion-mvp\src\backend\DocumentIA.Functions\bin\Debug\net8.0\.azurefunctions\System.Reactive.Interfaces.dll".
         Copiando el archivo de "C:\temp\MVP\documento-ia-clasificacion-mvp\src\backend\DocumentIA.Functions\obj\Debug\net8.0\WorkerExtensions\bin\Release\net8.0\bin\System.Reactive.Linq.dll" en "C:\temp\MVP\documento-ia-clasificacion-mvp\src\backend\DocumentIA.Functions\bin\Debug\net8.0\.azurefunctions\System.Reactive.Linq.dll".
         Copiando el archivo de "C:\temp\MVP\documento-ia-clasificacion-mvp\src\backend\DocumentIA.Functions\obj\Debug\net8.0\WorkerExtensions\bin\Release\net8.0\bin\System.Reactive.PlatformServices.dll" en "C:\temp\MVP\documento-ia-clasificacion-mvp\src\backend\DocumentIA.Functions\bin\Debug\net8.0\.azurefunctions\System.Reactive.PlatformServices.dll".
         Copiando el archivo de "C:\temp\MVP\documento-ia-clasificacion-mvp\src\backend\DocumentIA.Functions\obj\Debug\net8.0\WorkerExtensions\bin\Release\net8.0\bin\System.Reactive.Providers.dll" en "C:\temp\MVP\documento-ia-clasificacion-mvp\src\backend\DocumentIA.Functions\bin\Debug\net8.0\.azurefunctions\System.Reactive.Providers.dll".
         Creando directorio "bin\Debug\net8.0\.azurefunctions\runtimes\win\lib\netstandard2.0".
         Copiando el archivo de "C:\temp\MVP\documento-ia-clasificacion-mvp\src\backend\DocumentIA.Functions\obj\Debug\net8.0\WorkerExtensions\bin\Release\net8.0\runtimes\win\lib\netstandard2.0\System.Security.Cryptography.ProtectedData.dll" en "C:\temp\MVP\documento-ia-clasificacion-mvp\src\backend\DocumentIA.Functions\bin\Debug\net8.0\.azurefunctions\runtimes\win\lib\netstandard2.0\System.Security.Cryptography.ProtectedData.dll".
       CopyFilesToOutputDirectory:
         Copiando el archivo de "C:\temp\MVP\documento-ia-clasificacion-mvp\src\backend\DocumentIA.Functions\obj\Debug\net8.0\DocumentIA.Functions.dll" en "C:\temp\MVP\documento-ia-clasificacion-mvp\src\backend\DocumentIA.Functions\bin\Debug\net8.0\DocumentIA.Functions.dll".
         Copiando ensamblado de referencia de "obj\Debug\net8.0\refint\DocumentIA.Functions.dll" a "C:\temp\MVP\documento-ia-clasificacion-mvp\src\backend\DocumentIA.Functions\obj\Debug\net8.0\ref\DocumentIA.Functions.dll".
         DocumentIA.Functions -> C:\temp\MVP\documento-ia-clasificacion-mvp\src\backend\DocumentIA.Functions\bin\Debug\net8.0\DocumentIA.Functions.dll
         Copiando el archivo de "C:\temp\MVP\documento-ia-clasificacion-mvp\src\backend\DocumentIA.Functions\obj\Debug\net8.0\DocumentIA.Functions.pdb" en "C:\temp\MVP\documento-ia-clasificacion-mvp\src\backend\DocumentIA.Functions\bin\Debug\net8.0\DocumentIA.Functions.pdb".
     1>Compilaci├│n del proyecto terminada "C:\temp\MVP\documento-ia-clasificacion-mvp\src\backend\DocumentIA.Functions\DocumentIA.Functions.csproj" (destinos predeterminados).

Compilaci├│n correcta.

       "C:\temp\MVP\documento-ia-clasificacion-mvp\src\backend\DocumentIA.Functions\DocumentIA.Functions.csproj" (destino predeterminado) (1:7) ->
       "C:\temp\MVP\documento-ia-clasificacion-mvp\src\backend\DocumentIA.Core\DocumentIA.Core.csproj" (destino predeterminado) (2:6) ->
       (CoreCompile destino) -> 
         C:\temp\MVP\documento-ia-clasificacion-mvp\src\backend\DocumentIA.Core\Validation\IValidationRule.cs(21,104): warning CS8625: No se puede convertir un literal NULL en un tipo de referencia que no acepta valores NULL. [C:\temp\MVP\documento-ia-clasificacion-mvp\src\backend\DocumentIA.Core\DocumentIA.Core.csproj]
         C:\temp\MVP\documento-ia-clasificacion-mvp\src\backend\DocumentIA.Core\Validation\IValidationRule.cs(32,120): warning CS8625: No se puede convertir un literal NULL en un tipo de referencia que no acepta valores NULL. [C:\temp\MVP\documento-ia-clasificacion-mvp\src\backend\DocumentIA.Core\DocumentIA.Core.csproj]
         C:\temp\MVP\documento-ia-clasificacion-mvp\src\backend\DocumentIA.Core\Validation\IValidationRule.cs(44,110): warning CS8625: No se puede convertir un literal NULL en un tipo de referencia que no acepta valores NULL. [C:\temp\MVP\documento-ia-clasificacion-mvp\src\backend\DocumentIA.Core\DocumentIA.Core.csproj]
         C:\temp\MVP\documento-ia-clasificacion-mvp\src\backend\DocumentIA.Core\Validation\Rules\CatastralReferenceValidator.cs(18,120): warning CS8625: No se puede convertir un literal NULL en un tipo de referencia que no acepta valores NULL. [C:\temp\MVP\documento-ia-clasificacion-mvp\src\backend\DocumentIA.Core\DocumentIA.Core.csproj]
         C:\temp\MVP\documento-ia-clasificacion-mvp\src\backend\DocumentIA.Core\Validation\Rules\NifValidator.cs(17,120): warning CS8625: No se puede convertir un literal NULL en un tipo de referencia que no acepta valores NULL. [C:\temp\MVP\documento-ia-clasificacion-mvp\src\backend\DocumentIA.Core\DocumentIA.Core.csproj]
         C:\temp\MVP\documento-ia-clasificacion-mvp\src\backend\DocumentIA.Core\Validation\Rules\RequiredFieldValidator.cs(13,120): warning CS8625: No se puede convertir un literal NULL en un tipo de referencia que no acepta valores NULL. [C:\temp\MVP\documento-ia-clasificacion-mvp\src\backend\DocumentIA.Core\DocumentIA.Core.csproj]
         C:\temp\MVP\documento-ia-clasificacion-mvp\src\backend\DocumentIA.Core\Validation\Rules\DateFormatValidator.cs(19,40): warning CS8625: No se puede convertir un literal NULL en un tipo de referencia que no acepta valores NULL. [C:\temp\MVP\documento-ia-clasificacion-mvp\src\backend\DocumentIA.Core\DocumentIA.Core.csproj]
         C:\temp\MVP\documento-ia-clasificacion-mvp\src\backend\DocumentIA.Core\Validation\Rules\RangeValidator.cs(22,120): warning CS8625: No se puede convertir un literal NULL en un tipo de referencia que no acepta valores NULL. [C:\temp\MVP\documento-ia-clasificacion-mvp\src\backend\DocumentIA.Core\DocumentIA.Core.csproj]
         C:\temp\MVP\documento-ia-clasificacion-mvp\src\backend\DocumentIA.Core\Validation\ValidationEngine.cs(26,129): warning CS8625: No se puede convertir un literal NULL en un tipo de referencia que no acepta valores NULL. [C:\temp\MVP\documento-ia-clasificacion-mvp\src\backend\DocumentIA.Core\DocumentIA.Core.csproj]
         C:\temp\MVP\documento-ia-clasificacion-mvp\src\backend\DocumentIA.Core\Validation\Rules\DateFormatValidator.cs(34,120): warning CS8625: No se puede convertir un literal NULL en un tipo de referencia que no acepta valores NULL. [C:\temp\MVP\documento-ia-clasificacion-mvp\src\backend\DocumentIA.Core\DocumentIA.Core.csproj]
         C:\temp\MVP\documento-ia-clasificacion-mvp\src\backend\DocumentIA.Core\Configuration\TipologiaConfigLoader.cs(101,103): warning CS8601: Posible asignaci├│n de referencia nula. [C:\temp\MVP\documento-ia-clasificacion-mvp\src\backend\DocumentIA.Core\DocumentIA.Core.csproj]
         C:\temp\MVP\documento-ia-clasificacion-mvp\src\backend\DocumentIA.Core\Models\ValidacionModels.cs(28,23): warning CS8618: El elemento propiedad "Campo" que no acepta valores NULL debe contener un valor distinto de NULL al salir del constructor. Considere la posibilidad de agregar el modificador "required'"o declarar el propiedad como un valor que acepta valores NULL. [C:\temp\MVP\documento-ia-clasificacion-mvp\src\backend\DocumentIA.Core\DocumentIA.Core.csproj]
         C:\temp\MVP\documento-ia-clasificacion-mvp\src\backend\DocumentIA.Core\Models\ValidacionModels.cs(29,23): warning CS8618: El elemento propiedad "Estado" que no acepta valores NULL debe contener un valor distinto de NULL al salir del constructor. Considere la posibilidad de agregar el modificador "required'"o declarar el propiedad como un valor que acepta valores NULL. [C:\temp\MVP\documento-ia-clasificacion-mvp\src\backend\DocumentIA.Core\DocumentIA.Core.csproj]
         C:\temp\MVP\documento-ia-clasificacion-mvp\src\backend\DocumentIA.Core\Models\ValidacionModels.cs(30,23): warning CS8618: El elemento propiedad "Severidad" que no acepta valores NULL debe contener un valor distinto de NULL al salir del constructor. Considere la posibilidad de agregar el modificador "required'"o declarar el propiedad como un valor que acepta valores NULL. [C:\temp\MVP\documento-ia-clasificacion-mvp\src\backend\DocumentIA.Core\DocumentIA.Core.csproj]
         C:\temp\MVP\documento-ia-clasificacion-mvp\src\backend\DocumentIA.Core\Models\ValidacionModels.cs(31,23): warning CS8618: El elemento propiedad "Mensaje" que no acepta valores NULL debe contener un valor distinto de NULL al salir del constructor. Considere la posibilidad de agregar el modificador "required'"o declarar el propiedad como un valor que acepta valores NULL. [C:\temp\MVP\documento-ia-clasificacion-mvp\src\backend\DocumentIA.Core\DocumentIA.Core.csproj]
         C:\temp\MVP\documento-ia-clasificacion-mvp\src\backend\DocumentIA.Core\Models\ValidacionModels.cs(32,23): warning CS8618: El elemento propiedad "Sugerencia" que no acepta valores NULL debe contener un valor distinto de NULL al salir del constructor. Considere la posibilidad de agregar el modificador "required'"o declarar el propiedad como un valor que acepta valores NULL. [C:\temp\MVP\documento-ia-clasificacion-mvp\src\backend\DocumentIA.Core\DocumentIA.Core.csproj]
         C:\temp\MVP\documento-ia-clasificacion-mvp\src\backend\DocumentIA.Core\Configuration\TipologiaValidationConfig.cs(36,16): warning CS8618: El elemento propiedad "RuleType" que no acepta valores NULL debe contener un valor distinto de NULL al salir del constructor. Considere la posibilidad de agregar el modificador "required'"o declarar el propiedad como un valor que acepta valores NULL. [C:\temp\MVP\documento-ia-clasificacion-mvp\src\backend\DocumentIA.Core\DocumentIA.Core.csproj]
         C:\temp\MVP\documento-ia-clasificacion-mvp\src\backend\DocumentIA.Core\Configuration\TipologiaValidationConfig.cs(36,16): warning CS8618: El elemento propiedad "Severity" que no acepta valores NULL debe contener un valor distinto de NULL al salir del constructor. Considere la posibilidad de agregar el modificador "required'"o declarar el propiedad como un valor que acepta valores NULL. [C:\temp\MVP\documento-ia-clasificacion-mvp\src\backend\DocumentIA.Core\DocumentIA.Core.csproj]
         C:\temp\MVP\documento-ia-clasificacion-mvp\src\backend\DocumentIA.Core\Configuration\TipologiaValidationConfig.cs(11,16): warning CS8618: El elemento propiedad "TipologiaId" que no acepta valores NULL debe contener un valor distinto de NULL al salir del constructor. Considere la posibilidad de agregar el modificador "required'"o declarar el propiedad como un valor que acepta valores NULL. [C:\temp\MVP\documento-ia-clasificacion-mvp\src\backend\DocumentIA.Core\DocumentIA.Core.csproj]
         C:\temp\MVP\documento-ia-clasificacion-mvp\src\backend\DocumentIA.Core\Configuration\TipologiaValidationConfig.cs(11,16): warning CS8618: El elemento propiedad "TipologiaNombre" que no acepta valores NULL debe contener un valor distinto de NULL al salir del constructor. Considere la posibilidad de agregar el modificador "required'"o declarar el propiedad como un valor que acepta valores NULL. [C:\temp\MVP\documento-ia-clasificacion-mvp\src\backend\DocumentIA.Core\DocumentIA.Core.csproj]
         C:\temp\MVP\documento-ia-clasificacion-mvp\src\backend\DocumentIA.Core\Configuration\TipologiaValidationConfig.cs(11,16): warning CS8618: El elemento propiedad "Version" que no acepta valores NULL debe contener un valor distinto de NULL al salir del constructor. Considere la posibilidad de agregar el modificador "required'"o declarar el propiedad como un valor que acepta valores NULL. [C:\temp\MVP\documento-ia-clasificacion-mvp\src\backend\DocumentIA.Core\DocumentIA.Core.csproj]
         C:\temp\MVP\documento-ia-clasificacion-mvp\src\backend\DocumentIA.Core\Models\ValidacionModels.cs(7,23): warning CS8618: El elemento propiedad "Tipologia" que no acepta valores NULL debe contener un valor distinto de NULL al salir del constructor. Considere la posibilidad de agregar el modificador "required'"o declarar el propiedad como un valor que acepta valores NULL. [C:\temp\MVP\documento-ia-clasificacion-mvp\src\backend\DocumentIA.Core\DocumentIA.Core.csproj]
         C:\temp\MVP\documento-ia-clasificacion-mvp\src\backend\DocumentIA.Core\Models\ValidacionModels.cs(8,43): warning CS8618: El elemento propiedad "DatosExtraidos" que no acepta valores NULL debe contener un valor distinto de NULL al salir del constructor. Considere la posibilidad de agregar el modificador "required'"o declarar el propiedad como un valor que acepta valores NULL. [C:\temp\MVP\documento-ia-clasificacion-mvp\src\backend\DocumentIA.Core\DocumentIA.Core.csproj]
         C:\temp\MVP\documento-ia-clasificacion-mvp\src\backend\DocumentIA.Core\Configuration\TipologiaConfigLoader.cs(38,20): warning CS8603: Posible tipo de valor devuelto de referencia nulo. [C:\temp\MVP\documento-ia-clasificacion-mvp\src\backend\DocumentIA.Core\DocumentIA.Core.csproj]
         C:\temp\MVP\documento-ia-clasificacion-mvp\src\backend\DocumentIA.Core\Configuration\TipologiaValidationConfig.cs(24,16): warning CS8618: El elemento propiedad "Name" que no acepta valores NULL debe contener un valor distinto de NULL al salir del constructor. Considere la posibilidad de agregar el modificador "required'"o declarar el propiedad como un valor que acepta valores NULL. [C:\temp\MVP\documento-ia-clasificacion-mvp\src\backend\DocumentIA.Core\DocumentIA.Core.csproj]
         C:\temp\MVP\documento-ia-clasificacion-mvp\src\backend\DocumentIA.Core\Configuration\TipologiaValidationConfig.cs(24,16): warning CS8618: El elemento propiedad "Type" que no acepta valores NULL debe contener un valor distinto de NULL al salir del constructor. Considere la posibilidad de agregar el modificador "required'"o declarar el propiedad como un valor que acepta valores NULL. [C:\temp\MVP\documento-ia-clasificacion-mvp\src\backend\DocumentIA.Core\DocumentIA.Core.csproj]
         C:\temp\MVP\documento-ia-clasificacion-mvp\src\backend\DocumentIA.Core\Validation\Models\ValidationResult.cs(12,16): warning CS8618: El elemento propiedad "Message" que no acepta valores NULL debe contener un valor distinto de NULL al salir del constructor. Considere la posibilidad de agregar el modificador "required'"o declarar el propiedad como un valor que acepta valores NULL. [C:\temp\MVP\documento-ia-clasificacion-mvp\src\backend\DocumentIA.Core\DocumentIA.Core.csproj]
         C:\temp\MVP\documento-ia-clasificacion-mvp\src\backend\DocumentIA.Core\Validation\Models\ValidationResult.cs(12,16): warning CS8618: El elemento propiedad "FieldName" que no acepta valores NULL debe contener un valor distinto de NULL al salir del constructor. Considere la posibilidad de agregar el modificador "required'"o declarar el propiedad como un valor que acepta valores NULL. [C:\temp\MVP\documento-ia-clasificacion-mvp\src\backend\DocumentIA.Core\DocumentIA.Core.csproj]
         C:\temp\MVP\documento-ia-clasificacion-mvp\src\backend\DocumentIA.Core\Validation\Models\ValidationResult.cs(12,16): warning CS8618: El elemento propiedad "SuggestionString" que no acepta valores NULL debe contener un valor distinto de NULL al salir del constructor. Considere la posibilidad de agregar el modificador "required'"o declarar el propiedad como un valor que acepta valores NULL. [C:\temp\MVP\documento-ia-clasificacion-mvp\src\backend\DocumentIA.Core\DocumentIA.Core.csproj]
         C:\temp\MVP\documento-ia-clasificacion-mvp\src\backend\DocumentIA.Core\Configuration\TipologiaConfigLoader.cs(109,28): warning CS8603: Posible tipo de valor devuelto de referencia nulo. [C:\temp\MVP\documento-ia-clasificacion-mvp\src\backend\DocumentIA.Core\DocumentIA.Core.csproj]
         C:\temp\MVP\documento-ia-clasificacion-mvp\src\backend\DocumentIA.Core\Validation\Rules\CatastralReferenceValidator.cs(25,35): warning CS8602: Desreferencia de una referencia posiblemente NULL. [C:\temp\MVP\documento-ia-clasificacion-mvp\src\backend\DocumentIA.Core\DocumentIA.Core.csproj]
         C:\temp\MVP\documento-ia-clasificacion-mvp\src\backend\DocumentIA.Core\Validation\Rules\DateFormatValidator.cs(41,33): warning CS8602: Desreferencia de una referencia posiblemente NULL. [C:\temp\MVP\documento-ia-clasificacion-mvp\src\backend\DocumentIA.Core\DocumentIA.Core.csproj]
         C:\temp\MVP\documento-ia-clasificacion-mvp\src\backend\DocumentIA.Core\Validation\ValidationEngine.cs(35,37): warning CS8600: Se va a convertir un literal nulo o un posible valor nulo en un tipo que no acepta valores NULL [C:\temp\MVP\documento-ia-clasificacion-mvp\src\backend\DocumentIA.Core\DocumentIA.Core.csproj]
         C:\temp\MVP\documento-ia-clasificacion-mvp\src\backend\DocumentIA.Core\Validation\ValidationEngine.cs(41,59): warning CS8604: Posible argumento de referencia nulo para el par├ímetro "value" en "ValidationResult IValidationRule.Validate(string fieldName, object value, Dictionary<string, object> context = null)". [C:\temp\MVP\documento-ia-clasificacion-mvp\src\backend\DocumentIA.Core\DocumentIA.Core.csproj]
         C:\temp\MVP\documento-ia-clasificacion-mvp\src\backend\DocumentIA.Core\Validation\Rules\NifValidator.cs(24,31): warning CS8602: Desreferencia de una referencia posiblemente NULL. [C:\temp\MVP\documento-ia-clasificacion-mvp\src\backend\DocumentIA.Core\DocumentIA.Core.csproj]


       "C:\temp\MVP\documento-ia-clasificacion-mvp\src\backend\DocumentIA.Functions\DocumentIA.Functions.csproj" (destino predeterminado) (1:7) ->
         C:\temp\MVP\documento-ia-clasificacion-mvp\src\backend\DocumentIA.Functions\Activities\ValidarActivity.cs(24,46): warning CS1998: This async method lacks 'await' operators and will run synchronously. Consider using the 'await' operator to await non-blocking API calls, or 'await Task.Run(...)' to do CPU-bound work on a background thread. [C:\temp\MVP\documento-ia-clasificacion-mvp\src\backend\DocumentIA.Functions\DocumentIA.Functions.csproj]

    36 Advertencia(s)
    0 Errores

Tiempo transcurrido 00:00:30.74
