Compilaci├│n iniciada a las 02/02/2026 17:28:43.
     0>No se us├│ el terminal de Logger porque la salida se est├í redirigiendo a un archivo.
       Proceso: "C:\Program Files\dotnet\dotnet.exe"
       Ruta de acceso al ejecutable de MSBuild: "C:\Program Files\dotnet\sdk\9.0.310\MSBuild.dll"
       Argumentos de la l├¡nea de comandos: "C:\Program Files\dotnet\sdk\9.0.310\MSBuild.dll -maxcpucount -verbosity:m -tlp:default=auto -nologo -restore -nodereuse:false -target:VSTest -nologo -property:VSTestTestCaseFilter="FullyQualifiedName~ValidationEngineTests.ValidateDocument_AllRulesPass_ReturnsValidReport|FullyQualifiedName~NifValidatorTests.Validate_Nie_ReturnsExpectedResult|FullyQualifiedName~ValidationEngineTests.ValidateDocument_EmptyData_ValidatesAgainstRules" -property:VSTestLogger="console%3bverbosity=detailed" -verbosity:detailed src/backend/DocumentIA.Tests.Unit/DocumentIA.Tests.Unit.csproj -property:VSTestVerbosity=detailed -property:VSTestArtifactsProcessingMode=collect -property:VSTestSessionCorrelationId=43084_ad2a68e7-2c02-4e38-934d-cad7825ff8dc -distributedlogger:Microsoft.DotNet.Tools.MSBuild.MSBuildLogger,C:\Program Files\dotnet\sdk\9.0.310\dotnet.dll*Microsoft.DotNet.Tools.MSBuild.MSBuildForwardingLogger,C:\Program Files\dotnet\sdk\9.0.310\dotnet.dll"
       Directorio actual: "C:\temp\MVP\documento-ia-clasificacion-mvp"
       Versi├│n de MSBuild: "17.14.37+3393a8ad9"
       De acuerdo con la clave del Registro de Windows LongPathsEnabled, la caracter├¡stica LongPaths est├í habilitada.
       Seg├║n la clave del Registro de Windows VerifiedAndReputablePolicyState, estado SAC = 0: desactivado.
       Ensamblado cargado durante Evaluation: NuGet.Protocol, Version=6.14.0.116, Culture=neutral, PublicKeyToken=31bf3856ad364e35(ubicaci├│n: C:\Program Files\dotnet\sdk\9.0.310\NuGet.Protocol.dll, MVID: f8777b05-1686-441b-9cec-a9710c5aa900, AssemblyLoadContext: Default)
       Ensamblado cargado durante Evaluation: NuGet.Configuration, Version=6.14.0.116, Culture=neutral, PublicKeyToken=31bf3856ad364e35(ubicaci├│n: C:\Program Files\dotnet\sdk\9.0.310\NuGet.Configuration.dll, MVID: b0f2e3cc-b478-45a0-a863-e83c6e00406f, AssemblyLoadContext: Default)
       Ensamblado cargado durante Evaluation: NuGet.Credentials, Version=6.14.0.116, Culture=neutral, PublicKeyToken=31bf3856ad364e35(ubicaci├│n: C:\Program Files\dotnet\sdk\9.0.310\NuGet.Credentials.dll, MVID: bd6612c0-8432-48ef-9aa9-96a29d2c500a, AssemblyLoadContext: Default)
       El SDK "Microsoft.NET.Sdk" se resolvi├│ correctamente mediante el resolvedor "DefaultSdkResolver" a la ubicaci├│n "C:\Program Files\dotnet\sdk\9.0.310\Sdks\Microsoft.NET.Sdk\Sdk" y la versi├│n "".
       Ensamblado cargado durante Evaluation: System.ServiceProcess.ServiceController, Version=9.0.0.12, Culture=neutral, PublicKeyToken=b03f5f7f11d50a3a(ubicaci├│n: C:\Program Files\dotnet\sdk\9.0.310\runtimes\win\lib\net9.0\System.ServiceProcess.ServiceController.dll, MVID: cc4354b7-7cc5-480b-86b4-9ecd69e52c5e, AssemblyLoadContext: Default)
       Ensamblado cargado durante Evaluation: System.Security.Principal.Windows, Version=9.0.0.0, Culture=neutral, PublicKeyToken=b03f5f7f11d50a3a(ubicaci├│n: C:\Program Files\dotnet\shared\Microsoft.NETCore.App\9.0.12\System.Security.Principal.Windows.dll, MVID: b261b072-a639-4149-bec8-6ce9f77f800a, AssemblyLoadContext: Default)
       C:\Program Files\dotnet\sdk\9.0.310\Sdks\Microsoft.NET.Sdk\Sdk\Sdk.props(49,11): message : Propiedad "MSBuildExtensionsPath" con el valor "C:\Program Files\dotnet\sdk\9.0.310\" expandido desde el entorno.
       Ensamblado cargado durante Evaluation: System.Security.Claims, Version=9.0.0.0, Culture=neutral, PublicKeyToken=b03f5f7f11d50a3a(ubicaci├│n: C:\Program Files\dotnet\shared\Microsoft.NETCore.App\9.0.12\System.Security.Claims.dll, MVID: cc4ac5f7-2f64-447a-98b6-373a4b32cc72, AssemblyLoadContext: Default)
       C:\Program Files\dotnet\sdk\9.0.310\Current\Microsoft.Common.props(60,5): message : Reasignaci├│n de propiedad: $(MSBuildProjectExtensionsPath)="C:\temp\MVP\documento-ia-clasificacion-mvp\src\backend\DocumentIA.Tests.Unit\obj\" (valor anterior: "obj\") en C:\Program Files\dotnet\sdk\9.0.310\Current\Microsoft.Common.props (60,5)
       C:\Program Files\dotnet\sdk\9.0.310\Current\Microsoft.Common.props(84,119): message : Propiedad "MSBuildUserExtensionsPath" con el valor "C:\Users\ubf0238\AppData\Local\Microsoft\MSBuild" expandido desde el entorno.
       C:\Program Files\dotnet\sdk\9.0.310\Sdks\Microsoft.NET.Sdk\targets\Microsoft.NET.Sdk.props(90,5): message : Reasignaci├│n de propiedad: $(AssemblySearchPaths)="{CandidateAssemblyFiles};{HintPathFromItem}" (valor anterior: "{CandidateAssemblyFiles}") en C:\Program Files\dotnet\sdk\9.0.310\Sdks\Microsoft.NET.Sdk\targets\Microsoft.NET.Sdk.props (90,5)
       C:\Program Files\dotnet\sdk\9.0.310\Sdks\Microsoft.NET.Sdk\targets\Microsoft.NET.Sdk.props(91,5): message : Reasignaci├│n de propiedad: $(AssemblySearchPaths)="{CandidateAssemblyFiles};{HintPathFromItem};{TargetFrameworkDirectory}" (valor anterior: "{CandidateAssemblyFiles};{HintPathFromItem}") en C:\Program Files\dotnet\sdk\9.0.310\Sdks\Microsoft.NET.Sdk\targets\Microsoft.NET.Sdk.props (91,5)
       C:\Program Files\dotnet\sdk\9.0.310\Sdks\Microsoft.NET.Sdk\targets\Microsoft.NET.Sdk.props(92,5): message : Reasignaci├│n de propiedad: $(AssemblySearchPaths)="{CandidateAssemblyFiles};{HintPathFromItem};{TargetFrameworkDirectory};{RawFileName}" (valor anterior: "{CandidateAssemblyFiles};{HintPathFromItem};{TargetFrameworkDirectory}") en C:\Program Files\dotnet\sdk\9.0.310\Sdks\Microsoft.NET.Sdk\targets\Microsoft.NET.Sdk.props (92,5)
       El solucionador "DefaultSdkResolver" intent├│ resolver el SDK "Microsoft.NET.SDK.WorkloadAutoImportPropsLocator".
       Advertencias: null
       Errores: MSB4276: La resoluci├│n predeterminada del SDK no pudo resolver el SDK "Microsoft.NET.SDK.WorkloadAutoImportPropsLocator" porque el directorio "C:\Program Files\dotnet\sdk\9.0.310\Sdks\Microsoft.NET.SDK.WorkloadAutoImportPropsLocator\Sdk" no exist├¡a.
       Ensamblado cargado durante Evaluation: Microsoft.Build.NuGetSdkResolver, Version=6.14.0.116, Culture=neutral, PublicKeyToken=31bf3856ad364e35(ubicaci├│n: C:\Program Files\dotnet\sdk\9.0.310\Microsoft.Build.NuGetSdkResolver.dll, MVID: ee5cca45-a90e-417e-aaf7-f0e96f222226, AssemblyLoadContext: MSBuild plugin C:\Program Files\dotnet\sdk\9.0.310\Microsoft.Build.NuGetSdkResolver.dll)
       Ensamblado cargado durante Evaluation: NuGet.Common, Version=6.14.0.116, Culture=neutral, PublicKeyToken=31bf3856ad364e35(ubicaci├│n: C:\Program Files\dotnet\sdk\9.0.310\NuGet.Common.dll, MVID: 0fbb79ae-e358-4591-bc91-e34371a3d05b, AssemblyLoadContext: MSBuild plugin C:\Program Files\dotnet\sdk\9.0.310\Microsoft.Build.NuGetSdkResolver.dll)
       Ensamblado cargado durante Evaluation: Microsoft.NET.Sdk.WorkloadMSBuildSdkResolver, Version=9.0.310.0, Culture=neutral, PublicKeyToken=31bf3856ad364e35(ubicaci├│n: C:\Program Files\dotnet\sdk\9.0.310\Microsoft.NET.Sdk.WorkloadMSBuildSdkResolver.dll, MVID: 5d977652-6f0e-4988-8153-b699f3a37cf2, AssemblyLoadContext: MSBuild plugin C:\Program Files\dotnet\sdk\9.0.310\Microsoft.NET.Sdk.WorkloadMSBuildSdkResolver.dll)
       Ensamblado cargado durante Evaluation: Microsoft.DotNet.Cli.Utils, Version=9.0.310.0, Culture=neutral, PublicKeyToken=adb9793829ddae60(ubicaci├│n: C:\Program Files\dotnet\sdk\9.0.310\Microsoft.DotNet.Cli.Utils.dll, MVID: ec875dc7-b9bf-42e3-9668-53cc1fc35fef, AssemblyLoadContext: MSBuild plugin C:\Program Files\dotnet\sdk\9.0.310\Microsoft.NET.Sdk.WorkloadMSBuildSdkResolver.dll)
       Ensamblado cargado durante Evaluation: Microsoft.NET.Sdk.WorkloadManifestReader, Version=9.0.310.0, Culture=neutral, PublicKeyToken=adb9793829ddae60(ubicaci├│n: C:\Program Files\dotnet\sdk\9.0.310\Microsoft.NET.Sdk.WorkloadManifestReader.dll, MVID: 2bd9216c-81fe-4ccc-b6c6-f5257b629b24, AssemblyLoadContext: MSBuild plugin C:\Program Files\dotnet\sdk\9.0.310\Microsoft.NET.Sdk.WorkloadMSBuildSdkResolver.dll)
       Ensamblado cargado durante Evaluation: Microsoft.Deployment.DotNet.Releases, Version=2.0.0.0, Culture=neutral, PublicKeyToken=31bf3856ad364e35(ubicaci├│n: C:\Program Files\dotnet\sdk\9.0.310\Microsoft.Deployment.DotNet.Releases.dll, MVID: 400d16c0-099c-46d2-bc0e-802a0637399b, AssemblyLoadContext: MSBuild plugin C:\Program Files\dotnet\sdk\9.0.310\Microsoft.NET.Sdk.WorkloadMSBuildSdkResolver.dll)
       El SDK "Microsoft.NET.SDK.WorkloadAutoImportPropsLocator" se resolvi├│ correctamente mediante el resolvedor "Microsoft.DotNet.MSBuildWorkloadSdkResolver" a la ubicaci├│n "null" y la versi├│n "null".
       C:\Program Files\dotnet\sdk\9.0.310\Sdks\Microsoft.NET.Sdk\targets\Microsoft.NET.PackProjectTool.props(15,5): message : Reasignaci├│n de propiedad: $(TargetsForTfmSpecificContentInPackage)=";PackTool;_PackProjectToolValidation" (valor anterior: ";PackTool") en C:\Program Files\dotnet\sdk\9.0.310\Sdks\Microsoft.NET.Sdk\targets\Microsoft.NET.PackProjectTool.props (15,5)
       C:\Program Files\dotnet\sdk\9.0.310\Sdks\Microsoft.NET.Sdk\targets\Microsoft.NET.Sdk.ImportPublishProfile.targets(28,5): message : Reasignaci├│n de propiedad: $(PublishProfileImported)="false" (valor anterior: "true") en C:\Program Files\dotnet\sdk\9.0.310\Sdks\Microsoft.NET.Sdk\targets\Microsoft.NET.Sdk.ImportPublishProfile.targets (28,5)
       Ensamblado cargado durante Evaluation: NuGet.Frameworks, Version=6.14.0.116, Culture=neutral, PublicKeyToken=31bf3856ad364e35(ubicaci├│n: C:\Program Files\dotnet\sdk\9.0.310\NuGet.Frameworks.dll, MVID: 6b5909cd-5145-46c4-9595-25461e82c126, AssemblyLoadContext: Assembly.LoadFile(C:\Program Files\dotnet\sdk\9.0.310\NuGet.Frameworks.dll))
       C:\Program Files\dotnet\sdk\9.0.310\Sdks\Microsoft.NET.Sdk\targets\Microsoft.NET.TargetFrameworkInference.targets(69,5): message : Reasignaci├│n de propiedad: $(TargetPlatformVersion)="" (valor anterior: "0.0") en C:\Program Files\dotnet\sdk\9.0.310\Sdks\Microsoft.NET.Sdk\targets\Microsoft.NET.TargetFrameworkInference.targets (69,5)
       C:\Program Files\dotnet\sdk\9.0.310\Sdks\Microsoft.NET.Sdk\targets\Microsoft.NET.DefaultOutputPaths.targets(122,5): message : Reasignaci├│n de propiedad: $(DefaultItemExcludes)=";bin\Debug\/**;obj\Debug\/**" (valor anterior: ";bin\Debug\/**") en C:\Program Files\dotnet\sdk\9.0.310\Sdks\Microsoft.NET.Sdk\targets\Microsoft.NET.DefaultOutputPaths.targets (122,5)
       C:\Program Files\dotnet\sdk\9.0.310\Sdks\Microsoft.NET.Sdk\targets\Microsoft.NET.DefaultOutputPaths.targets(137,5): message : Reasignaci├│n de propiedad: $(OutputPath)="bin\Debug\net9.0\" (valor anterior: "bin\Debug\") en C:\Program Files\dotnet\sdk\9.0.310\Sdks\Microsoft.NET.Sdk\targets\Microsoft.NET.DefaultOutputPaths.targets (137,5)
       C:\Program Files\dotnet\sdk\9.0.310\Sdks\Microsoft.NET.Sdk\targets\Microsoft.NET.DefaultOutputPaths.targets(142,5): message : Reasignaci├│n de propiedad: $(IntermediateOutputPath)="obj\Debug\net9.0\" (valor anterior: "obj\Debug\") en C:\Program Files\dotnet\sdk\9.0.310\Sdks\Microsoft.NET.Sdk\targets\Microsoft.NET.DefaultOutputPaths.targets (142,5)
       El solucionador "DefaultSdkResolver" intent├│ resolver el SDK "Microsoft.NET.SDK.WorkloadManifestTargetsLocator".
       Advertencias: null
       Errores: MSB4276: La resoluci├│n predeterminada del SDK no pudo resolver el SDK "Microsoft.NET.SDK.WorkloadManifestTargetsLocator" porque el directorio "C:\Program Files\dotnet\sdk\9.0.310\Sdks\Microsoft.NET.SDK.WorkloadManifestTargetsLocator\Sdk" no exist├¡a.
       El SDK "Microsoft.NET.SDK.WorkloadManifestTargetsLocator" se resolvi├│ correctamente mediante el resolvedor "Microsoft.DotNet.MSBuildWorkloadSdkResolver" a la ubicaci├│n "C:\Program Files\dotnet\sdk-manifests\9.0.100\microsoft.net.sdk.android\35.0.78" y la versi├│n "null".
       C:\Program Files\dotnet\sdk\9.0.310\Sdks\Microsoft.NET.Sdk\targets\Microsoft.NET.Sdk.BeforeCommon.targets(187,5): message : Reasignaci├│n de propiedad: $(_FrameworkIdentifierForImplicitDefine)="NET" (valor anterior: "NETCOREAPP") en C:\Program Files\dotnet\sdk\9.0.310\Sdks\Microsoft.NET.Sdk\targets\Microsoft.NET.Sdk.BeforeCommon.targets (187,5)
       C:\Program Files\dotnet\sdk\9.0.310\Sdks\Microsoft.NET.Sdk\targets\Microsoft.NET.Sdk.BeforeCommon.targets(192,5): message : Reasignaci├│n de propiedad: $(_FrameworkVersionForImplicitDefine)="9_0" (valor anterior: "9.0") en C:\Program Files\dotnet\sdk\9.0.310\Sdks\Microsoft.NET.Sdk\targets\Microsoft.NET.Sdk.BeforeCommon.targets (192,5)
       C:\Program Files\dotnet\sdk\9.0.310\Roslyn\Microsoft.CSharp.Core.targets(200,5): message : Reasignaci├│n de propiedad: $(CommandLineArgsForDesignTimeEvaluation)="-langversion:13.0 -define:TRACE" (valor anterior: "-langversion:13.0") en C:\Program Files\dotnet\sdk\9.0.310\Roslyn\Microsoft.CSharp.Core.targets (200,5)
       Ensamblado cargado durante Evaluation: Microsoft.Build.Utilities.Core, Version=15.1.0.0, Culture=neutral, PublicKeyToken=b03f5f7f11d50a3a(ubicaci├│n: C:\Program Files\dotnet\sdk\9.0.310\Microsoft.Build.Utilities.Core.dll, MVID: eb1e07da-36df-486e-8812-b1b4510facd7, AssemblyLoadContext: Default)
       C:\Program Files\dotnet\sdk\9.0.310\Microsoft.Common.CurrentVersion.targets(175,5): message : Reasignaci├│n de propiedad: $(_DebugSymbolsProduced)="true" (valor anterior: "false") en C:\Program Files\dotnet\sdk\9.0.310\Microsoft.Common.CurrentVersion.targets (175,5)
       C:\Program Files\dotnet\sdk\9.0.310\Microsoft.Common.CurrentVersion.targets(185,5): message : Reasignaci├│n de propiedad: $(_DocumentationFileProduced)="false" (valor anterior: "true") en C:\Program Files\dotnet\sdk\9.0.310\Microsoft.Common.CurrentVersion.targets (185,5)
       C:\Program Files\dotnet\sdk\9.0.310\Microsoft.Common.CurrentVersion.targets(392,5): message : Reasignaci├│n de propiedad: $(MSBuildCopyMarkerName)="Document.348240EB" (valor anterior: "DocumentIA.Tests.Unit.csproj") en C:\Program Files\dotnet\sdk\9.0.310\Microsoft.Common.CurrentVersion.targets (392,5)
       C:\Program Files\dotnet\sdk\9.0.310\Microsoft.Common.CurrentVersion.targets(393,5): message : Reasignaci├│n de propiedad: $(MSBuildCopyMarkerName)="Document.348240EB.Up2Date" (valor anterior: "Document.348240EB") en C:\Program Files\dotnet\sdk\9.0.310\Microsoft.Common.CurrentVersion.targets (393,5)
       C:\Program Files\dotnet\sdk\9.0.310\Microsoft.Common.CurrentVersion.targets(541,5): message : Reasignaci├│n de propiedad: $(ProcessorArchitecture)="msil" (valor anterior: "") en C:\Program Files\dotnet\sdk\9.0.310\Microsoft.Common.CurrentVersion.targets (541,5)
       C:\Program Files\dotnet\sdk\9.0.310\Microsoft.Common.CurrentVersion.targets(580,5): message : Reasignaci├│n de propiedad: $(DelaySign)="" (valor anterior: "false") en C:\Program Files\dotnet\sdk\9.0.310\Microsoft.Common.CurrentVersion.targets (580,5)
       C:\Program Files\dotnet\sdk\9.0.310\Microsoft.Common.CurrentVersion.targets(2619,5): message : Propiedad "LOCALAPPDATA" con el valor "C:\Users\ubf0238\AppData\Local" expandido desde el entorno.
       C:\Program Files\dotnet\sdk\9.0.310\Microsoft.Common.CurrentVersion.targets(3947,5): message : Reasignaci├│n de propiedad: $(_SGenGenerateSerializationAssembliesConfig)="Auto" (valor anterior: "") en C:\Program Files\dotnet\sdk\9.0.310\Microsoft.Common.CurrentVersion.targets (3947,5)
       C:\Program Files\dotnet\sdk\9.0.310\Microsoft.Common.CurrentVersion.targets(3948,5): message : Reasignaci├│n de propiedad: $(_SGenGenerateSerializationAssembliesConfig)="Off" (valor anterior: "Auto") en C:\Program Files\dotnet\sdk\9.0.310\Microsoft.Common.CurrentVersion.targets (3948,5)
       C:\Program Files\dotnet\sdk\9.0.310\Microsoft.Common.CurrentVersion.targets(5159,5): message : Reasignaci├│n de propiedad: $(_TargetsThatPrepareProjectReferences)="
       C:\Program Files\dotnet\sdk\9.0.310\Microsoft.Common.CurrentVersion.targets(5159,5): message :       AssignProjectConfiguration;
       C:\Program Files\dotnet\sdk\9.0.310\Microsoft.Common.CurrentVersion.targets(5159,5): message :       _SplitProjectReferencesByFileExistence
       C:\Program Files\dotnet\sdk\9.0.310\Microsoft.Common.CurrentVersion.targets(5159,5): message :     " (valor anterior: "_SplitProjectReferencesByFileExistence") en C:\Program Files\dotnet\sdk\9.0.310\Microsoft.Common.CurrentVersion.targets (5159,5)
       C:\Program Files\dotnet\sdk\9.0.310\Microsoft.Common.CurrentVersion.targets(6954,5): message : Propiedad "MSBuildExtensionsPath32" con el valor "C:\Program Files\dotnet\sdk\9.0.310" expandido desde el entorno.
       Ensamblado cargado durante Evaluation: System.Threading.Tasks.Parallel, Version=9.0.0.0, Culture=neutral, PublicKeyToken=b03f5f7f11d50a3a(ubicaci├│n: C:\Program Files\dotnet\shared\Microsoft.NETCore.App\9.0.12\System.Threading.Tasks.Parallel.dll, MVID: e7fbeb3f-ab4f-4e10-a26d-e74ba120a69c, AssemblyLoadContext: Default)
       C:\Program Files\dotnet\sdk\9.0.310\Sdks\Microsoft.NET.Sdk\targets\Microsoft.PackageDependencyResolution.targets(24,5): message : Reasignaci├│n de propiedad: $(ProjectAssetsFile)="C:\temp\MVP\documento-ia-clasificacion-mvp\src\backend\DocumentIA.Tests.Unit\obj\project.assets.json" (valor anterior: "C:\temp\MVP\documento-ia-clasificacion-mvp\src\backend\DocumentIA.Tests.Unit\obj\/project.assets.json") en C:\Program Files\dotnet\sdk\9.0.310\Sdks\Microsoft.NET.Sdk\targets\Microsoft.PackageDependencyResolution.targets (24,5)
       C:\Program Files\dotnet\sdk\9.0.310\Sdks\Microsoft.NET.Sdk\targets\Microsoft.PackageDependencyResolution.targets(29,5): message : Reasignaci├│n de propiedad: $(ProjectAssetsCacheFile)="C:\temp\MVP\documento-ia-clasificacion-mvp\src\backend\DocumentIA.Tests.Unit\obj\Debug\net9.0\DocumentIA.Tests.Unit.assets.cache" (valor anterior: "obj\Debug\net9.0\DocumentIA.Tests.Unit.assets.cache") en C:\Program Files\dotnet\sdk\9.0.310\Sdks\Microsoft.NET.Sdk\targets\Microsoft.PackageDependencyResolution.targets (29,5)
       C:\Program Files\dotnet\sdk\9.0.310\Sdks\Microsoft.NET.Sdk\targets\Microsoft.PackageDependencyResolution.targets(80,5): message : Reasignaci├│n de propiedad: $(ResolveAssemblyReferencesDependsOn)="
       C:\Program Files\dotnet\sdk\9.0.310\Sdks\Microsoft.NET.Sdk\targets\Microsoft.PackageDependencyResolution.targets(80,5): message :       
       C:\Program Files\dotnet\sdk\9.0.310\Sdks\Microsoft.NET.Sdk\targets\Microsoft.PackageDependencyResolution.targets(80,5): message :       ResolveProjectReferences;
       C:\Program Files\dotnet\sdk\9.0.310\Sdks\Microsoft.NET.Sdk\targets\Microsoft.PackageDependencyResolution.targets(80,5): message :       FindInvalidProjectReferences;
       C:\Program Files\dotnet\sdk\9.0.310\Sdks\Microsoft.NET.Sdk\targets\Microsoft.PackageDependencyResolution.targets(80,5): message :       GetFrameworkPaths;
       C:\Program Files\dotnet\sdk\9.0.310\Sdks\Microsoft.NET.Sdk\targets\Microsoft.PackageDependencyResolution.targets(80,5): message :       GetReferenceAssemblyPaths;
       C:\Program Files\dotnet\sdk\9.0.310\Sdks\Microsoft.NET.Sdk\targets\Microsoft.PackageDependencyResolution.targets(80,5): message :       PrepareForBuild;
       C:\Program Files\dotnet\sdk\9.0.310\Sdks\Microsoft.NET.Sdk\targets\Microsoft.PackageDependencyResolution.targets(80,5): message :       ResolveSDKReferences;
       C:\Program Files\dotnet\sdk\9.0.310\Sdks\Microsoft.NET.Sdk\targets\Microsoft.PackageDependencyResolution.targets(80,5): message :       ExpandSDKReferences;
       C:\Program Files\dotnet\sdk\9.0.310\Sdks\Microsoft.NET.Sdk\targets\Microsoft.PackageDependencyResolution.targets(80,5): message :     ;
       C:\Program Files\dotnet\sdk\9.0.310\Sdks\Microsoft.NET.Sdk\targets\Microsoft.PackageDependencyResolution.targets(80,5): message :       ResolvePackageDependenciesForBuild;
       C:\Program Files\dotnet\sdk\9.0.310\Sdks\Microsoft.NET.Sdk\targets\Microsoft.PackageDependencyResolution.targets(80,5): message :       _HandlePackageFileConflicts;
       C:\Program Files\dotnet\sdk\9.0.310\Sdks\Microsoft.NET.Sdk\targets\Microsoft.PackageDependencyResolution.targets(80,5): message :     " (valor anterior: "
       C:\Program Files\dotnet\sdk\9.0.310\Sdks\Microsoft.NET.Sdk\targets\Microsoft.PackageDependencyResolution.targets(80,5): message :       ResolveProjectReferences;
       C:\Program Files\dotnet\sdk\9.0.310\Sdks\Microsoft.NET.Sdk\targets\Microsoft.PackageDependencyResolution.targets(80,5): message :       FindInvalidProjectReferences;
       C:\Program Files\dotnet\sdk\9.0.310\Sdks\Microsoft.NET.Sdk\targets\Microsoft.PackageDependencyResolution.targets(80,5): message :       GetFrameworkPaths;
       C:\Program Files\dotnet\sdk\9.0.310\Sdks\Microsoft.NET.Sdk\targets\Microsoft.PackageDependencyResolution.targets(80,5): message :       GetReferenceAssemblyPaths;
       C:\Program Files\dotnet\sdk\9.0.310\Sdks\Microsoft.NET.Sdk\targets\Microsoft.PackageDependencyResolution.targets(80,5): message :       PrepareForBuild;
       C:\Program Files\dotnet\sdk\9.0.310\Sdks\Microsoft.NET.Sdk\targets\Microsoft.PackageDependencyResolution.targets(80,5): message :       ResolveSDKReferences;
       C:\Program Files\dotnet\sdk\9.0.310\Sdks\Microsoft.NET.Sdk\targets\Microsoft.PackageDependencyResolution.targets(80,5): message :       ExpandSDKReferences;
       C:\Program Files\dotnet\sdk\9.0.310\Sdks\Microsoft.NET.Sdk\targets\Microsoft.PackageDependencyResolution.targets(80,5): message :     ") en C:\Program Files\dotnet\sdk\9.0.310\Sdks\Microsoft.NET.Sdk\targets\Microsoft.PackageDependencyResolution.targets (80,5)
       C:\Program Files\dotnet\sdk\9.0.310\Sdks\Microsoft.NET.Sdk\targets\Microsoft.PackageDependencyResolution.targets(86,5): message : Reasignaci├│n de propiedad: $(PrepareResourcesDependsOn)="
       C:\Program Files\dotnet\sdk\9.0.310\Sdks\Microsoft.NET.Sdk\targets\Microsoft.PackageDependencyResolution.targets(86,5): message :       ResolvePackageDependenciesForBuild;
       C:\Program Files\dotnet\sdk\9.0.310\Sdks\Microsoft.NET.Sdk\targets\Microsoft.PackageDependencyResolution.targets(86,5): message :       _HandlePackageFileConflicts;
       C:\Program Files\dotnet\sdk\9.0.310\Sdks\Microsoft.NET.Sdk\targets\Microsoft.PackageDependencyResolution.targets(86,5): message :       
       C:\Program Files\dotnet\sdk\9.0.310\Sdks\Microsoft.NET.Sdk\targets\Microsoft.PackageDependencyResolution.targets(86,5): message :       ;
       C:\Program Files\dotnet\sdk\9.0.310\Sdks\Microsoft.NET.Sdk\targets\Microsoft.PackageDependencyResolution.targets(86,5): message :       PrepareResourceNames;
       C:\Program Files\dotnet\sdk\9.0.310\Sdks\Microsoft.NET.Sdk\targets\Microsoft.PackageDependencyResolution.targets(86,5): message :       ResGen;
       C:\Program Files\dotnet\sdk\9.0.310\Sdks\Microsoft.NET.Sdk\targets\Microsoft.PackageDependencyResolution.targets(86,5): message :       CompileLicxFiles
       C:\Program Files\dotnet\sdk\9.0.310\Sdks\Microsoft.NET.Sdk\targets\Microsoft.PackageDependencyResolution.targets(86,5): message :     
       C:\Program Files\dotnet\sdk\9.0.310\Sdks\Microsoft.NET.Sdk\targets\Microsoft.PackageDependencyResolution.targets(86,5): message :     " (valor anterior: "
       C:\Program Files\dotnet\sdk\9.0.310\Sdks\Microsoft.NET.Sdk\targets\Microsoft.PackageDependencyResolution.targets(86,5): message :       ;
       C:\Program Files\dotnet\sdk\9.0.310\Sdks\Microsoft.NET.Sdk\targets\Microsoft.PackageDependencyResolution.targets(86,5): message :       PrepareResourceNames;
       C:\Program Files\dotnet\sdk\9.0.310\Sdks\Microsoft.NET.Sdk\targets\Microsoft.PackageDependencyResolution.targets(86,5): message :       ResGen;
       C:\Program Files\dotnet\sdk\9.0.310\Sdks\Microsoft.NET.Sdk\targets\Microsoft.PackageDependencyResolution.targets(86,5): message :       CompileLicxFiles
       C:\Program Files\dotnet\sdk\9.0.310\Sdks\Microsoft.NET.Sdk\targets\Microsoft.PackageDependencyResolution.targets(86,5): message :     ") en C:\Program Files\dotnet\sdk\9.0.310\Sdks\Microsoft.NET.Sdk\targets\Microsoft.PackageDependencyResolution.targets (86,5)
       C:\Program Files\dotnet\sdk\9.0.310\Sdks\Microsoft.NET.Sdk\targets\Microsoft.NET.Sdk.DefaultItems.targets(27,5): message : Reasignaci├│n de propiedad: $(DefaultItemExcludes)=";bin\Debug\/**;obj\Debug\/**;bin\/**" (valor anterior: ";bin\Debug\/**;obj\Debug\/**") en C:\Program Files\dotnet\sdk\9.0.310\Sdks\Microsoft.NET.Sdk\targets\Microsoft.NET.Sdk.DefaultItems.targets (27,5)
       C:\Program Files\dotnet\sdk\9.0.310\Sdks\Microsoft.NET.Sdk\targets\Microsoft.NET.Sdk.DefaultItems.targets(29,5): message : Reasignaci├│n de propiedad: $(DefaultItemExcludes)=";bin\Debug\/**;obj\Debug\/**;bin\/**;obj\/**" (valor anterior: ";bin\Debug\/**;obj\Debug\/**;bin\/**") en C:\Program Files\dotnet\sdk\9.0.310\Sdks\Microsoft.NET.Sdk\targets\Microsoft.NET.Sdk.DefaultItems.targets (29,5)
       C:\Program Files\dotnet\sdk\9.0.310\Sdks\Microsoft.NET.Sdk\targets\Microsoft.NET.Sdk.DefaultItems.targets(32,5): message : Reasignaci├│n de propiedad: $(DefaultItemExcludes)=";bin\Debug\/**;obj\Debug\/**;bin\/**;obj\/**;**/*.user" (valor anterior: ";bin\Debug\/**;obj\Debug\/**;bin\/**;obj\/**") en C:\Program Files\dotnet\sdk\9.0.310\Sdks\Microsoft.NET.Sdk\targets\Microsoft.NET.Sdk.DefaultItems.targets (32,5)
       C:\Program Files\dotnet\sdk\9.0.310\Sdks\Microsoft.NET.Sdk\targets\Microsoft.NET.Sdk.DefaultItems.targets(33,5): message : Reasignaci├│n de propiedad: $(DefaultItemExcludes)=";bin\Debug\/**;obj\Debug\/**;bin\/**;obj\/**;**/*.user;**/*.*proj" (valor anterior: ";bin\Debug\/**;obj\Debug\/**;bin\/**;obj\/**;**/*.user") en C:\Program Files\dotnet\sdk\9.0.310\Sdks\Microsoft.NET.Sdk\targets\Microsoft.NET.Sdk.DefaultItems.targets (33,5)
       C:\Program Files\dotnet\sdk\9.0.310\Sdks\Microsoft.NET.Sdk\targets\Microsoft.NET.Sdk.DefaultItems.targets(34,5): message : Reasignaci├│n de propiedad: $(DefaultItemExcludes)=";bin\Debug\/**;obj\Debug\/**;bin\/**;obj\/**;**/*.user;**/*.*proj;**/*.sln" (valor anterior: ";bin\Debug\/**;obj\Debug\/**;bin\/**;obj\/**;**/*.user;**/*.*proj") en C:\Program Files\dotnet\sdk\9.0.310\Sdks\Microsoft.NET.Sdk\targets\Microsoft.NET.Sdk.DefaultItems.targets (34,5)
       C:\Program Files\dotnet\sdk\9.0.310\Sdks\Microsoft.NET.Sdk\targets\Microsoft.NET.Sdk.DefaultItems.targets(35,5): message : Reasignaci├│n de propiedad: $(DefaultItemExcludes)=";bin\Debug\/**;obj\Debug\/**;bin\/**;obj\/**;**/*.user;**/*.*proj;**/*.sln;**/*.slnx" (valor anterior: ";bin\Debug\/**;obj\Debug\/**;bin\/**;obj\/**;**/*.user;**/*.*proj;**/*.sln") en C:\Program Files\dotnet\sdk\9.0.310\Sdks\Microsoft.NET.Sdk\targets\Microsoft.NET.Sdk.DefaultItems.targets (35,5)
       C:\Program Files\dotnet\sdk\9.0.310\Sdks\Microsoft.NET.Sdk\targets\Microsoft.NET.Sdk.DefaultItems.targets(36,5): message : Reasignaci├│n de propiedad: $(DefaultItemExcludes)=";bin\Debug\/**;obj\Debug\/**;bin\/**;obj\/**;**/*.user;**/*.*proj;**/*.sln;**/*.slnx;**/*.vssscc" (valor anterior: ";bin\Debug\/**;obj\Debug\/**;bin\/**;obj\/**;**/*.user;**/*.*proj;**/*.sln;**/*.slnx") en C:\Program Files\dotnet\sdk\9.0.310\Sdks\Microsoft.NET.Sdk\targets\Microsoft.NET.Sdk.DefaultItems.targets (36,5)
       C:\Program Files\dotnet\sdk\9.0.310\Sdks\Microsoft.NET.Sdk\targets\Microsoft.NET.Sdk.DefaultItems.targets(37,5): message : Reasignaci├│n de propiedad: $(DefaultItemExcludes)=";bin\Debug\/**;obj\Debug\/**;bin\/**;obj\/**;**/*.user;**/*.*proj;**/*.sln;**/*.slnx;**/*.vssscc;**/.DS_Store" (valor anterior: ";bin\Debug\/**;obj\Debug\/**;bin\/**;obj\/**;**/*.user;**/*.*proj;**/*.sln;**/*.slnx;**/*.vssscc") en C:\Program Files\dotnet\sdk\9.0.310\Sdks\Microsoft.NET.Sdk\targets\Microsoft.NET.Sdk.DefaultItems.targets (37,5)
       C:\Program Files\dotnet\sdk\9.0.310\Sdks\Microsoft.NET.Sdk\targets\Microsoft.NET.Sdk.FrameworkReferenceResolution.targets(14,5): message : Reasignaci├│n de propiedad: $(ResolveAssemblyReferencesDependsOn)="
       C:\Program Files\dotnet\sdk\9.0.310\Sdks\Microsoft.NET.Sdk\targets\Microsoft.NET.Sdk.FrameworkReferenceResolution.targets(14,5): message :       
       C:\Program Files\dotnet\sdk\9.0.310\Sdks\Microsoft.NET.Sdk\targets\Microsoft.NET.Sdk.FrameworkReferenceResolution.targets(14,5): message :       
       C:\Program Files\dotnet\sdk\9.0.310\Sdks\Microsoft.NET.Sdk\targets\Microsoft.NET.Sdk.FrameworkReferenceResolution.targets(14,5): message :       ResolveProjectReferences;
       C:\Program Files\dotnet\sdk\9.0.310\Sdks\Microsoft.NET.Sdk\targets\Microsoft.NET.Sdk.FrameworkReferenceResolution.targets(14,5): message :       FindInvalidProjectReferences;
       C:\Program Files\dotnet\sdk\9.0.310\Sdks\Microsoft.NET.Sdk\targets\Microsoft.NET.Sdk.FrameworkReferenceResolution.targets(14,5): message :       GetFrameworkPaths;
       C:\Program Files\dotnet\sdk\9.0.310\Sdks\Microsoft.NET.Sdk\targets\Microsoft.NET.Sdk.FrameworkReferenceResolution.targets(14,5): message :       GetReferenceAssemblyPaths;
       C:\Program Files\dotnet\sdk\9.0.310\Sdks\Microsoft.NET.Sdk\targets\Microsoft.NET.Sdk.FrameworkReferenceResolution.targets(14,5): message :       PrepareForBuild;
       C:\Program Files\dotnet\sdk\9.0.310\Sdks\Microsoft.NET.Sdk\targets\Microsoft.NET.Sdk.FrameworkReferenceResolution.targets(14,5): message :       ResolveSDKReferences;
       C:\Program Files\dotnet\sdk\9.0.310\Sdks\Microsoft.NET.Sdk\targets\Microsoft.NET.Sdk.FrameworkReferenceResolution.targets(14,5): message :       ExpandSDKReferences;
       C:\Program Files\dotnet\sdk\9.0.310\Sdks\Microsoft.NET.Sdk\targets\Microsoft.NET.Sdk.FrameworkReferenceResolution.targets(14,5): message :     ;
       C:\Program Files\dotnet\sdk\9.0.310\Sdks\Microsoft.NET.Sdk\targets\Microsoft.NET.Sdk.FrameworkReferenceResolution.targets(14,5): message :       ResolvePackageDependenciesForBuild;
       C:\Program Files\dotnet\sdk\9.0.310\Sdks\Microsoft.NET.Sdk\targets\Microsoft.NET.Sdk.FrameworkReferenceResolution.targets(14,5): message :       _HandlePackageFileConflicts;
       C:\Program Files\dotnet\sdk\9.0.310\Sdks\Microsoft.NET.Sdk\targets\Microsoft.NET.Sdk.FrameworkReferenceResolution.targets(14,5): message :     ;
       C:\Program Files\dotnet\sdk\9.0.310\Sdks\Microsoft.NET.Sdk\targets\Microsoft.NET.Sdk.FrameworkReferenceResolution.targets(14,5): message :       ResolveTargetingPackAssets;
       C:\Program Files\dotnet\sdk\9.0.310\Sdks\Microsoft.NET.Sdk\targets\Microsoft.NET.Sdk.FrameworkReferenceResolution.targets(14,5): message :     " (valor anterior: "
       C:\Program Files\dotnet\sdk\9.0.310\Sdks\Microsoft.NET.Sdk\targets\Microsoft.NET.Sdk.FrameworkReferenceResolution.targets(14,5): message :       
       C:\Program Files\dotnet\sdk\9.0.310\Sdks\Microsoft.NET.Sdk\targets\Microsoft.NET.Sdk.FrameworkReferenceResolution.targets(14,5): message :       ResolveProjectReferences;
       C:\Program Files\dotnet\sdk\9.0.310\Sdks\Microsoft.NET.Sdk\targets\Microsoft.NET.Sdk.FrameworkReferenceResolution.targets(14,5): message :       FindInvalidProjectReferences;
       C:\Program Files\dotnet\sdk\9.0.310\Sdks\Microsoft.NET.Sdk\targets\Microsoft.NET.Sdk.FrameworkReferenceResolution.targets(14,5): message :       GetFrameworkPaths;
       C:\Program Files\dotnet\sdk\9.0.310\Sdks\Microsoft.NET.Sdk\targets\Microsoft.NET.Sdk.FrameworkReferenceResolution.targets(14,5): message :       GetReferenceAssemblyPaths;
       C:\Program Files\dotnet\sdk\9.0.310\Sdks\Microsoft.NET.Sdk\targets\Microsoft.NET.Sdk.FrameworkReferenceResolution.targets(14,5): message :       PrepareForBuild;
       C:\Program Files\dotnet\sdk\9.0.310\Sdks\Microsoft.NET.Sdk\targets\Microsoft.NET.Sdk.FrameworkReferenceResolution.targets(14,5): message :       ResolveSDKReferences;
       C:\Program Files\dotnet\sdk\9.0.310\Sdks\Microsoft.NET.Sdk\targets\Microsoft.NET.Sdk.FrameworkReferenceResolution.targets(14,5): message :       ExpandSDKReferences;
       C:\Program Files\dotnet\sdk\9.0.310\Sdks\Microsoft.NET.Sdk\targets\Microsoft.NET.Sdk.FrameworkReferenceResolution.targets(14,5): message :     ;
       C:\Program Files\dotnet\sdk\9.0.310\Sdks\Microsoft.NET.Sdk\targets\Microsoft.NET.Sdk.FrameworkReferenceResolution.targets(14,5): message :       ResolvePackageDependenciesForBuild;
       C:\Program Files\dotnet\sdk\9.0.310\Sdks\Microsoft.NET.Sdk\targets\Microsoft.NET.Sdk.FrameworkReferenceResolution.targets(14,5): message :       _HandlePackageFileConflicts;
       C:\Program Files\dotnet\sdk\9.0.310\Sdks\Microsoft.NET.Sdk\targets\Microsoft.NET.Sdk.FrameworkReferenceResolution.targets(14,5): message :     ") en C:\Program Files\dotnet\sdk\9.0.310\Sdks\Microsoft.NET.Sdk\targets\Microsoft.NET.Sdk.FrameworkReferenceResolution.targets (14,5)
       C:\Program Files\dotnet\sdk\9.0.310\Sdks\Microsoft.NET.Sdk\targets\Microsoft.NET.Sdk.targets(44,5): message : Reasignaci├│n de propiedad: $(_GenerateRuntimeConfigurationPropertyInputsCache)="C:\temp\MVP\documento-ia-clasificacion-mvp\src\backend\DocumentIA.Tests.Unit\obj\Debug\net9.0\DocumentIA.Tests.Unit.genruntimeconfig.cache" (valor anterior: "obj\Debug\net9.0\DocumentIA.Tests.Unit.genruntimeconfig.cache") en C:\Program Files\dotnet\sdk\9.0.310\Sdks\Microsoft.NET.Sdk\targets\Microsoft.NET.Sdk.targets (44,5)
       C:\Program Files\dotnet\sdk\9.0.310\Sdks\Microsoft.NET.Sdk\targets\Microsoft.NET.Sdk.targets(46,5): message : Reasignaci├│n de propiedad: $(_GeneratePublishDependencyFilePropertyInputsCache)="C:\temp\MVP\documento-ia-clasificacion-mvp\src\backend\DocumentIA.Tests.Unit\obj\Debug\net9.0\DocumentIA.Tests.Unit.genpublishdeps.cache" (valor anterior: "obj\Debug\net9.0\DocumentIA.Tests.Unit.genpublishdeps.cache") en C:\Program Files\dotnet\sdk\9.0.310\Sdks\Microsoft.NET.Sdk\targets\Microsoft.NET.Sdk.targets (46,5)
       C:\Program Files\dotnet\sdk\9.0.310\Sdks\Microsoft.NET.Sdk\targets\Microsoft.NET.Sdk.targets(48,5): message : Reasignaci├│n de propiedad: $(_GenerateSingleFileBundlePropertyInputsCache)="C:\temp\MVP\documento-ia-clasificacion-mvp\src\backend\DocumentIA.Tests.Unit\obj\Debug\net9.0\DocumentIA.Tests.Unit.genbundle.cache" (valor anterior: "obj\Debug\net9.0\DocumentIA.Tests.Unit.genbundle.cache") en C:\Program Files\dotnet\sdk\9.0.310\Sdks\Microsoft.NET.Sdk\targets\Microsoft.NET.Sdk.targets (48,5)
       C:\Program Files\dotnet\sdk\9.0.310\Sdks\Microsoft.NET.Sdk\targets\Microsoft.NET.Sdk.targets(81,5): message : Reasignaci├│n de propiedad: $(GenerateRuntimeConfigDevFile)="false" (valor anterior: "true") en C:\Program Files\dotnet\sdk\9.0.310\Sdks\Microsoft.NET.Sdk\targets\Microsoft.NET.Sdk.targets (81,5)
       C:\Program Files\dotnet\sdk\9.0.310\Sdks\Microsoft.NET.Sdk\targets\Microsoft.NET.Sdk.targets(97,5): message : Propiedad "USERPROFILE" con el valor "C:\Users\ubf0238" expandido desde el entorno.
       C:\Program Files\dotnet\sdk\9.0.310\Sdks\Microsoft.NET.Sdk\targets\Microsoft.NET.Sdk.targets(97,5): message : Reasignaci├│n de propiedad: $(_DefaultUserProfileRuntimeStorePath)="C:\Users\ubf0238" (valor anterior: "") en C:\Program Files\dotnet\sdk\9.0.310\Sdks\Microsoft.NET.Sdk\targets\Microsoft.NET.Sdk.targets (97,5)
       C:\Program Files\dotnet\sdk\9.0.310\Sdks\Microsoft.NET.Sdk\targets\Microsoft.NET.Sdk.targets(98,5): message : Reasignaci├│n de propiedad: $(_DefaultUserProfileRuntimeStorePath)="C:\Users\ubf0238\.dotnet\store" (valor anterior: "C:\Users\ubf0238") en C:\Program Files\dotnet\sdk\9.0.310\Sdks\Microsoft.NET.Sdk\targets\Microsoft.NET.Sdk.targets (98,5)
       C:\Program Files\dotnet\sdk\9.0.310\Sdks\Microsoft.NET.Sdk\targets\Microsoft.NET.Sdk.targets(140,5): message : Reasignaci├│n de propiedad: $(AvailablePlatforms)="Any CPU,x86,x64,ARM32" (valor anterior: "Any CPU,x86,x64") en C:\Program Files\dotnet\sdk\9.0.310\Sdks\Microsoft.NET.Sdk\targets\Microsoft.NET.Sdk.targets (140,5)
       C:\Program Files\dotnet\sdk\9.0.310\Sdks\Microsoft.NET.Sdk\targets\Microsoft.NET.Sdk.targets(144,5): message : Reasignaci├│n de propiedad: $(AvailablePlatforms)="Any CPU,x86,x64,ARM32,ARM64" (valor anterior: "Any CPU,x86,x64,ARM32") en C:\Program Files\dotnet\sdk\9.0.310\Sdks\Microsoft.NET.Sdk\targets\Microsoft.NET.Sdk.targets (144,5)
       C:\Program Files\dotnet\sdk\9.0.310\Sdks\Microsoft.NET.Sdk\targets\Microsoft.NET.Sdk.targets(201,5): message : Reasignaci├│n de propiedad: $(CoreBuildDependsOn)="
       C:\Program Files\dotnet\sdk\9.0.310\Sdks\Microsoft.NET.Sdk\targets\Microsoft.NET.Sdk.targets(201,5): message :       _CheckForBuildWithNoBuild;
       C:\Program Files\dotnet\sdk\9.0.310\Sdks\Microsoft.NET.Sdk\targets\Microsoft.NET.Sdk.targets(201,5): message :       
       C:\Program Files\dotnet\sdk\9.0.310\Sdks\Microsoft.NET.Sdk\targets\Microsoft.NET.Sdk.targets(201,5): message :       BuildOnlySettings;
       C:\Program Files\dotnet\sdk\9.0.310\Sdks\Microsoft.NET.Sdk\targets\Microsoft.NET.Sdk.targets(201,5): message :       PrepareForBuild;
       C:\Program Files\dotnet\sdk\9.0.310\Sdks\Microsoft.NET.Sdk\targets\Microsoft.NET.Sdk.targets(201,5): message :       PreBuildEvent;
       C:\Program Files\dotnet\sdk\9.0.310\Sdks\Microsoft.NET.Sdk\targets\Microsoft.NET.Sdk.targets(201,5): message :       ResolveReferences;
       C:\Program Files\dotnet\sdk\9.0.310\Sdks\Microsoft.NET.Sdk\targets\Microsoft.NET.Sdk.targets(201,5): message :       PrepareResources;
       C:\Program Files\dotnet\sdk\9.0.310\Sdks\Microsoft.NET.Sdk\targets\Microsoft.NET.Sdk.targets(201,5): message :       ResolveKeySource;
       C:\Program Files\dotnet\sdk\9.0.310\Sdks\Microsoft.NET.Sdk\targets\Microsoft.NET.Sdk.targets(201,5): message :       Compile;
       C:\Program Files\dotnet\sdk\9.0.310\Sdks\Microsoft.NET.Sdk\targets\Microsoft.NET.Sdk.targets(201,5): message :       ExportWindowsMDFile;
       C:\Program Files\dotnet\sdk\9.0.310\Sdks\Microsoft.NET.Sdk\targets\Microsoft.NET.Sdk.targets(201,5): message :       UnmanagedUnregistration;
       C:\Program Files\dotnet\sdk\9.0.310\Sdks\Microsoft.NET.Sdk\targets\Microsoft.NET.Sdk.targets(201,5): message :       GenerateSerializationAssemblies;
       C:\Program Files\dotnet\sdk\9.0.310\Sdks\Microsoft.NET.Sdk\targets\Microsoft.NET.Sdk.targets(201,5): message :       CreateSatelliteAssemblies;
       C:\Program Files\dotnet\sdk\9.0.310\Sdks\Microsoft.NET.Sdk\targets\Microsoft.NET.Sdk.targets(201,5): message :       GenerateManifests;
       C:\Program Files\dotnet\sdk\9.0.310\Sdks\Microsoft.NET.Sdk\targets\Microsoft.NET.Sdk.targets(201,5): message :       GetTargetPath;
       C:\Program Files\dotnet\sdk\9.0.310\Sdks\Microsoft.NET.Sdk\targets\Microsoft.NET.Sdk.targets(201,5): message :       PrepareForRun;
       C:\Program Files\dotnet\sdk\9.0.310\Sdks\Microsoft.NET.Sdk\targets\Microsoft.NET.Sdk.targets(201,5): message :       UnmanagedRegistration;
       C:\Program Files\dotnet\sdk\9.0.310\Sdks\Microsoft.NET.Sdk\targets\Microsoft.NET.Sdk.targets(201,5): message :       IncrementalClean;
       C:\Program Files\dotnet\sdk\9.0.310\Sdks\Microsoft.NET.Sdk\targets\Microsoft.NET.Sdk.targets(201,5): message :       PostBuildEvent
       C:\Program Files\dotnet\sdk\9.0.310\Sdks\Microsoft.NET.Sdk\targets\Microsoft.NET.Sdk.targets(201,5): message :     ;
       C:\Program Files\dotnet\sdk\9.0.310\Sdks\Microsoft.NET.Sdk\targets\Microsoft.NET.Sdk.targets(201,5): message :       GenerateBuildDependencyFile;
       C:\Program Files\dotnet\sdk\9.0.310\Sdks\Microsoft.NET.Sdk\targets\Microsoft.NET.Sdk.targets(201,5): message :       GenerateBuildRuntimeConfigurationFiles
       C:\Program Files\dotnet\sdk\9.0.310\Sdks\Microsoft.NET.Sdk\targets\Microsoft.NET.Sdk.targets(201,5): message :     " (valor anterior: "
       C:\Program Files\dotnet\sdk\9.0.310\Sdks\Microsoft.NET.Sdk\targets\Microsoft.NET.Sdk.targets(201,5): message :       BuildOnlySettings;
       C:\Program Files\dotnet\sdk\9.0.310\Sdks\Microsoft.NET.Sdk\targets\Microsoft.NET.Sdk.targets(201,5): message :       PrepareForBuild;
       C:\Program Files\dotnet\sdk\9.0.310\Sdks\Microsoft.NET.Sdk\targets\Microsoft.NET.Sdk.targets(201,5): message :       PreBuildEvent;
       C:\Program Files\dotnet\sdk\9.0.310\Sdks\Microsoft.NET.Sdk\targets\Microsoft.NET.Sdk.targets(201,5): message :       ResolveReferences;
       C:\Program Files\dotnet\sdk\9.0.310\Sdks\Microsoft.NET.Sdk\targets\Microsoft.NET.Sdk.targets(201,5): message :       PrepareResources;
       C:\Program Files\dotnet\sdk\9.0.310\Sdks\Microsoft.NET.Sdk\targets\Microsoft.NET.Sdk.targets(201,5): message :       ResolveKeySource;
       C:\Program Files\dotnet\sdk\9.0.310\Sdks\Microsoft.NET.Sdk\targets\Microsoft.NET.Sdk.targets(201,5): message :       Compile;
       C:\Program Files\dotnet\sdk\9.0.310\Sdks\Microsoft.NET.Sdk\targets\Microsoft.NET.Sdk.targets(201,5): message :       ExportWindowsMDFile;
       C:\Program Files\dotnet\sdk\9.0.310\Sdks\Microsoft.NET.Sdk\targets\Microsoft.NET.Sdk.targets(201,5): message :       UnmanagedUnregistration;
       C:\Program Files\dotnet\sdk\9.0.310\Sdks\Microsoft.NET.Sdk\targets\Microsoft.NET.Sdk.targets(201,5): message :       GenerateSerializationAssemblies;
       C:\Program Files\dotnet\sdk\9.0.310\Sdks\Microsoft.NET.Sdk\targets\Microsoft.NET.Sdk.targets(201,5): message :       CreateSatelliteAssemblies;
       C:\Program Files\dotnet\sdk\9.0.310\Sdks\Microsoft.NET.Sdk\targets\Microsoft.NET.Sdk.targets(201,5): message :       GenerateManifests;
       C:\Program Files\dotnet\sdk\9.0.310\Sdks\Microsoft.NET.Sdk\targets\Microsoft.NET.Sdk.targets(201,5): message :       GetTargetPath;
       C:\Program Files\dotnet\sdk\9.0.310\Sdks\Microsoft.NET.Sdk\targets\Microsoft.NET.Sdk.targets(201,5): message :       PrepareForRun;
       C:\Program Files\dotnet\sdk\9.0.310\Sdks\Microsoft.NET.Sdk\targets\Microsoft.NET.Sdk.targets(201,5): message :       UnmanagedRegistration;
       C:\Program Files\dotnet\sdk\9.0.310\Sdks\Microsoft.NET.Sdk\targets\Microsoft.NET.Sdk.targets(201,5): message :       IncrementalClean;
       C:\Program Files\dotnet\sdk\9.0.310\Sdks\Microsoft.NET.Sdk\targets\Microsoft.NET.Sdk.targets(201,5): message :       PostBuildEvent
       C:\Program Files\dotnet\sdk\9.0.310\Sdks\Microsoft.NET.Sdk\targets\Microsoft.NET.Sdk.targets(201,5): message :     ") en C:\Program Files\dotnet\sdk\9.0.310\Sdks\Microsoft.NET.Sdk\targets\Microsoft.NET.Sdk.targets (201,5)
       C:\Program Files\dotnet\sdk\9.0.310\Sdks\Microsoft.NET.Sdk\targets\Microsoft.NET.Sdk.targets(210,5): message : Reasignaci├│n de propiedad: $(CoreCleanDependsOn)="
       C:\Program Files\dotnet\sdk\9.0.310\Sdks\Microsoft.NET.Sdk\targets\Microsoft.NET.Sdk.targets(210,5): message :       _SdkBeforeClean;
       C:\Program Files\dotnet\sdk\9.0.310\Sdks\Microsoft.NET.Sdk\targets\Microsoft.NET.Sdk.targets(210,5): message :       
       C:\Program Files\dotnet\sdk\9.0.310\Sdks\Microsoft.NET.Sdk\targets\Microsoft.NET.Sdk.targets(210,5): message :     " (valor anterior: "") en C:\Program Files\dotnet\sdk\9.0.310\Sdks\Microsoft.NET.Sdk\targets\Microsoft.NET.Sdk.targets (210,5)
       C:\Program Files\dotnet\sdk\9.0.310\Sdks\Microsoft.NET.Sdk\targets\Microsoft.NET.Sdk.targets(217,5): message : Reasignaci├│n de propiedad: $(RebuildDependsOn)="
       C:\Program Files\dotnet\sdk\9.0.310\Sdks\Microsoft.NET.Sdk\targets\Microsoft.NET.Sdk.targets(217,5): message :       _SdkBeforeRebuild;
       C:\Program Files\dotnet\sdk\9.0.310\Sdks\Microsoft.NET.Sdk\targets\Microsoft.NET.Sdk.targets(217,5): message :       
       C:\Program Files\dotnet\sdk\9.0.310\Sdks\Microsoft.NET.Sdk\targets\Microsoft.NET.Sdk.targets(217,5): message :       BeforeRebuild;
       C:\Program Files\dotnet\sdk\9.0.310\Sdks\Microsoft.NET.Sdk\targets\Microsoft.NET.Sdk.targets(217,5): message :       Clean;
       C:\Program Files\dotnet\sdk\9.0.310\Sdks\Microsoft.NET.Sdk\targets\Microsoft.NET.Sdk.targets(217,5): message :       Build;
       C:\Program Files\dotnet\sdk\9.0.310\Sdks\Microsoft.NET.Sdk\targets\Microsoft.NET.Sdk.targets(217,5): message :       AfterRebuild;
       C:\Program Files\dotnet\sdk\9.0.310\Sdks\Microsoft.NET.Sdk\targets\Microsoft.NET.Sdk.targets(217,5): message :     
       C:\Program Files\dotnet\sdk\9.0.310\Sdks\Microsoft.NET.Sdk\targets\Microsoft.NET.Sdk.targets(217,5): message :     " (valor anterior: "
       C:\Program Files\dotnet\sdk\9.0.310\Sdks\Microsoft.NET.Sdk\targets\Microsoft.NET.Sdk.targets(217,5): message :       BeforeRebuild;
       C:\Program Files\dotnet\sdk\9.0.310\Sdks\Microsoft.NET.Sdk\targets\Microsoft.NET.Sdk.targets(217,5): message :       Clean;
       C:\Program Files\dotnet\sdk\9.0.310\Sdks\Microsoft.NET.Sdk\targets\Microsoft.NET.Sdk.targets(217,5): message :       Build;
       C:\Program Files\dotnet\sdk\9.0.310\Sdks\Microsoft.NET.Sdk\targets\Microsoft.NET.Sdk.targets(217,5): message :       AfterRebuild;
       C:\Program Files\dotnet\sdk\9.0.310\Sdks\Microsoft.NET.Sdk\targets\Microsoft.NET.Sdk.targets(217,5): message :     ") en C:\Program Files\dotnet\sdk\9.0.310\Sdks\Microsoft.NET.Sdk\targets\Microsoft.NET.Sdk.targets (217,5)
       C:\Program Files\dotnet\sdk\9.0.310\Sdks\Microsoft.NET.Sdk\targets\Microsoft.NET.Sdk.targets(784,5): message : Reasignaci├│n de propiedad: $(CompileDependsOn)="
       C:\Program Files\dotnet\sdk\9.0.310\Sdks\Microsoft.NET.Sdk\targets\Microsoft.NET.Sdk.targets(784,5): message :       
       C:\Program Files\dotnet\sdk\9.0.310\Sdks\Microsoft.NET.Sdk\targets\Microsoft.NET.Sdk.targets(784,5): message :       ResolveReferences;
       C:\Program Files\dotnet\sdk\9.0.310\Sdks\Microsoft.NET.Sdk\targets\Microsoft.NET.Sdk.targets(784,5): message :       ResolveKeySource;
       C:\Program Files\dotnet\sdk\9.0.310\Sdks\Microsoft.NET.Sdk\targets\Microsoft.NET.Sdk.targets(784,5): message :       SetWin32ManifestProperties;
       C:\Program Files\dotnet\sdk\9.0.310\Sdks\Microsoft.NET.Sdk\targets\Microsoft.NET.Sdk.targets(784,5): message :       _SetPreferNativeArm64Win32ManifestProperties;
       C:\Program Files\dotnet\sdk\9.0.310\Sdks\Microsoft.NET.Sdk\targets\Microsoft.NET.Sdk.targets(784,5): message :       FindReferenceAssembliesForReferences;
       C:\Program Files\dotnet\sdk\9.0.310\Sdks\Microsoft.NET.Sdk\targets\Microsoft.NET.Sdk.targets(784,5): message :       _GenerateCompileInputs;
       C:\Program Files\dotnet\sdk\9.0.310\Sdks\Microsoft.NET.Sdk\targets\Microsoft.NET.Sdk.targets(784,5): message :       BeforeCompile;
       C:\Program Files\dotnet\sdk\9.0.310\Sdks\Microsoft.NET.Sdk\targets\Microsoft.NET.Sdk.targets(784,5): message :       _TimeStampBeforeCompile;
       C:\Program Files\dotnet\sdk\9.0.310\Sdks\Microsoft.NET.Sdk\targets\Microsoft.NET.Sdk.targets(784,5): message :       _GenerateCompileDependencyCache;
       C:\Program Files\dotnet\sdk\9.0.310\Sdks\Microsoft.NET.Sdk\targets\Microsoft.NET.Sdk.targets(784,5): message :       CoreCompile;
       C:\Program Files\dotnet\sdk\9.0.310\Sdks\Microsoft.NET.Sdk\targets\Microsoft.NET.Sdk.targets(784,5): message :       _TimeStampAfterCompile;
       C:\Program Files\dotnet\sdk\9.0.310\Sdks\Microsoft.NET.Sdk\targets\Microsoft.NET.Sdk.targets(784,5): message :       AfterCompile;
       C:\Program Files\dotnet\sdk\9.0.310\Sdks\Microsoft.NET.Sdk\targets\Microsoft.NET.Sdk.targets(784,5): message :     ;
       C:\Program Files\dotnet\sdk\9.0.310\Sdks\Microsoft.NET.Sdk\targets\Microsoft.NET.Sdk.targets(784,5): message :       _CreateAppHost;
       C:\Program Files\dotnet\sdk\9.0.310\Sdks\Microsoft.NET.Sdk\targets\Microsoft.NET.Sdk.targets(784,5): message :       _CreateComHost;
       C:\Program Files\dotnet\sdk\9.0.310\Sdks\Microsoft.NET.Sdk\targets\Microsoft.NET.Sdk.targets(784,5): message :       _GetIjwHostPaths;
       C:\Program Files\dotnet\sdk\9.0.310\Sdks\Microsoft.NET.Sdk\targets\Microsoft.NET.Sdk.targets(784,5): message :     " (valor anterior: "
       C:\Program Files\dotnet\sdk\9.0.310\Sdks\Microsoft.NET.Sdk\targets\Microsoft.NET.Sdk.targets(784,5): message :       ResolveReferences;
       C:\Program Files\dotnet\sdk\9.0.310\Sdks\Microsoft.NET.Sdk\targets\Microsoft.NET.Sdk.targets(784,5): message :       ResolveKeySource;
       C:\Program Files\dotnet\sdk\9.0.310\Sdks\Microsoft.NET.Sdk\targets\Microsoft.NET.Sdk.targets(784,5): message :       SetWin32ManifestProperties;
       C:\Program Files\dotnet\sdk\9.0.310\Sdks\Microsoft.NET.Sdk\targets\Microsoft.NET.Sdk.targets(784,5): message :       _SetPreferNativeArm64Win32ManifestProperties;
       C:\Program Files\dotnet\sdk\9.0.310\Sdks\Microsoft.NET.Sdk\targets\Microsoft.NET.Sdk.targets(784,5): message :       FindReferenceAssembliesForReferences;
       C:\Program Files\dotnet\sdk\9.0.310\Sdks\Microsoft.NET.Sdk\targets\Microsoft.NET.Sdk.targets(784,5): message :       _GenerateCompileInputs;
       C:\Program Files\dotnet\sdk\9.0.310\Sdks\Microsoft.NET.Sdk\targets\Microsoft.NET.Sdk.targets(784,5): message :       BeforeCompile;
       C:\Program Files\dotnet\sdk\9.0.310\Sdks\Microsoft.NET.Sdk\targets\Microsoft.NET.Sdk.targets(784,5): message :       _TimeStampBeforeCompile;
       C:\Program Files\dotnet\sdk\9.0.310\Sdks\Microsoft.NET.Sdk\targets\Microsoft.NET.Sdk.targets(784,5): message :       _GenerateCompileDependencyCache;
       C:\Program Files\dotnet\sdk\9.0.310\Sdks\Microsoft.NET.Sdk\targets\Microsoft.NET.Sdk.targets(784,5): message :       CoreCompile;
       C:\Program Files\dotnet\sdk\9.0.310\Sdks\Microsoft.NET.Sdk\targets\Microsoft.NET.Sdk.targets(784,5): message :       _TimeStampAfterCompile;
       C:\Program Files\dotnet\sdk\9.0.310\Sdks\Microsoft.NET.Sdk\targets\Microsoft.NET.Sdk.targets(784,5): message :       AfterCompile;
       C:\Program Files\dotnet\sdk\9.0.310\Sdks\Microsoft.NET.Sdk\targets\Microsoft.NET.Sdk.targets(784,5): message :     ") en C:\Program Files\dotnet\sdk\9.0.310\Sdks\Microsoft.NET.Sdk\targets\Microsoft.NET.Sdk.targets (784,5)
       C:\Program Files\dotnet\sdk\9.0.310\Sdks\Microsoft.NET.Sdk\targets\Microsoft.NET.Sdk.targets(1184,5): message : Reasignaci├│n de propiedad: $(CreateSatelliteAssembliesDependsOn)="
       C:\Program Files\dotnet\sdk\9.0.310\Sdks\Microsoft.NET.Sdk\targets\Microsoft.NET.Sdk.targets(1184,5): message :       
       C:\Program Files\dotnet\sdk\9.0.310\Sdks\Microsoft.NET.Sdk\targets\Microsoft.NET.Sdk.targets(1184,5): message :       ;
       C:\Program Files\dotnet\sdk\9.0.310\Sdks\Microsoft.NET.Sdk\targets\Microsoft.NET.Sdk.targets(1184,5): message :       _GenerateSatelliteAssemblyInputs;
       C:\Program Files\dotnet\sdk\9.0.310\Sdks\Microsoft.NET.Sdk\targets\Microsoft.NET.Sdk.targets(1184,5): message :       ComputeIntermediateSatelliteAssemblies;
       C:\Program Files\dotnet\sdk\9.0.310\Sdks\Microsoft.NET.Sdk\targets\Microsoft.NET.Sdk.targets(1184,5): message :       GenerateSatelliteAssemblies
       C:\Program Files\dotnet\sdk\9.0.310\Sdks\Microsoft.NET.Sdk\targets\Microsoft.NET.Sdk.targets(1184,5): message :     ;
       C:\Program Files\dotnet\sdk\9.0.310\Sdks\Microsoft.NET.Sdk\targets\Microsoft.NET.Sdk.targets(1184,5): message :       CoreGenerateSatelliteAssemblies
       C:\Program Files\dotnet\sdk\9.0.310\Sdks\Microsoft.NET.Sdk\targets\Microsoft.NET.Sdk.targets(1184,5): message :     " (valor anterior: "
       C:\Program Files\dotnet\sdk\9.0.310\Sdks\Microsoft.NET.Sdk\targets\Microsoft.NET.Sdk.targets(1184,5): message :       ;
       C:\Program Files\dotnet\sdk\9.0.310\Sdks\Microsoft.NET.Sdk\targets\Microsoft.NET.Sdk.targets(1184,5): message :       _GenerateSatelliteAssemblyInputs;
       C:\Program Files\dotnet\sdk\9.0.310\Sdks\Microsoft.NET.Sdk\targets\Microsoft.NET.Sdk.targets(1184,5): message :       ComputeIntermediateSatelliteAssemblies;
       C:\Program Files\dotnet\sdk\9.0.310\Sdks\Microsoft.NET.Sdk\targets\Microsoft.NET.Sdk.targets(1184,5): message :       GenerateSatelliteAssemblies
       C:\Program Files\dotnet\sdk\9.0.310\Sdks\Microsoft.NET.Sdk\targets\Microsoft.NET.Sdk.targets(1184,5): message :     ") en C:\Program Files\dotnet\sdk\9.0.310\Sdks\Microsoft.NET.Sdk\targets\Microsoft.NET.Sdk.targets (1184,5)
       C:\Program Files\dotnet\sdk\9.0.310\Sdks\Microsoft.SourceLink.GitLab\build\Microsoft.SourceLink.GitLab.targets(12,5): message : Reasignaci├│n de propiedad: $(SourceLinkUrlInitializerTargets)=";_InitializeGitHubSourceLinkUrl;_InitializeGitLabSourceLinkUrl" (valor anterior: ";_InitializeGitHubSourceLinkUrl") en C:\Program Files\dotnet\sdk\9.0.310\Sdks\Microsoft.SourceLink.GitLab\build\Microsoft.SourceLink.GitLab.targets (12,5)
       C:\Program Files\dotnet\sdk\9.0.310\Sdks\Microsoft.SourceLink.GitLab\build\Microsoft.SourceLink.GitLab.targets(13,5): message : Reasignaci├│n de propiedad: $(SourceControlManagerUrlTranslationTargets)=";TranslateGitHubUrlsInSourceControlInformation;TranslateGitLabUrlsInSourceControlInformation" (valor anterior: ";TranslateGitHubUrlsInSourceControlInformation") en C:\Program Files\dotnet\sdk\9.0.310\Sdks\Microsoft.SourceLink.GitLab\build\Microsoft.SourceLink.GitLab.targets (13,5)
       C:\Program Files\dotnet\sdk\9.0.310\Sdks\Microsoft.SourceLink.AzureRepos.Git\build\Microsoft.SourceLink.AzureRepos.Git.targets(12,5): message : Reasignaci├│n de propiedad: $(SourceLinkUrlInitializerTargets)=";_InitializeGitHubSourceLinkUrl;_InitializeGitLabSourceLinkUrl;_InitializeAzureReposGitSourceLinkUrl" (valor anterior: ";_InitializeGitHubSourceLinkUrl;_InitializeGitLabSourceLinkUrl") en C:\Program Files\dotnet\sdk\9.0.310\Sdks\Microsoft.SourceLink.AzureRepos.Git\build\Microsoft.SourceLink.AzureRepos.Git.targets (12,5)
       C:\Program Files\dotnet\sdk\9.0.310\Sdks\Microsoft.SourceLink.AzureRepos.Git\build\Microsoft.SourceLink.AzureRepos.Git.targets(13,5): message : Reasignaci├│n de propiedad: $(SourceControlManagerUrlTranslationTargets)=";TranslateGitHubUrlsInSourceControlInformation;TranslateGitLabUrlsInSourceControlInformation;TranslateAzureReposGitUrlsInSourceControlInformation" (valor anterior: ";TranslateGitHubUrlsInSourceControlInformation;TranslateGitLabUrlsInSourceControlInformation") en C:\Program Files\dotnet\sdk\9.0.310\Sdks\Microsoft.SourceLink.AzureRepos.Git\build\Microsoft.SourceLink.AzureRepos.Git.targets (13,5)
       C:\Program Files\dotnet\sdk\9.0.310\Sdks\Microsoft.SourceLink.Bitbucket.Git\build\Microsoft.SourceLink.Bitbucket.Git.targets(12,5): message : Reasignaci├│n de propiedad: $(SourceLinkUrlInitializerTargets)=";_InitializeGitHubSourceLinkUrl;_InitializeGitLabSourceLinkUrl;_InitializeAzureReposGitSourceLinkUrl;_InitializeBitbucketGitSourceLinkUrl" (valor anterior: ";_InitializeGitHubSourceLinkUrl;_InitializeGitLabSourceLinkUrl;_InitializeAzureReposGitSourceLinkUrl") en C:\Program Files\dotnet\sdk\9.0.310\Sdks\Microsoft.SourceLink.Bitbucket.Git\build\Microsoft.SourceLink.Bitbucket.Git.targets (12,5)
       C:\Program Files\dotnet\sdk\9.0.310\Sdks\Microsoft.SourceLink.Bitbucket.Git\build\Microsoft.SourceLink.Bitbucket.Git.targets(13,5): message : Reasignaci├│n de propiedad: $(SourceControlManagerUrlTranslationTargets)=";TranslateGitHubUrlsInSourceControlInformation;TranslateGitLabUrlsInSourceControlInformation;TranslateAzureReposGitUrlsInSourceControlInformation;TranslateBitbucketGitUrlsInSourceControlInformation" (valor anterior: ";TranslateGitHubUrlsInSourceControlInformation;TranslateGitLabUrlsInSourceControlInformation;TranslateAzureReposGitUrlsInSourceControlInformation") en C:\Program Files\dotnet\sdk\9.0.310\Sdks\Microsoft.SourceLink.Bitbucket.Git\build\Microsoft.SourceLink.Bitbucket.Git.targets (13,5)
       C:\Program Files\dotnet\sdk\9.0.310\Sdks\Microsoft.NET.Sdk\targets\Microsoft.NET.DesignerSupport.targets(21,5): message : Reasignaci├│n de propiedad: $(DesignerRuntimeImplementationProjectOutputGroupDependsOn)="
       C:\Program Files\dotnet\sdk\9.0.310\Sdks\Microsoft.NET.Sdk\targets\Microsoft.NET.DesignerSupport.targets(21,5): message :       
       C:\Program Files\dotnet\sdk\9.0.310\Sdks\Microsoft.NET.Sdk\targets\Microsoft.NET.DesignerSupport.targets(21,5): message :       ;
       C:\Program Files\dotnet\sdk\9.0.310\Sdks\Microsoft.NET.Sdk\targets\Microsoft.NET.DesignerSupport.targets(21,5): message :       
       C:\Program Files\dotnet\sdk\9.0.310\Sdks\Microsoft.NET.Sdk\targets\Microsoft.NET.DesignerSupport.targets(21,5): message :       ;
       C:\Program Files\dotnet\sdk\9.0.310\Sdks\Microsoft.NET.Sdk\targets\Microsoft.NET.DesignerSupport.targets(21,5): message :       BuildOnlySettings;
       C:\Program Files\dotnet\sdk\9.0.310\Sdks\Microsoft.NET.Sdk\targets\Microsoft.NET.DesignerSupport.targets(21,5): message :       PrepareForBuild;
       C:\Program Files\dotnet\sdk\9.0.310\Sdks\Microsoft.NET.Sdk\targets\Microsoft.NET.DesignerSupport.targets(21,5): message :       AssignTargetPaths;
       C:\Program Files\dotnet\sdk\9.0.310\Sdks\Microsoft.NET.Sdk\targets\Microsoft.NET.DesignerSupport.targets(21,5): message :       ResolveReferences
       C:\Program Files\dotnet\sdk\9.0.310\Sdks\Microsoft.NET.Sdk\targets\Microsoft.NET.DesignerSupport.targets(21,5): message :     
       C:\Program Files\dotnet\sdk\9.0.310\Sdks\Microsoft.NET.Sdk\targets\Microsoft.NET.DesignerSupport.targets(21,5): message :     ;
       C:\Program Files\dotnet\sdk\9.0.310\Sdks\Microsoft.NET.Sdk\targets\Microsoft.NET.DesignerSupport.targets(21,5): message :       _GenerateDesignerDepsFile;
       C:\Program Files\dotnet\sdk\9.0.310\Sdks\Microsoft.NET.Sdk\targets\Microsoft.NET.DesignerSupport.targets(21,5): message :       _GenerateDesignerRuntimeConfigFile;
       C:\Program Files\dotnet\sdk\9.0.310\Sdks\Microsoft.NET.Sdk\targets\Microsoft.NET.DesignerSupport.targets(21,5): message :       GetCopyToOutputDirectoryItems;
       C:\Program Files\dotnet\sdk\9.0.310\Sdks\Microsoft.NET.Sdk\targets\Microsoft.NET.DesignerSupport.targets(21,5): message :       _GatherDesignerShadowCopyFiles;
       C:\Program Files\dotnet\sdk\9.0.310\Sdks\Microsoft.NET.Sdk\targets\Microsoft.NET.DesignerSupport.targets(21,5): message :     " (valor anterior: "
       C:\Program Files\dotnet\sdk\9.0.310\Sdks\Microsoft.NET.Sdk\targets\Microsoft.NET.DesignerSupport.targets(21,5): message :       ;
       C:\Program Files\dotnet\sdk\9.0.310\Sdks\Microsoft.NET.Sdk\targets\Microsoft.NET.DesignerSupport.targets(21,5): message :       
       C:\Program Files\dotnet\sdk\9.0.310\Sdks\Microsoft.NET.Sdk\targets\Microsoft.NET.DesignerSupport.targets(21,5): message :       ;
       C:\Program Files\dotnet\sdk\9.0.310\Sdks\Microsoft.NET.Sdk\targets\Microsoft.NET.DesignerSupport.targets(21,5): message :       BuildOnlySettings;
       C:\Program Files\dotnet\sdk\9.0.310\Sdks\Microsoft.NET.Sdk\targets\Microsoft.NET.DesignerSupport.targets(21,5): message :       PrepareForBuild;
       C:\Program Files\dotnet\sdk\9.0.310\Sdks\Microsoft.NET.Sdk\targets\Microsoft.NET.DesignerSupport.targets(21,5): message :       AssignTargetPaths;
       C:\Program Files\dotnet\sdk\9.0.310\Sdks\Microsoft.NET.Sdk\targets\Microsoft.NET.DesignerSupport.targets(21,5): message :       ResolveReferences
       C:\Program Files\dotnet\sdk\9.0.310\Sdks\Microsoft.NET.Sdk\targets\Microsoft.NET.DesignerSupport.targets(21,5): message :     
       C:\Program Files\dotnet\sdk\9.0.310\Sdks\Microsoft.NET.Sdk\targets\Microsoft.NET.DesignerSupport.targets(21,5): message :     ") en C:\Program Files\dotnet\sdk\9.0.310\Sdks\Microsoft.NET.Sdk\targets\Microsoft.NET.DesignerSupport.targets (21,5)
       C:\Program Files\dotnet\sdk\9.0.310\Sdks\Microsoft.NET.Sdk\targets\Microsoft.NET.PackTool.targets(68,5): message : Reasignaci├│n de propiedad: $(_GenerateToolsSettingsFileCacheFile)="C:\temp\MVP\documento-ia-clasificacion-mvp\src\backend\DocumentIA.Tests.Unit\obj\Debug\net9.0\DocumentIA.Tests.Unit.toolssettingsinput.cache" (valor anterior: "obj\Debug\net9.0\DocumentIA.Tests.Unit.toolssettingsinput.cache") en C:\Program Files\dotnet\sdk\9.0.310\Sdks\Microsoft.NET.Sdk\targets\Microsoft.NET.PackTool.targets (68,5)
       C:\Program Files\dotnet\sdk\9.0.310\Sdks\Microsoft.NET.Sdk\targets\Microsoft.NET.PackTool.targets(137,5): message : Reasignaci├│n de propiedad: $(_ShimInputCacheFile)="C:\temp\MVP\documento-ia-clasificacion-mvp\src\backend\DocumentIA.Tests.Unit\obj\Debug\net9.0\DocumentIA.Tests.Unit.shiminput.cache" (valor anterior: "obj\Debug\net9.0\DocumentIA.Tests.Unit.shiminput.cache") en C:\Program Files\dotnet\sdk\9.0.310\Sdks\Microsoft.NET.Sdk\targets\Microsoft.NET.PackTool.targets (137,5)
       C:\Program Files\dotnet\sdk\9.0.310\Sdks\Microsoft.NET.Sdk\targets\Microsoft.NET.PackTool.targets(139,5): message : Reasignaci├│n de propiedad: $(_ShimCreatedSentinelFile)="C:\temp\MVP\documento-ia-clasificacion-mvp\src\backend\DocumentIA.Tests.Unit\obj\Debug\net9.0\DocumentIA.Tests.Unit.shimcreated.sentinel" (valor anterior: "obj\Debug\net9.0\DocumentIA.Tests.Unit.shimcreated.sentinel") en C:\Program Files\dotnet\sdk\9.0.310\Sdks\Microsoft.NET.Sdk\targets\Microsoft.NET.PackTool.targets (139,5)
       C:\Program Files\dotnet\sdk\9.0.310\Sdks\Microsoft.NET.Sdk\targets\Microsoft.NET.Sdk.CSharp.targets(31,5): message : Reasignaci├│n de propiedad: $(DefineConstants)="TRACE;DEBUG" (valor anterior: "TRACE") en C:\Program Files\dotnet\sdk\9.0.310\Sdks\Microsoft.NET.Sdk\targets\Microsoft.NET.Sdk.CSharp.targets (31,5)
       C:\Program Files\dotnet\sdk\9.0.310\Sdks\Microsoft.NET.Sdk\targets\Microsoft.NET.Sdk.CSharp.targets(34,5): message : Reasignaci├│n de propiedad: $(DefineConstants)="TRACE;DEBUG;NET;NET9_0;NETCOREAPP" (valor anterior: "TRACE;DEBUG") en C:\Program Files\dotnet\sdk\9.0.310\Sdks\Microsoft.NET.Sdk\targets\Microsoft.NET.Sdk.CSharp.targets (34,5)
       C:\Program Files\dotnet\sdk\9.0.310\Sdks\Microsoft.NET.Sdk\targets\Microsoft.NET.Sdk.CSharp.targets(48,5): message : Reasignaci├│n de propiedad: $(WarningsAsErrors)=";NU1605;SYSLIB0011" (valor anterior: ";NU1605") en C:\Program Files\dotnet\sdk\9.0.310\Sdks\Microsoft.NET.Sdk\targets\Microsoft.NET.Sdk.CSharp.targets (48,5)
       C:\Program Files\dotnet\sdk\9.0.310\Sdks\NuGet.Build.Tasks.Pack\build\NuGet.Build.Tasks.Pack.targets(34,5): message : Reasignaci├│n de propiedad: $(PackageDescription)="Package Description" (valor anterior: "") en C:\Program Files\dotnet\sdk\9.0.310\Sdks\NuGet.Build.Tasks.Pack\build\NuGet.Build.Tasks.Pack.targets (34,5)
       C:\Program Files\dotnet\sdk\9.0.310\Sdks\NuGet.Build.Tasks.Pack\build\NuGet.Build.Tasks.Pack.targets(59,5): message : Reasignaci├│n de propiedad: $(GenerateNuspecDependsOn)="Build;_LoadPackInputItems; _GetTargetFrameworksOutput; _WalkEachTargetPerFramework; _GetPackageFiles; " (valor anterior: "_LoadPackInputItems; _GetTargetFrameworksOutput; _WalkEachTargetPerFramework; _GetPackageFiles; ") en C:\Program Files\dotnet\sdk\9.0.310\Sdks\NuGet.Build.Tasks.Pack\build\NuGet.Build.Tasks.Pack.targets (59,5)
       C:\Program Files\dotnet\sdk\9.0.310\Sdks\Microsoft.NET.Sdk\Sdk\Sdk.targets(60,5): message : Reasignaci├│n de propiedad: $(_IsNotSetContainersTargetsDir)="true" (valor anterior: "false") en C:\Program Files\dotnet\sdk\9.0.310\Sdks\Microsoft.NET.Sdk\Sdk\Sdk.targets (60,5)
       C:\Program Files\dotnet\sdk\9.0.310\Containers\build\Microsoft.NET.Build.Containers.targets(5,5): message : Reasignaci├│n de propiedad: $(_IsSDKContainerAllowedVersion)="true" (valor anterior: "false") en C:\Program Files\dotnet\sdk\9.0.310\Containers\build\Microsoft.NET.Build.Containers.targets (5,5)
       C:\Program Files\dotnet\sdk\9.0.310\Containers\build\Microsoft.NET.Build.Containers.targets(15,5): message : Reasignaci├│n de propiedad: $(_ContainerIsTargetingNet8TFM)="true" (valor anterior: "false") en C:\Program Files\dotnet\sdk\9.0.310\Containers\build\Microsoft.NET.Build.Containers.targets (15,5)
       Invalidando el destino "ResolveFrameworkReferences" del proyecto"C:\Program Files\dotnet\sdk\9.0.310\Microsoft.Common.CurrentVersion.targets" con el destino "ResolveFrameworkReferences" del proyecto "C:\Program Files\dotnet\sdk\9.0.310\Sdks\Microsoft.NET.Sdk\targets\Microsoft.NET.Sdk.FrameworkReferenceResolution.targets".
       Invalidando el destino "Run" del proyecto"C:\Program Files\dotnet\sdk\9.0.310\Microsoft.Common.CurrentVersion.targets" con el destino "Run" del proyecto "C:\Program Files\dotnet\sdk\9.0.310\Sdks\Microsoft.NET.Sdk\targets\Microsoft.NET.Sdk.targets".
       Invalidando el destino "GenerateSupportedTargetFrameworkAlias" del proyecto"C:\Program Files\dotnet\sdk\9.0.310\Microsoft.Common.CurrentVersion.targets" con el destino "GenerateSupportedTargetFrameworkAlias" del proyecto "C:\Program Files\dotnet\sdk\9.0.310\Sdks\Microsoft.NET.Sdk\targets\Microsoft.NET.Sdk.targets".
       Invalidando el destino "GetReferenceAssemblyPaths" del proyecto"C:\Program Files\dotnet\sdk\9.0.310\Microsoft.Common.CurrentVersion.targets" con el destino "GetReferenceAssemblyPaths" del proyecto "C:\Program Files\dotnet\sdk\9.0.310\Sdks\Microsoft.NET.Sdk\targets\Microsoft.NET.DisableStandardFrameworkResolution.targets".
       Invalidando el destino "GetFrameworkPaths" del proyecto"C:\Program Files\dotnet\sdk\9.0.310\Microsoft.Common.CurrentVersion.targets" con el destino "GetFrameworkPaths" del proyecto "C:\Program Files\dotnet\sdk\9.0.310\Sdks\Microsoft.NET.Sdk\targets\Microsoft.NET.DisableStandardFrameworkResolution.targets".
       Invalidando el destino "DesignerRuntimeImplementationProjectOutputGroup" del proyecto"C:\Program Files\dotnet\sdk\9.0.310\Microsoft.Common.CurrentVersion.targets" con el destino "DesignerRuntimeImplementationProjectOutputGroup" del proyecto "C:\Program Files\dotnet\sdk\9.0.310\Sdks\Microsoft.NET.Sdk\targets\Microsoft.NET.DesignerSupport.targets".
       Invalidando el destino "Publish" del proyecto"C:\Program Files\dotnet\sdk\9.0.310\Microsoft.Common.CurrentVersion.targets" con el destino "Publish" del proyecto "C:\Program Files\dotnet\sdk\9.0.310\Sdks\Microsoft.NET.Sdk\targets\Microsoft.NET.Publish.targets".
       Invalidando el destino "ResolveReadyToRunCompilers" del proyecto"C:\Program Files\dotnet\sdk\9.0.310\Sdks\Microsoft.NET.Sdk\targets\Microsoft.NET.CrossGen.targets" con el destino "ResolveReadyToRunCompilers" del proyecto "C:\Program Files\dotnet\sdk\9.0.310\Sdks\Microsoft.NET.Sdk\targets\Microsoft.NET.Publish.targets".
       Invalidando el destino "GetCopyToPublishDirectoryItems" del proyecto"C:\Program Files\dotnet\sdk\9.0.310\Microsoft.Common.CurrentVersion.targets" con el destino "GetCopyToPublishDirectoryItems" del proyecto "C:\Program Files\dotnet\sdk\9.0.310\Sdks\Microsoft.NET.Sdk\targets\Microsoft.NET.Publish.targets".
     1>Proyecto "C:\temp\MVP\documento-ia-clasificacion-mvp\src\backend\DocumentIA.Tests.Unit\DocumentIA.Tests.Unit.csproj" en el nodo 1 (Restore destinos).
     1>Destino "_LoadRestoreGraphEntryPoints" en el archivo "C:\Program Files\dotnet\sdk\9.0.310\NuGet.targets" del proyecto "C:\temp\MVP\documento-ia-clasificacion-mvp\src\backend\DocumentIA.Tests.Unit\DocumentIA.Tests.Unit.csproj" (el destino "_FilterRestoreGraphProjectInputItems" depende de ├®l):
     1>Se omiti├│ la tarea "GetRestoreSolutionProjectsTask" debido a una condici├│n falsa (False); ( $(MSBuildProjectFullPath.EndsWith('.metaproj')) == 'true' AND @(RestoreGraphProjectInputItems) == '' ) se evalu├│ como ( False == 'true' AND C:\temp\MVP\documento-ia-clasificacion-mvp\src\backend\DocumentIA.Tests.Unit\DocumentIA.Tests.Unit.csproj == '' ).
     1>Compilaci├│n terminada del destino "_LoadRestoreGraphEntryPoints" en el proyecto "DocumentIA.Tests.Unit.csproj".
     1>Destino "_FilterRestoreGraphProjectInputItems" en el archivo "C:\Program Files\dotnet\sdk\9.0.310\NuGet.targets" del proyecto "C:\temp\MVP\documento-ia-clasificacion-mvp\src\backend\DocumentIA.Tests.Unit\DocumentIA.Tests.Unit.csproj" (el destino "_GenerateRestoreGraph" depende de ├®l):
       Usando la tarea "RemoveDuplicates" del ensamblado "Microsoft.Build.Tasks.Core, Version=15.1.0.0, Culture=neutral, PublicKeyToken=b03f5f7f11d50a3a".
       Tarea "RemoveDuplicates"
       Ejecuci├│n de la tarea "RemoveDuplicates" terminada.
       Usando la tarea "MSBuild" del ensamblado "Microsoft.Build.Tasks.Core, Version=15.1.0.0, Culture=neutral, PublicKeyToken=b03f5f7f11d50a3a".
       Tarea "MSBuild"
         Propiedades globales:
           ExcludeRestorePackageImports=true
     0>C:\Program Files\dotnet\sdk\9.0.310\Sdks\Microsoft.NET.Sdk\Sdk\Sdk.props(49,11): message : Propiedad "MSBuildExtensionsPath" con el valor "C:\Program Files\dotnet\sdk\9.0.310\" expandido desde el entorno.
       C:\Program Files\dotnet\sdk\9.0.310\Current\Microsoft.Common.props(60,5): message : Reasignaci├│n de propiedad: $(MSBuildProjectExtensionsPath)="C:\temp\MVP\documento-ia-clasificacion-mvp\src\backend\DocumentIA.Tests.Unit\obj\" (valor anterior: "obj\") en C:\Program Files\dotnet\sdk\9.0.310\Current\Microsoft.Common.props (60,5)
       C:\Program Files\dotnet\sdk\9.0.310\Current\Microsoft.Common.props(84,119): message : Propiedad "MSBuildUserExtensionsPath" con el valor "C:\Users\ubf0238\AppData\Local\Microsoft\MSBuild" expandido desde el entorno.
       C:\Program Files\dotnet\sdk\9.0.310\Sdks\Microsoft.NET.Sdk\targets\Microsoft.NET.Sdk.props(90,5): message : Reasignaci├│n de propiedad: $(AssemblySearchPaths)="{CandidateAssemblyFiles};{HintPathFromItem}" (valor anterior: "{CandidateAssemblyFiles}") en C:\Program Files\dotnet\sdk\9.0.310\Sdks\Microsoft.NET.Sdk\targets\Microsoft.NET.Sdk.props (90,5)
       C:\Program Files\dotnet\sdk\9.0.310\Sdks\Microsoft.NET.Sdk\targets\Microsoft.NET.Sdk.props(91,5): message : Reasignaci├│n de propiedad: $(AssemblySearchPaths)="{CandidateAssemblyFiles};{HintPathFromItem};{TargetFrameworkDirectory}" (valor anterior: "{CandidateAssemblyFiles};{HintPathFromItem}") en C:\Program Files\dotnet\sdk\9.0.310\Sdks\Microsoft.NET.Sdk\targets\Microsoft.NET.Sdk.props (91,5)
       C:\Program Files\dotnet\sdk\9.0.310\Sdks\Microsoft.NET.Sdk\targets\Microsoft.NET.Sdk.props(92,5): message : Reasignaci├│n de propiedad: $(AssemblySearchPaths)="{CandidateAssemblyFiles};{HintPathFromItem};{TargetFrameworkDirectory};{RawFileName}" (valor anterior: "{CandidateAssemblyFiles};{HintPathFromItem};{TargetFrameworkDirectory}") en C:\Program Files\dotnet\sdk\9.0.310\Sdks\Microsoft.NET.Sdk\targets\Microsoft.NET.Sdk.props (92,5)
       C:\Program Files\dotnet\sdk\9.0.310\Sdks\Microsoft.NET.Sdk\targets\Microsoft.NET.PackProjectTool.props(15,5): message : Reasignaci├│n de propiedad: $(TargetsForTfmSpecificContentInPackage)=";PackTool;_PackProjectToolValidation" (valor anterior: ";PackTool") en C:\Program Files\dotnet\sdk\9.0.310\Sdks\Microsoft.NET.Sdk\targets\Microsoft.NET.PackProjectTool.props (15,5)
       C:\Program Files\dotnet\sdk\9.0.310\Sdks\Microsoft.NET.Sdk\targets\Microsoft.NET.Sdk.ImportPublishProfile.targets(28,5): message : Reasignaci├│n de propiedad: $(PublishProfileImported)="false" (valor anterior: "true") en C:\Program Files\dotnet\sdk\9.0.310\Sdks\Microsoft.NET.Sdk\targets\Microsoft.NET.Sdk.ImportPublishProfile.targets (28,5)
       C:\Program Files\dotnet\sdk\9.0.310\Sdks\Microsoft.NET.Sdk\targets\Microsoft.NET.TargetFrameworkInference.targets(69,5): message : Reasignaci├│n de propiedad: $(TargetPlatformVersion)="" (valor anterior: "0.0") en C:\Program Files\dotnet\sdk\9.0.310\Sdks\Microsoft.NET.Sdk\targets\Microsoft.NET.TargetFrameworkInference.targets (69,5)
       C:\Program Files\dotnet\sdk\9.0.310\Sdks\Microsoft.NET.Sdk\targets\Microsoft.NET.DefaultOutputPaths.targets(122,5): message : Reasignaci├│n de propiedad: $(DefaultItemExcludes)=";bin\Debug\/**;obj\Debug\/**" (valor anterior: ";bin\Debug\/**") en C:\Program Files\dotnet\sdk\9.0.310\Sdks\Microsoft.NET.Sdk\targets\Microsoft.NET.DefaultOutputPaths.targets (122,5)
       C:\Program Files\dotnet\sdk\9.0.310\Sdks\Microsoft.NET.Sdk\targets\Microsoft.NET.DefaultOutputPaths.targets(137,5): message : Reasignaci├│n de propiedad: $(OutputPath)="bin\Debug\net9.0\" (valor anterior: "bin\Debug\") en C:\Program Files\dotnet\sdk\9.0.310\Sdks\Microsoft.NET.Sdk\targets\Microsoft.NET.DefaultOutputPaths.targets (137,5)
       C:\Program Files\dotnet\sdk\9.0.310\Sdks\Microsoft.NET.Sdk\targets\Microsoft.NET.DefaultOutputPaths.targets(142,5): message : Reasignaci├│n de propiedad: $(IntermediateOutputPath)="obj\Debug\net9.0\" (valor anterior: "obj\Debug\") en C:\Program Files\dotnet\sdk\9.0.310\Sdks\Microsoft.NET.Sdk\targets\Microsoft.NET.DefaultOutputPaths.targets (142,5)
       C:\Program Files\dotnet\sdk\9.0.310\Sdks\Microsoft.NET.Sdk\targets\Microsoft.NET.Sdk.BeforeCommon.targets(187,5): message : Reasignaci├│n de propiedad: $(_FrameworkIdentifierForImplicitDefine)="NET" (valor anterior: "NETCOREAPP") en C:\Program Files\dotnet\sdk\9.0.310\Sdks\Microsoft.NET.Sdk\targets\Microsoft.NET.Sdk.BeforeCommon.targets (187,5)
       C:\Program Files\dotnet\sdk\9.0.310\Sdks\Microsoft.NET.Sdk\targets\Microsoft.NET.Sdk.BeforeCommon.targets(192,5): message : Reasignaci├│n de propiedad: $(_FrameworkVersionForImplicitDefine)="9_0" (valor anterior: "9.0") en C:\Program Files\dotnet\sdk\9.0.310\Sdks\Microsoft.NET.Sdk\targets\Microsoft.NET.Sdk.BeforeCommon.targets (192,5)
       C:\Program Files\dotnet\sdk\9.0.310\Roslyn\Microsoft.CSharp.Core.targets(200,5): message : Reasignaci├│n de propiedad: $(CommandLineArgsForDesignTimeEvaluation)="-langversion:13.0 -define:TRACE" (valor anterior: "-langversion:13.0") en C:\Program Files\dotnet\sdk\9.0.310\Roslyn\Microsoft.CSharp.Core.targets (200,5)
       C:\Program Files\dotnet\sdk\9.0.310\Microsoft.Common.CurrentVersion.targets(175,5): message : Reasignaci├│n de propiedad: $(_DebugSymbolsProduced)="true" (valor anterior: "false") en C:\Program Files\dotnet\sdk\9.0.310\Microsoft.Common.CurrentVersion.targets (175,5)
       C:\Program Files\dotnet\sdk\9.0.310\Microsoft.Common.CurrentVersion.targets(185,5): message : Reasignaci├│n de propiedad: $(_DocumentationFileProduced)="false" (valor anterior: "true") en C:\Program Files\dotnet\sdk\9.0.310\Microsoft.Common.CurrentVersion.targets (185,5)
       C:\Program Files\dotnet\sdk\9.0.310\Microsoft.Common.CurrentVersion.targets(392,5): message : Reasignaci├│n de propiedad: $(MSBuildCopyMarkerName)="Document.348240EB" (valor anterior: "DocumentIA.Tests.Unit.csproj") en C:\Program Files\dotnet\sdk\9.0.310\Microsoft.Common.CurrentVersion.targets (392,5)
       C:\Program Files\dotnet\sdk\9.0.310\Microsoft.Common.CurrentVersion.targets(393,5): message : Reasignaci├│n de propiedad: $(MSBuildCopyMarkerName)="Document.348240EB.Up2Date" (valor anterior: "Document.348240EB") en C:\Program Files\dotnet\sdk\9.0.310\Microsoft.Common.CurrentVersion.targets (393,5)
       C:\Program Files\dotnet\sdk\9.0.310\Microsoft.Common.CurrentVersion.targets(541,5): message : Reasignaci├│n de propiedad: $(ProcessorArchitecture)="msil" (valor anterior: "") en C:\Program Files\dotnet\sdk\9.0.310\Microsoft.Common.CurrentVersion.targets (541,5)
       C:\Program Files\dotnet\sdk\9.0.310\Microsoft.Common.CurrentVersion.targets(580,5): message : Reasignaci├│n de propiedad: $(DelaySign)="" (valor anterior: "false") en C:\Program Files\dotnet\sdk\9.0.310\Microsoft.Common.CurrentVersion.targets (580,5)
       C:\Program Files\dotnet\sdk\9.0.310\Microsoft.Common.CurrentVersion.targets(2619,5): message : Propiedad "LOCALAPPDATA" con el valor "C:\Users\ubf0238\AppData\Local" expandido desde el entorno.
       C:\Program Files\dotnet\sdk\9.0.310\Microsoft.Common.CurrentVersion.targets(3947,5): message : Reasignaci├│n de propiedad: $(_SGenGenerateSerializationAssembliesConfig)="Auto" (valor anterior: "") en C:\Program Files\dotnet\sdk\9.0.310\Microsoft.Common.CurrentVersion.targets (3947,5)
       C:\Program Files\dotnet\sdk\9.0.310\Microsoft.Common.CurrentVersion.targets(3948,5): message : Reasignaci├│n de propiedad: $(_SGenGenerateSerializationAssembliesConfig)="Off" (valor anterior: "Auto") en C:\Program Files\dotnet\sdk\9.0.310\Microsoft.Common.CurrentVersion.targets (3948,5)
       C:\Program Files\dotnet\sdk\9.0.310\Microsoft.Common.CurrentVersion.targets(5159,5): message : Reasignaci├│n de propiedad: $(_TargetsThatPrepareProjectReferences)="
       C:\Program Files\dotnet\sdk\9.0.310\Microsoft.Common.CurrentVersion.targets(5159,5): message :       AssignProjectConfiguration;
       C:\Program Files\dotnet\sdk\9.0.310\Microsoft.Common.CurrentVersion.targets(5159,5): message :       _SplitProjectReferencesByFileExistence
       C:\Program Files\dotnet\sdk\9.0.310\Microsoft.Common.CurrentVersion.targets(5159,5): message :     " (valor anterior: "_SplitProjectReferencesByFileExistence") en C:\Program Files\dotnet\sdk\9.0.310\Microsoft.Common.CurrentVersion.targets (5159,5)
       C:\Program Files\dotnet\sdk\9.0.310\Microsoft.Common.CurrentVersion.targets(6954,5): message : Propiedad "MSBuildExtensionsPath32" con el valor "C:\Program Files\dotnet\sdk\9.0.310" expandido desde el entorno.
       C:\Program Files\dotnet\sdk\9.0.310\Sdks\Microsoft.NET.Sdk\targets\Microsoft.PackageDependencyResolution.targets(24,5): message : Reasignaci├│n de propiedad: $(ProjectAssetsFile)="C:\temp\MVP\documento-ia-clasificacion-mvp\src\backend\DocumentIA.Tests.Unit\obj\project.assets.json" (valor anterior: "C:\temp\MVP\documento-ia-clasificacion-mvp\src\backend\DocumentIA.Tests.Unit\obj\/project.assets.json") en C:\Program Files\dotnet\sdk\9.0.310\Sdks\Microsoft.NET.Sdk\targets\Microsoft.PackageDependencyResolution.targets (24,5)
       C:\Program Files\dotnet\sdk\9.0.310\Sdks\Microsoft.NET.Sdk\targets\Microsoft.PackageDependencyResolution.targets(29,5): message : Reasignaci├│n de propiedad: $(ProjectAssetsCacheFile)="C:\temp\MVP\documento-ia-clasificacion-mvp\src\backend\DocumentIA.Tests.Unit\obj\Debug\net9.0\DocumentIA.Tests.Unit.assets.cache" (valor anterior: "obj\Debug\net9.0\DocumentIA.Tests.Unit.assets.cache") en C:\Program Files\dotnet\sdk\9.0.310\Sdks\Microsoft.NET.Sdk\targets\Microsoft.PackageDependencyResolution.targets (29,5)
       C:\Program Files\dotnet\sdk\9.0.310\Sdks\Microsoft.NET.Sdk\targets\Microsoft.PackageDependencyResolution.targets(80,5): message : Reasignaci├│n de propiedad: $(ResolveAssemblyReferencesDependsOn)="
       C:\Program Files\dotnet\sdk\9.0.310\Sdks\Microsoft.NET.Sdk\targets\Microsoft.PackageDependencyResolution.targets(80,5): message :       
       C:\Program Files\dotnet\sdk\9.0.310\Sdks\Microsoft.NET.Sdk\targets\Microsoft.PackageDependencyResolution.targets(80,5): message :       ResolveProjectReferences;
       C:\Program Files\dotnet\sdk\9.0.310\Sdks\Microsoft.NET.Sdk\targets\Microsoft.PackageDependencyResolution.targets(80,5): message :       FindInvalidProjectReferences;
       C:\Program Files\dotnet\sdk\9.0.310\Sdks\Microsoft.NET.Sdk\targets\Microsoft.PackageDependencyResolution.targets(80,5): message :       GetFrameworkPaths;
       C:\Program Files\dotnet\sdk\9.0.310\Sdks\Microsoft.NET.Sdk\targets\Microsoft.PackageDependencyResolution.targets(80,5): message :       GetReferenceAssemblyPaths;
       C:\Program Files\dotnet\sdk\9.0.310\Sdks\Microsoft.NET.Sdk\targets\Microsoft.PackageDependencyResolution.targets(80,5): message :       PrepareForBuild;
       C:\Program Files\dotnet\sdk\9.0.310\Sdks\Microsoft.NET.Sdk\targets\Microsoft.PackageDependencyResolution.targets(80,5): message :       ResolveSDKReferences;
       C:\Program Files\dotnet\sdk\9.0.310\Sdks\Microsoft.NET.Sdk\targets\Microsoft.PackageDependencyResolution.targets(80,5): message :       ExpandSDKReferences;
       C:\Program Files\dotnet\sdk\9.0.310\Sdks\Microsoft.NET.Sdk\targets\Microsoft.PackageDependencyResolution.targets(80,5): message :     ;
       C:\Program Files\dotnet\sdk\9.0.310\Sdks\Microsoft.NET.Sdk\targets\Microsoft.PackageDependencyResolution.targets(80,5): message :       ResolvePackageDependenciesForBuild;
       C:\Program Files\dotnet\sdk\9.0.310\Sdks\Microsoft.NET.Sdk\targets\Microsoft.PackageDependencyResolution.targets(80,5): message :       _HandlePackageFileConflicts;
       C:\Program Files\dotnet\sdk\9.0.310\Sdks\Microsoft.NET.Sdk\targets\Microsoft.PackageDependencyResolution.targets(80,5): message :     " (valor anterior: "
       C:\Program Files\dotnet\sdk\9.0.310\Sdks\Microsoft.NET.Sdk\targets\Microsoft.PackageDependencyResolution.targets(80,5): message :       ResolveProjectReferences;
       C:\Program Files\dotnet\sdk\9.0.310\Sdks\Microsoft.NET.Sdk\targets\Microsoft.PackageDependencyResolution.targets(80,5): message :       FindInvalidProjectReferences;
       C:\Program Files\dotnet\sdk\9.0.310\Sdks\Microsoft.NET.Sdk\targets\Microsoft.PackageDependencyResolution.targets(80,5): message :       GetFrameworkPaths;
       C:\Program Files\dotnet\sdk\9.0.310\Sdks\Microsoft.NET.Sdk\targets\Microsoft.PackageDependencyResolution.targets(80,5): message :       GetReferenceAssemblyPaths;
       C:\Program Files\dotnet\sdk\9.0.310\Sdks\Microsoft.NET.Sdk\targets\Microsoft.PackageDependencyResolution.targets(80,5): message :       PrepareForBuild;
       C:\Program Files\dotnet\sdk\9.0.310\Sdks\Microsoft.NET.Sdk\targets\Microsoft.PackageDependencyResolution.targets(80,5): message :       ResolveSDKReferences;
       C:\Program Files\dotnet\sdk\9.0.310\Sdks\Microsoft.NET.Sdk\targets\Microsoft.PackageDependencyResolution.targets(80,5): message :       ExpandSDKReferences;
       C:\Program Files\dotnet\sdk\9.0.310\Sdks\Microsoft.NET.Sdk\targets\Microsoft.PackageDependencyResolution.targets(80,5): message :     ") en C:\Program Files\dotnet\sdk\9.0.310\Sdks\Microsoft.NET.Sdk\targets\Microsoft.PackageDependencyResolution.targets (80,5)
       C:\Program Files\dotnet\sdk\9.0.310\Sdks\Microsoft.NET.Sdk\targets\Microsoft.PackageDependencyResolution.targets(86,5): message : Reasignaci├│n de propiedad: $(PrepareResourcesDependsOn)="
       C:\Program Files\dotnet\sdk\9.0.310\Sdks\Microsoft.NET.Sdk\targets\Microsoft.PackageDependencyResolution.targets(86,5): message :       ResolvePackageDependenciesForBuild;
       C:\Program Files\dotnet\sdk\9.0.310\Sdks\Microsoft.NET.Sdk\targets\Microsoft.PackageDependencyResolution.targets(86,5): message :       _HandlePackageFileConflicts;
       C:\Program Files\dotnet\sdk\9.0.310\Sdks\Microsoft.NET.Sdk\targets\Microsoft.PackageDependencyResolution.targets(86,5): message :       
       C:\Program Files\dotnet\sdk\9.0.310\Sdks\Microsoft.NET.Sdk\targets\Microsoft.PackageDependencyResolution.targets(86,5): message :       ;
       C:\Program Files\dotnet\sdk\9.0.310\Sdks\Microsoft.NET.Sdk\targets\Microsoft.PackageDependencyResolution.targets(86,5): message :       PrepareResourceNames;
       C:\Program Files\dotnet\sdk\9.0.310\Sdks\Microsoft.NET.Sdk\targets\Microsoft.PackageDependencyResolution.targets(86,5): message :       ResGen;
       C:\Program Files\dotnet\sdk\9.0.310\Sdks\Microsoft.NET.Sdk\targets\Microsoft.PackageDependencyResolution.targets(86,5): message :       CompileLicxFiles
       C:\Program Files\dotnet\sdk\9.0.310\Sdks\Microsoft.NET.Sdk\targets\Microsoft.PackageDependencyResolution.targets(86,5): message :     
       C:\Program Files\dotnet\sdk\9.0.310\Sdks\Microsoft.NET.Sdk\targets\Microsoft.PackageDependencyResolution.targets(86,5): message :     " (valor anterior: "
       C:\Program Files\dotnet\sdk\9.0.310\Sdks\Microsoft.NET.Sdk\targets\Microsoft.PackageDependencyResolution.targets(86,5): message :       ;
       C:\Program Files\dotnet\sdk\9.0.310\Sdks\Microsoft.NET.Sdk\targets\Microsoft.PackageDependencyResolution.targets(86,5): message :       PrepareResourceNames;
       C:\Program Files\dotnet\sdk\9.0.310\Sdks\Microsoft.NET.Sdk\targets\Microsoft.PackageDependencyResolution.targets(86,5): message :       ResGen;
       C:\Program Files\dotnet\sdk\9.0.310\Sdks\Microsoft.NET.Sdk\targets\Microsoft.PackageDependencyResolution.targets(86,5): message :       CompileLicxFiles
       C:\Program Files\dotnet\sdk\9.0.310\Sdks\Microsoft.NET.Sdk\targets\Microsoft.PackageDependencyResolution.targets(86,5): message :     ") en C:\Program Files\dotnet\sdk\9.0.310\Sdks\Microsoft.NET.Sdk\targets\Microsoft.PackageDependencyResolution.targets (86,5)
       C:\Program Files\dotnet\sdk\9.0.310\Sdks\Microsoft.NET.Sdk\targets\Microsoft.NET.Sdk.DefaultItems.targets(27,5): message : Reasignaci├│n de propiedad: $(DefaultItemExcludes)=";bin\Debug\/**;obj\Debug\/**;bin\/**" (valor anterior: ";bin\Debug\/**;obj\Debug\/**") en C:\Program Files\dotnet\sdk\9.0.310\Sdks\Microsoft.NET.Sdk\targets\Microsoft.NET.Sdk.DefaultItems.targets (27,5)
       C:\Program Files\dotnet\sdk\9.0.310\Sdks\Microsoft.NET.Sdk\targets\Microsoft.NET.Sdk.DefaultItems.targets(29,5): message : Reasignaci├│n de propiedad: $(DefaultItemExcludes)=";bin\Debug\/**;obj\Debug\/**;bin\/**;obj\/**" (valor anterior: ";bin\Debug\/**;obj\Debug\/**;bin\/**") en C:\Program Files\dotnet\sdk\9.0.310\Sdks\Microsoft.NET.Sdk\targets\Microsoft.NET.Sdk.DefaultItems.targets (29,5)
       C:\Program Files\dotnet\sdk\9.0.310\Sdks\Microsoft.NET.Sdk\targets\Microsoft.NET.Sdk.DefaultItems.targets(32,5): message : Reasignaci├│n de propiedad: $(DefaultItemExcludes)=";bin\Debug\/**;obj\Debug\/**;bin\/**;obj\/**;**/*.user" (valor anterior: ";bin\Debug\/**;obj\Debug\/**;bin\/**;obj\/**") en C:\Program Files\dotnet\sdk\9.0.310\Sdks\Microsoft.NET.Sdk\targets\Microsoft.NET.Sdk.DefaultItems.targets (32,5)
       C:\Program Files\dotnet\sdk\9.0.310\Sdks\Microsoft.NET.Sdk\targets\Microsoft.NET.Sdk.DefaultItems.targets(33,5): message : Reasignaci├│n de propiedad: $(DefaultItemExcludes)=";bin\Debug\/**;obj\Debug\/**;bin\/**;obj\/**;**/*.user;**/*.*proj" (valor anterior: ";bin\Debug\/**;obj\Debug\/**;bin\/**;obj\/**;**/*.user") en C:\Program Files\dotnet\sdk\9.0.310\Sdks\Microsoft.NET.Sdk\targets\Microsoft.NET.Sdk.DefaultItems.targets (33,5)
       C:\Program Files\dotnet\sdk\9.0.310\Sdks\Microsoft.NET.Sdk\targets\Microsoft.NET.Sdk.DefaultItems.targets(34,5): message : Reasignaci├│n de propiedad: $(DefaultItemExcludes)=";bin\Debug\/**;obj\Debug\/**;bin\/**;obj\/**;**/*.user;**/*.*proj;**/*.sln" (valor anterior: ";bin\Debug\/**;obj\Debug\/**;bin\/**;obj\/**;**/*.user;**/*.*proj") en C:\Program Files\dotnet\sdk\9.0.310\Sdks\Microsoft.NET.Sdk\targets\Microsoft.NET.Sdk.DefaultItems.targets (34,5)
       C:\Program Files\dotnet\sdk\9.0.310\Sdks\Microsoft.NET.Sdk\targets\Microsoft.NET.Sdk.DefaultItems.targets(35,5): message : Reasignaci├│n de propiedad: $(DefaultItemExcludes)=";bin\Debug\/**;obj\Debug\/**;bin\/**;obj\/**;**/*.user;**/*.*proj;**/*.sln;**/*.slnx" (valor anterior: ";bin\Debug\/**;obj\Debug\/**;bin\/**;obj\/**;**/*.user;**/*.*proj;**/*.sln") en C:\Program Files\dotnet\sdk\9.0.310\Sdks\Microsoft.NET.Sdk\targets\Microsoft.NET.Sdk.DefaultItems.targets (35,5)
       C:\Program Files\dotnet\sdk\9.0.310\Sdks\Microsoft.NET.Sdk\targets\Microsoft.NET.Sdk.DefaultItems.targets(36,5): message : Reasignaci├│n de propiedad: $(DefaultItemExcludes)=";bin\Debug\/**;obj\Debug\/**;bin\/**;obj\/**;**/*.user;**/*.*proj;**/*.sln;**/*.slnx;**/*.vssscc" (valor anterior: ";bin\Debug\/**;obj\Debug\/**;bin\/**;obj\/**;**/*.user;**/*.*proj;**/*.sln;**/*.slnx") en C:\Program Files\dotnet\sdk\9.0.310\Sdks\Microsoft.NET.Sdk\targets\Microsoft.NET.Sdk.DefaultItems.targets (36,5)
       C:\Program Files\dotnet\sdk\9.0.310\Sdks\Microsoft.NET.Sdk\targets\Microsoft.NET.Sdk.DefaultItems.targets(37,5): message : Reasignaci├│n de propiedad: $(DefaultItemExcludes)=";bin\Debug\/**;obj\Debug\/**;bin\/**;obj\/**;**/*.user;**/*.*proj;**/*.sln;**/*.slnx;**/*.vssscc;**/.DS_Store" (valor anterior: ";bin\Debug\/**;obj\Debug\/**;bin\/**;obj\/**;**/*.user;**/*.*proj;**/*.sln;**/*.slnx;**/*.vssscc") en C:\Program Files\dotnet\sdk\9.0.310\Sdks\Microsoft.NET.Sdk\targets\Microsoft.NET.Sdk.DefaultItems.targets (37,5)
       C:\Program Files\dotnet\sdk\9.0.310\Sdks\Microsoft.NET.Sdk\targets\Microsoft.NET.Sdk.FrameworkReferenceResolution.targets(14,5): message : Reasignaci├│n de propiedad: $(ResolveAssemblyReferencesDependsOn)="
       C:\Program Files\dotnet\sdk\9.0.310\Sdks\Microsoft.NET.Sdk\targets\Microsoft.NET.Sdk.FrameworkReferenceResolution.targets(14,5): message :       
       C:\Program Files\dotnet\sdk\9.0.310\Sdks\Microsoft.NET.Sdk\targets\Microsoft.NET.Sdk.FrameworkReferenceResolution.targets(14,5): message :       
       C:\Program Files\dotnet\sdk\9.0.310\Sdks\Microsoft.NET.Sdk\targets\Microsoft.NET.Sdk.FrameworkReferenceResolution.targets(14,5): message :       ResolveProjectReferences;
       C:\Program Files\dotnet\sdk\9.0.310\Sdks\Microsoft.NET.Sdk\targets\Microsoft.NET.Sdk.FrameworkReferenceResolution.targets(14,5): message :       FindInvalidProjectReferences;
       C:\Program Files\dotnet\sdk\9.0.310\Sdks\Microsoft.NET.Sdk\targets\Microsoft.NET.Sdk.FrameworkReferenceResolution.targets(14,5): message :       GetFrameworkPaths;
       C:\Program Files\dotnet\sdk\9.0.310\Sdks\Microsoft.NET.Sdk\targets\Microsoft.NET.Sdk.FrameworkReferenceResolution.targets(14,5): message :       GetReferenceAssemblyPaths;
       C:\Program Files\dotnet\sdk\9.0.310\Sdks\Microsoft.NET.Sdk\targets\Microsoft.NET.Sdk.FrameworkReferenceResolution.targets(14,5): message :       PrepareForBuild;
       C:\Program Files\dotnet\sdk\9.0.310\Sdks\Microsoft.NET.Sdk\targets\Microsoft.NET.Sdk.FrameworkReferenceResolution.targets(14,5): message :       ResolveSDKReferences;
       C:\Program Files\dotnet\sdk\9.0.310\Sdks\Microsoft.NET.Sdk\targets\Microsoft.NET.Sdk.FrameworkReferenceResolution.targets(14,5): message :       ExpandSDKReferences;
       C:\Program Files\dotnet\sdk\9.0.310\Sdks\Microsoft.NET.Sdk\targets\Microsoft.NET.Sdk.FrameworkReferenceResolution.targets(14,5): message :     ;
       C:\Program Files\dotnet\sdk\9.0.310\Sdks\Microsoft.NET.Sdk\targets\Microsoft.NET.Sdk.FrameworkReferenceResolution.targets(14,5): message :       ResolvePackageDependenciesForBuild;
       C:\Program Files\dotnet\sdk\9.0.310\Sdks\Microsoft.NET.Sdk\targets\Microsoft.NET.Sdk.FrameworkReferenceResolution.targets(14,5): message :       _HandlePackageFileConflicts;
       C:\Program Files\dotnet\sdk\9.0.310\Sdks\Microsoft.NET.Sdk\targets\Microsoft.NET.Sdk.FrameworkReferenceResolution.targets(14,5): message :     ;
       C:\Program Files\dotnet\sdk\9.0.310\Sdks\Microsoft.NET.Sdk\targets\Microsoft.NET.Sdk.FrameworkReferenceResolution.targets(14,5): message :       ResolveTargetingPackAssets;
       C:\Program Files\dotnet\sdk\9.0.310\Sdks\Microsoft.NET.Sdk\targets\Microsoft.NET.Sdk.FrameworkReferenceResolution.targets(14,5): message :     " (valor anterior: "
       C:\Program Files\dotnet\sdk\9.0.310\Sdks\Microsoft.NET.Sdk\targets\Microsoft.NET.Sdk.FrameworkReferenceResolution.targets(14,5): message :       
       C:\Program Files\dotnet\sdk\9.0.310\Sdks\Microsoft.NET.Sdk\targets\Microsoft.NET.Sdk.FrameworkReferenceResolution.targets(14,5): message :       ResolveProjectReferences;
       C:\Program Files\dotnet\sdk\9.0.310\Sdks\Microsoft.NET.Sdk\targets\Microsoft.NET.Sdk.FrameworkReferenceResolution.targets(14,5): message :       FindInvalidProjectReferences;
       C:\Program Files\dotnet\sdk\9.0.310\Sdks\Microsoft.NET.Sdk\targets\Microsoft.NET.Sdk.FrameworkReferenceResolution.targets(14,5): message :       GetFrameworkPaths;
       C:\Program Files\dotnet\sdk\9.0.310\Sdks\Microsoft.NET.Sdk\targets\Microsoft.NET.Sdk.FrameworkReferenceResolution.targets(14,5): message :       GetReferenceAssemblyPaths;
       C:\Program Files\dotnet\sdk\9.0.310\Sdks\Microsoft.NET.Sdk\targets\Microsoft.NET.Sdk.FrameworkReferenceResolution.targets(14,5): message :       PrepareForBuild;
       C:\Program Files\dotnet\sdk\9.0.310\Sdks\Microsoft.NET.Sdk\targets\Microsoft.NET.Sdk.FrameworkReferenceResolution.targets(14,5): message :       ResolveSDKReferences;
       C:\Program Files\dotnet\sdk\9.0.310\Sdks\Microsoft.NET.Sdk\targets\Microsoft.NET.Sdk.FrameworkReferenceResolution.targets(14,5): message :       ExpandSDKReferences;
       C:\Program Files\dotnet\sdk\9.0.310\Sdks\Microsoft.NET.Sdk\targets\Microsoft.NET.Sdk.FrameworkReferenceResolution.targets(14,5): message :     ;
       C:\Program Files\dotnet\sdk\9.0.310\Sdks\Microsoft.NET.Sdk\targets\Microsoft.NET.Sdk.FrameworkReferenceResolution.targets(14,5): message :       ResolvePackageDependenciesForBuild;
       C:\Program Files\dotnet\sdk\9.0.310\Sdks\Microsoft.NET.Sdk\targets\Microsoft.NET.Sdk.FrameworkReferenceResolution.targets(14,5): message :       _HandlePackageFileConflicts;
       C:\Program Files\dotnet\sdk\9.0.310\Sdks\Microsoft.NET.Sdk\targets\Microsoft.NET.Sdk.FrameworkReferenceResolution.targets(14,5): message :     ") en C:\Program Files\dotnet\sdk\9.0.310\Sdks\Microsoft.NET.Sdk\targets\Microsoft.NET.Sdk.FrameworkReferenceResolution.targets (14,5)
       C:\Program Files\dotnet\sdk\9.0.310\Sdks\Microsoft.NET.Sdk\targets\Microsoft.NET.Sdk.targets(44,5): message : Reasignaci├│n de propiedad: $(_GenerateRuntimeConfigurationPropertyInputsCache)="C:\temp\MVP\documento-ia-clasificacion-mvp\src\backend\DocumentIA.Tests.Unit\obj\Debug\net9.0\DocumentIA.Tests.Unit.genruntimeconfig.cache" (valor anterior: "obj\Debug\net9.0\DocumentIA.Tests.Unit.genruntimeconfig.cache") en C:\Program Files\dotnet\sdk\9.0.310\Sdks\Microsoft.NET.Sdk\targets\Microsoft.NET.Sdk.targets (44,5)
       C:\Program Files\dotnet\sdk\9.0.310\Sdks\Microsoft.NET.Sdk\targets\Microsoft.NET.Sdk.targets(46,5): message : Reasignaci├│n de propiedad: $(_GeneratePublishDependencyFilePropertyInputsCache)="C:\temp\MVP\documento-ia-clasificacion-mvp\src\backend\DocumentIA.Tests.Unit\obj\Debug\net9.0\DocumentIA.Tests.Unit.genpublishdeps.cache" (valor anterior: "obj\Debug\net9.0\DocumentIA.Tests.Unit.genpublishdeps.cache") en C:\Program Files\dotnet\sdk\9.0.310\Sdks\Microsoft.NET.Sdk\targets\Microsoft.NET.Sdk.targets (46,5)
       C:\Program Files\dotnet\sdk\9.0.310\Sdks\Microsoft.NET.Sdk\targets\Microsoft.NET.Sdk.targets(48,5): message : Reasignaci├│n de propiedad: $(_GenerateSingleFileBundlePropertyInputsCache)="C:\temp\MVP\documento-ia-clasificacion-mvp\src\backend\DocumentIA.Tests.Unit\obj\Debug\net9.0\DocumentIA.Tests.Unit.genbundle.cache" (valor anterior: "obj\Debug\net9.0\DocumentIA.Tests.Unit.genbundle.cache") en C:\Program Files\dotnet\sdk\9.0.310\Sdks\Microsoft.NET.Sdk\targets\Microsoft.NET.Sdk.targets (48,5)
       C:\Program Files\dotnet\sdk\9.0.310\Sdks\Microsoft.NET.Sdk\targets\Microsoft.NET.Sdk.targets(81,5): message : Reasignaci├│n de propiedad: $(GenerateRuntimeConfigDevFile)="false" (valor anterior: "true") en C:\Program Files\dotnet\sdk\9.0.310\Sdks\Microsoft.NET.Sdk\targets\Microsoft.NET.Sdk.targets (81,5)
       C:\Program Files\dotnet\sdk\9.0.310\Sdks\Microsoft.NET.Sdk\targets\Microsoft.NET.Sdk.targets(97,5): message : Propiedad "USERPROFILE" con el valor "C:\Users\ubf0238" expandido desde el entorno.
       C:\Program Files\dotnet\sdk\9.0.310\Sdks\Microsoft.NET.Sdk\targets\Microsoft.NET.Sdk.targets(97,5): message : Reasignaci├│n de propiedad: $(_DefaultUserProfileRuntimeStorePath)="C:\Users\ubf0238" (valor anterior: "") en C:\Program Files\dotnet\sdk\9.0.310\Sdks\Microsoft.NET.Sdk\targets\Microsoft.NET.Sdk.targets (97,5)
       C:\Program Files\dotnet\sdk\9.0.310\Sdks\Microsoft.NET.Sdk\targets\Microsoft.NET.Sdk.targets(98,5): message : Reasignaci├│n de propiedad: $(_DefaultUserProfileRuntimeStorePath)="C:\Users\ubf0238\.dotnet\store" (valor anterior: "C:\Users\ubf0238") en C:\Program Files\dotnet\sdk\9.0.310\Sdks\Microsoft.NET.Sdk\targets\Microsoft.NET.Sdk.targets (98,5)
       C:\Program Files\dotnet\sdk\9.0.310\Sdks\Microsoft.NET.Sdk\targets\Microsoft.NET.Sdk.targets(140,5): message : Reasignaci├│n de propiedad: $(AvailablePlatforms)="Any CPU,x86,x64,ARM32" (valor anterior: "Any CPU,x86,x64") en C:\Program Files\dotnet\sdk\9.0.310\Sdks\Microsoft.NET.Sdk\targets\Microsoft.NET.Sdk.targets (140,5)
       C:\Program Files\dotnet\sdk\9.0.310\Sdks\Microsoft.NET.Sdk\targets\Microsoft.NET.Sdk.targets(144,5): message : Reasignaci├│n de propiedad: $(AvailablePlatforms)="Any CPU,x86,x64,ARM32,ARM64" (valor anterior: "Any CPU,x86,x64,ARM32") en C:\Program Files\dotnet\sdk\9.0.310\Sdks\Microsoft.NET.Sdk\targets\Microsoft.NET.Sdk.targets (144,5)
       C:\Program Files\dotnet\sdk\9.0.310\Sdks\Microsoft.NET.Sdk\targets\Microsoft.NET.Sdk.targets(201,5): message : Reasignaci├│n de propiedad: $(CoreBuildDependsOn)="
       C:\Program Files\dotnet\sdk\9.0.310\Sdks\Microsoft.NET.Sdk\targets\Microsoft.NET.Sdk.targets(201,5): message :       _CheckForBuildWithNoBuild;
       C:\Program Files\dotnet\sdk\9.0.310\Sdks\Microsoft.NET.Sdk\targets\Microsoft.NET.Sdk.targets(201,5): message :       
       C:\Program Files\dotnet\sdk\9.0.310\Sdks\Microsoft.NET.Sdk\targets\Microsoft.NET.Sdk.targets(201,5): message :       BuildOnlySettings;
       C:\Program Files\dotnet\sdk\9.0.310\Sdks\Microsoft.NET.Sdk\targets\Microsoft.NET.Sdk.targets(201,5): message :       PrepareForBuild;
       C:\Program Files\dotnet\sdk\9.0.310\Sdks\Microsoft.NET.Sdk\targets\Microsoft.NET.Sdk.targets(201,5): message :       PreBuildEvent;
       C:\Program Files\dotnet\sdk\9.0.310\Sdks\Microsoft.NET.Sdk\targets\Microsoft.NET.Sdk.targets(201,5): message :       ResolveReferences;
       C:\Program Files\dotnet\sdk\9.0.310\Sdks\Microsoft.NET.Sdk\targets\Microsoft.NET.Sdk.targets(201,5): message :       PrepareResources;
       C:\Program Files\dotnet\sdk\9.0.310\Sdks\Microsoft.NET.Sdk\targets\Microsoft.NET.Sdk.targets(201,5): message :       ResolveKeySource;
       C:\Program Files\dotnet\sdk\9.0.310\Sdks\Microsoft.NET.Sdk\targets\Microsoft.NET.Sdk.targets(201,5): message :       Compile;
       C:\Program Files\dotnet\sdk\9.0.310\Sdks\Microsoft.NET.Sdk\targets\Microsoft.NET.Sdk.targets(201,5): message :       ExportWindowsMDFile;
       C:\Program Files\dotnet\sdk\9.0.310\Sdks\Microsoft.NET.Sdk\targets\Microsoft.NET.Sdk.targets(201,5): message :       UnmanagedUnregistration;
       C:\Program Files\dotnet\sdk\9.0.310\Sdks\Microsoft.NET.Sdk\targets\Microsoft.NET.Sdk.targets(201,5): message :       GenerateSerializationAssemblies;
       C:\Program Files\dotnet\sdk\9.0.310\Sdks\Microsoft.NET.Sdk\targets\Microsoft.NET.Sdk.targets(201,5): message :       CreateSatelliteAssemblies;
       C:\Program Files\dotnet\sdk\9.0.310\Sdks\Microsoft.NET.Sdk\targets\Microsoft.NET.Sdk.targets(201,5): message :       GenerateManifests;
       C:\Program Files\dotnet\sdk\9.0.310\Sdks\Microsoft.NET.Sdk\targets\Microsoft.NET.Sdk.targets(201,5): message :       GetTargetPath;
       C:\Program Files\dotnet\sdk\9.0.310\Sdks\Microsoft.NET.Sdk\targets\Microsoft.NET.Sdk.targets(201,5): message :       PrepareForRun;
       C:\Program Files\dotnet\sdk\9.0.310\Sdks\Microsoft.NET.Sdk\targets\Microsoft.NET.Sdk.targets(201,5): message :       UnmanagedRegistration;
       C:\Program Files\dotnet\sdk\9.0.310\Sdks\Microsoft.NET.Sdk\targets\Microsoft.NET.Sdk.targets(201,5): message :       IncrementalClean;
       C:\Program Files\dotnet\sdk\9.0.310\Sdks\Microsoft.NET.Sdk\targets\Microsoft.NET.Sdk.targets(201,5): message :       PostBuildEvent
       C:\Program Files\dotnet\sdk\9.0.310\Sdks\Microsoft.NET.Sdk\targets\Microsoft.NET.Sdk.targets(201,5): message :     ;
       C:\Program Files\dotnet\sdk\9.0.310\Sdks\Microsoft.NET.Sdk\targets\Microsoft.NET.Sdk.targets(201,5): message :       GenerateBuildDependencyFile;
       C:\Program Files\dotnet\sdk\9.0.310\Sdks\Microsoft.NET.Sdk\targets\Microsoft.NET.Sdk.targets(201,5): message :       GenerateBuildRuntimeConfigurationFiles
       C:\Program Files\dotnet\sdk\9.0.310\Sdks\Microsoft.NET.Sdk\targets\Microsoft.NET.Sdk.targets(201,5): message :     " (valor anterior: "
       C:\Program Files\dotnet\sdk\9.0.310\Sdks\Microsoft.NET.Sdk\targets\Microsoft.NET.Sdk.targets(201,5): message :       BuildOnlySettings;
       C:\Program Files\dotnet\sdk\9.0.310\Sdks\Microsoft.NET.Sdk\targets\Microsoft.NET.Sdk.targets(201,5): message :       PrepareForBuild;
       C:\Program Files\dotnet\sdk\9.0.310\Sdks\Microsoft.NET.Sdk\targets\Microsoft.NET.Sdk.targets(201,5): message :       PreBuildEvent;
       C:\Program Files\dotnet\sdk\9.0.310\Sdks\Microsoft.NET.Sdk\targets\Microsoft.NET.Sdk.targets(201,5): message :       ResolveReferences;
       C:\Program Files\dotnet\sdk\9.0.310\Sdks\Microsoft.NET.Sdk\targets\Microsoft.NET.Sdk.targets(201,5): message :       PrepareResources;
       C:\Program Files\dotnet\sdk\9.0.310\Sdks\Microsoft.NET.Sdk\targets\Microsoft.NET.Sdk.targets(201,5): message :       ResolveKeySource;
       C:\Program Files\dotnet\sdk\9.0.310\Sdks\Microsoft.NET.Sdk\targets\Microsoft.NET.Sdk.targets(201,5): message :       Compile;
       C:\Program Files\dotnet\sdk\9.0.310\Sdks\Microsoft.NET.Sdk\targets\Microsoft.NET.Sdk.targets(201,5): message :       ExportWindowsMDFile;
       C:\Program Files\dotnet\sdk\9.0.310\Sdks\Microsoft.NET.Sdk\targets\Microsoft.NET.Sdk.targets(201,5): message :       UnmanagedUnregistration;
       C:\Program Files\dotnet\sdk\9.0.310\Sdks\Microsoft.NET.Sdk\targets\Microsoft.NET.Sdk.targets(201,5): message :       GenerateSerializationAssemblies;
       C:\Program Files\dotnet\sdk\9.0.310\Sdks\Microsoft.NET.Sdk\targets\Microsoft.NET.Sdk.targets(201,5): message :       CreateSatelliteAssemblies;
       C:\Program Files\dotnet\sdk\9.0.310\Sdks\Microsoft.NET.Sdk\targets\Microsoft.NET.Sdk.targets(201,5): message :       GenerateManifests;
       C:\Program Files\dotnet\sdk\9.0.310\Sdks\Microsoft.NET.Sdk\targets\Microsoft.NET.Sdk.targets(201,5): message :       GetTargetPath;
       C:\Program Files\dotnet\sdk\9.0.310\Sdks\Microsoft.NET.Sdk\targets\Microsoft.NET.Sdk.targets(201,5): message :       PrepareForRun;
       C:\Program Files\dotnet\sdk\9.0.310\Sdks\Microsoft.NET.Sdk\targets\Microsoft.NET.Sdk.targets(201,5): message :       UnmanagedRegistration;
       C:\Program Files\dotnet\sdk\9.0.310\Sdks\Microsoft.NET.Sdk\targets\Microsoft.NET.Sdk.targets(201,5): message :       IncrementalClean;
       C:\Program Files\dotnet\sdk\9.0.310\Sdks\Microsoft.NET.Sdk\targets\Microsoft.NET.Sdk.targets(201,5): message :       PostBuildEvent
       C:\Program Files\dotnet\sdk\9.0.310\Sdks\Microsoft.NET.Sdk\targets\Microsoft.NET.Sdk.targets(201,5): message :     ") en C:\Program Files\dotnet\sdk\9.0.310\Sdks\Microsoft.NET.Sdk\targets\Microsoft.NET.Sdk.targets (201,5)
       C:\Program Files\dotnet\sdk\9.0.310\Sdks\Microsoft.NET.Sdk\targets\Microsoft.NET.Sdk.targets(210,5): message : Reasignaci├│n de propiedad: $(CoreCleanDependsOn)="
       C:\Program Files\dotnet\sdk\9.0.310\Sdks\Microsoft.NET.Sdk\targets\Microsoft.NET.Sdk.targets(210,5): message :       _SdkBeforeClean;
       C:\Program Files\dotnet\sdk\9.0.310\Sdks\Microsoft.NET.Sdk\targets\Microsoft.NET.Sdk.targets(210,5): message :       
       C:\Program Files\dotnet\sdk\9.0.310\Sdks\Microsoft.NET.Sdk\targets\Microsoft.NET.Sdk.targets(210,5): message :     " (valor anterior: "") en C:\Program Files\dotnet\sdk\9.0.310\Sdks\Microsoft.NET.Sdk\targets\Microsoft.NET.Sdk.targets (210,5)
       C:\Program Files\dotnet\sdk\9.0.310\Sdks\Microsoft.NET.Sdk\targets\Microsoft.NET.Sdk.targets(217,5): message : Reasignaci├│n de propiedad: $(RebuildDependsOn)="
       C:\Program Files\dotnet\sdk\9.0.310\Sdks\Microsoft.NET.Sdk\targets\Microsoft.NET.Sdk.targets(217,5): message :       _SdkBeforeRebuild;
       C:\Program Files\dotnet\sdk\9.0.310\Sdks\Microsoft.NET.Sdk\targets\Microsoft.NET.Sdk.targets(217,5): message :       
       C:\Program Files\dotnet\sdk\9.0.310\Sdks\Microsoft.NET.Sdk\targets\Microsoft.NET.Sdk.targets(217,5): message :       BeforeRebuild;
       C:\Program Files\dotnet\sdk\9.0.310\Sdks\Microsoft.NET.Sdk\targets\Microsoft.NET.Sdk.targets(217,5): message :       Clean;
       C:\Program Files\dotnet\sdk\9.0.310\Sdks\Microsoft.NET.Sdk\targets\Microsoft.NET.Sdk.targets(217,5): message :       Build;
       C:\Program Files\dotnet\sdk\9.0.310\Sdks\Microsoft.NET.Sdk\targets\Microsoft.NET.Sdk.targets(217,5): message :       AfterRebuild;
       C:\Program Files\dotnet\sdk\9.0.310\Sdks\Microsoft.NET.Sdk\targets\Microsoft.NET.Sdk.targets(217,5): message :     
       C:\Program Files\dotnet\sdk\9.0.310\Sdks\Microsoft.NET.Sdk\targets\Microsoft.NET.Sdk.targets(217,5): message :     " (valor anterior: "
       C:\Program Files\dotnet\sdk\9.0.310\Sdks\Microsoft.NET.Sdk\targets\Microsoft.NET.Sdk.targets(217,5): message :       BeforeRebuild;
       C:\Program Files\dotnet\sdk\9.0.310\Sdks\Microsoft.NET.Sdk\targets\Microsoft.NET.Sdk.targets(217,5): message :       Clean;
       C:\Program Files\dotnet\sdk\9.0.310\Sdks\Microsoft.NET.Sdk\targets\Microsoft.NET.Sdk.targets(217,5): message :       Build;
       C:\Program Files\dotnet\sdk\9.0.310\Sdks\Microsoft.NET.Sdk\targets\Microsoft.NET.Sdk.targets(217,5): message :       AfterRebuild;
       C:\Program Files\dotnet\sdk\9.0.310\Sdks\Microsoft.NET.Sdk\targets\Microsoft.NET.Sdk.targets(217,5): message :     ") en C:\Program Files\dotnet\sdk\9.0.310\Sdks\Microsoft.NET.Sdk\targets\Microsoft.NET.Sdk.targets (217,5)
       C:\Program Files\dotnet\sdk\9.0.310\Sdks\Microsoft.NET.Sdk\targets\Microsoft.NET.Sdk.targets(784,5): message : Reasignaci├│n de propiedad: $(CompileDependsOn)="
       C:\Program Files\dotnet\sdk\9.0.310\Sdks\Microsoft.NET.Sdk\targets\Microsoft.NET.Sdk.targets(784,5): message :       
       C:\Program Files\dotnet\sdk\9.0.310\Sdks\Microsoft.NET.Sdk\targets\Microsoft.NET.Sdk.targets(784,5): message :       ResolveReferences;
       C:\Program Files\dotnet\sdk\9.0.310\Sdks\Microsoft.NET.Sdk\targets\Microsoft.NET.Sdk.targets(784,5): message :       ResolveKeySource;
       C:\Program Files\dotnet\sdk\9.0.310\Sdks\Microsoft.NET.Sdk\targets\Microsoft.NET.Sdk.targets(784,5): message :       SetWin32ManifestProperties;
       C:\Program Files\dotnet\sdk\9.0.310\Sdks\Microsoft.NET.Sdk\targets\Microsoft.NET.Sdk.targets(784,5): message :       _SetPreferNativeArm64Win32ManifestProperties;
       C:\Program Files\dotnet\sdk\9.0.310\Sdks\Microsoft.NET.Sdk\targets\Microsoft.NET.Sdk.targets(784,5): message :       FindReferenceAssembliesForReferences;
       C:\Program Files\dotnet\sdk\9.0.310\Sdks\Microsoft.NET.Sdk\targets\Microsoft.NET.Sdk.targets(784,5): message :       _GenerateCompileInputs;
       C:\Program Files\dotnet\sdk\9.0.310\Sdks\Microsoft.NET.Sdk\targets\Microsoft.NET.Sdk.targets(784,5): message :       BeforeCompile;
       C:\Program Files\dotnet\sdk\9.0.310\Sdks\Microsoft.NET.Sdk\targets\Microsoft.NET.Sdk.targets(784,5): message :       _TimeStampBeforeCompile;
       C:\Program Files\dotnet\sdk\9.0.310\Sdks\Microsoft.NET.Sdk\targets\Microsoft.NET.Sdk.targets(784,5): message :       _GenerateCompileDependencyCache;
       C:\Program Files\dotnet\sdk\9.0.310\Sdks\Microsoft.NET.Sdk\targets\Microsoft.NET.Sdk.targets(784,5): message :       CoreCompile;
       C:\Program Files\dotnet\sdk\9.0.310\Sdks\Microsoft.NET.Sdk\targets\Microsoft.NET.Sdk.targets(784,5): message :       _TimeStampAfterCompile;
       C:\Program Files\dotnet\sdk\9.0.310\Sdks\Microsoft.NET.Sdk\targets\Microsoft.NET.Sdk.targets(784,5): message :       AfterCompile;
       C:\Program Files\dotnet\sdk\9.0.310\Sdks\Microsoft.NET.Sdk\targets\Microsoft.NET.Sdk.targets(784,5): message :     ;
       C:\Program Files\dotnet\sdk\9.0.310\Sdks\Microsoft.NET.Sdk\targets\Microsoft.NET.Sdk.targets(784,5): message :       _CreateAppHost;
       C:\Program Files\dotnet\sdk\9.0.310\Sdks\Microsoft.NET.Sdk\targets\Microsoft.NET.Sdk.targets(784,5): message :       _CreateComHost;
       C:\Program Files\dotnet\sdk\9.0.310\Sdks\Microsoft.NET.Sdk\targets\Microsoft.NET.Sdk.targets(784,5): message :       _GetIjwHostPaths;
       C:\Program Files\dotnet\sdk\9.0.310\Sdks\Microsoft.NET.Sdk\targets\Microsoft.NET.Sdk.targets(784,5): message :     " (valor anterior: "
       C:\Program Files\dotnet\sdk\9.0.310\Sdks\Microsoft.NET.Sdk\targets\Microsoft.NET.Sdk.targets(784,5): message :       ResolveReferences;
       C:\Program Files\dotnet\sdk\9.0.310\Sdks\Microsoft.NET.Sdk\targets\Microsoft.NET.Sdk.targets(784,5): message :       ResolveKeySource;
       C:\Program Files\dotnet\sdk\9.0.310\Sdks\Microsoft.NET.Sdk\targets\Microsoft.NET.Sdk.targets(784,5): message :       SetWin32ManifestProperties;
       C:\Program Files\dotnet\sdk\9.0.310\Sdks\Microsoft.NET.Sdk\targets\Microsoft.NET.Sdk.targets(784,5): message :       _SetPreferNativeArm64Win32ManifestProperties;
       C:\Program Files\dotnet\sdk\9.0.310\Sdks\Microsoft.NET.Sdk\targets\Microsoft.NET.Sdk.targets(784,5): message :       FindReferenceAssembliesForReferences;
       C:\Program Files\dotnet\sdk\9.0.310\Sdks\Microsoft.NET.Sdk\targets\Microsoft.NET.Sdk.targets(784,5): message :       _GenerateCompileInputs;
       C:\Program Files\dotnet\sdk\9.0.310\Sdks\Microsoft.NET.Sdk\targets\Microsoft.NET.Sdk.targets(784,5): message :       BeforeCompile;
       C:\Program Files\dotnet\sdk\9.0.310\Sdks\Microsoft.NET.Sdk\targets\Microsoft.NET.Sdk.targets(784,5): message :       _TimeStampBeforeCompile;
       C:\Program Files\dotnet\sdk\9.0.310\Sdks\Microsoft.NET.Sdk\targets\Microsoft.NET.Sdk.targets(784,5): message :       _GenerateCompileDependencyCache;
       C:\Program Files\dotnet\sdk\9.0.310\Sdks\Microsoft.NET.Sdk\targets\Microsoft.NET.Sdk.targets(784,5): message :       CoreCompile;
       C:\Program Files\dotnet\sdk\9.0.310\Sdks\Microsoft.NET.Sdk\targets\Microsoft.NET.Sdk.targets(784,5): message :       _TimeStampAfterCompile;
       C:\Program Files\dotnet\sdk\9.0.310\Sdks\Microsoft.NET.Sdk\targets\Microsoft.NET.Sdk.targets(784,5): message :       AfterCompile;
       C:\Program Files\dotnet\sdk\9.0.310\Sdks\Microsoft.NET.Sdk\targets\Microsoft.NET.Sdk.targets(784,5): message :     ") en C:\Program Files\dotnet\sdk\9.0.310\Sdks\Microsoft.NET.Sdk\targets\Microsoft.NET.Sdk.targets (784,5)
       C:\Program Files\dotnet\sdk\9.0.310\Sdks\Microsoft.NET.Sdk\targets\Microsoft.NET.Sdk.targets(1184,5): message : Reasignaci├│n de propiedad: $(CreateSatelliteAssembliesDependsOn)="
       C:\Program Files\dotnet\sdk\9.0.310\Sdks\Microsoft.NET.Sdk\targets\Microsoft.NET.Sdk.targets(1184,5): message :       
       C:\Program Files\dotnet\sdk\9.0.310\Sdks\Microsoft.NET.Sdk\targets\Microsoft.NET.Sdk.targets(1184,5): message :       ;
       C:\Program Files\dotnet\sdk\9.0.310\Sdks\Microsoft.NET.Sdk\targets\Microsoft.NET.Sdk.targets(1184,5): message :       _GenerateSatelliteAssemblyInputs;
       C:\Program Files\dotnet\sdk\9.0.310\Sdks\Microsoft.NET.Sdk\targets\Microsoft.NET.Sdk.targets(1184,5): message :       ComputeIntermediateSatelliteAssemblies;
       C:\Program Files\dotnet\sdk\9.0.310\Sdks\Microsoft.NET.Sdk\targets\Microsoft.NET.Sdk.targets(1184,5): message :       GenerateSatelliteAssemblies
       C:\Program Files\dotnet\sdk\9.0.310\Sdks\Microsoft.NET.Sdk\targets\Microsoft.NET.Sdk.targets(1184,5): message :     ;
       C:\Program Files\dotnet\sdk\9.0.310\Sdks\Microsoft.NET.Sdk\targets\Microsoft.NET.Sdk.targets(1184,5): message :       CoreGenerateSatelliteAssemblies
       C:\Program Files\dotnet\sdk\9.0.310\Sdks\Microsoft.NET.Sdk\targets\Microsoft.NET.Sdk.targets(1184,5): message :     " (valor anterior: "
       C:\Program Files\dotnet\sdk\9.0.310\Sdks\Microsoft.NET.Sdk\targets\Microsoft.NET.Sdk.targets(1184,5): message :       ;
       C:\Program Files\dotnet\sdk\9.0.310\Sdks\Microsoft.NET.Sdk\targets\Microsoft.NET.Sdk.targets(1184,5): message :       _GenerateSatelliteAssemblyInputs;
       C:\Program Files\dotnet\sdk\9.0.310\Sdks\Microsoft.NET.Sdk\targets\Microsoft.NET.Sdk.targets(1184,5): message :       ComputeIntermediateSatelliteAssemblies;
       C:\Program Files\dotnet\sdk\9.0.310\Sdks\Microsoft.NET.Sdk\targets\Microsoft.NET.Sdk.targets(1184,5): message :       GenerateSatelliteAssemblies
       C:\Program Files\dotnet\sdk\9.0.310\Sdks\Microsoft.NET.Sdk\targets\Microsoft.NET.Sdk.targets(1184,5): message :     ") en C:\Program Files\dotnet\sdk\9.0.310\Sdks\Microsoft.NET.Sdk\targets\Microsoft.NET.Sdk.targets (1184,5)
       C:\Program Files\dotnet\sdk\9.0.310\Sdks\Microsoft.SourceLink.GitLab\build\Microsoft.SourceLink.GitLab.targets(12,5): message : Reasignaci├│n de propiedad: $(SourceLinkUrlInitializerTargets)=";_InitializeGitHubSourceLinkUrl;_InitializeGitLabSourceLinkUrl" (valor anterior: ";_InitializeGitHubSourceLinkUrl") en C:\Program Files\dotnet\sdk\9.0.310\Sdks\Microsoft.SourceLink.GitLab\build\Microsoft.SourceLink.GitLab.targets (12,5)
       C:\Program Files\dotnet\sdk\9.0.310\Sdks\Microsoft.SourceLink.GitLab\build\Microsoft.SourceLink.GitLab.targets(13,5): message : Reasignaci├│n de propiedad: $(SourceControlManagerUrlTranslationTargets)=";TranslateGitHubUrlsInSourceControlInformation;TranslateGitLabUrlsInSourceControlInformation" (valor anterior: ";TranslateGitHubUrlsInSourceControlInformation") en C:\Program Files\dotnet\sdk\9.0.310\Sdks\Microsoft.SourceLink.GitLab\build\Microsoft.SourceLink.GitLab.targets (13,5)
       C:\Program Files\dotnet\sdk\9.0.310\Sdks\Microsoft.SourceLink.AzureRepos.Git\build\Microsoft.SourceLink.AzureRepos.Git.targets(12,5): message : Reasignaci├│n de propiedad: $(SourceLinkUrlInitializerTargets)=";_InitializeGitHubSourceLinkUrl;_InitializeGitLabSourceLinkUrl;_InitializeAzureReposGitSourceLinkUrl" (valor anterior: ";_InitializeGitHubSourceLinkUrl;_InitializeGitLabSourceLinkUrl") en C:\Program Files\dotnet\sdk\9.0.310\Sdks\Microsoft.SourceLink.AzureRepos.Git\build\Microsoft.SourceLink.AzureRepos.Git.targets (12,5)
       C:\Program Files\dotnet\sdk\9.0.310\Sdks\Microsoft.SourceLink.AzureRepos.Git\build\Microsoft.SourceLink.AzureRepos.Git.targets(13,5): message : Reasignaci├│n de propiedad: $(SourceControlManagerUrlTranslationTargets)=";TranslateGitHubUrlsInSourceControlInformation;TranslateGitLabUrlsInSourceControlInformation;TranslateAzureReposGitUrlsInSourceControlInformation" (valor anterior: ";TranslateGitHubUrlsInSourceControlInformation;TranslateGitLabUrlsInSourceControlInformation") en C:\Program Files\dotnet\sdk\9.0.310\Sdks\Microsoft.SourceLink.AzureRepos.Git\build\Microsoft.SourceLink.AzureRepos.Git.targets (13,5)
       C:\Program Files\dotnet\sdk\9.0.310\Sdks\Microsoft.SourceLink.Bitbucket.Git\build\Microsoft.SourceLink.Bitbucket.Git.targets(12,5): message : Reasignaci├│n de propiedad: $(SourceLinkUrlInitializerTargets)=";_InitializeGitHubSourceLinkUrl;_InitializeGitLabSourceLinkUrl;_InitializeAzureReposGitSourceLinkUrl;_InitializeBitbucketGitSourceLinkUrl" (valor anterior: ";_InitializeGitHubSourceLinkUrl;_InitializeGitLabSourceLinkUrl;_InitializeAzureReposGitSourceLinkUrl") en C:\Program Files\dotnet\sdk\9.0.310\Sdks\Microsoft.SourceLink.Bitbucket.Git\build\Microsoft.SourceLink.Bitbucket.Git.targets (12,5)
       C:\Program Files\dotnet\sdk\9.0.310\Sdks\Microsoft.SourceLink.Bitbucket.Git\build\Microsoft.SourceLink.Bitbucket.Git.targets(13,5): message : Reasignaci├│n de propiedad: $(SourceControlManagerUrlTranslationTargets)=";TranslateGitHubUrlsInSourceControlInformation;TranslateGitLabUrlsInSourceControlInformation;TranslateAzureReposGitUrlsInSourceControlInformation;TranslateBitbucketGitUrlsInSourceControlInformation" (valor anterior: ";TranslateGitHubUrlsInSourceControlInformation;TranslateGitLabUrlsInSourceControlInformation;TranslateAzureReposGitUrlsInSourceControlInformation") en C:\Program Files\dotnet\sdk\9.0.310\Sdks\Microsoft.SourceLink.Bitbucket.Git\build\Microsoft.SourceLink.Bitbucket.Git.targets (13,5)
       C:\Program Files\dotnet\sdk\9.0.310\Sdks\Microsoft.NET.Sdk\targets\Microsoft.NET.DesignerSupport.targets(21,5): message : Reasignaci├│n de propiedad: $(DesignerRuntimeImplementationProjectOutputGroupDependsOn)="
       C:\Program Files\dotnet\sdk\9.0.310\Sdks\Microsoft.NET.Sdk\targets\Microsoft.NET.DesignerSupport.targets(21,5): message :       
       C:\Program Files\dotnet\sdk\9.0.310\Sdks\Microsoft.NET.Sdk\targets\Microsoft.NET.DesignerSupport.targets(21,5): message :       ;
       C:\Program Files\dotnet\sdk\9.0.310\Sdks\Microsoft.NET.Sdk\targets\Microsoft.NET.DesignerSupport.targets(21,5): message :       
       C:\Program Files\dotnet\sdk\9.0.310\Sdks\Microsoft.NET.Sdk\targets\Microsoft.NET.DesignerSupport.targets(21,5): message :       ;
       C:\Program Files\dotnet\sdk\9.0.310\Sdks\Microsoft.NET.Sdk\targets\Microsoft.NET.DesignerSupport.targets(21,5): message :       BuildOnlySettings;
       C:\Program Files\dotnet\sdk\9.0.310\Sdks\Microsoft.NET.Sdk\targets\Microsoft.NET.DesignerSupport.targets(21,5): message :       PrepareForBuild;
       C:\Program Files\dotnet\sdk\9.0.310\Sdks\Microsoft.NET.Sdk\targets\Microsoft.NET.DesignerSupport.targets(21,5): message :       AssignTargetPaths;
       C:\Program Files\dotnet\sdk\9.0.310\Sdks\Microsoft.NET.Sdk\targets\Microsoft.NET.DesignerSupport.targets(21,5): message :       ResolveReferences
       C:\Program Files\dotnet\sdk\9.0.310\Sdks\Microsoft.NET.Sdk\targets\Microsoft.NET.DesignerSupport.targets(21,5): message :     
       C:\Program Files\dotnet\sdk\9.0.310\Sdks\Microsoft.NET.Sdk\targets\Microsoft.NET.DesignerSupport.targets(21,5): message :     ;
       C:\Program Files\dotnet\sdk\9.0.310\Sdks\Microsoft.NET.Sdk\targets\Microsoft.NET.DesignerSupport.targets(21,5): message :       _GenerateDesignerDepsFile;
       C:\Program Files\dotnet\sdk\9.0.310\Sdks\Microsoft.NET.Sdk\targets\Microsoft.NET.DesignerSupport.targets(21,5): message :       _GenerateDesignerRuntimeConfigFile;
       C:\Program Files\dotnet\sdk\9.0.310\Sdks\Microsoft.NET.Sdk\targets\Microsoft.NET.DesignerSupport.targets(21,5): message :       GetCopyToOutputDirectoryItems;
       C:\Program Files\dotnet\sdk\9.0.310\Sdks\Microsoft.NET.Sdk\targets\Microsoft.NET.DesignerSupport.targets(21,5): message :       _GatherDesignerShadowCopyFiles;
       C:\Program Files\dotnet\sdk\9.0.310\Sdks\Microsoft.NET.Sdk\targets\Microsoft.NET.DesignerSupport.targets(21,5): message :     " (valor anterior: "
       C:\Program Files\dotnet\sdk\9.0.310\Sdks\Microsoft.NET.Sdk\targets\Microsoft.NET.DesignerSupport.targets(21,5): message :       ;
       C:\Program Files\dotnet\sdk\9.0.310\Sdks\Microsoft.NET.Sdk\targets\Microsoft.NET.DesignerSupport.targets(21,5): message :       
       C:\Program Files\dotnet\sdk\9.0.310\Sdks\Microsoft.NET.Sdk\targets\Microsoft.NET.DesignerSupport.targets(21,5): message :       ;
       C:\Program Files\dotnet\sdk\9.0.310\Sdks\Microsoft.NET.Sdk\targets\Microsoft.NET.DesignerSupport.targets(21,5): message :       BuildOnlySettings;
       C:\Program Files\dotnet\sdk\9.0.310\Sdks\Microsoft.NET.Sdk\targets\Microsoft.NET.DesignerSupport.targets(21,5): message :       PrepareForBuild;
       C:\Program Files\dotnet\sdk\9.0.310\Sdks\Microsoft.NET.Sdk\targets\Microsoft.NET.DesignerSupport.targets(21,5): message :       AssignTargetPaths;
       C:\Program Files\dotnet\sdk\9.0.310\Sdks\Microsoft.NET.Sdk\targets\Microsoft.NET.DesignerSupport.targets(21,5): message :       ResolveReferences
       C:\Program Files\dotnet\sdk\9.0.310\Sdks\Microsoft.NET.Sdk\targets\Microsoft.NET.DesignerSupport.targets(21,5): message :     
       C:\Program Files\dotnet\sdk\9.0.310\Sdks\Microsoft.NET.Sdk\targets\Microsoft.NET.DesignerSupport.targets(21,5): message :     ") en C:\Program Files\dotnet\sdk\9.0.310\Sdks\Microsoft.NET.Sdk\targets\Microsoft.NET.DesignerSupport.targets (21,5)
       C:\Program Files\dotnet\sdk\9.0.310\Sdks\Microsoft.NET.Sdk\targets\Microsoft.NET.PackTool.targets(68,5): message : Reasignaci├│n de propiedad: $(_GenerateToolsSettingsFileCacheFile)="C:\temp\MVP\documento-ia-clasificacion-mvp\src\backend\DocumentIA.Tests.Unit\obj\Debug\net9.0\DocumentIA.Tests.Unit.toolssettingsinput.cache" (valor anterior: "obj\Debug\net9.0\DocumentIA.Tests.Unit.toolssettingsinput.cache") en C:\Program Files\dotnet\sdk\9.0.310\Sdks\Microsoft.NET.Sdk\targets\Microsoft.NET.PackTool.targets (68,5)
       C:\Program Files\dotnet\sdk\9.0.310\Sdks\Microsoft.NET.Sdk\targets\Microsoft.NET.PackTool.targets(137,5): message : Reasignaci├│n de propiedad: $(_ShimInputCacheFile)="C:\temp\MVP\documento-ia-clasificacion-mvp\src\backend\DocumentIA.Tests.Unit\obj\Debug\net9.0\DocumentIA.Tests.Unit.shiminput.cache" (valor anterior: "obj\Debug\net9.0\DocumentIA.Tests.Unit.shiminput.cache") en C:\Program Files\dotnet\sdk\9.0.310\Sdks\Microsoft.NET.Sdk\targets\Microsoft.NET.PackTool.targets (137,5)
       C:\Program Files\dotnet\sdk\9.0.310\Sdks\Microsoft.NET.Sdk\targets\Microsoft.NET.PackTool.targets(139,5): message : Reasignaci├│n de propiedad: $(_ShimCreatedSentinelFile)="C:\temp\MVP\documento-ia-clasificacion-mvp\src\backend\DocumentIA.Tests.Unit\obj\Debug\net9.0\DocumentIA.Tests.Unit.shimcreated.sentinel" (valor anterior: "obj\Debug\net9.0\DocumentIA.Tests.Unit.shimcreated.sentinel") en C:\Program Files\dotnet\sdk\9.0.310\Sdks\Microsoft.NET.Sdk\targets\Microsoft.NET.PackTool.targets (139,5)
       C:\Program Files\dotnet\sdk\9.0.310\Sdks\Microsoft.NET.Sdk\targets\Microsoft.NET.Sdk.CSharp.targets(31,5): message : Reasignaci├│n de propiedad: $(DefineConstants)="TRACE;DEBUG" (valor anterior: "TRACE") en C:\Program Files\dotnet\sdk\9.0.310\Sdks\Microsoft.NET.Sdk\targets\Microsoft.NET.Sdk.CSharp.targets (31,5)
       C:\Program Files\dotnet\sdk\9.0.310\Sdks\Microsoft.NET.Sdk\targets\Microsoft.NET.Sdk.CSharp.targets(34,5): message : Reasignaci├│n de propiedad: $(DefineConstants)="TRACE;DEBUG;NET;NET9_0;NETCOREAPP" (valor anterior: "TRACE;DEBUG") en C:\Program Files\dotnet\sdk\9.0.310\Sdks\Microsoft.NET.Sdk\targets\Microsoft.NET.Sdk.CSharp.targets (34,5)
       C:\Program Files\dotnet\sdk\9.0.310\Sdks\Microsoft.NET.Sdk\targets\Microsoft.NET.Sdk.CSharp.targets(48,5): message : Reasignaci├│n de propiedad: $(WarningsAsErrors)=";NU1605;SYSLIB0011" (valor anterior: ";NU1605") en C:\Program Files\dotnet\sdk\9.0.310\Sdks\Microsoft.NET.Sdk\targets\Microsoft.NET.Sdk.CSharp.targets (48,5)
       C:\Program Files\dotnet\sdk\9.0.310\Sdks\NuGet.Build.Tasks.Pack\build\NuGet.Build.Tasks.Pack.targets(34,5): message : Reasignaci├│n de propiedad: $(PackageDescription)="Package Description" (valor anterior: "") en C:\Program Files\dotnet\sdk\9.0.310\Sdks\NuGet.Build.Tasks.Pack\build\NuGet.Build.Tasks.Pack.targets (34,5)
       C:\Program Files\dotnet\sdk\9.0.310\Sdks\NuGet.Build.Tasks.Pack\build\NuGet.Build.Tasks.Pack.targets(59,5): message : Reasignaci├│n de propiedad: $(GenerateNuspecDependsOn)="Build;_LoadPackInputItems; _GetTargetFrameworksOutput; _WalkEachTargetPerFramework; _GetPackageFiles; " (valor anterior: "_LoadPackInputItems; _GetTargetFrameworksOutput; _WalkEachTargetPerFramework; _GetPackageFiles; ") en C:\Program Files\dotnet\sdk\9.0.310\Sdks\NuGet.Build.Tasks.Pack\build\NuGet.Build.Tasks.Pack.targets (59,5)
       C:\Program Files\dotnet\sdk\9.0.310\Sdks\Microsoft.NET.Sdk\Sdk\Sdk.targets(60,5): message : Reasignaci├│n de propiedad: $(_IsNotSetContainersTargetsDir)="true" (valor anterior: "false") en C:\Program Files\dotnet\sdk\9.0.310\Sdks\Microsoft.NET.Sdk\Sdk\Sdk.targets (60,5)
       C:\Program Files\dotnet\sdk\9.0.310\Containers\build\Microsoft.NET.Build.Containers.targets(5,5): message : Reasignaci├│n de propiedad: $(_IsSDKContainerAllowedVersion)="true" (valor anterior: "false") en C:\Program Files\dotnet\sdk\9.0.310\Containers\build\Microsoft.NET.Build.Containers.targets (5,5)
       C:\Program Files\dotnet\sdk\9.0.310\Containers\build\Microsoft.NET.Build.Containers.targets(15,5): message : Reasignaci├│n de propiedad: $(_ContainerIsTargetingNet8TFM)="true" (valor anterior: "false") en C:\Program Files\dotnet\sdk\9.0.310\Containers\build\Microsoft.NET.Build.Containers.targets (15,5)
       Ensamblado cargado durante Evaluation: System.Net.Sockets, Version=9.0.0.0, Culture=neutral, PublicKeyToken=b03f5f7f11d50a3a(ubicaci├│n: C:\Program Files\dotnet\shared\Microsoft.NETCore.App\9.0.12\System.Net.Sockets.dll, MVID: bef683e2-ce04-4ab8-8041-39c361f3c332, AssemblyLoadContext: Default)
       Ensamblado cargado durante Evaluation: System.Threading.Overlapped, Version=9.0.0.0, Culture=neutral, PublicKeyToken=b03f5f7f11d50a3a(ubicaci├│n: C:\Program Files\dotnet\shared\Microsoft.NETCore.App\9.0.12\System.Threading.Overlapped.dll, MVID: 65a20f08-9e6c-435c-8197-e9c99167ad25, AssemblyLoadContext: Default)
       Invalidando el destino "ResolveFrameworkReferences" del proyecto"C:\Program Files\dotnet\sdk\9.0.310\Microsoft.Common.CurrentVersion.targets" con el destino "ResolveFrameworkReferences" del proyecto "C:\Program Files\dotnet\sdk\9.0.310\Sdks\Microsoft.NET.Sdk\targets\Microsoft.NET.Sdk.FrameworkReferenceResolution.targets".
       Invalidando el destino "Run" del proyecto"C:\Program Files\dotnet\sdk\9.0.310\Microsoft.Common.CurrentVersion.targets" con el destino "Run" del proyecto "C:\Program Files\dotnet\sdk\9.0.310\Sdks\Microsoft.NET.Sdk\targets\Microsoft.NET.Sdk.targets".
       Invalidando el destino "GenerateSupportedTargetFrameworkAlias" del proyecto"C:\Program Files\dotnet\sdk\9.0.310\Microsoft.Common.CurrentVersion.targets" con el destino "GenerateSupportedTargetFrameworkAlias" del proyecto "C:\Program Files\dotnet\sdk\9.0.310\Sdks\Microsoft.NET.Sdk\targets\Microsoft.NET.Sdk.targets".
       Invalidando el destino "GetReferenceAssemblyPaths" del proyecto"C:\Program Files\dotnet\sdk\9.0.310\Microsoft.Common.CurrentVersion.targets" con el destino "GetReferenceAssemblyPaths" del proyecto "C:\Program Files\dotnet\sdk\9.0.310\Sdks\Microsoft.NET.Sdk\targets\Microsoft.NET.DisableStandardFrameworkResolution.targets".
       Invalidando el destino "GetFrameworkPaths" del proyecto"C:\Program Files\dotnet\sdk\9.0.310\Microsoft.Common.CurrentVersion.targets" con el destino "GetFrameworkPaths" del proyecto "C:\Program Files\dotnet\sdk\9.0.310\Sdks\Microsoft.NET.Sdk\targets\Microsoft.NET.DisableStandardFrameworkResolution.targets".
       Invalidando el destino "DesignerRuntimeImplementationProjectOutputGroup" del proyecto"C:\Program Files\dotnet\sdk\9.0.310\Microsoft.Common.CurrentVersion.targets" con el destino "DesignerRuntimeImplementationProjectOutputGroup" del proyecto "C:\Program Files\dotnet\sdk\9.0.310\Sdks\Microsoft.NET.Sdk\targets\Microsoft.NET.DesignerSupport.targets".
       Invalidando el destino "Publish" del proyecto"C:\Program Files\dotnet\sdk\9.0.310\Microsoft.Common.CurrentVersion.targets" con el destino "Publish" del proyecto "C:\Program Files\dotnet\sdk\9.0.310\Sdks\Microsoft.NET.Sdk\targets\Microsoft.NET.Publish.targets".
       Invalidando el destino "ResolveReadyToRunCompilers" del proyecto"C:\Program Files\dotnet\sdk\9.0.310\Sdks\Microsoft.NET.Sdk\targets\Microsoft.NET.CrossGen.targets" con el destino "ResolveReadyToRunCompilers" del proyecto "C:\Program Files\dotnet\sdk\9.0.310\Sdks\Microsoft.NET.Sdk\targets\Microsoft.NET.Publish.targets".
       Invalidando el destino "GetCopyToPublishDirectoryItems" del proyecto"C:\Program Files\dotnet\sdk\9.0.310\Microsoft.Common.CurrentVersion.targets" con el destino "GetCopyToPublishDirectoryItems" del proyecto "C:\Program Files\dotnet\sdk\9.0.310\Sdks\Microsoft.NET.Sdk\targets\Microsoft.NET.Publish.targets".
     1>El proyecto "C:\temp\MVP\documento-ia-clasificacion-mvp\src\backend\DocumentIA.Tests.Unit\DocumentIA.Tests.Unit.csproj" (1) est├í compilando "C:\temp\MVP\documento-ia-clasificacion-mvp\src\backend\DocumentIA.Tests.Unit\DocumentIA.Tests.Unit.csproj" (1:2) en el nodo 1 (_IsProjectRestoreSupported destinos).
   1:2>Destino "_IsProjectRestoreSupported" en el archivo "C:\Program Files\dotnet\sdk\9.0.310\NuGet.targets" del proyecto "C:\temp\MVP\documento-ia-clasificacion-mvp\src\backend\DocumentIA.Tests.Unit\DocumentIA.Tests.Unit.csproj" (punto de entrada):
   1:2>Compilaci├│n terminada del destino "_IsProjectRestoreSupported" en el proyecto "DocumentIA.Tests.Unit.csproj".
   1:2>Compilaci├│n del proyecto terminada "C:\temp\MVP\documento-ia-clasificacion-mvp\src\backend\DocumentIA.Tests.Unit\DocumentIA.Tests.Unit.csproj" (_IsProjectRestoreSupported destinos).
     1>Ejecuci├│n de la tarea "MSBuild" terminada.
       Se omiti├│ la tarea "MSBuild" debido a una condici├│n falsa (False); ( '$(RestoreUseSkipNonexistentTargets)' != 'true' ) se evalu├│ como ( 'true' != 'true' ).
       Ensamblado cargado durante TaskRun: NuGet.Build.Tasks, Version=6.14.0.116, Culture=neutral, PublicKeyToken=31bf3856ad364e35(ubicaci├│n: C:\Program Files\dotnet\sdk\9.0.310\NuGet.Build.Tasks.dll, MVID: c545d64d-0cbb-4fc0-971c-b5c1c1e75cf3, AssemblyLoadContext: MSBuild plugin C:\Program Files\dotnet\sdk\9.0.310\NuGet.Build.Tasks.dll)
       Ensamblado cargado durante TaskRun: NuGet.Common, Version=6.14.0.116, Culture=neutral, PublicKeyToken=31bf3856ad364e35(ubicaci├│n: C:\Program Files\dotnet\sdk\9.0.310\NuGet.Common.dll, MVID: 0fbb79ae-e358-4591-bc91-e34371a3d05b, AssemblyLoadContext: MSBuild plugin C:\Program Files\dotnet\sdk\9.0.310\NuGet.Build.Tasks.dll)
       Ensamblado cargado durante TaskRun: NuGet.Commands, Version=6.14.0.116, Culture=neutral, PublicKeyToken=31bf3856ad364e35(ubicaci├│n: C:\Program Files\dotnet\sdk\9.0.310\NuGet.Commands.dll, MVID: e743f127-1013-45a0-a669-058903e72acf, AssemblyLoadContext: MSBuild plugin C:\Program Files\dotnet\sdk\9.0.310\NuGet.Build.Tasks.dll)
       Ensamblado cargado durante TaskRun: NuGet.ProjectModel, Version=6.14.0.116, Culture=neutral, PublicKeyToken=31bf3856ad364e35(ubicaci├│n: C:\Program Files\dotnet\sdk\9.0.310\NuGet.ProjectModel.dll, MVID: 08d0df58-191b-4580-9b46-c281ab5b9b36, AssemblyLoadContext: MSBuild plugin C:\Program Files\dotnet\sdk\9.0.310\NuGet.Build.Tasks.dll)
       Usando la tarea "WarnForInvalidProjectsTask" del ensamblado "C:\Program Files\dotnet\sdk\9.0.310\NuGet.Build.Tasks.dll".
       Tarea "WarnForInvalidProjectsTask"
       Ejecuci├│n de la tarea "WarnForInvalidProjectsTask" terminada.
     1>Compilaci├│n terminada del destino "_FilterRestoreGraphProjectInputItems" en el proyecto "DocumentIA.Tests.Unit.csproj".
       Se omiti├│ el destino "_FilterRestoreGraphProjectInputItems". Compilado previamente de forma correcta.
     1>Destino "_GetAllRestoreProjectPathItems" en el archivo "C:\Program Files\dotnet\sdk\9.0.310\NuGet.targets" del proyecto "C:\temp\MVP\documento-ia-clasificacion-mvp\src\backend\DocumentIA.Tests.Unit\DocumentIA.Tests.Unit.csproj" (el destino "_GenerateRestoreGraph" depende de ├®l):
       Usando la tarea "NuGetMessageTask" del ensamblado "C:\Program Files\dotnet\sdk\9.0.310\NuGet.Build.Tasks.dll".
       Tarea "NuGetMessageTask"
         Ensamblado cargado durante TaskRun (NuGet.Build.Tasks.NuGetMessageTask): NuGet.Build.Tasks.resources, Version=6.14.0.116, Culture=es, PublicKeyToken=31bf3856ad364e35, processorArchitecture=MSIL(ubicaci├│n: C:\Program Files\dotnet\sdk\9.0.310\es\NuGet.Build.Tasks.resources.dll, MVID: 2fa4bae3-48c0-47c4-83c5-bb9246cef632, AssemblyLoadContext: MSBuild plugin C:\Program Files\dotnet\sdk\9.0.310\NuGet.Build.Tasks.dll)
         Determinando los proyectos que se van a restaurar...
       Ejecuci├│n de la tarea "NuGetMessageTask" terminada.
       Tarea "MSBuild"
         Propiedades globales:
           ExcludeRestorePackageImports=true
     1>El proyecto "C:\temp\MVP\documento-ia-clasificacion-mvp\src\backend\DocumentIA.Tests.Unit\DocumentIA.Tests.Unit.csproj" (1) est├í compilando "C:\temp\MVP\documento-ia-clasificacion-mvp\src\backend\DocumentIA.Tests.Unit\DocumentIA.Tests.Unit.csproj" (1:3) en el nodo 1 (_GenerateRestoreProjectPathWalk destinos).
   1:3>Se omiti├│ el destino "_GenerateRestoreProjectPathItemsAllFrameworks" debido a una condici├│n falsa (False); ( '$(TargetFrameworks)' != '' ) se evalu├│ como ( '' != '' ).
   1:3>Destino "_GenerateRestoreProjectPathItemsPerFramework" en el archivo "C:\Program Files\dotnet\sdk\9.0.310\NuGet.targets" del proyecto "C:\temp\MVP\documento-ia-clasificacion-mvp\src\backend\DocumentIA.Tests.Unit\DocumentIA.Tests.Unit.csproj" (el destino "_GenerateRestoreProjectPathItemsCurrentProject" depende de ├®l):
       Usando la tarea "ConvertToAbsolutePath" del ensamblado "Microsoft.Build.Tasks.Core, Version=15.1.0.0, Culture=neutral, PublicKeyToken=b03f5f7f11d50a3a".
       Tarea "ConvertToAbsolutePath"
       Ejecuci├│n de la tarea "ConvertToAbsolutePath" terminada.
   1:3>Compilaci├│n terminada del destino "_GenerateRestoreProjectPathItemsPerFramework" en el proyecto "DocumentIA.Tests.Unit.csproj".
   1:3>Destino "_GenerateRestoreProjectPathItemsCurrentProject" en el archivo "C:\Program Files\dotnet\sdk\9.0.310\NuGet.targets" del proyecto "C:\temp\MVP\documento-ia-clasificacion-mvp\src\backend\DocumentIA.Tests.Unit\DocumentIA.Tests.Unit.csproj" (el destino "_GenerateRestoreProjectPathItems" depende de ├®l):
   1:3>Compilaci├│n terminada del destino "_GenerateRestoreProjectPathItemsCurrentProject" en el proyecto "DocumentIA.Tests.Unit.csproj".
   1:3>Destino "_GenerateRestoreProjectPathItems" en el archivo "C:\Program Files\dotnet\sdk\9.0.310\NuGet.targets" del proyecto "C:\temp\MVP\documento-ia-clasificacion-mvp\src\backend\DocumentIA.Tests.Unit\DocumentIA.Tests.Unit.csproj" (el destino "_GenerateRestoreProjectPathWalk" depende de ├®l):
       Tarea "RemoveDuplicates"
       Ejecuci├│n de la tarea "RemoveDuplicates" terminada.
   1:3>Compilaci├│n terminada del destino "_GenerateRestoreProjectPathItems" en el proyecto "DocumentIA.Tests.Unit.csproj".
   1:3>Destino "_GenerateRestoreProjectPathWalk" en el archivo "C:\Program Files\dotnet\sdk\9.0.310\NuGet.targets" del proyecto "C:\temp\MVP\documento-ia-clasificacion-mvp\src\backend\DocumentIA.Tests.Unit\DocumentIA.Tests.Unit.csproj" (punto de entrada):
       Tarea "MSBuild"
         Propiedades globales:
           ExcludeRestorePackageImports=true
     0>C:\Program Files\dotnet\sdk\9.0.310\Sdks\Microsoft.NET.Sdk\Sdk\Sdk.props(49,11): message : Propiedad "MSBuildExtensionsPath" con el valor "C:\Program Files\dotnet\sdk\9.0.310\" expandido desde el entorno.
       C:\Program Files\dotnet\sdk\9.0.310\Current\Microsoft.Common.props(60,5): message : Reasignaci├│n de propiedad: $(MSBuildProjectExtensionsPath)="C:\temp\MVP\documento-ia-clasificacion-mvp\src\backend\DocumentIA.Core\obj\" (valor anterior: "obj\") en C:\Program Files\dotnet\sdk\9.0.310\Current\Microsoft.Common.props (60,5)
       C:\Program Files\dotnet\sdk\9.0.310\Current\Microsoft.Common.props(84,119): message : Propiedad "MSBuildUserExtensionsPath" con el valor "C:\Users\ubf0238\AppData\Local\Microsoft\MSBuild" expandido desde el entorno.
       C:\Program Files\dotnet\sdk\9.0.310\Sdks\Microsoft.NET.Sdk\targets\Microsoft.NET.Sdk.props(90,5): message : Reasignaci├│n de propiedad: $(AssemblySearchPaths)="{CandidateAssemblyFiles};{HintPathFromItem}" (valor anterior: "{CandidateAssemblyFiles}") en C:\Program Files\dotnet\sdk\9.0.310\Sdks\Microsoft.NET.Sdk\targets\Microsoft.NET.Sdk.props (90,5)
       C:\Program Files\dotnet\sdk\9.0.310\Sdks\Microsoft.NET.Sdk\targets\Microsoft.NET.Sdk.props(91,5): message : Reasignaci├│n de propiedad: $(AssemblySearchPaths)="{CandidateAssemblyFiles};{HintPathFromItem};{TargetFrameworkDirectory}" (valor anterior: "{CandidateAssemblyFiles};{HintPathFromItem}") en C:\Program Files\dotnet\sdk\9.0.310\Sdks\Microsoft.NET.Sdk\targets\Microsoft.NET.Sdk.props (91,5)
       C:\Program Files\dotnet\sdk\9.0.310\Sdks\Microsoft.NET.Sdk\targets\Microsoft.NET.Sdk.props(92,5): message : Reasignaci├│n de propiedad: $(AssemblySearchPaths)="{CandidateAssemblyFiles};{HintPathFromItem};{TargetFrameworkDirectory};{RawFileName}" (valor anterior: "{CandidateAssemblyFiles};{HintPathFromItem};{TargetFrameworkDirectory}") en C:\Program Files\dotnet\sdk\9.0.310\Sdks\Microsoft.NET.Sdk\targets\Microsoft.NET.Sdk.props (92,5)
       C:\Program Files\dotnet\sdk\9.0.310\Sdks\Microsoft.NET.Sdk\targets\Microsoft.NET.PackProjectTool.props(15,5): message : Reasignaci├│n de propiedad: $(TargetsForTfmSpecificContentInPackage)=";PackTool;_PackProjectToolValidation" (valor anterior: ";PackTool") en C:\Program Files\dotnet\sdk\9.0.310\Sdks\Microsoft.NET.Sdk\targets\Microsoft.NET.PackProjectTool.props (15,5)
       C:\Program Files\dotnet\sdk\9.0.310\Sdks\Microsoft.NET.Sdk\targets\Microsoft.NET.Sdk.ImportPublishProfile.targets(28,5): message : Reasignaci├│n de propiedad: $(PublishProfileImported)="false" (valor anterior: "true") en C:\Program Files\dotnet\sdk\9.0.310\Sdks\Microsoft.NET.Sdk\targets\Microsoft.NET.Sdk.ImportPublishProfile.targets (28,5)
       C:\Program Files\dotnet\sdk\9.0.310\Sdks\Microsoft.NET.Sdk\targets\Microsoft.NET.TargetFrameworkInference.targets(69,5): message : Reasignaci├│n de propiedad: $(TargetPlatformVersion)="" (valor anterior: "0.0") en C:\Program Files\dotnet\sdk\9.0.310\Sdks\Microsoft.NET.Sdk\targets\Microsoft.NET.TargetFrameworkInference.targets (69,5)
       C:\Program Files\dotnet\sdk\9.0.310\Sdks\Microsoft.NET.Sdk\targets\Microsoft.NET.DefaultOutputPaths.targets(122,5): message : Reasignaci├│n de propiedad: $(DefaultItemExcludes)=";bin\Debug\/**;obj\Debug\/**" (valor anterior: ";bin\Debug\/**") en C:\Program Files\dotnet\sdk\9.0.310\Sdks\Microsoft.NET.Sdk\targets\Microsoft.NET.DefaultOutputPaths.targets (122,5)
       C:\Program Files\dotnet\sdk\9.0.310\Sdks\Microsoft.NET.Sdk\targets\Microsoft.NET.DefaultOutputPaths.targets(137,5): message : Reasignaci├│n de propiedad: $(OutputPath)="bin\Debug\net8.0\" (valor anterior: "bin\Debug\") en C:\Program Files\dotnet\sdk\9.0.310\Sdks\Microsoft.NET.Sdk\targets\Microsoft.NET.DefaultOutputPaths.targets (137,5)
       C:\Program Files\dotnet\sdk\9.0.310\Sdks\Microsoft.NET.Sdk\targets\Microsoft.NET.DefaultOutputPaths.targets(142,5): message : Reasignaci├│n de propiedad: $(IntermediateOutputPath)="obj\Debug\net8.0\" (valor anterior: "obj\Debug\") en C:\Program Files\dotnet\sdk\9.0.310\Sdks\Microsoft.NET.Sdk\targets\Microsoft.NET.DefaultOutputPaths.targets (142,5)
       C:\Program Files\dotnet\sdk\9.0.310\Sdks\Microsoft.NET.Sdk\targets\Microsoft.NET.Sdk.BeforeCommon.targets(187,5): message : Reasignaci├│n de propiedad: $(_FrameworkIdentifierForImplicitDefine)="NET" (valor anterior: "NETCOREAPP") en C:\Program Files\dotnet\sdk\9.0.310\Sdks\Microsoft.NET.Sdk\targets\Microsoft.NET.Sdk.BeforeCommon.targets (187,5)
       C:\Program Files\dotnet\sdk\9.0.310\Sdks\Microsoft.NET.Sdk\targets\Microsoft.NET.Sdk.BeforeCommon.targets(192,5): message : Reasignaci├│n de propiedad: $(_FrameworkVersionForImplicitDefine)="8_0" (valor anterior: "8.0") en C:\Program Files\dotnet\sdk\9.0.310\Sdks\Microsoft.NET.Sdk\targets\Microsoft.NET.Sdk.BeforeCommon.targets (192,5)
       C:\Program Files\dotnet\sdk\9.0.310\Roslyn\Microsoft.CSharp.Core.targets(200,5): message : Reasignaci├│n de propiedad: $(CommandLineArgsForDesignTimeEvaluation)="-langversion:12.0 -define:TRACE" (valor anterior: "-langversion:12.0") en C:\Program Files\dotnet\sdk\9.0.310\Roslyn\Microsoft.CSharp.Core.targets (200,5)
       C:\Program Files\dotnet\sdk\9.0.310\Microsoft.Common.CurrentVersion.targets(175,5): message : Reasignaci├│n de propiedad: $(_DebugSymbolsProduced)="true" (valor anterior: "false") en C:\Program Files\dotnet\sdk\9.0.310\Microsoft.Common.CurrentVersion.targets (175,5)
       C:\Program Files\dotnet\sdk\9.0.310\Microsoft.Common.CurrentVersion.targets(185,5): message : Reasignaci├│n de propiedad: $(_DocumentationFileProduced)="false" (valor anterior: "true") en C:\Program Files\dotnet\sdk\9.0.310\Microsoft.Common.CurrentVersion.targets (185,5)
       C:\Program Files\dotnet\sdk\9.0.310\Microsoft.Common.CurrentVersion.targets(392,5): message : Reasignaci├│n de propiedad: $(MSBuildCopyMarkerName)="Document.F113F171" (valor anterior: "DocumentIA.Core.csproj") en C:\Program Files\dotnet\sdk\9.0.310\Microsoft.Common.CurrentVersion.targets (392,5)
       C:\Program Files\dotnet\sdk\9.0.310\Microsoft.Common.CurrentVersion.targets(393,5): message : Reasignaci├│n de propiedad: $(MSBuildCopyMarkerName)="Document.F113F171.Up2Date" (valor anterior: "Document.F113F171") en C:\Program Files\dotnet\sdk\9.0.310\Microsoft.Common.CurrentVersion.targets (393,5)
       C:\Program Files\dotnet\sdk\9.0.310\Microsoft.Common.CurrentVersion.targets(541,5): message : Reasignaci├│n de propiedad: $(ProcessorArchitecture)="msil" (valor anterior: "") en C:\Program Files\dotnet\sdk\9.0.310\Microsoft.Common.CurrentVersion.targets (541,5)
       C:\Program Files\dotnet\sdk\9.0.310\Microsoft.Common.CurrentVersion.targets(580,5): message : Reasignaci├│n de propiedad: $(DelaySign)="" (valor anterior: "false") en C:\Program Files\dotnet\sdk\9.0.310\Microsoft.Common.CurrentVersion.targets (580,5)
       C:\Program Files\dotnet\sdk\9.0.310\Microsoft.Common.CurrentVersion.targets(2619,5): message : Propiedad "LOCALAPPDATA" con el valor "C:\Users\ubf0238\AppData\Local" expandido desde el entorno.
       C:\Program Files\dotnet\sdk\9.0.310\Microsoft.Common.CurrentVersion.targets(3947,5): message : Reasignaci├│n de propiedad: $(_SGenGenerateSerializationAssembliesConfig)="Auto" (valor anterior: "") en C:\Program Files\dotnet\sdk\9.0.310\Microsoft.Common.CurrentVersion.targets (3947,5)
       C:\Program Files\dotnet\sdk\9.0.310\Microsoft.Common.CurrentVersion.targets(3948,5): message : Reasignaci├│n de propiedad: $(_SGenGenerateSerializationAssembliesConfig)="Off" (valor anterior: "Auto") en C:\Program Files\dotnet\sdk\9.0.310\Microsoft.Common.CurrentVersion.targets (3948,5)
       C:\Program Files\dotnet\sdk\9.0.310\Microsoft.Common.CurrentVersion.targets(5159,5): message : Reasignaci├│n de propiedad: $(_TargetsThatPrepareProjectReferences)="
       C:\Program Files\dotnet\sdk\9.0.310\Microsoft.Common.CurrentVersion.targets(5159,5): message :       AssignProjectConfiguration;
       C:\Program Files\dotnet\sdk\9.0.310\Microsoft.Common.CurrentVersion.targets(5159,5): message :       _SplitProjectReferencesByFileExistence
       C:\Program Files\dotnet\sdk\9.0.310\Microsoft.Common.CurrentVersion.targets(5159,5): message :     " (valor anterior: "_SplitProjectReferencesByFileExistence") en C:\Program Files\dotnet\sdk\9.0.310\Microsoft.Common.CurrentVersion.targets (5159,5)
       C:\Program Files\dotnet\sdk\9.0.310\Microsoft.Common.CurrentVersion.targets(6954,5): message : Propiedad "MSBuildExtensionsPath32" con el valor "C:\Program Files\dotnet\sdk\9.0.310" expandido desde el entorno.
       C:\Program Files\dotnet\sdk\9.0.310\Sdks\Microsoft.NET.Sdk\targets\Microsoft.PackageDependencyResolution.targets(24,5): message : Reasignaci├│n de propiedad: $(ProjectAssetsFile)="C:\temp\MVP\documento-ia-clasificacion-mvp\src\backend\DocumentIA.Core\obj\project.assets.json" (valor anterior: "C:\temp\MVP\documento-ia-clasificacion-mvp\src\backend\DocumentIA.Core\obj\/project.assets.json") en C:\Program Files\dotnet\sdk\9.0.310\Sdks\Microsoft.NET.Sdk\targets\Microsoft.PackageDependencyResolution.targets (24,5)
       C:\Program Files\dotnet\sdk\9.0.310\Sdks\Microsoft.NET.Sdk\targets\Microsoft.PackageDependencyResolution.targets(29,5): message : Reasignaci├│n de propiedad: $(ProjectAssetsCacheFile)="C:\temp\MVP\documento-ia-clasificacion-mvp\src\backend\DocumentIA.Core\obj\Debug\net8.0\DocumentIA.Core.assets.cache" (valor anterior: "obj\Debug\net8.0\DocumentIA.Core.assets.cache") en C:\Program Files\dotnet\sdk\9.0.310\Sdks\Microsoft.NET.Sdk\targets\Microsoft.PackageDependencyResolution.targets (29,5)
       C:\Program Files\dotnet\sdk\9.0.310\Sdks\Microsoft.NET.Sdk\targets\Microsoft.PackageDependencyResolution.targets(80,5): message : Reasignaci├│n de propiedad: $(ResolveAssemblyReferencesDependsOn)="
       C:\Program Files\dotnet\sdk\9.0.310\Sdks\Microsoft.NET.Sdk\targets\Microsoft.PackageDependencyResolution.targets(80,5): message :       
       C:\Program Files\dotnet\sdk\9.0.310\Sdks\Microsoft.NET.Sdk\targets\Microsoft.PackageDependencyResolution.targets(80,5): message :       ResolveProjectReferences;
       C:\Program Files\dotnet\sdk\9.0.310\Sdks\Microsoft.NET.Sdk\targets\Microsoft.PackageDependencyResolution.targets(80,5): message :       FindInvalidProjectReferences;
       C:\Program Files\dotnet\sdk\9.0.310\Sdks\Microsoft.NET.Sdk\targets\Microsoft.PackageDependencyResolution.targets(80,5): message :       GetFrameworkPaths;
       C:\Program Files\dotnet\sdk\9.0.310\Sdks\Microsoft.NET.Sdk\targets\Microsoft.PackageDependencyResolution.targets(80,5): message :       GetReferenceAssemblyPaths;
       C:\Program Files\dotnet\sdk\9.0.310\Sdks\Microsoft.NET.Sdk\targets\Microsoft.PackageDependencyResolution.targets(80,5): message :       PrepareForBuild;
       C:\Program Files\dotnet\sdk\9.0.310\Sdks\Microsoft.NET.Sdk\targets\Microsoft.PackageDependencyResolution.targets(80,5): message :       ResolveSDKReferences;
       C:\Program Files\dotnet\sdk\9.0.310\Sdks\Microsoft.NET.Sdk\targets\Microsoft.PackageDependencyResolution.targets(80,5): message :       ExpandSDKReferences;
       C:\Program Files\dotnet\sdk\9.0.310\Sdks\Microsoft.NET.Sdk\targets\Microsoft.PackageDependencyResolution.targets(80,5): message :     ;
       C:\Program Files\dotnet\sdk\9.0.310\Sdks\Microsoft.NET.Sdk\targets\Microsoft.PackageDependencyResolution.targets(80,5): message :       ResolvePackageDependenciesForBuild;
       C:\Program Files\dotnet\sdk\9.0.310\Sdks\Microsoft.NET.Sdk\targets\Microsoft.PackageDependencyResolution.targets(80,5): message :       _HandlePackageFileConflicts;
       C:\Program Files\dotnet\sdk\9.0.310\Sdks\Microsoft.NET.Sdk\targets\Microsoft.PackageDependencyResolution.targets(80,5): message :     " (valor anterior: "
       C:\Program Files\dotnet\sdk\9.0.310\Sdks\Microsoft.NET.Sdk\targets\Microsoft.PackageDependencyResolution.targets(80,5): message :       ResolveProjectReferences;
       C:\Program Files\dotnet\sdk\9.0.310\Sdks\Microsoft.NET.Sdk\targets\Microsoft.PackageDependencyResolution.targets(80,5): message :       FindInvalidProjectReferences;
       C:\Program Files\dotnet\sdk\9.0.310\Sdks\Microsoft.NET.Sdk\targets\Microsoft.PackageDependencyResolution.targets(80,5): message :       GetFrameworkPaths;
       C:\Program Files\dotnet\sdk\9.0.310\Sdks\Microsoft.NET.Sdk\targets\Microsoft.PackageDependencyResolution.targets(80,5): message :       GetReferenceAssemblyPaths;
       C:\Program Files\dotnet\sdk\9.0.310\Sdks\Microsoft.NET.Sdk\targets\Microsoft.PackageDependencyResolution.targets(80,5): message :       PrepareForBuild;
       C:\Program Files\dotnet\sdk\9.0.310\Sdks\Microsoft.NET.Sdk\targets\Microsoft.PackageDependencyResolution.targets(80,5): message :       ResolveSDKReferences;
       C:\Program Files\dotnet\sdk\9.0.310\Sdks\Microsoft.NET.Sdk\targets\Microsoft.PackageDependencyResolution.targets(80,5): message :       ExpandSDKReferences;
       C:\Program Files\dotnet\sdk\9.0.310\Sdks\Microsoft.NET.Sdk\targets\Microsoft.PackageDependencyResolution.targets(80,5): message :     ") en C:\Program Files\dotnet\sdk\9.0.310\Sdks\Microsoft.NET.Sdk\targets\Microsoft.PackageDependencyResolution.targets (80,5)
       C:\Program Files\dotnet\sdk\9.0.310\Sdks\Microsoft.NET.Sdk\targets\Microsoft.PackageDependencyResolution.targets(86,5): message : Reasignaci├│n de propiedad: $(PrepareResourcesDependsOn)="
       C:\Program Files\dotnet\sdk\9.0.310\Sdks\Microsoft.NET.Sdk\targets\Microsoft.PackageDependencyResolution.targets(86,5): message :       ResolvePackageDependenciesForBuild;
       C:\Program Files\dotnet\sdk\9.0.310\Sdks\Microsoft.NET.Sdk\targets\Microsoft.PackageDependencyResolution.targets(86,5): message :       _HandlePackageFileConflicts;
       C:\Program Files\dotnet\sdk\9.0.310\Sdks\Microsoft.NET.Sdk\targets\Microsoft.PackageDependencyResolution.targets(86,5): message :       
       C:\Program Files\dotnet\sdk\9.0.310\Sdks\Microsoft.NET.Sdk\targets\Microsoft.PackageDependencyResolution.targets(86,5): message :       ;
       C:\Program Files\dotnet\sdk\9.0.310\Sdks\Microsoft.NET.Sdk\targets\Microsoft.PackageDependencyResolution.targets(86,5): message :       PrepareResourceNames;
       C:\Program Files\dotnet\sdk\9.0.310\Sdks\Microsoft.NET.Sdk\targets\Microsoft.PackageDependencyResolution.targets(86,5): message :       ResGen;
       C:\Program Files\dotnet\sdk\9.0.310\Sdks\Microsoft.NET.Sdk\targets\Microsoft.PackageDependencyResolution.targets(86,5): message :       CompileLicxFiles
       C:\Program Files\dotnet\sdk\9.0.310\Sdks\Microsoft.NET.Sdk\targets\Microsoft.PackageDependencyResolution.targets(86,5): message :     
       C:\Program Files\dotnet\sdk\9.0.310\Sdks\Microsoft.NET.Sdk\targets\Microsoft.PackageDependencyResolution.targets(86,5): message :     " (valor anterior: "
       C:\Program Files\dotnet\sdk\9.0.310\Sdks\Microsoft.NET.Sdk\targets\Microsoft.PackageDependencyResolution.targets(86,5): message :       ;
       C:\Program Files\dotnet\sdk\9.0.310\Sdks\Microsoft.NET.Sdk\targets\Microsoft.PackageDependencyResolution.targets(86,5): message :       PrepareResourceNames;
       C:\Program Files\dotnet\sdk\9.0.310\Sdks\Microsoft.NET.Sdk\targets\Microsoft.PackageDependencyResolution.targets(86,5): message :       ResGen;
       C:\Program Files\dotnet\sdk\9.0.310\Sdks\Microsoft.NET.Sdk\targets\Microsoft.PackageDependencyResolution.targets(86,5): message :       CompileLicxFiles
       C:\Program Files\dotnet\sdk\9.0.310\Sdks\Microsoft.NET.Sdk\targets\Microsoft.PackageDependencyResolution.targets(86,5): message :     ") en C:\Program Files\dotnet\sdk\9.0.310\Sdks\Microsoft.NET.Sdk\targets\Microsoft.PackageDependencyResolution.targets (86,5)
       C:\Program Files\dotnet\sdk\9.0.310\Sdks\Microsoft.NET.Sdk\targets\Microsoft.NET.Sdk.DefaultItems.targets(27,5): message : Reasignaci├│n de propiedad: $(DefaultItemExcludes)=";bin\Debug\/**;obj\Debug\/**;bin\/**" (valor anterior: ";bin\Debug\/**;obj\Debug\/**") en C:\Program Files\dotnet\sdk\9.0.310\Sdks\Microsoft.NET.Sdk\targets\Microsoft.NET.Sdk.DefaultItems.targets (27,5)
       C:\Program Files\dotnet\sdk\9.0.310\Sdks\Microsoft.NET.Sdk\targets\Microsoft.NET.Sdk.DefaultItems.targets(29,5): message : Reasignaci├│n de propiedad: $(DefaultItemExcludes)=";bin\Debug\/**;obj\Debug\/**;bin\/**;obj\/**" (valor anterior: ";bin\Debug\/**;obj\Debug\/**;bin\/**") en C:\Program Files\dotnet\sdk\9.0.310\Sdks\Microsoft.NET.Sdk\targets\Microsoft.NET.Sdk.DefaultItems.targets (29,5)
       C:\Program Files\dotnet\sdk\9.0.310\Sdks\Microsoft.NET.Sdk\targets\Microsoft.NET.Sdk.DefaultItems.targets(32,5): message : Reasignaci├│n de propiedad: $(DefaultItemExcludes)=";bin\Debug\/**;obj\Debug\/**;bin\/**;obj\/**;**/*.user" (valor anterior: ";bin\Debug\/**;obj\Debug\/**;bin\/**;obj\/**") en C:\Program Files\dotnet\sdk\9.0.310\Sdks\Microsoft.NET.Sdk\targets\Microsoft.NET.Sdk.DefaultItems.targets (32,5)
       C:\Program Files\dotnet\sdk\9.0.310\Sdks\Microsoft.NET.Sdk\targets\Microsoft.NET.Sdk.DefaultItems.targets(33,5): message : Reasignaci├│n de propiedad: $(DefaultItemExcludes)=";bin\Debug\/**;obj\Debug\/**;bin\/**;obj\/**;**/*.user;**/*.*proj" (valor anterior: ";bin\Debug\/**;obj\Debug\/**;bin\/**;obj\/**;**/*.user") en C:\Program Files\dotnet\sdk\9.0.310\Sdks\Microsoft.NET.Sdk\targets\Microsoft.NET.Sdk.DefaultItems.targets (33,5)
       C:\Program Files\dotnet\sdk\9.0.310\Sdks\Microsoft.NET.Sdk\targets\Microsoft.NET.Sdk.DefaultItems.targets(34,5): message : Reasignaci├│n de propiedad: $(DefaultItemExcludes)=";bin\Debug\/**;obj\Debug\/**;bin\/**;obj\/**;**/*.user;**/*.*proj;**/*.sln" (valor anterior: ";bin\Debug\/**;obj\Debug\/**;bin\/**;obj\/**;**/*.user;**/*.*proj") en C:\Program Files\dotnet\sdk\9.0.310\Sdks\Microsoft.NET.Sdk\targets\Microsoft.NET.Sdk.DefaultItems.targets (34,5)
       C:\Program Files\dotnet\sdk\9.0.310\Sdks\Microsoft.NET.Sdk\targets\Microsoft.NET.Sdk.DefaultItems.targets(35,5): message : Reasignaci├│n de propiedad: $(DefaultItemExcludes)=";bin\Debug\/**;obj\Debug\/**;bin\/**;obj\/**;**/*.user;**/*.*proj;**/*.sln;**/*.slnx" (valor anterior: ";bin\Debug\/**;obj\Debug\/**;bin\/**;obj\/**;**/*.user;**/*.*proj;**/*.sln") en C:\Program Files\dotnet\sdk\9.0.310\Sdks\Microsoft.NET.Sdk\targets\Microsoft.NET.Sdk.DefaultItems.targets (35,5)
       C:\Program Files\dotnet\sdk\9.0.310\Sdks\Microsoft.NET.Sdk\targets\Microsoft.NET.Sdk.DefaultItems.targets(36,5): message : Reasignaci├│n de propiedad: $(DefaultItemExcludes)=";bin\Debug\/**;obj\Debug\/**;bin\/**;obj\/**;**/*.user;**/*.*proj;**/*.sln;**/*.slnx;**/*.vssscc" (valor anterior: ";bin\Debug\/**;obj\Debug\/**;bin\/**;obj\/**;**/*.user;**/*.*proj;**/*.sln;**/*.slnx") en C:\Program Files\dotnet\sdk\9.0.310\Sdks\Microsoft.NET.Sdk\targets\Microsoft.NET.Sdk.DefaultItems.targets (36,5)
       C:\Program Files\dotnet\sdk\9.0.310\Sdks\Microsoft.NET.Sdk\targets\Microsoft.NET.Sdk.DefaultItems.targets(37,5): message : Reasignaci├│n de propiedad: $(DefaultItemExcludes)=";bin\Debug\/**;obj\Debug\/**;bin\/**;obj\/**;**/*.user;**/*.*proj;**/*.sln;**/*.slnx;**/*.vssscc;**/.DS_Store" (valor anterior: ";bin\Debug\/**;obj\Debug\/**;bin\/**;obj\/**;**/*.user;**/*.*proj;**/*.sln;**/*.slnx;**/*.vssscc") en C:\Program Files\dotnet\sdk\9.0.310\Sdks\Microsoft.NET.Sdk\targets\Microsoft.NET.Sdk.DefaultItems.targets (37,5)
       C:\Program Files\dotnet\sdk\9.0.310\Sdks\Microsoft.NET.Sdk\targets\Microsoft.NET.Sdk.FrameworkReferenceResolution.targets(14,5): message : Reasignaci├│n de propiedad: $(ResolveAssemblyReferencesDependsOn)="
       C:\Program Files\dotnet\sdk\9.0.310\Sdks\Microsoft.NET.Sdk\targets\Microsoft.NET.Sdk.FrameworkReferenceResolution.targets(14,5): message :       
       C:\Program Files\dotnet\sdk\9.0.310\Sdks\Microsoft.NET.Sdk\targets\Microsoft.NET.Sdk.FrameworkReferenceResolution.targets(14,5): message :       
       C:\Program Files\dotnet\sdk\9.0.310\Sdks\Microsoft.NET.Sdk\targets\Microsoft.NET.Sdk.FrameworkReferenceResolution.targets(14,5): message :       ResolveProjectReferences;
       C:\Program Files\dotnet\sdk\9.0.310\Sdks\Microsoft.NET.Sdk\targets\Microsoft.NET.Sdk.FrameworkReferenceResolution.targets(14,5): message :       FindInvalidProjectReferences;
       C:\Program Files\dotnet\sdk\9.0.310\Sdks\Microsoft.NET.Sdk\targets\Microsoft.NET.Sdk.FrameworkReferenceResolution.targets(14,5): message :       GetFrameworkPaths;
       C:\Program Files\dotnet\sdk\9.0.310\Sdks\Microsoft.NET.Sdk\targets\Microsoft.NET.Sdk.FrameworkReferenceResolution.targets(14,5): message :       GetReferenceAssemblyPaths;
       C:\Program Files\dotnet\sdk\9.0.310\Sdks\Microsoft.NET.Sdk\targets\Microsoft.NET.Sdk.FrameworkReferenceResolution.targets(14,5): message :       PrepareForBuild;
       C:\Program Files\dotnet\sdk\9.0.310\Sdks\Microsoft.NET.Sdk\targets\Microsoft.NET.Sdk.FrameworkReferenceResolution.targets(14,5): message :       ResolveSDKReferences;
       C:\Program Files\dotnet\sdk\9.0.310\Sdks\Microsoft.NET.Sdk\targets\Microsoft.NET.Sdk.FrameworkReferenceResolution.targets(14,5): message :       ExpandSDKReferences;
       C:\Program Files\dotnet\sdk\9.0.310\Sdks\Microsoft.NET.Sdk\targets\Microsoft.NET.Sdk.FrameworkReferenceResolution.targets(14,5): message :     ;
       C:\Program Files\dotnet\sdk\9.0.310\Sdks\Microsoft.NET.Sdk\targets\Microsoft.NET.Sdk.FrameworkReferenceResolution.targets(14,5): message :       ResolvePackageDependenciesForBuild;
       C:\Program Files\dotnet\sdk\9.0.310\Sdks\Microsoft.NET.Sdk\targets\Microsoft.NET.Sdk.FrameworkReferenceResolution.targets(14,5): message :       _HandlePackageFileConflicts;
       C:\Program Files\dotnet\sdk\9.0.310\Sdks\Microsoft.NET.Sdk\targets\Microsoft.NET.Sdk.FrameworkReferenceResolution.targets(14,5): message :     ;
       C:\Program Files\dotnet\sdk\9.0.310\Sdks\Microsoft.NET.Sdk\targets\Microsoft.NET.Sdk.FrameworkReferenceResolution.targets(14,5): message :       ResolveTargetingPackAssets;
       C:\Program Files\dotnet\sdk\9.0.310\Sdks\Microsoft.NET.Sdk\targets\Microsoft.NET.Sdk.FrameworkReferenceResolution.targets(14,5): message :     " (valor anterior: "
       C:\Program Files\dotnet\sdk\9.0.310\Sdks\Microsoft.NET.Sdk\targets\Microsoft.NET.Sdk.FrameworkReferenceResolution.targets(14,5): message :       
       C:\Program Files\dotnet\sdk\9.0.310\Sdks\Microsoft.NET.Sdk\targets\Microsoft.NET.Sdk.FrameworkReferenceResolution.targets(14,5): message :       ResolveProjectReferences;
       C:\Program Files\dotnet\sdk\9.0.310\Sdks\Microsoft.NET.Sdk\targets\Microsoft.NET.Sdk.FrameworkReferenceResolution.targets(14,5): message :       FindInvalidProjectReferences;
       C:\Program Files\dotnet\sdk\9.0.310\Sdks\Microsoft.NET.Sdk\targets\Microsoft.NET.Sdk.FrameworkReferenceResolution.targets(14,5): message :       GetFrameworkPaths;
       C:\Program Files\dotnet\sdk\9.0.310\Sdks\Microsoft.NET.Sdk\targets\Microsoft.NET.Sdk.FrameworkReferenceResolution.targets(14,5): message :       GetReferenceAssemblyPaths;
       C:\Program Files\dotnet\sdk\9.0.310\Sdks\Microsoft.NET.Sdk\targets\Microsoft.NET.Sdk.FrameworkReferenceResolution.targets(14,5): message :       PrepareForBuild;
       C:\Program Files\dotnet\sdk\9.0.310\Sdks\Microsoft.NET.Sdk\targets\Microsoft.NET.Sdk.FrameworkReferenceResolution.targets(14,5): message :       ResolveSDKReferences;
       C:\Program Files\dotnet\sdk\9.0.310\Sdks\Microsoft.NET.Sdk\targets\Microsoft.NET.Sdk.FrameworkReferenceResolution.targets(14,5): message :       ExpandSDKReferences;
       C:\Program Files\dotnet\sdk\9.0.310\Sdks\Microsoft.NET.Sdk\targets\Microsoft.NET.Sdk.FrameworkReferenceResolution.targets(14,5): message :     ;
       C:\Program Files\dotnet\sdk\9.0.310\Sdks\Microsoft.NET.Sdk\targets\Microsoft.NET.Sdk.FrameworkReferenceResolution.targets(14,5): message :       ResolvePackageDependenciesForBuild;
       C:\Program Files\dotnet\sdk\9.0.310\Sdks\Microsoft.NET.Sdk\targets\Microsoft.NET.Sdk.FrameworkReferenceResolution.targets(14,5): message :       _HandlePackageFileConflicts;
       C:\Program Files\dotnet\sdk\9.0.310\Sdks\Microsoft.NET.Sdk\targets\Microsoft.NET.Sdk.FrameworkReferenceResolution.targets(14,5): message :     ") en C:\Program Files\dotnet\sdk\9.0.310\Sdks\Microsoft.NET.Sdk\targets\Microsoft.NET.Sdk.FrameworkReferenceResolution.targets (14,5)
       C:\Program Files\dotnet\sdk\9.0.310\Sdks\Microsoft.NET.Sdk\targets\Microsoft.NET.Sdk.targets(44,5): message : Reasignaci├│n de propiedad: $(_GenerateRuntimeConfigurationPropertyInputsCache)="C:\temp\MVP\documento-ia-clasificacion-mvp\src\backend\DocumentIA.Core\obj\Debug\net8.0\DocumentIA.Core.genruntimeconfig.cache" (valor anterior: "obj\Debug\net8.0\DocumentIA.Core.genruntimeconfig.cache") en C:\Program Files\dotnet\sdk\9.0.310\Sdks\Microsoft.NET.Sdk\targets\Microsoft.NET.Sdk.targets (44,5)
       C:\Program Files\dotnet\sdk\9.0.310\Sdks\Microsoft.NET.Sdk\targets\Microsoft.NET.Sdk.targets(46,5): message : Reasignaci├│n de propiedad: $(_GeneratePublishDependencyFilePropertyInputsCache)="C:\temp\MVP\documento-ia-clasificacion-mvp\src\backend\DocumentIA.Core\obj\Debug\net8.0\DocumentIA.Core.genpublishdeps.cache" (valor anterior: "obj\Debug\net8.0\DocumentIA.Core.genpublishdeps.cache") en C:\Program Files\dotnet\sdk\9.0.310\Sdks\Microsoft.NET.Sdk\targets\Microsoft.NET.Sdk.targets (46,5)
       C:\Program Files\dotnet\sdk\9.0.310\Sdks\Microsoft.NET.Sdk\targets\Microsoft.NET.Sdk.targets(48,5): message : Reasignaci├│n de propiedad: $(_GenerateSingleFileBundlePropertyInputsCache)="C:\temp\MVP\documento-ia-clasificacion-mvp\src\backend\DocumentIA.Core\obj\Debug\net8.0\DocumentIA.Core.genbundle.cache" (valor anterior: "obj\Debug\net8.0\DocumentIA.Core.genbundle.cache") en C:\Program Files\dotnet\sdk\9.0.310\Sdks\Microsoft.NET.Sdk\targets\Microsoft.NET.Sdk.targets (48,5)
       C:\Program Files\dotnet\sdk\9.0.310\Sdks\Microsoft.NET.Sdk\targets\Microsoft.NET.Sdk.targets(81,5): message : Reasignaci├│n de propiedad: $(GenerateRuntimeConfigDevFile)="false" (valor anterior: "true") en C:\Program Files\dotnet\sdk\9.0.310\Sdks\Microsoft.NET.Sdk\targets\Microsoft.NET.Sdk.targets (81,5)
       C:\Program Files\dotnet\sdk\9.0.310\Sdks\Microsoft.NET.Sdk\targets\Microsoft.NET.Sdk.targets(97,5): message : Propiedad "USERPROFILE" con el valor "C:\Users\ubf0238" expandido desde el entorno.
       C:\Program Files\dotnet\sdk\9.0.310\Sdks\Microsoft.NET.Sdk\targets\Microsoft.NET.Sdk.targets(97,5): message : Reasignaci├│n de propiedad: $(_DefaultUserProfileRuntimeStorePath)="C:\Users\ubf0238" (valor anterior: "") en C:\Program Files\dotnet\sdk\9.0.310\Sdks\Microsoft.NET.Sdk\targets\Microsoft.NET.Sdk.targets (97,5)
       C:\Program Files\dotnet\sdk\9.0.310\Sdks\Microsoft.NET.Sdk\targets\Microsoft.NET.Sdk.targets(98,5): message : Reasignaci├│n de propiedad: $(_DefaultUserProfileRuntimeStorePath)="C:\Users\ubf0238\.dotnet\store" (valor anterior: "C:\Users\ubf0238") en C:\Program Files\dotnet\sdk\9.0.310\Sdks\Microsoft.NET.Sdk\targets\Microsoft.NET.Sdk.targets (98,5)
       C:\Program Files\dotnet\sdk\9.0.310\Sdks\Microsoft.NET.Sdk\targets\Microsoft.NET.Sdk.targets(140,5): message : Reasignaci├│n de propiedad: $(AvailablePlatforms)="Any CPU,x86,x64,ARM32" (valor anterior: "Any CPU,x86,x64") en C:\Program Files\dotnet\sdk\9.0.310\Sdks\Microsoft.NET.Sdk\targets\Microsoft.NET.Sdk.targets (140,5)
       C:\Program Files\dotnet\sdk\9.0.310\Sdks\Microsoft.NET.Sdk\targets\Microsoft.NET.Sdk.targets(144,5): message : Reasignaci├│n de propiedad: $(AvailablePlatforms)="Any CPU,x86,x64,ARM32,ARM64" (valor anterior: "Any CPU,x86,x64,ARM32") en C:\Program Files\dotnet\sdk\9.0.310\Sdks\Microsoft.NET.Sdk\targets\Microsoft.NET.Sdk.targets (144,5)
       C:\Program Files\dotnet\sdk\9.0.310\Sdks\Microsoft.NET.Sdk\targets\Microsoft.NET.Sdk.targets(201,5): message : Reasignaci├│n de propiedad: $(CoreBuildDependsOn)="
       C:\Program Files\dotnet\sdk\9.0.310\Sdks\Microsoft.NET.Sdk\targets\Microsoft.NET.Sdk.targets(201,5): message :       _CheckForBuildWithNoBuild;
       C:\Program Files\dotnet\sdk\9.0.310\Sdks\Microsoft.NET.Sdk\targets\Microsoft.NET.Sdk.targets(201,5): message :       
       C:\Program Files\dotnet\sdk\9.0.310\Sdks\Microsoft.NET.Sdk\targets\Microsoft.NET.Sdk.targets(201,5): message :       BuildOnlySettings;
       C:\Program Files\dotnet\sdk\9.0.310\Sdks\Microsoft.NET.Sdk\targets\Microsoft.NET.Sdk.targets(201,5): message :       PrepareForBuild;
       C:\Program Files\dotnet\sdk\9.0.310\Sdks\Microsoft.NET.Sdk\targets\Microsoft.NET.Sdk.targets(201,5): message :       PreBuildEvent;
       C:\Program Files\dotnet\sdk\9.0.310\Sdks\Microsoft.NET.Sdk\targets\Microsoft.NET.Sdk.targets(201,5): message :       ResolveReferences;
       C:\Program Files\dotnet\sdk\9.0.310\Sdks\Microsoft.NET.Sdk\targets\Microsoft.NET.Sdk.targets(201,5): message :       PrepareResources;
       C:\Program Files\dotnet\sdk\9.0.310\Sdks\Microsoft.NET.Sdk\targets\Microsoft.NET.Sdk.targets(201,5): message :       ResolveKeySource;
       C:\Program Files\dotnet\sdk\9.0.310\Sdks\Microsoft.NET.Sdk\targets\Microsoft.NET.Sdk.targets(201,5): message :       Compile;
       C:\Program Files\dotnet\sdk\9.0.310\Sdks\Microsoft.NET.Sdk\targets\Microsoft.NET.Sdk.targets(201,5): message :       ExportWindowsMDFile;
       C:\Program Files\dotnet\sdk\9.0.310\Sdks\Microsoft.NET.Sdk\targets\Microsoft.NET.Sdk.targets(201,5): message :       UnmanagedUnregistration;
       C:\Program Files\dotnet\sdk\9.0.310\Sdks\Microsoft.NET.Sdk\targets\Microsoft.NET.Sdk.targets(201,5): message :       GenerateSerializationAssemblies;
       C:\Program Files\dotnet\sdk\9.0.310\Sdks\Microsoft.NET.Sdk\targets\Microsoft.NET.Sdk.targets(201,5): message :       CreateSatelliteAssemblies;
       C:\Program Files\dotnet\sdk\9.0.310\Sdks\Microsoft.NET.Sdk\targets\Microsoft.NET.Sdk.targets(201,5): message :       GenerateManifests;
       C:\Program Files\dotnet\sdk\9.0.310\Sdks\Microsoft.NET.Sdk\targets\Microsoft.NET.Sdk.targets(201,5): message :       GetTargetPath;
       C:\Program Files\dotnet\sdk\9.0.310\Sdks\Microsoft.NET.Sdk\targets\Microsoft.NET.Sdk.targets(201,5): message :       PrepareForRun;
       C:\Program Files\dotnet\sdk\9.0.310\Sdks\Microsoft.NET.Sdk\targets\Microsoft.NET.Sdk.targets(201,5): message :       UnmanagedRegistration;
       C:\Program Files\dotnet\sdk\9.0.310\Sdks\Microsoft.NET.Sdk\targets\Microsoft.NET.Sdk.targets(201,5): message :       IncrementalClean;
       C:\Program Files\dotnet\sdk\9.0.310\Sdks\Microsoft.NET.Sdk\targets\Microsoft.NET.Sdk.targets(201,5): message :       PostBuildEvent
       C:\Program Files\dotnet\sdk\9.0.310\Sdks\Microsoft.NET.Sdk\targets\Microsoft.NET.Sdk.targets(201,5): message :     ;
       C:\Program Files\dotnet\sdk\9.0.310\Sdks\Microsoft.NET.Sdk\targets\Microsoft.NET.Sdk.targets(201,5): message :       GenerateBuildDependencyFile;
       C:\Program Files\dotnet\sdk\9.0.310\Sdks\Microsoft.NET.Sdk\targets\Microsoft.NET.Sdk.targets(201,5): message :       GenerateBuildRuntimeConfigurationFiles
       C:\Program Files\dotnet\sdk\9.0.310\Sdks\Microsoft.NET.Sdk\targets\Microsoft.NET.Sdk.targets(201,5): message :     " (valor anterior: "
       C:\Program Files\dotnet\sdk\9.0.310\Sdks\Microsoft.NET.Sdk\targets\Microsoft.NET.Sdk.targets(201,5): message :       BuildOnlySettings;
       C:\Program Files\dotnet\sdk\9.0.310\Sdks\Microsoft.NET.Sdk\targets\Microsoft.NET.Sdk.targets(201,5): message :       PrepareForBuild;
       C:\Program Files\dotnet\sdk\9.0.310\Sdks\Microsoft.NET.Sdk\targets\Microsoft.NET.Sdk.targets(201,5): message :       PreBuildEvent;
       C:\Program Files\dotnet\sdk\9.0.310\Sdks\Microsoft.NET.Sdk\targets\Microsoft.NET.Sdk.targets(201,5): message :       ResolveReferences;
       C:\Program Files\dotnet\sdk\9.0.310\Sdks\Microsoft.NET.Sdk\targets\Microsoft.NET.Sdk.targets(201,5): message :       PrepareResources;
       C:\Program Files\dotnet\sdk\9.0.310\Sdks\Microsoft.NET.Sdk\targets\Microsoft.NET.Sdk.targets(201,5): message :       ResolveKeySource;
       C:\Program Files\dotnet\sdk\9.0.310\Sdks\Microsoft.NET.Sdk\targets\Microsoft.NET.Sdk.targets(201,5): message :       Compile;
       C:\Program Files\dotnet\sdk\9.0.310\Sdks\Microsoft.NET.Sdk\targets\Microsoft.NET.Sdk.targets(201,5): message :       ExportWindowsMDFile;
       C:\Program Files\dotnet\sdk\9.0.310\Sdks\Microsoft.NET.Sdk\targets\Microsoft.NET.Sdk.targets(201,5): message :       UnmanagedUnregistration;
       C:\Program Files\dotnet\sdk\9.0.310\Sdks\Microsoft.NET.Sdk\targets\Microsoft.NET.Sdk.targets(201,5): message :       GenerateSerializationAssemblies;
       C:\Program Files\dotnet\sdk\9.0.310\Sdks\Microsoft.NET.Sdk\targets\Microsoft.NET.Sdk.targets(201,5): message :       CreateSatelliteAssemblies;
       C:\Program Files\dotnet\sdk\9.0.310\Sdks\Microsoft.NET.Sdk\targets\Microsoft.NET.Sdk.targets(201,5): message :       GenerateManifests;
       C:\Program Files\dotnet\sdk\9.0.310\Sdks\Microsoft.NET.Sdk\targets\Microsoft.NET.Sdk.targets(201,5): message :       GetTargetPath;
       C:\Program Files\dotnet\sdk\9.0.310\Sdks\Microsoft.NET.Sdk\targets\Microsoft.NET.Sdk.targets(201,5): message :       PrepareForRun;
       C:\Program Files\dotnet\sdk\9.0.310\Sdks\Microsoft.NET.Sdk\targets\Microsoft.NET.Sdk.targets(201,5): message :       UnmanagedRegistration;
       C:\Program Files\dotnet\sdk\9.0.310\Sdks\Microsoft.NET.Sdk\targets\Microsoft.NET.Sdk.targets(201,5): message :       IncrementalClean;
       C:\Program Files\dotnet\sdk\9.0.310\Sdks\Microsoft.NET.Sdk\targets\Microsoft.NET.Sdk.targets(201,5): message :       PostBuildEvent
       C:\Program Files\dotnet\sdk\9.0.310\Sdks\Microsoft.NET.Sdk\targets\Microsoft.NET.Sdk.targets(201,5): message :     ") en C:\Program Files\dotnet\sdk\9.0.310\Sdks\Microsoft.NET.Sdk\targets\Microsoft.NET.Sdk.targets (201,5)
       C:\Program Files\dotnet\sdk\9.0.310\Sdks\Microsoft.NET.Sdk\targets\Microsoft.NET.Sdk.targets(210,5): message : Reasignaci├│n de propiedad: $(CoreCleanDependsOn)="
       C:\Program Files\dotnet\sdk\9.0.310\Sdks\Microsoft.NET.Sdk\targets\Microsoft.NET.Sdk.targets(210,5): message :       _SdkBeforeClean;
       C:\Program Files\dotnet\sdk\9.0.310\Sdks\Microsoft.NET.Sdk\targets\Microsoft.NET.Sdk.targets(210,5): message :       
       C:\Program Files\dotnet\sdk\9.0.310\Sdks\Microsoft.NET.Sdk\targets\Microsoft.NET.Sdk.targets(210,5): message :     " (valor anterior: "") en C:\Program Files\dotnet\sdk\9.0.310\Sdks\Microsoft.NET.Sdk\targets\Microsoft.NET.Sdk.targets (210,5)
       C:\Program Files\dotnet\sdk\9.0.310\Sdks\Microsoft.NET.Sdk\targets\Microsoft.NET.Sdk.targets(217,5): message : Reasignaci├│n de propiedad: $(RebuildDependsOn)="
       C:\Program Files\dotnet\sdk\9.0.310\Sdks\Microsoft.NET.Sdk\targets\Microsoft.NET.Sdk.targets(217,5): message :       _SdkBeforeRebuild;
       C:\Program Files\dotnet\sdk\9.0.310\Sdks\Microsoft.NET.Sdk\targets\Microsoft.NET.Sdk.targets(217,5): message :       
       C:\Program Files\dotnet\sdk\9.0.310\Sdks\Microsoft.NET.Sdk\targets\Microsoft.NET.Sdk.targets(217,5): message :       BeforeRebuild;
       C:\Program Files\dotnet\sdk\9.0.310\Sdks\Microsoft.NET.Sdk\targets\Microsoft.NET.Sdk.targets(217,5): message :       Clean;
       C:\Program Files\dotnet\sdk\9.0.310\Sdks\Microsoft.NET.Sdk\targets\Microsoft.NET.Sdk.targets(217,5): message :       Build;
       C:\Program Files\dotnet\sdk\9.0.310\Sdks\Microsoft.NET.Sdk\targets\Microsoft.NET.Sdk.targets(217,5): message :       AfterRebuild;
       C:\Program Files\dotnet\sdk\9.0.310\Sdks\Microsoft.NET.Sdk\targets\Microsoft.NET.Sdk.targets(217,5): message :     
       C:\Program Files\dotnet\sdk\9.0.310\Sdks\Microsoft.NET.Sdk\targets\Microsoft.NET.Sdk.targets(217,5): message :     " (valor anterior: "
       C:\Program Files\dotnet\sdk\9.0.310\Sdks\Microsoft.NET.Sdk\targets\Microsoft.NET.Sdk.targets(217,5): message :       BeforeRebuild;
       C:\Program Files\dotnet\sdk\9.0.310\Sdks\Microsoft.NET.Sdk\targets\Microsoft.NET.Sdk.targets(217,5): message :       Clean;
       C:\Program Files\dotnet\sdk\9.0.310\Sdks\Microsoft.NET.Sdk\targets\Microsoft.NET.Sdk.targets(217,5): message :       Build;
       C:\Program Files\dotnet\sdk\9.0.310\Sdks\Microsoft.NET.Sdk\targets\Microsoft.NET.Sdk.targets(217,5): message :       AfterRebuild;
       C:\Program Files\dotnet\sdk\9.0.310\Sdks\Microsoft.NET.Sdk\targets\Microsoft.NET.Sdk.targets(217,5): message :     ") en C:\Program Files\dotnet\sdk\9.0.310\Sdks\Microsoft.NET.Sdk\targets\Microsoft.NET.Sdk.targets (217,5)
       C:\Program Files\dotnet\sdk\9.0.310\Sdks\Microsoft.NET.Sdk\targets\Microsoft.NET.Sdk.targets(784,5): message : Reasignaci├│n de propiedad: $(CompileDependsOn)="
       C:\Program Files\dotnet\sdk\9.0.310\Sdks\Microsoft.NET.Sdk\targets\Microsoft.NET.Sdk.targets(784,5): message :       
       C:\Program Files\dotnet\sdk\9.0.310\Sdks\Microsoft.NET.Sdk\targets\Microsoft.NET.Sdk.targets(784,5): message :       ResolveReferences;
       C:\Program Files\dotnet\sdk\9.0.310\Sdks\Microsoft.NET.Sdk\targets\Microsoft.NET.Sdk.targets(784,5): message :       ResolveKeySource;
       C:\Program Files\dotnet\sdk\9.0.310\Sdks\Microsoft.NET.Sdk\targets\Microsoft.NET.Sdk.targets(784,5): message :       SetWin32ManifestProperties;
       C:\Program Files\dotnet\sdk\9.0.310\Sdks\Microsoft.NET.Sdk\targets\Microsoft.NET.Sdk.targets(784,5): message :       _SetPreferNativeArm64Win32ManifestProperties;
       C:\Program Files\dotnet\sdk\9.0.310\Sdks\Microsoft.NET.Sdk\targets\Microsoft.NET.Sdk.targets(784,5): message :       FindReferenceAssembliesForReferences;
       C:\Program Files\dotnet\sdk\9.0.310\Sdks\Microsoft.NET.Sdk\targets\Microsoft.NET.Sdk.targets(784,5): message :       _GenerateCompileInputs;
       C:\Program Files\dotnet\sdk\9.0.310\Sdks\Microsoft.NET.Sdk\targets\Microsoft.NET.Sdk.targets(784,5): message :       BeforeCompile;
       C:\Program Files\dotnet\sdk\9.0.310\Sdks\Microsoft.NET.Sdk\targets\Microsoft.NET.Sdk.targets(784,5): message :       _TimeStampBeforeCompile;
       C:\Program Files\dotnet\sdk\9.0.310\Sdks\Microsoft.NET.Sdk\targets\Microsoft.NET.Sdk.targets(784,5): message :       _GenerateCompileDependencyCache;
       C:\Program Files\dotnet\sdk\9.0.310\Sdks\Microsoft.NET.Sdk\targets\Microsoft.NET.Sdk.targets(784,5): message :       CoreCompile;
       C:\Program Files\dotnet\sdk\9.0.310\Sdks\Microsoft.NET.Sdk\targets\Microsoft.NET.Sdk.targets(784,5): message :       _TimeStampAfterCompile;
       C:\Program Files\dotnet\sdk\9.0.310\Sdks\Microsoft.NET.Sdk\targets\Microsoft.NET.Sdk.targets(784,5): message :       AfterCompile;
       C:\Program Files\dotnet\sdk\9.0.310\Sdks\Microsoft.NET.Sdk\targets\Microsoft.NET.Sdk.targets(784,5): message :     ;
       C:\Program Files\dotnet\sdk\9.0.310\Sdks\Microsoft.NET.Sdk\targets\Microsoft.NET.Sdk.targets(784,5): message :       _CreateAppHost;
       C:\Program Files\dotnet\sdk\9.0.310\Sdks\Microsoft.NET.Sdk\targets\Microsoft.NET.Sdk.targets(784,5): message :       _CreateComHost;
       C:\Program Files\dotnet\sdk\9.0.310\Sdks\Microsoft.NET.Sdk\targets\Microsoft.NET.Sdk.targets(784,5): message :       _GetIjwHostPaths;
       C:\Program Files\dotnet\sdk\9.0.310\Sdks\Microsoft.NET.Sdk\targets\Microsoft.NET.Sdk.targets(784,5): message :     " (valor anterior: "
       C:\Program Files\dotnet\sdk\9.0.310\Sdks\Microsoft.NET.Sdk\targets\Microsoft.NET.Sdk.targets(784,5): message :       ResolveReferences;
       C:\Program Files\dotnet\sdk\9.0.310\Sdks\Microsoft.NET.Sdk\targets\Microsoft.NET.Sdk.targets(784,5): message :       ResolveKeySource;
       C:\Program Files\dotnet\sdk\9.0.310\Sdks\Microsoft.NET.Sdk\targets\Microsoft.NET.Sdk.targets(784,5): message :       SetWin32ManifestProperties;
       C:\Program Files\dotnet\sdk\9.0.310\Sdks\Microsoft.NET.Sdk\targets\Microsoft.NET.Sdk.targets(784,5): message :       _SetPreferNativeArm64Win32ManifestProperties;
       C:\Program Files\dotnet\sdk\9.0.310\Sdks\Microsoft.NET.Sdk\targets\Microsoft.NET.Sdk.targets(784,5): message :       FindReferenceAssembliesForReferences;
       C:\Program Files\dotnet\sdk\9.0.310\Sdks\Microsoft.NET.Sdk\targets\Microsoft.NET.Sdk.targets(784,5): message :       _GenerateCompileInputs;
       C:\Program Files\dotnet\sdk\9.0.310\Sdks\Microsoft.NET.Sdk\targets\Microsoft.NET.Sdk.targets(784,5): message :       BeforeCompile;
       C:\Program Files\dotnet\sdk\9.0.310\Sdks\Microsoft.NET.Sdk\targets\Microsoft.NET.Sdk.targets(784,5): message :       _TimeStampBeforeCompile;
       C:\Program Files\dotnet\sdk\9.0.310\Sdks\Microsoft.NET.Sdk\targets\Microsoft.NET.Sdk.targets(784,5): message :       _GenerateCompileDependencyCache;
       C:\Program Files\dotnet\sdk\9.0.310\Sdks\Microsoft.NET.Sdk\targets\Microsoft.NET.Sdk.targets(784,5): message :       CoreCompile;
       C:\Program Files\dotnet\sdk\9.0.310\Sdks\Microsoft.NET.Sdk\targets\Microsoft.NET.Sdk.targets(784,5): message :       _TimeStampAfterCompile;
       C:\Program Files\dotnet\sdk\9.0.310\Sdks\Microsoft.NET.Sdk\targets\Microsoft.NET.Sdk.targets(784,5): message :       AfterCompile;
       C:\Program Files\dotnet\sdk\9.0.310\Sdks\Microsoft.NET.Sdk\targets\Microsoft.NET.Sdk.targets(784,5): message :     ") en C:\Program Files\dotnet\sdk\9.0.310\Sdks\Microsoft.NET.Sdk\targets\Microsoft.NET.Sdk.targets (784,5)
       C:\Program Files\dotnet\sdk\9.0.310\Sdks\Microsoft.NET.Sdk\targets\Microsoft.NET.Sdk.targets(1184,5): message : Reasignaci├│n de propiedad: $(CreateSatelliteAssembliesDependsOn)="
       C:\Program Files\dotnet\sdk\9.0.310\Sdks\Microsoft.NET.Sdk\targets\Microsoft.NET.Sdk.targets(1184,5): message :       
       C:\Program Files\dotnet\sdk\9.0.310\Sdks\Microsoft.NET.Sdk\targets\Microsoft.NET.Sdk.targets(1184,5): message :       ;
       C:\Program Files\dotnet\sdk\9.0.310\Sdks\Microsoft.NET.Sdk\targets\Microsoft.NET.Sdk.targets(1184,5): message :       _GenerateSatelliteAssemblyInputs;
       C:\Program Files\dotnet\sdk\9.0.310\Sdks\Microsoft.NET.Sdk\targets\Microsoft.NET.Sdk.targets(1184,5): message :       ComputeIntermediateSatelliteAssemblies;
       C:\Program Files\dotnet\sdk\9.0.310\Sdks\Microsoft.NET.Sdk\targets\Microsoft.NET.Sdk.targets(1184,5): message :       GenerateSatelliteAssemblies
       C:\Program Files\dotnet\sdk\9.0.310\Sdks\Microsoft.NET.Sdk\targets\Microsoft.NET.Sdk.targets(1184,5): message :     ;
       C:\Program Files\dotnet\sdk\9.0.310\Sdks\Microsoft.NET.Sdk\targets\Microsoft.NET.Sdk.targets(1184,5): message :       CoreGenerateSatelliteAssemblies
       C:\Program Files\dotnet\sdk\9.0.310\Sdks\Microsoft.NET.Sdk\targets\Microsoft.NET.Sdk.targets(1184,5): message :     " (valor anterior: "
       C:\Program Files\dotnet\sdk\9.0.310\Sdks\Microsoft.NET.Sdk\targets\Microsoft.NET.Sdk.targets(1184,5): message :       ;
       C:\Program Files\dotnet\sdk\9.0.310\Sdks\Microsoft.NET.Sdk\targets\Microsoft.NET.Sdk.targets(1184,5): message :       _GenerateSatelliteAssemblyInputs;
       C:\Program Files\dotnet\sdk\9.0.310\Sdks\Microsoft.NET.Sdk\targets\Microsoft.NET.Sdk.targets(1184,5): message :       ComputeIntermediateSatelliteAssemblies;
       C:\Program Files\dotnet\sdk\9.0.310\Sdks\Microsoft.NET.Sdk\targets\Microsoft.NET.Sdk.targets(1184,5): message :       GenerateSatelliteAssemblies
       C:\Program Files\dotnet\sdk\9.0.310\Sdks\Microsoft.NET.Sdk\targets\Microsoft.NET.Sdk.targets(1184,5): message :     ") en C:\Program Files\dotnet\sdk\9.0.310\Sdks\Microsoft.NET.Sdk\targets\Microsoft.NET.Sdk.targets (1184,5)
       C:\Program Files\dotnet\sdk\9.0.310\Sdks\Microsoft.SourceLink.GitLab\build\Microsoft.SourceLink.GitLab.targets(12,5): message : Reasignaci├│n de propiedad: $(SourceLinkUrlInitializerTargets)=";_InitializeGitHubSourceLinkUrl;_InitializeGitLabSourceLinkUrl" (valor anterior: ";_InitializeGitHubSourceLinkUrl") en C:\Program Files\dotnet\sdk\9.0.310\Sdks\Microsoft.SourceLink.GitLab\build\Microsoft.SourceLink.GitLab.targets (12,5)
       C:\Program Files\dotnet\sdk\9.0.310\Sdks\Microsoft.SourceLink.GitLab\build\Microsoft.SourceLink.GitLab.targets(13,5): message : Reasignaci├│n de propiedad: $(SourceControlManagerUrlTranslationTargets)=";TranslateGitHubUrlsInSourceControlInformation;TranslateGitLabUrlsInSourceControlInformation" (valor anterior: ";TranslateGitHubUrlsInSourceControlInformation") en C:\Program Files\dotnet\sdk\9.0.310\Sdks\Microsoft.SourceLink.GitLab\build\Microsoft.SourceLink.GitLab.targets (13,5)
       C:\Program Files\dotnet\sdk\9.0.310\Sdks\Microsoft.SourceLink.AzureRepos.Git\build\Microsoft.SourceLink.AzureRepos.Git.targets(12,5): message : Reasignaci├│n de propiedad: $(SourceLinkUrlInitializerTargets)=";_InitializeGitHubSourceLinkUrl;_InitializeGitLabSourceLinkUrl;_InitializeAzureReposGitSourceLinkUrl" (valor anterior: ";_InitializeGitHubSourceLinkUrl;_InitializeGitLabSourceLinkUrl") en C:\Program Files\dotnet\sdk\9.0.310\Sdks\Microsoft.SourceLink.AzureRepos.Git\build\Microsoft.SourceLink.AzureRepos.Git.targets (12,5)
       C:\Program Files\dotnet\sdk\9.0.310\Sdks\Microsoft.SourceLink.AzureRepos.Git\build\Microsoft.SourceLink.AzureRepos.Git.targets(13,5): message : Reasignaci├│n de propiedad: $(SourceControlManagerUrlTranslationTargets)=";TranslateGitHubUrlsInSourceControlInformation;TranslateGitLabUrlsInSourceControlInformation;TranslateAzureReposGitUrlsInSourceControlInformation" (valor anterior: ";TranslateGitHubUrlsInSourceControlInformation;TranslateGitLabUrlsInSourceControlInformation") en C:\Program Files\dotnet\sdk\9.0.310\Sdks\Microsoft.SourceLink.AzureRepos.Git\build\Microsoft.SourceLink.AzureRepos.Git.targets (13,5)
       C:\Program Files\dotnet\sdk\9.0.310\Sdks\Microsoft.SourceLink.Bitbucket.Git\build\Microsoft.SourceLink.Bitbucket.Git.targets(12,5): message : Reasignaci├│n de propiedad: $(SourceLinkUrlInitializerTargets)=";_InitializeGitHubSourceLinkUrl;_InitializeGitLabSourceLinkUrl;_InitializeAzureReposGitSourceLinkUrl;_InitializeBitbucketGitSourceLinkUrl" (valor anterior: ";_InitializeGitHubSourceLinkUrl;_InitializeGitLabSourceLinkUrl;_InitializeAzureReposGitSourceLinkUrl") en C:\Program Files\dotnet\sdk\9.0.310\Sdks\Microsoft.SourceLink.Bitbucket.Git\build\Microsoft.SourceLink.Bitbucket.Git.targets (12,5)
       C:\Program Files\dotnet\sdk\9.0.310\Sdks\Microsoft.SourceLink.Bitbucket.Git\build\Microsoft.SourceLink.Bitbucket.Git.targets(13,5): message : Reasignaci├│n de propiedad: $(SourceControlManagerUrlTranslationTargets)=";TranslateGitHubUrlsInSourceControlInformation;TranslateGitLabUrlsInSourceControlInformation;TranslateAzureReposGitUrlsInSourceControlInformation;TranslateBitbucketGitUrlsInSourceControlInformation" (valor anterior: ";TranslateGitHubUrlsInSourceControlInformation;TranslateGitLabUrlsInSourceControlInformation;TranslateAzureReposGitUrlsInSourceControlInformation") en C:\Program Files\dotnet\sdk\9.0.310\Sdks\Microsoft.SourceLink.Bitbucket.Git\build\Microsoft.SourceLink.Bitbucket.Git.targets (13,5)
       C:\Program Files\dotnet\sdk\9.0.310\Sdks\Microsoft.NET.Sdk\targets\Microsoft.NET.DesignerSupport.targets(21,5): message : Reasignaci├│n de propiedad: $(DesignerRuntimeImplementationProjectOutputGroupDependsOn)="
       C:\Program Files\dotnet\sdk\9.0.310\Sdks\Microsoft.NET.Sdk\targets\Microsoft.NET.DesignerSupport.targets(21,5): message :       
       C:\Program Files\dotnet\sdk\9.0.310\Sdks\Microsoft.NET.Sdk\targets\Microsoft.NET.DesignerSupport.targets(21,5): message :       ;
       C:\Program Files\dotnet\sdk\9.0.310\Sdks\Microsoft.NET.Sdk\targets\Microsoft.NET.DesignerSupport.targets(21,5): message :       
       C:\Program Files\dotnet\sdk\9.0.310\Sdks\Microsoft.NET.Sdk\targets\Microsoft.NET.DesignerSupport.targets(21,5): message :       ;
       C:\Program Files\dotnet\sdk\9.0.310\Sdks\Microsoft.NET.Sdk\targets\Microsoft.NET.DesignerSupport.targets(21,5): message :       BuildOnlySettings;
       C:\Program Files\dotnet\sdk\9.0.310\Sdks\Microsoft.NET.Sdk\targets\Microsoft.NET.DesignerSupport.targets(21,5): message :       PrepareForBuild;
       C:\Program Files\dotnet\sdk\9.0.310\Sdks\Microsoft.NET.Sdk\targets\Microsoft.NET.DesignerSupport.targets(21,5): message :       AssignTargetPaths;
       C:\Program Files\dotnet\sdk\9.0.310\Sdks\Microsoft.NET.Sdk\targets\Microsoft.NET.DesignerSupport.targets(21,5): message :       ResolveReferences
       C:\Program Files\dotnet\sdk\9.0.310\Sdks\Microsoft.NET.Sdk\targets\Microsoft.NET.DesignerSupport.targets(21,5): message :     
       C:\Program Files\dotnet\sdk\9.0.310\Sdks\Microsoft.NET.Sdk\targets\Microsoft.NET.DesignerSupport.targets(21,5): message :     ;
       C:\Program Files\dotnet\sdk\9.0.310\Sdks\Microsoft.NET.Sdk\targets\Microsoft.NET.DesignerSupport.targets(21,5): message :       _GenerateDesignerDepsFile;
       C:\Program Files\dotnet\sdk\9.0.310\Sdks\Microsoft.NET.Sdk\targets\Microsoft.NET.DesignerSupport.targets(21,5): message :       _GenerateDesignerRuntimeConfigFile;
       C:\Program Files\dotnet\sdk\9.0.310\Sdks\Microsoft.NET.Sdk\targets\Microsoft.NET.DesignerSupport.targets(21,5): message :       GetCopyToOutputDirectoryItems;
       C:\Program Files\dotnet\sdk\9.0.310\Sdks\Microsoft.NET.Sdk\targets\Microsoft.NET.DesignerSupport.targets(21,5): message :       _GatherDesignerShadowCopyFiles;
       C:\Program Files\dotnet\sdk\9.0.310\Sdks\Microsoft.NET.Sdk\targets\Microsoft.NET.DesignerSupport.targets(21,5): message :     " (valor anterior: "
       C:\Program Files\dotnet\sdk\9.0.310\Sdks\Microsoft.NET.Sdk\targets\Microsoft.NET.DesignerSupport.targets(21,5): message :       ;
       C:\Program Files\dotnet\sdk\9.0.310\Sdks\Microsoft.NET.Sdk\targets\Microsoft.NET.DesignerSupport.targets(21,5): message :       
       C:\Program Files\dotnet\sdk\9.0.310\Sdks\Microsoft.NET.Sdk\targets\Microsoft.NET.DesignerSupport.targets(21,5): message :       ;
       C:\Program Files\dotnet\sdk\9.0.310\Sdks\Microsoft.NET.Sdk\targets\Microsoft.NET.DesignerSupport.targets(21,5): message :       BuildOnlySettings;
       C:\Program Files\dotnet\sdk\9.0.310\Sdks\Microsoft.NET.Sdk\targets\Microsoft.NET.DesignerSupport.targets(21,5): message :       PrepareForBuild;
       C:\Program Files\dotnet\sdk\9.0.310\Sdks\Microsoft.NET.Sdk\targets\Microsoft.NET.DesignerSupport.targets(21,5): message :       AssignTargetPaths;
       C:\Program Files\dotnet\sdk\9.0.310\Sdks\Microsoft.NET.Sdk\targets\Microsoft.NET.DesignerSupport.targets(21,5): message :       ResolveReferences
       C:\Program Files\dotnet\sdk\9.0.310\Sdks\Microsoft.NET.Sdk\targets\Microsoft.NET.DesignerSupport.targets(21,5): message :     
       C:\Program Files\dotnet\sdk\9.0.310\Sdks\Microsoft.NET.Sdk\targets\Microsoft.NET.DesignerSupport.targets(21,5): message :     ") en C:\Program Files\dotnet\sdk\9.0.310\Sdks\Microsoft.NET.Sdk\targets\Microsoft.NET.DesignerSupport.targets (21,5)
       C:\Program Files\dotnet\sdk\9.0.310\Sdks\Microsoft.NET.Sdk\targets\Microsoft.NET.PackTool.targets(68,5): message : Reasignaci├│n de propiedad: $(_GenerateToolsSettingsFileCacheFile)="C:\temp\MVP\documento-ia-clasificacion-mvp\src\backend\DocumentIA.Core\obj\Debug\net8.0\DocumentIA.Core.toolssettingsinput.cache" (valor anterior: "obj\Debug\net8.0\DocumentIA.Core.toolssettingsinput.cache") en C:\Program Files\dotnet\sdk\9.0.310\Sdks\Microsoft.NET.Sdk\targets\Microsoft.NET.PackTool.targets (68,5)
       C:\Program Files\dotnet\sdk\9.0.310\Sdks\Microsoft.NET.Sdk\targets\Microsoft.NET.PackTool.targets(137,5): message : Reasignaci├│n de propiedad: $(_ShimInputCacheFile)="C:\temp\MVP\documento-ia-clasificacion-mvp\src\backend\DocumentIA.Core\obj\Debug\net8.0\DocumentIA.Core.shiminput.cache" (valor anterior: "obj\Debug\net8.0\DocumentIA.Core.shiminput.cache") en C:\Program Files\dotnet\sdk\9.0.310\Sdks\Microsoft.NET.Sdk\targets\Microsoft.NET.PackTool.targets (137,5)
       C:\Program Files\dotnet\sdk\9.0.310\Sdks\Microsoft.NET.Sdk\targets\Microsoft.NET.PackTool.targets(139,5): message : Reasignaci├│n de propiedad: $(_ShimCreatedSentinelFile)="C:\temp\MVP\documento-ia-clasificacion-mvp\src\backend\DocumentIA.Core\obj\Debug\net8.0\DocumentIA.Core.shimcreated.sentinel" (valor anterior: "obj\Debug\net8.0\DocumentIA.Core.shimcreated.sentinel") en C:\Program Files\dotnet\sdk\9.0.310\Sdks\Microsoft.NET.Sdk\targets\Microsoft.NET.PackTool.targets (139,5)
       C:\Program Files\dotnet\sdk\9.0.310\Sdks\Microsoft.NET.Sdk\targets\Microsoft.NET.Sdk.CSharp.targets(31,5): message : Reasignaci├│n de propiedad: $(DefineConstants)="TRACE;DEBUG" (valor anterior: "TRACE") en C:\Program Files\dotnet\sdk\9.0.310\Sdks\Microsoft.NET.Sdk\targets\Microsoft.NET.Sdk.CSharp.targets (31,5)
       C:\Program Files\dotnet\sdk\9.0.310\Sdks\Microsoft.NET.Sdk\targets\Microsoft.NET.Sdk.CSharp.targets(34,5): message : Reasignaci├│n de propiedad: $(DefineConstants)="TRACE;DEBUG;NET;NET8_0;NETCOREAPP" (valor anterior: "TRACE;DEBUG") en C:\Program Files\dotnet\sdk\9.0.310\Sdks\Microsoft.NET.Sdk\targets\Microsoft.NET.Sdk.CSharp.targets (34,5)
       C:\Program Files\dotnet\sdk\9.0.310\Sdks\Microsoft.NET.Sdk\targets\Microsoft.NET.Sdk.CSharp.targets(48,5): message : Reasignaci├│n de propiedad: $(WarningsAsErrors)=";NU1605;SYSLIB0011" (valor anterior: ";NU1605") en C:\Program Files\dotnet\sdk\9.0.310\Sdks\Microsoft.NET.Sdk\targets\Microsoft.NET.Sdk.CSharp.targets (48,5)
       C:\Program Files\dotnet\sdk\9.0.310\Sdks\NuGet.Build.Tasks.Pack\build\NuGet.Build.Tasks.Pack.targets(34,5): message : Reasignaci├│n de propiedad: $(PackageDescription)="Package Description" (valor anterior: "") en C:\Program Files\dotnet\sdk\9.0.310\Sdks\NuGet.Build.Tasks.Pack\build\NuGet.Build.Tasks.Pack.targets (34,5)
       C:\Program Files\dotnet\sdk\9.0.310\Sdks\NuGet.Build.Tasks.Pack\build\NuGet.Build.Tasks.Pack.targets(59,5): message : Reasignaci├│n de propiedad: $(GenerateNuspecDependsOn)="Build;_LoadPackInputItems; _GetTargetFrameworksOutput; _WalkEachTargetPerFramework; _GetPackageFiles; " (valor anterior: "_LoadPackInputItems; _GetTargetFrameworksOutput; _WalkEachTargetPerFramework; _GetPackageFiles; ") en C:\Program Files\dotnet\sdk\9.0.310\Sdks\NuGet.Build.Tasks.Pack\build\NuGet.Build.Tasks.Pack.targets (59,5)
       C:\Program Files\dotnet\sdk\9.0.310\Sdks\Microsoft.NET.Sdk\Sdk\Sdk.targets(60,5): message : Reasignaci├│n de propiedad: $(_IsNotSetContainersTargetsDir)="true" (valor anterior: "false") en C:\Program Files\dotnet\sdk\9.0.310\Sdks\Microsoft.NET.Sdk\Sdk\Sdk.targets (60,5)
       C:\Program Files\dotnet\sdk\9.0.310\Containers\build\Microsoft.NET.Build.Containers.targets(5,5): message : Reasignaci├│n de propiedad: $(_IsSDKContainerAllowedVersion)="true" (valor anterior: "false") en C:\Program Files\dotnet\sdk\9.0.310\Containers\build\Microsoft.NET.Build.Containers.targets (5,5)
       C:\Program Files\dotnet\sdk\9.0.310\Containers\build\Microsoft.NET.Build.Containers.targets(15,5): message : Reasignaci├│n de propiedad: $(_ContainerIsTargetingNet8TFM)="true" (valor anterior: "false") en C:\Program Files\dotnet\sdk\9.0.310\Containers\build\Microsoft.NET.Build.Containers.targets (15,5)
       Invalidando el destino "ResolveFrameworkReferences" del proyecto"C:\Program Files\dotnet\sdk\9.0.310\Microsoft.Common.CurrentVersion.targets" con el destino "ResolveFrameworkReferences" del proyecto "C:\Program Files\dotnet\sdk\9.0.310\Sdks\Microsoft.NET.Sdk\targets\Microsoft.NET.Sdk.FrameworkReferenceResolution.targets".
       Invalidando el destino "Run" del proyecto"C:\Program Files\dotnet\sdk\9.0.310\Microsoft.Common.CurrentVersion.targets" con el destino "Run" del proyecto "C:\Program Files\dotnet\sdk\9.0.310\Sdks\Microsoft.NET.Sdk\targets\Microsoft.NET.Sdk.targets".
       Invalidando el destino "GenerateSupportedTargetFrameworkAlias" del proyecto"C:\Program Files\dotnet\sdk\9.0.310\Microsoft.Common.CurrentVersion.targets" con el destino "GenerateSupportedTargetFrameworkAlias" del proyecto "C:\Program Files\dotnet\sdk\9.0.310\Sdks\Microsoft.NET.Sdk\targets\Microsoft.NET.Sdk.targets".
       Invalidando el destino "GetReferenceAssemblyPaths" del proyecto"C:\Program Files\dotnet\sdk\9.0.310\Microsoft.Common.CurrentVersion.targets" con el destino "GetReferenceAssemblyPaths" del proyecto "C:\Program Files\dotnet\sdk\9.0.310\Sdks\Microsoft.NET.Sdk\targets\Microsoft.NET.DisableStandardFrameworkResolution.targets".
       Invalidando el destino "GetFrameworkPaths" del proyecto"C:\Program Files\dotnet\sdk\9.0.310\Microsoft.Common.CurrentVersion.targets" con el destino "GetFrameworkPaths" del proyecto "C:\Program Files\dotnet\sdk\9.0.310\Sdks\Microsoft.NET.Sdk\targets\Microsoft.NET.DisableStandardFrameworkResolution.targets".
       Invalidando el destino "DesignerRuntimeImplementationProjectOutputGroup" del proyecto"C:\Program Files\dotnet\sdk\9.0.310\Microsoft.Common.CurrentVersion.targets" con el destino "DesignerRuntimeImplementationProjectOutputGroup" del proyecto "C:\Program Files\dotnet\sdk\9.0.310\Sdks\Microsoft.NET.Sdk\targets\Microsoft.NET.DesignerSupport.targets".
       Invalidando el destino "Publish" del proyecto"C:\Program Files\dotnet\sdk\9.0.310\Microsoft.Common.CurrentVersion.targets" con el destino "Publish" del proyecto "C:\Program Files\dotnet\sdk\9.0.310\Sdks\Microsoft.NET.Sdk\targets\Microsoft.NET.Publish.targets".
       Invalidando el destino "ResolveReadyToRunCompilers" del proyecto"C:\Program Files\dotnet\sdk\9.0.310\Sdks\Microsoft.NET.Sdk\targets\Microsoft.NET.CrossGen.targets" con el destino "ResolveReadyToRunCompilers" del proyecto "C:\Program Files\dotnet\sdk\9.0.310\Sdks\Microsoft.NET.Sdk\targets\Microsoft.NET.Publish.targets".
       Invalidando el destino "GetCopyToPublishDirectoryItems" del proyecto"C:\Program Files\dotnet\sdk\9.0.310\Microsoft.Common.CurrentVersion.targets" con el destino "GetCopyToPublishDirectoryItems" del proyecto "C:\Program Files\dotnet\sdk\9.0.310\Sdks\Microsoft.NET.Sdk\targets\Microsoft.NET.Publish.targets".
   1:3>El proyecto "C:\temp\MVP\documento-ia-clasificacion-mvp\src\backend\DocumentIA.Tests.Unit\DocumentIA.Tests.Unit.csproj" (1:3) est├í compilando "C:\temp\MVP\documento-ia-clasificacion-mvp\src\backend\DocumentIA.Core\DocumentIA.Core.csproj" (2) en el nodo 1 (_GenerateRestoreProjectPathWalk destinos).
     2>Se omiti├│ el destino "_GenerateRestoreProjectPathItemsAllFrameworks" debido a una condici├│n falsa (False); ( '$(TargetFrameworks)' != '' ) se evalu├│ como ( '' != '' ).
     2>Destino "_GenerateRestoreProjectPathItemsPerFramework" en el archivo "C:\Program Files\dotnet\sdk\9.0.310\NuGet.targets" del proyecto "C:\temp\MVP\documento-ia-clasificacion-mvp\src\backend\DocumentIA.Core\DocumentIA.Core.csproj" (el destino "_GenerateRestoreProjectPathItemsCurrentProject" depende de ├®l):
       Tarea "ConvertToAbsolutePath"
       Ejecuci├│n de la tarea "ConvertToAbsolutePath" terminada.
     2>Compilaci├│n terminada del destino "_GenerateRestoreProjectPathItemsPerFramework" en el proyecto "DocumentIA.Core.csproj".
     2>Destino "_GenerateRestoreProjectPathItemsCurrentProject" en el archivo "C:\Program Files\dotnet\sdk\9.0.310\NuGet.targets" del proyecto "C:\temp\MVP\documento-ia-clasificacion-mvp\src\backend\DocumentIA.Core\DocumentIA.Core.csproj" (el destino "_GenerateRestoreProjectPathItems" depende de ├®l):
     2>Compilaci├│n terminada del destino "_GenerateRestoreProjectPathItemsCurrentProject" en el proyecto "DocumentIA.Core.csproj".
     2>Destino "_GenerateRestoreProjectPathItems" en el archivo "C:\Program Files\dotnet\sdk\9.0.310\NuGet.targets" del proyecto "C:\temp\MVP\documento-ia-clasificacion-mvp\src\backend\DocumentIA.Core\DocumentIA.Core.csproj" (el destino "_GenerateRestoreProjectPathWalk" depende de ├®l):
       Tarea "RemoveDuplicates"
       Ejecuci├│n de la tarea "RemoveDuplicates" terminada.
     2>Compilaci├│n terminada del destino "_GenerateRestoreProjectPathItems" en el proyecto "DocumentIA.Core.csproj".
     2>Destino "_GenerateRestoreProjectPathWalk" en el archivo "C:\Program Files\dotnet\sdk\9.0.310\NuGet.targets" del proyecto "C:\temp\MVP\documento-ia-clasificacion-mvp\src\backend\DocumentIA.Core\DocumentIA.Core.csproj" (punto de entrada):
       Tarea "MSBuild"
       Ejecuci├│n de la tarea "MSBuild" terminada.
       Se omiti├│ la tarea "MSBuild" debido a una condici├│n falsa (False); ( '$(RestoreUseSkipNonexistentTargets)' != 'true' ) se evalu├│ como ( 'true' != 'true' ).
       Tarea "RemoveDuplicates"
       Ejecuci├│n de la tarea "RemoveDuplicates" terminada.
     2>Compilaci├│n terminada del destino "_GenerateRestoreProjectPathWalk" en el proyecto "DocumentIA.Core.csproj".
     2>Compilaci├│n del proyecto terminada "C:\temp\MVP\documento-ia-clasificacion-mvp\src\backend\DocumentIA.Core\DocumentIA.Core.csproj" (_GenerateRestoreProjectPathWalk destinos).
   1:3>Ejecuci├│n de la tarea "MSBuild" terminada.
       Se omiti├│ la tarea "MSBuild" debido a una condici├│n falsa (False); ( '$(RestoreUseSkipNonexistentTargets)' != 'true' ) se evalu├│ como ( 'true' != 'true' ).
       Tarea "RemoveDuplicates"
       Ejecuci├│n de la tarea "RemoveDuplicates" terminada.
   1:3>Compilaci├│n terminada del destino "_GenerateRestoreProjectPathWalk" en el proyecto "DocumentIA.Tests.Unit.csproj".
   1:3>Compilaci├│n del proyecto terminada "C:\temp\MVP\documento-ia-clasificacion-mvp\src\backend\DocumentIA.Tests.Unit\DocumentIA.Tests.Unit.csproj" (_GenerateRestoreProjectPathWalk destinos).
     1>Ejecuci├│n de la tarea "MSBuild" terminada.
       Se omiti├│ la tarea "MSBuild" debido a una condici├│n falsa (False); ( '$(RestoreUseSkipNonexistentTargets)' != 'true' ) se evalu├│ como ( 'true' != 'true' ).
       Tarea "RemoveDuplicates"
       Ejecuci├│n de la tarea "RemoveDuplicates" terminada.
       Tarea "MSBuild"
         Propiedades globales:
           ExcludeRestorePackageImports=true
     1>El proyecto "C:\temp\MVP\documento-ia-clasificacion-mvp\src\backend\DocumentIA.Tests.Unit\DocumentIA.Tests.Unit.csproj" (1) est├í compilando "C:\temp\MVP\documento-ia-clasificacion-mvp\src\backend\DocumentIA.Tests.Unit\DocumentIA.Tests.Unit.csproj" (1:4) en el nodo 1 (_IsProjectRestoreSupported destinos).
   1:4>Se omiti├│ el destino "_IsProjectRestoreSupported". Compilado previamente de forma correcta.
   1:4>Compilaci├│n del proyecto terminada "C:\temp\MVP\documento-ia-clasificacion-mvp\src\backend\DocumentIA.Tests.Unit\DocumentIA.Tests.Unit.csproj" (_IsProjectRestoreSupported destinos).
     1>El proyecto "C:\temp\MVP\documento-ia-clasificacion-mvp\src\backend\DocumentIA.Tests.Unit\DocumentIA.Tests.Unit.csproj" (1) est├í compilando "C:\temp\MVP\documento-ia-clasificacion-mvp\src\backend\DocumentIA.Core\DocumentIA.Core.csproj" (2:2) en el nodo 1 (_IsProjectRestoreSupported destinos).
   2:2>Destino "_IsProjectRestoreSupported" en el archivo "C:\Program Files\dotnet\sdk\9.0.310\NuGet.targets" del proyecto "C:\temp\MVP\documento-ia-clasificacion-mvp\src\backend\DocumentIA.Core\DocumentIA.Core.csproj" (punto de entrada):
   2:2>Compilaci├│n terminada del destino "_IsProjectRestoreSupported" en el proyecto "DocumentIA.Core.csproj".
   2:2>Compilaci├│n del proyecto terminada "C:\temp\MVP\documento-ia-clasificacion-mvp\src\backend\DocumentIA.Core\DocumentIA.Core.csproj" (_IsProjectRestoreSupported destinos).
     1>Ejecuci├│n de la tarea "MSBuild" terminada.
       Se omiti├│ la tarea "MSBuild" debido a una condici├│n falsa (False); ( '$(RestoreUseSkipNonexistentTargets)' != 'true' ) se evalu├│ como ( 'true' != 'true' ).
     1>Compilaci├│n terminada del destino "_GetAllRestoreProjectPathItems" en el proyecto "DocumentIA.Tests.Unit.csproj".
     1>Destino "_GenerateRestoreGraph" en el archivo "C:\Program Files\dotnet\sdk\9.0.310\NuGet.targets" del proyecto "C:\temp\MVP\documento-ia-clasificacion-mvp\src\backend\DocumentIA.Tests.Unit\DocumentIA.Tests.Unit.csproj" (el destino "Restore" depende de ├®l):
       Usando la tarea "Message" del ensamblado "Microsoft.Build.Tasks.Core, Version=15.1.0.0, Culture=neutral, PublicKeyToken=b03f5f7f11d50a3a".
       Tarea "Message"
         Generating dg file
       Ejecuci├│n de la tarea "Message" terminada.
       Tarea "Message"
         C:\temp\MVP\documento-ia-clasificacion-mvp\src\backend\DocumentIA.Core\DocumentIA.Core.csproj
       Ejecuci├│n de la tarea "Message" terminada.
       Tarea "Message"
         C:\temp\MVP\documento-ia-clasificacion-mvp\src\backend\DocumentIA.Tests.Unit\DocumentIA.Tests.Unit.csproj
       Ejecuci├│n de la tarea "Message" terminada.
       Tarea "MSBuild"
         Propiedades globales:
           ExcludeRestorePackageImports=true
     1>El proyecto "C:\temp\MVP\documento-ia-clasificacion-mvp\src\backend\DocumentIA.Tests.Unit\DocumentIA.Tests.Unit.csproj" (1) est├í compilando "C:\temp\MVP\documento-ia-clasificacion-mvp\src\backend\DocumentIA.Core\DocumentIA.Core.csproj" (2:3) en el nodo 1 (_GenerateRestoreGraphProjectEntry destinos).
   2:3>Destino "_GetProjectJsonPath" en el archivo "C:\Program Files\dotnet\sdk\9.0.310\NuGet.targets" del proyecto "C:\temp\MVP\documento-ia-clasificacion-mvp\src\backend\DocumentIA.Core\DocumentIA.Core.csproj" (el destino "_GetRestoreProjectStyle" depende de ├®l):
   2:3>Se omiti├│ la tarea "GetRestoreProjectJsonPathTask" debido a una condici├│n falsa (False); ( '$(RestoreProjectStyle)' == 'ProjectJson' OR '$(RestoreProjectStyle)' == '' ) se evalu├│ como ( 'PackageReference' == 'ProjectJson' OR 'PackageReference' == '' ).
   2:3>Compilaci├│n terminada del destino "_GetProjectJsonPath" en el proyecto "DocumentIA.Core.csproj".
       Se omiti├│ el destino "_CheckForUnsupportedTargetPlatformIdentifier" debido a una condici├│n falsa (False); ('$(TargetPlatformIdentifier)' != '' and '$(TargetFrameworkIdentifier)' == '.NETCoreApp' and $([MSBuild]::VersionGreaterThanOrEquals($(TargetFrameworkVersion), 5.0)) And ('$(DesignTimeBuild)' != 'true' Or '@(MissingWorkloadPack)' == '')) se evalu├│ como ('' != '' and '.NETCoreApp' == '.NETCoreApp' and True And ('' != 'true' Or '' == '')).
       Se omiti├│ el destino "_CheckForMissingWorkload" debido a una condici├│n falsa (False); ('@(MissingWorkloadPack)' != '' And '$(DesignTimeBuild)' != 'true') se evalu├│ como ('' != '' And '' != 'true').
   2:3>Destino "_CheckForUnsupportedNETCoreVersion" en el archivo "C:\Program Files\dotnet\sdk\9.0.310\Sdks\Microsoft.NET.Sdk\targets\Microsoft.NET.TargetFrameworkInference.targets" del proyecto "C:\temp\MVP\documento-ia-clasificacion-mvp\src\backend\DocumentIA.Core\DocumentIA.Core.csproj" (el destino "CollectPackageReferences" depende de ├®l):
       Se omiti├│ la tarea "NETSdkError" debido a una condici├│n falsa (False); ('$(_TargetFrameworkVersionWithoutV)' > '$(NETCoreAppMaximumVersion)' and '$(DisplayVSMessage)' != 'true') se evalu├│ como ('8.0' > '9.0' and '' != 'true').
       Se omiti├│ la tarea "NETSdkError" debido a una condici├│n falsa (False); ('$(DisplayVSMessage)' == 'true') se evalu├│ como ('' == 'true').
   2:3>Compilaci├│n terminada del destino "_CheckForUnsupportedNETCoreVersion" en el proyecto "DocumentIA.Core.csproj".
       Se omiti├│ el destino "_CheckForEolTargetFrameworks" debido a una condici├│n falsa (False); ('@(_EolNetCoreTargetFrameworkVersions->AnyHaveMetadataValue('Identity', '$(_TargetFrameworkVersionWithoutV)'))' and '$(TargetFrameworkIdentifier)' == '.NETCoreApp' and '$(CheckEolTargetFramework)' == 'true') se evalu├│ como ('false' and '.NETCoreApp' == '.NETCoreApp' and '' == 'true').
       Se omiti├│ el destino "_CheckForEolWorkloads" debido a una condici├│n falsa (False); ('@(EolWorkload)' != '' and '$(CheckEolWorkloads)' == 'true') se evalu├│ como ('' != '' and 'true' == 'true').
       Se omiti├│ el destino "_CheckForNotRecommendedNETStandardVersion" debido a una condici├│n falsa (False); ('$(TargetFrameworkIdentifier)' == '.NETStandard' and $([MSBuild]::VersionLessThan($(TargetFrameworkVersion), '2.0'))) se evalu├│ como ('.NETCoreApp' == '.NETStandard' and False).
   2:3>Destino "_CheckForUnsupportedCppNETCoreVersion" en el archivo "C:\Program Files\dotnet\sdk\9.0.310\Sdks\Microsoft.NET.Sdk\targets\Microsoft.NET.TargetFrameworkInference.targets" del proyecto "C:\temp\MVP\documento-ia-clasificacion-mvp\src\backend\DocumentIA.Core\DocumentIA.Core.csproj" (el destino "CollectPackageReferences" depende de ├®l):
       Se omiti├│ la tarea "NETSdkError" debido a una condici├│n falsa (False); ('$(TargetFrameworkIdentifier)' == '.NETCoreApp' and '$(_TargetFrameworkVersionWithoutV)' < '3.1' and ('$(Language)' == 'C++' and '$(_EnablePackageReferencesInVCProjects)' != 'true')) se evalu├│ como ('.NETCoreApp' == '.NETCoreApp' and '8.0' < '3.1' and ('C#' == 'C++' and '' != 'true')).
   2:3>Compilaci├│n terminada del destino "_CheckForUnsupportedCppNETCoreVersion" en el proyecto "DocumentIA.Core.csproj".
       Se omiti├│ el destino "_CheckForUnsupportedNETStandardVersion" debido a una condici├│n falsa (False); ('$(TargetFrameworkIdentifier)' == '.NETStandard' And '$(NETStandardMaximumVersion)' != '') se evalu├│ como ('.NETCoreApp' == '.NETStandard' And '' != '').
       Se omiti├│ el destino "_CheckForUnsupportedTargetFrameworkAndFeatureCombination" debido a una condici├│n falsa (False); ('$(TargetFrameworkIdentifier)' == '.NETFramework') se evalu├│ como ('.NETCoreApp' == '.NETFramework').
   2:3>Destino "UpdateAspNetToFrameworkReference" en el archivo "C:\Program Files\dotnet\sdk\9.0.310\Sdks\Microsoft.NET.Sdk\targets\Microsoft.NET.Sdk.DefaultItems.Shared.targets" del proyecto "C:\temp\MVP\documento-ia-clasificacion-mvp\src\backend\DocumentIA.Core\DocumentIA.Core.csproj" (el destino "ApplyImplicitVersions" depende de ├®l):
       Usando la tarea "CheckIfPackageReferenceShouldBeFrameworkReference" del ensamblado "C:\Program Files\dotnet\sdk\9.0.310\Sdks\Microsoft.NET.Sdk\targets\..\tools\net9.0\Microsoft.NET.Build.Tasks.dll".
       Tarea "CheckIfPackageReferenceShouldBeFrameworkReference"
       Ejecuci├│n de la tarea "CheckIfPackageReferenceShouldBeFrameworkReference" terminada.
       Se omiti├│ la tarea "NETSdkError" debido a una condici├│n falsa (False); ('$(_ShouldRemoveAspNetCoreAll)' == 'true') se evalu├│ como ('False' == 'true').
       Tarea "CheckIfPackageReferenceShouldBeFrameworkReference"
       Ejecuci├│n de la tarea "CheckIfPackageReferenceShouldBeFrameworkReference" terminada.
       Se omiti├│ la tarea "NETSdkWarning" debido a una condici├│n falsa (False); ('$(_ShouldRemoveAspNetCoreApp)' == 'true') se evalu├│ como ('False' == 'true').
   2:3>Compilaci├│n terminada del destino "UpdateAspNetToFrameworkReference" en el proyecto "DocumentIA.Core.csproj".
       Se omiti├│ el destino "IncludeTargetingPackReference" debido a una condici├│n falsa (False); ('$(TargetFrameworkMoniker)' != '' and '$(TargetFrameworkIdentifier)' == '.NETFramework' and '$(AutomaticallyUseReferenceAssemblyPackages)' == 'true') se evalu├│ como ('.NETCoreApp,Version=v8.0' != '' and '.NETCoreApp' == '.NETFramework' and 'true' == 'true').
   2:3>Destino "CheckForImplicitPackageReferenceOverrides" en el archivo "C:\Program Files\dotnet\sdk\9.0.310\Sdks\Microsoft.NET.Sdk\targets\Microsoft.NET.Sdk.DefaultItems.Shared.targets" del proyecto "C:\temp\MVP\documento-ia-clasificacion-mvp\src\backend\DocumentIA.Core\DocumentIA.Core.csproj" (el destino "ApplyImplicitVersions" depende de ├®l):
       Usando la tarea "CheckForImplicitPackageReferenceOverrides" del ensamblado "C:\Program Files\dotnet\sdk\9.0.310\Sdks\Microsoft.NET.Sdk\targets\..\tools\net9.0\Microsoft.NET.Build.Tasks.dll".
       Tarea "CheckForImplicitPackageReferenceOverrides"
       Ejecuci├│n de la tarea "CheckForImplicitPackageReferenceOverrides" terminada.
   2:3>Compilaci├│n terminada del destino "CheckForImplicitPackageReferenceOverrides" en el proyecto "DocumentIA.Core.csproj".
   2:3>Destino "ApplyImplicitVersions" en el archivo "C:\Program Files\dotnet\sdk\9.0.310\Sdks\Microsoft.NET.Sdk\targets\Microsoft.NET.Sdk.DefaultItems.Shared.targets" del proyecto "C:\temp\MVP\documento-ia-clasificacion-mvp\src\backend\DocumentIA.Core\DocumentIA.Core.csproj" (el destino "CollectPackageReferences" depende de ├®l):
       Usando la tarea "ApplyImplicitVersions" del ensamblado "C:\Program Files\dotnet\sdk\9.0.310\Sdks\Microsoft.NET.Sdk\targets\..\tools\net9.0\Microsoft.NET.Build.Tasks.dll".
       Tarea "ApplyImplicitVersions"
       Ejecuci├│n de la tarea "ApplyImplicitVersions" terminada.
   2:3>Compilaci├│n terminada del destino "ApplyImplicitVersions" en el proyecto "DocumentIA.Core.csproj".
       Se omiti├│ el destino "CheckForImplicitPackageReferenceOverrides". Compilado previamente de forma correcta.
       Se omiti├│ el destino "AddWindowsSdkKnownFrameworkReferences" debido a una condici├│n falsa (False); ('$(TargetFrameworkIdentifier)' == '.NETCoreApp' And '$(TargetPlatformIdentifier)' == 'Windows'
                            And ('$(Language)' != 'C++' Or '$(IncludeWindowsSDKRefFrameworkReferences)' == 'true')) se evalu├│ como ('.NETCoreApp' == '.NETCoreApp' And '' == 'Windows'
                            And ('C#' != 'C++' Or '' == 'true')).
       Se omiti├│ el destino "_NormalizeTargetPlatformVersion" debido a una condici├│n falsa (False); ('$(TargetPlatformVersion)' != '' and '$(TargetFrameworkIdentifier)' == '.NETCoreApp' and $([MSBuild]::VersionGreaterThanOrEquals($(TargetFrameworkVersion), 5.0)) and ('$(Language)' != 'C++' or '$(_EnablePackageReferencesInVCProjects)' == 'true')) se evalu├│ como ('' != '' and '.NETCoreApp' == '.NETCoreApp' and True and ('C#' != 'C++' or '' == 'true')).
   2:3>Destino "_CheckForLanguageAndFeatureCombinationSupport" en el archivo "C:\Program Files\dotnet\sdk\9.0.310\Sdks\Microsoft.NET.Sdk\targets\Microsoft.NET.RuntimeIdentifierInference.targets" del proyecto "C:\temp\MVP\documento-ia-clasificacion-mvp\src\backend\DocumentIA.Core\DocumentIA.Core.csproj" (el destino "ProcessFrameworkReferences" depende de ├®l):
       Se omiti├│ la tarea "NETSdkError" debido a una condici├│n falsa (False); (('$(Language)' == 'C++' and '$(_EnablePackageReferencesInVCProjects)' != 'true') and $(OutputType) != 'library' and '$(TargetFrameworkIdentifier)' == '.NETCoreApp') se evalu├│ como (('C#' == 'C++' and '' != 'true') and Library != 'library' and '.NETCoreApp' == '.NETCoreApp').
       Se omiti├│ la tarea "NETSdkError" debido a una condici├│n falsa (False); (('$(Language)' == 'C++' and '$(_EnablePackageReferencesInVCProjects)' != 'true') and $(EnableComHosting) == 'true') se evalu├│ como (('C#' == 'C++' and '' != 'true') and  == 'true').
       Se omiti├│ la tarea "NETSdkError" debido a una condici├│n falsa (False); (('$(Language)' == 'C++' and '$(_EnablePackageReferencesInVCProjects)' != 'true') and $(SelfContained) == 'true') se evalu├│ como (('C#' == 'C++' and '' != 'true') and  == 'true').
   2:3>Compilaci├│n terminada del destino "_CheckForLanguageAndFeatureCombinationSupport" en el proyecto "DocumentIA.Core.csproj".
   2:3>Destino "_ComputeToolPackInputsToProcessFrameworkReferences" en el archivo "C:\Program Files\dotnet\sdk\9.0.310\Sdks\Microsoft.NET.Sdk\targets\Microsoft.NET.Publish.targets" del proyecto "C:\temp\MVP\documento-ia-clasificacion-mvp\src\backend\DocumentIA.Core\DocumentIA.Core.csproj" (el destino "ProcessFrameworkReferences" depende de ├®l):
   2:3>Compilaci├│n terminada del destino "_ComputeToolPackInputsToProcessFrameworkReferences" en el proyecto "DocumentIA.Core.csproj".
   2:3>Destino "ProcessFrameworkReferences" en el archivo "C:\Program Files\dotnet\sdk\9.0.310\Sdks\Microsoft.NET.Sdk\targets\Microsoft.NET.Sdk.FrameworkReferenceResolution.targets" del proyecto "C:\temp\MVP\documento-ia-clasificacion-mvp\src\backend\DocumentIA.Core\DocumentIA.Core.csproj" (el destino "CollectPackageReferences" depende de ├®l):
       Usando la tarea "CheckForDuplicateFrameworkReferences" del ensamblado "C:\Program Files\dotnet\sdk\9.0.310\Sdks\Microsoft.NET.Sdk\targets\..\tools\net9.0\Microsoft.NET.Build.Tasks.dll".
       Tarea "CheckForDuplicateFrameworkReferences"
       Ejecuci├│n de la tarea "CheckForDuplicateFrameworkReferences" terminada.
       Usando la tarea "ProcessFrameworkReferences" del ensamblado "C:\Program Files\dotnet\sdk\9.0.310\Sdks\Microsoft.NET.Sdk\targets\..\tools\net9.0\Microsoft.NET.Build.Tasks.dll".
       Tarea "ProcessFrameworkReferences"
       Ejecuci├│n de la tarea "ProcessFrameworkReferences" terminada.
       Usando la tarea "ResolveAppHosts" del ensamblado "C:\Program Files\dotnet\sdk\9.0.310\Sdks\Microsoft.NET.Sdk\targets\..\tools\net9.0\Microsoft.NET.Build.Tasks.dll".
       Tarea "ResolveAppHosts"
       Ejecuci├│n de la tarea "ResolveAppHosts" terminada.
   2:3>Compilaci├│n terminada del destino "ProcessFrameworkReferences" en el proyecto "DocumentIA.Core.csproj".
       Se omiti├│ el destino "IncludeTargetingPackReference" debido a una condici├│n falsa (False); ('$(TargetFrameworkMoniker)' != '' and '$(TargetFrameworkIdentifier)' == '.NETFramework' and '$(AutomaticallyUseReferenceAssemblyPackages)' == 'true') se evalu├│ como ('.NETCoreApp,Version=v8.0' != '' and '.NETCoreApp' == '.NETFramework' and 'true' == 'true').
       Se omiti├│ el destino "_CheckMicrosoftNetCompilersToolsetFrameworkPackageReference" debido a una condici├│n falsa (False); ('$(MSBuildRuntimeType)' == 'Full') se evalu├│ como ('Core' == 'Full').
   2:3>Destino "_CheckForObsoleteDotNetCliToolReferences" en el archivo "C:\Program Files\dotnet\sdk\9.0.310\Sdks\Microsoft.NET.Sdk\targets\Microsoft.NET.ObsoleteReferences.targets" del proyecto "C:\temp\MVP\documento-ia-clasificacion-mvp\src\backend\DocumentIA.Core\DocumentIA.Core.csproj" (el destino "CollectPackageReferences" depende de ├®l):
       Se omiti├│ la tarea "NETSdkWarning" debido a una condici├│n falsa (False); ( '%(_ReferenceToObsoleteDotNetCliTool.Identity)' != '' ) se evalu├│ como ( '' != '' ).
   2:3>Compilaci├│n terminada del destino "_CheckForObsoleteDotNetCliToolReferences" en el proyecto "DocumentIA.Core.csproj".
   2:3>Destino "CollectPackageReferences" en el archivo "C:\Program Files\dotnet\sdk\9.0.310\NuGet.targets" del proyecto "C:\temp\MVP\documento-ia-clasificacion-mvp\src\backend\DocumentIA.Core\DocumentIA.Core.csproj" (el destino "_GetRestoreProjectStyle" depende de ├®l):
       Usando la tarea "CheckForDuplicateNuGetItemsTask" del ensamblado "C:\Program Files\dotnet\sdk\9.0.310\NuGet.Build.Tasks.dll".
       Tarea "CheckForDuplicateNuGetItemsTask"
       Ejecuci├│n de la tarea "CheckForDuplicateNuGetItemsTask" terminada.
   2:3>Compilaci├│n terminada del destino "CollectPackageReferences" en el proyecto "DocumentIA.Core.csproj".
   2:3>Destino "_GetRestoreProjectStyle" en el archivo "C:\Program Files\dotnet\sdk\9.0.310\NuGet.targets" del proyecto "C:\temp\MVP\documento-ia-clasificacion-mvp\src\backend\DocumentIA.Core\DocumentIA.Core.csproj" (el destino "_GenerateRestoreSpecs" depende de ├®l):
       Usando la tarea "GetRestoreProjectStyleTask" del ensamblado "C:\Program Files\dotnet\sdk\9.0.310\NuGet.Build.Tasks.dll".
       Tarea "GetRestoreProjectStyleTask"
       Ejecuci├│n de la tarea "GetRestoreProjectStyleTask" terminada.
   2:3>Compilaci├│n terminada del destino "_GetRestoreProjectStyle" en el proyecto "DocumentIA.Core.csproj".
   2:3>Destino "_GenerateRestoreSpecs" en el archivo "C:\Program Files\dotnet\sdk\9.0.310\NuGet.targets" del proyecto "C:\temp\MVP\documento-ia-clasificacion-mvp\src\backend\DocumentIA.Core\DocumentIA.Core.csproj" (el destino "_GenerateRestoreGraphProjectEntry" depende de ├®l):
       Tarea "Message"
         Restore entry point C:\temp\MVP\documento-ia-clasificacion-mvp\src\backend\DocumentIA.Core\DocumentIA.Core.csproj
       Ejecuci├│n de la tarea "Message" terminada.
   2:3>Compilaci├│n terminada del destino "_GenerateRestoreSpecs" en el proyecto "DocumentIA.Core.csproj".
   2:3>Destino "_GetRestoreSettingsOverrides" en el archivo "C:\Program Files\dotnet\sdk\9.0.310\NuGet.targets" del proyecto "C:\temp\MVP\documento-ia-clasificacion-mvp\src\backend\DocumentIA.Core\DocumentIA.Core.csproj" (el destino "_GetRestoreSettings" depende de ├®l):
       Se omiti├│ la tarea "MSBuild" debido a una condici├│n falsa (False); ( '$(RestorePackagesPath)' != '' ) se evalu├│ como ( '' != '' ).
       Se omiti├│ la tarea "MSBuild" debido a una condici├│n falsa (False); ( '$(RestoreRepositoryPathOverride)' != '' ) se evalu├│ como ( '' != '' ).
       Se omiti├│ la tarea "MSBuild" debido a una condici├│n falsa (False); ( '$(RestoreSources)' != '' ) se evalu├│ como ( '' != '' ).
       Se omiti├│ la tarea "MSBuild" debido a una condici├│n falsa (False); ( '$(RestoreFallbackFolders)' != '' ) se evalu├│ como ( '' != '' ).
   2:3>Compilaci├│n terminada del destino "_GetRestoreSettingsOverrides" en el proyecto "DocumentIA.Core.csproj".
   2:3>Destino "_GetRestoreSettingsPerFramework" en el archivo "C:\Program Files\dotnet\sdk\9.0.310\NuGet.targets" del proyecto "C:\temp\MVP\documento-ia-clasificacion-mvp\src\backend\DocumentIA.Core\DocumentIA.Core.csproj" (el destino "_GetRestoreSettingsCurrentProject" depende de ├®l):
   2:3>Compilaci├│n terminada del destino "_GetRestoreSettingsPerFramework" en el proyecto "DocumentIA.Core.csproj".
   2:3>Destino "_GetRestoreSettingsCurrentProject" en el archivo "C:\Program Files\dotnet\sdk\9.0.310\NuGet.targets" del proyecto "C:\temp\MVP\documento-ia-clasificacion-mvp\src\backend\DocumentIA.Core\DocumentIA.Core.csproj" (el destino "_GetRestoreSettings" depende de ├®l):
   2:3>Compilaci├│n terminada del destino "_GetRestoreSettingsCurrentProject" en el proyecto "DocumentIA.Core.csproj".
       Se omiti├│ el destino "_GetRestoreSettingsAllFrameworks" debido a una condici├│n falsa (False); ( '$(TargetFrameworks)' != '' AND '$(PackageReferenceCompatibleProjectStyle)' == 'true' ) se evalu├│ como ( '' != '' AND 'True' == 'true' ).
   2:3>Destino "_GetRestoreSettings" en el archivo "C:\Program Files\dotnet\sdk\9.0.310\NuGet.targets" del proyecto "C:\temp\MVP\documento-ia-clasificacion-mvp\src\backend\DocumentIA.Core\DocumentIA.Core.csproj" (el destino "_GenerateDotnetCliToolReferenceSpecs" depende de ├®l):
       Usando la tarea "GetRestoreSettingsTask" del ensamblado "C:\Program Files\dotnet\sdk\9.0.310\NuGet.Build.Tasks.dll".
       Tarea "GetRestoreSettingsTask"
         Ensamblado cargado durante TaskRun (NuGet.Build.Tasks.GetRestoreSettingsTask): NuGet.Configuration, Version=6.14.0.116, Culture=neutral, PublicKeyToken=31bf3856ad364e35(ubicaci├│n: C:\Program Files\dotnet\sdk\9.0.310\NuGet.Configuration.dll, MVID: b0f2e3cc-b478-45a0-a863-e83c6e00406f, AssemblyLoadContext: MSBuild plugin C:\Program Files\dotnet\sdk\9.0.310\NuGet.Build.Tasks.dll)
         Ensamblado cargado durante TaskRun (NuGet.Build.Tasks.GetRestoreSettingsTask): System.Collections.NonGeneric, Version=9.0.0.0, Culture=neutral, PublicKeyToken=b03f5f7f11d50a3a(ubicaci├│n: C:\Program Files\dotnet\shared\Microsoft.NETCore.App\9.0.12\System.Collections.NonGeneric.dll, MVID: 94f131eb-4a50-4c14-8261-b7bb4205efb2, AssemblyLoadContext: Default)
       Ejecuci├│n de la tarea "GetRestoreSettingsTask" terminada.
   2:3>Compilaci├│n terminada del destino "_GetRestoreSettings" en el proyecto "DocumentIA.Core.csproj".
   2:3>Destino "_GenerateDotnetCliToolReferenceSpecs" en el archivo "C:\Program Files\dotnet\sdk\9.0.310\NuGet.targets" del proyecto "C:\temp\MVP\documento-ia-clasificacion-mvp\src\backend\DocumentIA.Core\DocumentIA.Core.csproj" (el destino "_GenerateRestoreGraphProjectEntry" depende de ├®l):
       Usando la tarea "GetRestoreDotnetCliToolsTask" del ensamblado "C:\Program Files\dotnet\sdk\9.0.310\NuGet.Build.Tasks.dll".
       Tarea "GetRestoreDotnetCliToolsTask"
       Ejecuci├│n de la tarea "GetRestoreDotnetCliToolsTask" terminada.
   2:3>Compilaci├│n terminada del destino "_GenerateDotnetCliToolReferenceSpecs" en el proyecto "DocumentIA.Core.csproj".
   2:3>Destino "_GenerateRestoreGraphProjectEntry" en el archivo "C:\Program Files\dotnet\sdk\9.0.310\NuGet.targets" del proyecto "C:\temp\MVP\documento-ia-clasificacion-mvp\src\backend\DocumentIA.Core\DocumentIA.Core.csproj" (punto de entrada):
   2:3>Compilaci├│n terminada del destino "_GenerateRestoreGraphProjectEntry" en el proyecto "DocumentIA.Core.csproj".
   2:3>Compilaci├│n del proyecto terminada "C:\temp\MVP\documento-ia-clasificacion-mvp\src\backend\DocumentIA.Core\DocumentIA.Core.csproj" (_GenerateRestoreGraphProjectEntry destinos).
     1>El proyecto "C:\temp\MVP\documento-ia-clasificacion-mvp\src\backend\DocumentIA.Tests.Unit\DocumentIA.Tests.Unit.csproj" (1) est├í compilando "C:\temp\MVP\documento-ia-clasificacion-mvp\src\backend\DocumentIA.Tests.Unit\DocumentIA.Tests.Unit.csproj" (1:5) en el nodo 1 (_GenerateRestoreGraphProjectEntry destinos).
   1:5>Destino "_GetProjectJsonPath" en el archivo "C:\Program Files\dotnet\sdk\9.0.310\NuGet.targets" del proyecto "C:\temp\MVP\documento-ia-clasificacion-mvp\src\backend\DocumentIA.Tests.Unit\DocumentIA.Tests.Unit.csproj" (el destino "_GetRestoreProjectStyle" depende de ├®l):
   1:5>Se omiti├│ la tarea "GetRestoreProjectJsonPathTask" debido a una condici├│n falsa (False); ( '$(RestoreProjectStyle)' == 'ProjectJson' OR '$(RestoreProjectStyle)' == '' ) se evalu├│ como ( 'PackageReference' == 'ProjectJson' OR 'PackageReference' == '' ).
   1:5>Compilaci├│n terminada del destino "_GetProjectJsonPath" en el proyecto "DocumentIA.Tests.Unit.csproj".
       Se omiti├│ el destino "_CheckForUnsupportedTargetPlatformIdentifier" debido a una condici├│n falsa (False); ('$(TargetPlatformIdentifier)' != '' and '$(TargetFrameworkIdentifier)' == '.NETCoreApp' and $([MSBuild]::VersionGreaterThanOrEquals($(TargetFrameworkVersion), 5.0)) And ('$(DesignTimeBuild)' != 'true' Or '@(MissingWorkloadPack)' == '')) se evalu├│ como ('' != '' and '.NETCoreApp' == '.NETCoreApp' and True And ('' != 'true' Or '' == '')).
       Se omiti├│ el destino "_CheckForMissingWorkload" debido a una condici├│n falsa (False); ('@(MissingWorkloadPack)' != '' And '$(DesignTimeBuild)' != 'true') se evalu├│ como ('' != '' And '' != 'true').
   1:5>Destino "_CheckForUnsupportedNETCoreVersion" en el archivo "C:\Program Files\dotnet\sdk\9.0.310\Sdks\Microsoft.NET.Sdk\targets\Microsoft.NET.TargetFrameworkInference.targets" del proyecto "C:\temp\MVP\documento-ia-clasificacion-mvp\src\backend\DocumentIA.Tests.Unit\DocumentIA.Tests.Unit.csproj" (el destino "CollectPackageReferences" depende de ├®l):
       Se omiti├│ la tarea "NETSdkError" debido a una condici├│n falsa (False); ('$(_TargetFrameworkVersionWithoutV)' > '$(NETCoreAppMaximumVersion)' and '$(DisplayVSMessage)' != 'true') se evalu├│ como ('9.0' > '9.0' and '' != 'true').
       Se omiti├│ la tarea "NETSdkError" debido a una condici├│n falsa (False); ('$(DisplayVSMessage)' == 'true') se evalu├│ como ('' == 'true').
   1:5>Compilaci├│n terminada del destino "_CheckForUnsupportedNETCoreVersion" en el proyecto "DocumentIA.Tests.Unit.csproj".
       Se omiti├│ el destino "_CheckForEolTargetFrameworks" debido a una condici├│n falsa (False); ('@(_EolNetCoreTargetFrameworkVersions->AnyHaveMetadataValue('Identity', '$(_TargetFrameworkVersionWithoutV)'))' and '$(TargetFrameworkIdentifier)' == '.NETCoreApp' and '$(CheckEolTargetFramework)' == 'true') se evalu├│ como ('false' and '.NETCoreApp' == '.NETCoreApp' and '' == 'true').
       Se omiti├│ el destino "_CheckForEolWorkloads" debido a una condici├│n falsa (False); ('@(EolWorkload)' != '' and '$(CheckEolWorkloads)' == 'true') se evalu├│ como ('' != '' and 'true' == 'true').
       Se omiti├│ el destino "_CheckForNotRecommendedNETStandardVersion" debido a una condici├│n falsa (False); ('$(TargetFrameworkIdentifier)' == '.NETStandard' and $([MSBuild]::VersionLessThan($(TargetFrameworkVersion), '2.0'))) se evalu├│ como ('.NETCoreApp' == '.NETStandard' and False).
   1:5>Destino "_CheckForUnsupportedCppNETCoreVersion" en el archivo "C:\Program Files\dotnet\sdk\9.0.310\Sdks\Microsoft.NET.Sdk\targets\Microsoft.NET.TargetFrameworkInference.targets" del proyecto "C:\temp\MVP\documento-ia-clasificacion-mvp\src\backend\DocumentIA.Tests.Unit\DocumentIA.Tests.Unit.csproj" (el destino "CollectPackageReferences" depende de ├®l):
       Se omiti├│ la tarea "NETSdkError" debido a una condici├│n falsa (False); ('$(TargetFrameworkIdentifier)' == '.NETCoreApp' and '$(_TargetFrameworkVersionWithoutV)' < '3.1' and ('$(Language)' == 'C++' and '$(_EnablePackageReferencesInVCProjects)' != 'true')) se evalu├│ como ('.NETCoreApp' == '.NETCoreApp' and '9.0' < '3.1' and ('C#' == 'C++' and '' != 'true')).
   1:5>Compilaci├│n terminada del destino "_CheckForUnsupportedCppNETCoreVersion" en el proyecto "DocumentIA.Tests.Unit.csproj".
       Se omiti├│ el destino "_CheckForUnsupportedNETStandardVersion" debido a una condici├│n falsa (False); ('$(TargetFrameworkIdentifier)' == '.NETStandard' And '$(NETStandardMaximumVersion)' != '') se evalu├│ como ('.NETCoreApp' == '.NETStandard' And '' != '').
       Se omiti├│ el destino "_CheckForUnsupportedTargetFrameworkAndFeatureCombination" debido a una condici├│n falsa (False); ('$(TargetFrameworkIdentifier)' == '.NETFramework') se evalu├│ como ('.NETCoreApp' == '.NETFramework').
   1:5>Destino "UpdateAspNetToFrameworkReference" en el archivo "C:\Program Files\dotnet\sdk\9.0.310\Sdks\Microsoft.NET.Sdk\targets\Microsoft.NET.Sdk.DefaultItems.Shared.targets" del proyecto "C:\temp\MVP\documento-ia-clasificacion-mvp\src\backend\DocumentIA.Tests.Unit\DocumentIA.Tests.Unit.csproj" (el destino "ApplyImplicitVersions" depende de ├®l):
       Usando la tarea "CheckIfPackageReferenceShouldBeFrameworkReference" del ensamblado "C:\Program Files\dotnet\sdk\9.0.310\Sdks\Microsoft.NET.Sdk\targets\..\tools\net9.0\Microsoft.NET.Build.Tasks.dll".
       Tarea "CheckIfPackageReferenceShouldBeFrameworkReference"
       Ejecuci├│n de la tarea "CheckIfPackageReferenceShouldBeFrameworkReference" terminada.
       Se omiti├│ la tarea "NETSdkError" debido a una condici├│n falsa (False); ('$(_ShouldRemoveAspNetCoreAll)' == 'true') se evalu├│ como ('False' == 'true').
       Tarea "CheckIfPackageReferenceShouldBeFrameworkReference"
       Ejecuci├│n de la tarea "CheckIfPackageReferenceShouldBeFrameworkReference" terminada.
       Se omiti├│ la tarea "NETSdkWarning" debido a una condici├│n falsa (False); ('$(_ShouldRemoveAspNetCoreApp)' == 'true') se evalu├│ como ('False' == 'true').
   1:5>Compilaci├│n terminada del destino "UpdateAspNetToFrameworkReference" en el proyecto "DocumentIA.Tests.Unit.csproj".
       Se omiti├│ el destino "IncludeTargetingPackReference" debido a una condici├│n falsa (False); ('$(TargetFrameworkMoniker)' != '' and '$(TargetFrameworkIdentifier)' == '.NETFramework' and '$(AutomaticallyUseReferenceAssemblyPackages)' == 'true') se evalu├│ como ('.NETCoreApp,Version=v9.0' != '' and '.NETCoreApp' == '.NETFramework' and 'true' == 'true').
   1:5>Destino "CheckForImplicitPackageReferenceOverrides" en el archivo "C:\Program Files\dotnet\sdk\9.0.310\Sdks\Microsoft.NET.Sdk\targets\Microsoft.NET.Sdk.DefaultItems.Shared.targets" del proyecto "C:\temp\MVP\documento-ia-clasificacion-mvp\src\backend\DocumentIA.Tests.Unit\DocumentIA.Tests.Unit.csproj" (el destino "ApplyImplicitVersions" depende de ├®l):
       Usando la tarea "CheckForImplicitPackageReferenceOverrides" del ensamblado "C:\Program Files\dotnet\sdk\9.0.310\Sdks\Microsoft.NET.Sdk\targets\..\tools\net9.0\Microsoft.NET.Build.Tasks.dll".
       Tarea "CheckForImplicitPackageReferenceOverrides"
       Ejecuci├│n de la tarea "CheckForImplicitPackageReferenceOverrides" terminada.
   1:5>Compilaci├│n terminada del destino "CheckForImplicitPackageReferenceOverrides" en el proyecto "DocumentIA.Tests.Unit.csproj".
   1:5>Destino "ApplyImplicitVersions" en el archivo "C:\Program Files\dotnet\sdk\9.0.310\Sdks\Microsoft.NET.Sdk\targets\Microsoft.NET.Sdk.DefaultItems.Shared.targets" del proyecto "C:\temp\MVP\documento-ia-clasificacion-mvp\src\backend\DocumentIA.Tests.Unit\DocumentIA.Tests.Unit.csproj" (el destino "CollectPackageReferences" depende de ├®l):
       Usando la tarea "ApplyImplicitVersions" del ensamblado "C:\Program Files\dotnet\sdk\9.0.310\Sdks\Microsoft.NET.Sdk\targets\..\tools\net9.0\Microsoft.NET.Build.Tasks.dll".
       Tarea "ApplyImplicitVersions"
       Ejecuci├│n de la tarea "ApplyImplicitVersions" terminada.
   1:5>Compilaci├│n terminada del destino "ApplyImplicitVersions" en el proyecto "DocumentIA.Tests.Unit.csproj".
       Se omiti├│ el destino "CheckForImplicitPackageReferenceOverrides". Compilado previamente de forma correcta.
       Se omiti├│ el destino "AddWindowsSdkKnownFrameworkReferences" debido a una condici├│n falsa (False); ('$(TargetFrameworkIdentifier)' == '.NETCoreApp' And '$(TargetPlatformIdentifier)' == 'Windows'
                            And ('$(Language)' != 'C++' Or '$(IncludeWindowsSDKRefFrameworkReferences)' == 'true')) se evalu├│ como ('.NETCoreApp' == '.NETCoreApp' And '' == 'Windows'
                            And ('C#' != 'C++' Or '' == 'true')).
       Se omiti├│ el destino "_NormalizeTargetPlatformVersion" debido a una condici├│n falsa (False); ('$(TargetPlatformVersion)' != '' and '$(TargetFrameworkIdentifier)' == '.NETCoreApp' and $([MSBuild]::VersionGreaterThanOrEquals($(TargetFrameworkVersion), 5.0)) and ('$(Language)' != 'C++' or '$(_EnablePackageReferencesInVCProjects)' == 'true')) se evalu├│ como ('' != '' and '.NETCoreApp' == '.NETCoreApp' and True and ('C#' != 'C++' or '' == 'true')).
   1:5>Destino "_CheckForLanguageAndFeatureCombinationSupport" en el archivo "C:\Program Files\dotnet\sdk\9.0.310\Sdks\Microsoft.NET.Sdk\targets\Microsoft.NET.RuntimeIdentifierInference.targets" del proyecto "C:\temp\MVP\documento-ia-clasificacion-mvp\src\backend\DocumentIA.Tests.Unit\DocumentIA.Tests.Unit.csproj" (el destino "ProcessFrameworkReferences" depende de ├®l):
       Se omiti├│ la tarea "NETSdkError" debido a una condici├│n falsa (False); (('$(Language)' == 'C++' and '$(_EnablePackageReferencesInVCProjects)' != 'true') and $(OutputType) != 'library' and '$(TargetFrameworkIdentifier)' == '.NETCoreApp') se evalu├│ como (('C#' == 'C++' and '' != 'true') and Library != 'library' and '.NETCoreApp' == '.NETCoreApp').
       Se omiti├│ la tarea "NETSdkError" debido a una condici├│n falsa (False); (('$(Language)' == 'C++' and '$(_EnablePackageReferencesInVCProjects)' != 'true') and $(EnableComHosting) == 'true') se evalu├│ como (('C#' == 'C++' and '' != 'true') and  == 'true').
       Se omiti├│ la tarea "NETSdkError" debido a una condici├│n falsa (False); (('$(Language)' == 'C++' and '$(_EnablePackageReferencesInVCProjects)' != 'true') and $(SelfContained) == 'true') se evalu├│ como (('C#' == 'C++' and '' != 'true') and  == 'true').
   1:5>Compilaci├│n terminada del destino "_CheckForLanguageAndFeatureCombinationSupport" en el proyecto "DocumentIA.Tests.Unit.csproj".
   1:5>Destino "_ComputeToolPackInputsToProcessFrameworkReferences" en el archivo "C:\Program Files\dotnet\sdk\9.0.310\Sdks\Microsoft.NET.Sdk\targets\Microsoft.NET.Publish.targets" del proyecto "C:\temp\MVP\documento-ia-clasificacion-mvp\src\backend\DocumentIA.Tests.Unit\DocumentIA.Tests.Unit.csproj" (el destino "ProcessFrameworkReferences" depende de ├®l):
   1:5>Compilaci├│n terminada del destino "_ComputeToolPackInputsToProcessFrameworkReferences" en el proyecto "DocumentIA.Tests.Unit.csproj".
   1:5>Destino "ProcessFrameworkReferences" en el archivo "C:\Program Files\dotnet\sdk\9.0.310\Sdks\Microsoft.NET.Sdk\targets\Microsoft.NET.Sdk.FrameworkReferenceResolution.targets" del proyecto "C:\temp\MVP\documento-ia-clasificacion-mvp\src\backend\DocumentIA.Tests.Unit\DocumentIA.Tests.Unit.csproj" (el destino "CollectPackageReferences" depende de ├®l):
       Usando la tarea "CheckForDuplicateFrameworkReferences" del ensamblado "C:\Program Files\dotnet\sdk\9.0.310\Sdks\Microsoft.NET.Sdk\targets\..\tools\net9.0\Microsoft.NET.Build.Tasks.dll".
       Tarea "CheckForDuplicateFrameworkReferences"
       Ejecuci├│n de la tarea "CheckForDuplicateFrameworkReferences" terminada.
       Usando la tarea "ProcessFrameworkReferences" del ensamblado "C:\Program Files\dotnet\sdk\9.0.310\Sdks\Microsoft.NET.Sdk\targets\..\tools\net9.0\Microsoft.NET.Build.Tasks.dll".
       Tarea "ProcessFrameworkReferences"
       Ejecuci├│n de la tarea "ProcessFrameworkReferences" terminada.
       Usando la tarea "ResolveAppHosts" del ensamblado "C:\Program Files\dotnet\sdk\9.0.310\Sdks\Microsoft.NET.Sdk\targets\..\tools\net9.0\Microsoft.NET.Build.Tasks.dll".
       Tarea "ResolveAppHosts"
       Ejecuci├│n de la tarea "ResolveAppHosts" terminada.
   1:5>Compilaci├│n terminada del destino "ProcessFrameworkReferences" en el proyecto "DocumentIA.Tests.Unit.csproj".
       Se omiti├│ el destino "IncludeTargetingPackReference" debido a una condici├│n falsa (False); ('$(TargetFrameworkMoniker)' != '' and '$(TargetFrameworkIdentifier)' == '.NETFramework' and '$(AutomaticallyUseReferenceAssemblyPackages)' == 'true') se evalu├│ como ('.NETCoreApp,Version=v9.0' != '' and '.NETCoreApp' == '.NETFramework' and 'true' == 'true').
       Se omiti├│ el destino "_CheckMicrosoftNetCompilersToolsetFrameworkPackageReference" debido a una condici├│n falsa (False); ('$(MSBuildRuntimeType)' == 'Full') se evalu├│ como ('Core' == 'Full').
   1:5>Destino "_CheckForObsoleteDotNetCliToolReferences" en el archivo "C:\Program Files\dotnet\sdk\9.0.310\Sdks\Microsoft.NET.Sdk\targets\Microsoft.NET.ObsoleteReferences.targets" del proyecto "C:\temp\MVP\documento-ia-clasificacion-mvp\src\backend\DocumentIA.Tests.Unit\DocumentIA.Tests.Unit.csproj" (el destino "CollectPackageReferences" depende de ├®l):
       Se omiti├│ la tarea "NETSdkWarning" debido a una condici├│n falsa (False); ( '%(_ReferenceToObsoleteDotNetCliTool.Identity)' != '' ) se evalu├│ como ( '' != '' ).
   1:5>Compilaci├│n terminada del destino "_CheckForObsoleteDotNetCliToolReferences" en el proyecto "DocumentIA.Tests.Unit.csproj".
   1:5>Destino "CollectPackageReferences" en el archivo "C:\Program Files\dotnet\sdk\9.0.310\NuGet.targets" del proyecto "C:\temp\MVP\documento-ia-clasificacion-mvp\src\backend\DocumentIA.Tests.Unit\DocumentIA.Tests.Unit.csproj" (el destino "_GetRestoreProjectStyle" depende de ├®l):
       Usando la tarea "CheckForDuplicateNuGetItemsTask" del ensamblado "C:\Program Files\dotnet\sdk\9.0.310\NuGet.Build.Tasks.dll".
       Tarea "CheckForDuplicateNuGetItemsTask"
       Ejecuci├│n de la tarea "CheckForDuplicateNuGetItemsTask" terminada.
   1:5>Compilaci├│n terminada del destino "CollectPackageReferences" en el proyecto "DocumentIA.Tests.Unit.csproj".
   1:5>Destino "_GetRestoreProjectStyle" en el archivo "C:\Program Files\dotnet\sdk\9.0.310\NuGet.targets" del proyecto "C:\temp\MVP\documento-ia-clasificacion-mvp\src\backend\DocumentIA.Tests.Unit\DocumentIA.Tests.Unit.csproj" (el destino "_GenerateRestoreSpecs" depende de ├®l):
       Usando la tarea "GetRestoreProjectStyleTask" del ensamblado "C:\Program Files\dotnet\sdk\9.0.310\NuGet.Build.Tasks.dll".
       Tarea "GetRestoreProjectStyleTask"
       Ejecuci├│n de la tarea "GetRestoreProjectStyleTask" terminada.
   1:5>Compilaci├│n terminada del destino "_GetRestoreProjectStyle" en el proyecto "DocumentIA.Tests.Unit.csproj".
   1:5>Destino "_GenerateRestoreSpecs" en el archivo "C:\Program Files\dotnet\sdk\9.0.310\NuGet.targets" del proyecto "C:\temp\MVP\documento-ia-clasificacion-mvp\src\backend\DocumentIA.Tests.Unit\DocumentIA.Tests.Unit.csproj" (el destino "_GenerateRestoreGraphProjectEntry" depende de ├®l):
       Tarea "Message"
         Restore entry point C:\temp\MVP\documento-ia-clasificacion-mvp\src\backend\DocumentIA.Tests.Unit\DocumentIA.Tests.Unit.csproj
       Ejecuci├│n de la tarea "Message" terminada.
   1:5>Compilaci├│n terminada del destino "_GenerateRestoreSpecs" en el proyecto "DocumentIA.Tests.Unit.csproj".
   1:5>Destino "_GetRestoreSettingsOverrides" en el archivo "C:\Program Files\dotnet\sdk\9.0.310\NuGet.targets" del proyecto "C:\temp\MVP\documento-ia-clasificacion-mvp\src\backend\DocumentIA.Tests.Unit\DocumentIA.Tests.Unit.csproj" (el destino "_GetRestoreSettings" depende de ├®l):
       Se omiti├│ la tarea "MSBuild" debido a una condici├│n falsa (False); ( '$(RestorePackagesPath)' != '' ) se evalu├│ como ( '' != '' ).
       Se omiti├│ la tarea "MSBuild" debido a una condici├│n falsa (False); ( '$(RestoreRepositoryPathOverride)' != '' ) se evalu├│ como ( '' != '' ).
       Se omiti├│ la tarea "MSBuild" debido a una condici├│n falsa (False); ( '$(RestoreSources)' != '' ) se evalu├│ como ( '' != '' ).
       Se omiti├│ la tarea "MSBuild" debido a una condici├│n falsa (False); ( '$(RestoreFallbackFolders)' != '' ) se evalu├│ como ( '' != '' ).
   1:5>Compilaci├│n terminada del destino "_GetRestoreSettingsOverrides" en el proyecto "DocumentIA.Tests.Unit.csproj".
   1:5>Destino "_GetRestoreSettingsPerFramework" en el archivo "C:\Program Files\dotnet\sdk\9.0.310\NuGet.targets" del proyecto "C:\temp\MVP\documento-ia-clasificacion-mvp\src\backend\DocumentIA.Tests.Unit\DocumentIA.Tests.Unit.csproj" (el destino "_GetRestoreSettingsCurrentProject" depende de ├®l):
   1:5>Compilaci├│n terminada del destino "_GetRestoreSettingsPerFramework" en el proyecto "DocumentIA.Tests.Unit.csproj".
   1:5>Destino "_GetRestoreSettingsCurrentProject" en el archivo "C:\Program Files\dotnet\sdk\9.0.310\NuGet.targets" del proyecto "C:\temp\MVP\documento-ia-clasificacion-mvp\src\backend\DocumentIA.Tests.Unit\DocumentIA.Tests.Unit.csproj" (el destino "_GetRestoreSettings" depende de ├®l):
   1:5>Compilaci├│n terminada del destino "_GetRestoreSettingsCurrentProject" en el proyecto "DocumentIA.Tests.Unit.csproj".
       Se omiti├│ el destino "_GetRestoreSettingsAllFrameworks" debido a una condici├│n falsa (False); ( '$(TargetFrameworks)' != '' AND '$(PackageReferenceCompatibleProjectStyle)' == 'true' ) se evalu├│ como ( '' != '' AND 'True' == 'true' ).
   1:5>Destino "_GetRestoreSettings" en el archivo "C:\Program Files\dotnet\sdk\9.0.310\NuGet.targets" del proyecto "C:\temp\MVP\documento-ia-clasificacion-mvp\src\backend\DocumentIA.Tests.Unit\DocumentIA.Tests.Unit.csproj" (el destino "_GenerateDotnetCliToolReferenceSpecs" depende de ├®l):
       Usando la tarea "GetRestoreSettingsTask" del ensamblado "C:\Program Files\dotnet\sdk\9.0.310\NuGet.Build.Tasks.dll".
       Tarea "GetRestoreSettingsTask"
       Ejecuci├│n de la tarea "GetRestoreSettingsTask" terminada.
   1:5>Compilaci├│n terminada del destino "_GetRestoreSettings" en el proyecto "DocumentIA.Tests.Unit.csproj".
   1:5>Destino "_GenerateDotnetCliToolReferenceSpecs" en el archivo "C:\Program Files\dotnet\sdk\9.0.310\NuGet.targets" del proyecto "C:\temp\MVP\documento-ia-clasificacion-mvp\src\backend\DocumentIA.Tests.Unit\DocumentIA.Tests.Unit.csproj" (el destino "_GenerateRestoreGraphProjectEntry" depende de ├®l):
       Usando la tarea "GetRestoreDotnetCliToolsTask" del ensamblado "C:\Program Files\dotnet\sdk\9.0.310\NuGet.Build.Tasks.dll".
       Tarea "GetRestoreDotnetCliToolsTask"
       Ejecuci├│n de la tarea "GetRestoreDotnetCliToolsTask" terminada.
   1:5>Compilaci├│n terminada del destino "_GenerateDotnetCliToolReferenceSpecs" en el proyecto "DocumentIA.Tests.Unit.csproj".
   1:5>Destino "_GenerateRestoreGraphProjectEntry" en el archivo "C:\Program Files\dotnet\sdk\9.0.310\NuGet.targets" del proyecto "C:\temp\MVP\documento-ia-clasificacion-mvp\src\backend\DocumentIA.Tests.Unit\DocumentIA.Tests.Unit.csproj" (punto de entrada):
   1:5>Compilaci├│n terminada del destino "_GenerateRestoreGraphProjectEntry" en el proyecto "DocumentIA.Tests.Unit.csproj".
   1:5>Compilaci├│n del proyecto terminada "C:\temp\MVP\documento-ia-clasificacion-mvp\src\backend\DocumentIA.Tests.Unit\DocumentIA.Tests.Unit.csproj" (_GenerateRestoreGraphProjectEntry destinos).
     1>Ejecuci├│n de la tarea "MSBuild" terminada.
       Tarea "MSBuild"
         Propiedades globales:
           ExcludeRestorePackageImports=true
     1>El proyecto "C:\temp\MVP\documento-ia-clasificacion-mvp\src\backend\DocumentIA.Tests.Unit\DocumentIA.Tests.Unit.csproj" (1) est├í compilando "C:\temp\MVP\documento-ia-clasificacion-mvp\src\backend\DocumentIA.Core\DocumentIA.Core.csproj" (2:4) en el nodo 1 (_GenerateProjectRestoreGraph destinos).
   2:4>Se omiti├│ el destino "_GetRestoreProjectStyle". Compilado previamente de forma correcta.
       Se omiti├│ el destino "_GetRestoreProjectStyle". Compilado previamente de forma correcta.
       Se omiti├│ el destino "_GetRestoreProjectStyle". Compilado previamente de forma correcta.
   2:4>Destino "_GetRestoreTargetFrameworkOverride" en el archivo "C:\Program Files\dotnet\sdk\9.0.310\NuGet.targets" del proyecto "C:\temp\MVP\documento-ia-clasificacion-mvp\src\backend\DocumentIA.Core\DocumentIA.Core.csproj" (el destino "_GetRestoreTargetFrameworksOutput" depende de ├®l):
       Se omiti├│ la tarea "GetGlobalPropertyValueTask" debido a una condici├│n falsa (False); ( '$(TargetFrameworks)' != '' ) se evalu├│ como ( '' != '' ).
   2:4>Compilaci├│n terminada del destino "_GetRestoreTargetFrameworkOverride" en el proyecto "DocumentIA.Core.csproj".
   2:4>Destino "_GetRestoreTargetFrameworksOutput" en el archivo "C:\Program Files\dotnet\sdk\9.0.310\NuGet.targets" del proyecto "C:\temp\MVP\documento-ia-clasificacion-mvp\src\backend\DocumentIA.Core\DocumentIA.Core.csproj" (el destino "_GenerateRestoreProjectSpec" depende de ├®l):
       Usando la tarea "GetProjectTargetFrameworksTask" del ensamblado "C:\Program Files\dotnet\sdk\9.0.310\NuGet.Build.Tasks.dll".
       Tarea "GetProjectTargetFrameworksTask"
       Ejecuci├│n de la tarea "GetProjectTargetFrameworksTask" terminada.
   2:4>Compilaci├│n terminada del destino "_GetRestoreTargetFrameworksOutput" en el proyecto "DocumentIA.Core.csproj".
       Se omiti├│ el destino "_GetRestoreSettings". Compilado previamente de forma correcta.
   2:4>Destino "_GenerateRestoreProjectSpec" en el archivo "C:\Program Files\dotnet\sdk\9.0.310\NuGet.targets" del proyecto "C:\temp\MVP\documento-ia-clasificacion-mvp\src\backend\DocumentIA.Core\DocumentIA.Core.csproj" (el destino "_GenerateProjectRestoreGraph" depende de ├®l):
       Tarea "ConvertToAbsolutePath"
       Ejecuci├│n de la tarea "ConvertToAbsolutePath" terminada.
   2:4>Compilaci├│n terminada del destino "_GenerateRestoreProjectSpec" en el proyecto "DocumentIA.Core.csproj".
       Se omiti├│ el destino "_GenerateProjectRestoreGraphAllFrameworks" debido a una condici├│n falsa (False); ( '$(TargetFrameworks)' != '' ) se evalu├│ como ( '' != '' ).
       Se omiti├│ el destino "_GetRestoreProjectStyle". Compilado previamente de forma correcta.
       Se omiti├│ el destino "CollectPackageReferences". Compilado previamente de forma correcta.
   2:4>Destino "CollectPackageDownloads" en el archivo "C:\Program Files\dotnet\sdk\9.0.310\NuGet.targets" del proyecto "C:\temp\MVP\documento-ia-clasificacion-mvp\src\backend\DocumentIA.Core\DocumentIA.Core.csproj" (el destino "_CollectRestoreInputs" depende de ├®l):
       Tarea "CheckForDuplicateNuGetItemsTask"
       Ejecuci├│n de la tarea "CheckForDuplicateNuGetItemsTask" terminada.
   2:4>Compilaci├│n terminada del destino "CollectPackageDownloads" en el proyecto "DocumentIA.Core.csproj".
   2:4>Destino "CollectFrameworkReferences" en el archivo "C:\Program Files\dotnet\sdk\9.0.310\NuGet.targets" del proyecto "C:\temp\MVP\documento-ia-clasificacion-mvp\src\backend\DocumentIA.Core\DocumentIA.Core.csproj" (el destino "_CollectRestoreInputs" depende de ├®l):
   2:4>Compilaci├│n terminada del destino "CollectFrameworkReferences" en el proyecto "DocumentIA.Core.csproj".
   2:4>Destino "CollectCentralPackageVersions" en el archivo "C:\Program Files\dotnet\sdk\9.0.310\NuGet.targets" del proyecto "C:\temp\MVP\documento-ia-clasificacion-mvp\src\backend\DocumentIA.Core\DocumentIA.Core.csproj" (el destino "_CollectRestoreInputs" depende de ├®l):
       Tarea "CheckForDuplicateNuGetItemsTask"
       Ejecuci├│n de la tarea "CheckForDuplicateNuGetItemsTask" terminada.
   2:4>Compilaci├│n terminada del destino "CollectCentralPackageVersions" en el proyecto "DocumentIA.Core.csproj".
   2:4>Destino "CollectNuGetAuditSuppressions" en el archivo "C:\Program Files\dotnet\sdk\9.0.310\NuGet.targets" del proyecto "C:\temp\MVP\documento-ia-clasificacion-mvp\src\backend\DocumentIA.Core\DocumentIA.Core.csproj" (el destino "_CollectRestoreInputs" depende de ├®l):
       Tarea "CheckForDuplicateNuGetItemsTask"
       Ejecuci├│n de la tarea "CheckForDuplicateNuGetItemsTask" terminada.
   2:4>Compilaci├│n terminada del destino "CollectNuGetAuditSuppressions" en el proyecto "DocumentIA.Core.csproj".
       Se omiti├│ el destino "AddPrunePackageReferences" debido a una condici├│n falsa (False); ('$(RestoreEnablePackagePruning)' == 'true') se evalu├│ como ('false' == 'true').
   2:4>Destino "CollectPrunePackageReferences" en el archivo "C:\Program Files\dotnet\sdk\9.0.310\NuGet.targets" del proyecto "C:\temp\MVP\documento-ia-clasificacion-mvp\src\backend\DocumentIA.Core\DocumentIA.Core.csproj" (el destino "_CollectRestoreInputs" depende de ├®l):
       Tarea "CheckForDuplicateNuGetItemsTask"
       Ejecuci├│n de la tarea "CheckForDuplicateNuGetItemsTask" terminada.
   2:4>Compilaci├│n terminada del destino "CollectPrunePackageReferences" en el proyecto "DocumentIA.Core.csproj".
   2:4>Destino "_CollectRestoreInputs" en el archivo "C:\Program Files\dotnet\sdk\9.0.310\NuGet.targets" del proyecto "C:\temp\MVP\documento-ia-clasificacion-mvp\src\backend\DocumentIA.Core\DocumentIA.Core.csproj" (el destino "_GenerateProjectRestoreGraphPerFramework" depende de ├®l):
   2:4>Compilaci├│n terminada del destino "_CollectRestoreInputs" en el proyecto "DocumentIA.Core.csproj".
       Se omiti├│ el destino "PrepRestoreForStoreProjects" debido a una condici├│n falsa (False); ('$(StorePackageName)' != '') se evalu├│ como ('' != '').
   2:4>Destino "_GenerateProjectRestoreGraphPerFramework" en el archivo "C:\Program Files\dotnet\sdk\9.0.310\NuGet.targets" del proyecto "C:\temp\MVP\documento-ia-clasificacion-mvp\src\backend\DocumentIA.Core\DocumentIA.Core.csproj" (el destino "_GenerateProjectRestoreGraphCurrentProject" depende de ├®l):
       Usando la tarea "GetRestoreProjectReferencesTask" del ensamblado "C:\Program Files\dotnet\sdk\9.0.310\NuGet.Build.Tasks.dll".
       Tarea "GetRestoreProjectReferencesTask"
       Ejecuci├│n de la tarea "GetRestoreProjectReferencesTask" terminada.
       Usando la tarea "GetRestorePackageReferencesTask" del ensamblado "C:\Program Files\dotnet\sdk\9.0.310\NuGet.Build.Tasks.dll".
       Tarea "GetRestorePackageReferencesTask"
       Ejecuci├│n de la tarea "GetRestorePackageReferencesTask" terminada.
       Se omiti├│ la tarea "GetCentralPackageVersionsTask" debido a una condici├│n falsa (False); ( '$(PackageReferenceCompatibleProjectStyle)' == 'true' AND '$(_CentralPackageVersionsEnabled)' == 'true' ) se evalu├│ como ( 'True' == 'true' AND '' == 'true' ).
       Usando la tarea "GetRestorePackageDownloadsTask" del ensamblado "C:\Program Files\dotnet\sdk\9.0.310\NuGet.Build.Tasks.dll".
       Tarea "GetRestorePackageDownloadsTask"
       Ejecuci├│n de la tarea "GetRestorePackageDownloadsTask" terminada.
       Usando la tarea "GetRestoreFrameworkReferencesTask" del ensamblado "C:\Program Files\dotnet\sdk\9.0.310\NuGet.Build.Tasks.dll".
       Tarea "GetRestoreFrameworkReferencesTask"
       Ejecuci├│n de la tarea "GetRestoreFrameworkReferencesTask" terminada.
       Usando la tarea "GetRestoreNuGetAuditSuppressionsTask" del ensamblado "C:\Program Files\dotnet\sdk\9.0.310\NuGet.Build.Tasks.dll".
       Tarea "GetRestoreNuGetAuditSuppressionsTask"
       Ejecuci├│n de la tarea "GetRestoreNuGetAuditSuppressionsTask" terminada.
       Usando la tarea "GetRestorePrunePackageReferencesTask" del ensamblado "C:\Program Files\dotnet\sdk\9.0.310\NuGet.Build.Tasks.dll".
       Tarea "GetRestorePrunePackageReferencesTask"
       Ejecuci├│n de la tarea "GetRestorePrunePackageReferencesTask" terminada.
   2:4>Compilaci├│n terminada del destino "_GenerateProjectRestoreGraphPerFramework" en el proyecto "DocumentIA.Core.csproj".
   2:4>Destino "_GenerateProjectRestoreGraphCurrentProject" en el archivo "C:\Program Files\dotnet\sdk\9.0.310\NuGet.targets" del proyecto "C:\temp\MVP\documento-ia-clasificacion-mvp\src\backend\DocumentIA.Core\DocumentIA.Core.csproj" (el destino "_GenerateRestoreDependencies" depende de ├®l):
   2:4>Compilaci├│n terminada del destino "_GenerateProjectRestoreGraphCurrentProject" en el proyecto "DocumentIA.Core.csproj".
   2:4>Destino "_GenerateRestoreDependencies" en el archivo "C:\Program Files\dotnet\sdk\9.0.310\NuGet.targets" del proyecto "C:\temp\MVP\documento-ia-clasificacion-mvp\src\backend\DocumentIA.Core\DocumentIA.Core.csproj" (el destino "_GenerateProjectRestoreGraph" depende de ├®l):
   2:4>Compilaci├│n terminada del destino "_GenerateRestoreDependencies" en el proyecto "DocumentIA.Core.csproj".
   2:4>Destino "_GenerateProjectRestoreGraph" en el archivo "C:\Program Files\dotnet\sdk\9.0.310\NuGet.targets" del proyecto "C:\temp\MVP\documento-ia-clasificacion-mvp\src\backend\DocumentIA.Core\DocumentIA.Core.csproj" (punto de entrada):
   2:4>Compilaci├│n terminada del destino "_GenerateProjectRestoreGraph" en el proyecto "DocumentIA.Core.csproj".
   2:4>Compilaci├│n del proyecto terminada "C:\temp\MVP\documento-ia-clasificacion-mvp\src\backend\DocumentIA.Core\DocumentIA.Core.csproj" (_GenerateProjectRestoreGraph destinos).
     1>El proyecto "C:\temp\MVP\documento-ia-clasificacion-mvp\src\backend\DocumentIA.Tests.Unit\DocumentIA.Tests.Unit.csproj" (1) est├í compilando "C:\temp\MVP\documento-ia-clasificacion-mvp\src\backend\DocumentIA.Tests.Unit\DocumentIA.Tests.Unit.csproj" (1:6) en el nodo 1 (_GenerateProjectRestoreGraph destinos).
   1:6>Se omiti├│ el destino "_GetRestoreProjectStyle". Compilado previamente de forma correcta.
       Se omiti├│ el destino "_GetRestoreProjectStyle". Compilado previamente de forma correcta.
       Se omiti├│ el destino "_GetRestoreProjectStyle". Compilado previamente de forma correcta.
   1:6>Destino "_GetRestoreTargetFrameworkOverride" en el archivo "C:\Program Files\dotnet\sdk\9.0.310\NuGet.targets" del proyecto "C:\temp\MVP\documento-ia-clasificacion-mvp\src\backend\DocumentIA.Tests.Unit\DocumentIA.Tests.Unit.csproj" (el destino "_GetRestoreTargetFrameworksOutput" depende de ├®l):
       Se omiti├│ la tarea "GetGlobalPropertyValueTask" debido a una condici├│n falsa (False); ( '$(TargetFrameworks)' != '' ) se evalu├│ como ( '' != '' ).
   1:6>Compilaci├│n terminada del destino "_GetRestoreTargetFrameworkOverride" en el proyecto "DocumentIA.Tests.Unit.csproj".
   1:6>Destino "_GetRestoreTargetFrameworksOutput" en el archivo "C:\Program Files\dotnet\sdk\9.0.310\NuGet.targets" del proyecto "C:\temp\MVP\documento-ia-clasificacion-mvp\src\backend\DocumentIA.Tests.Unit\DocumentIA.Tests.Unit.csproj" (el destino "_GenerateRestoreProjectSpec" depende de ├®l):
       Usando la tarea "GetProjectTargetFrameworksTask" del ensamblado "C:\Program Files\dotnet\sdk\9.0.310\NuGet.Build.Tasks.dll".
       Tarea "GetProjectTargetFrameworksTask"
       Ejecuci├│n de la tarea "GetProjectTargetFrameworksTask" terminada.
   1:6>Compilaci├│n terminada del destino "_GetRestoreTargetFrameworksOutput" en el proyecto "DocumentIA.Tests.Unit.csproj".
       Se omiti├│ el destino "_GetRestoreSettings". Compilado previamente de forma correcta.
   1:6>Destino "_GenerateRestoreProjectSpec" en el archivo "C:\Program Files\dotnet\sdk\9.0.310\NuGet.targets" del proyecto "C:\temp\MVP\documento-ia-clasificacion-mvp\src\backend\DocumentIA.Tests.Unit\DocumentIA.Tests.Unit.csproj" (el destino "_GenerateProjectRestoreGraph" depende de ├®l):
       Tarea "ConvertToAbsolutePath"
       Ejecuci├│n de la tarea "ConvertToAbsolutePath" terminada.
   1:6>Compilaci├│n terminada del destino "_GenerateRestoreProjectSpec" en el proyecto "DocumentIA.Tests.Unit.csproj".
       Se omiti├│ el destino "_GenerateProjectRestoreGraphAllFrameworks" debido a una condici├│n falsa (False); ( '$(TargetFrameworks)' != '' ) se evalu├│ como ( '' != '' ).
       Se omiti├│ el destino "_GetRestoreProjectStyle". Compilado previamente de forma correcta.
       Se omiti├│ el destino "CollectPackageReferences". Compilado previamente de forma correcta.
   1:6>Destino "CollectPackageDownloads" en el archivo "C:\Program Files\dotnet\sdk\9.0.310\NuGet.targets" del proyecto "C:\temp\MVP\documento-ia-clasificacion-mvp\src\backend\DocumentIA.Tests.Unit\DocumentIA.Tests.Unit.csproj" (el destino "_CollectRestoreInputs" depende de ├®l):
       Tarea "CheckForDuplicateNuGetItemsTask"
       Ejecuci├│n de la tarea "CheckForDuplicateNuGetItemsTask" terminada.
   1:6>Compilaci├│n terminada del destino "CollectPackageDownloads" en el proyecto "DocumentIA.Tests.Unit.csproj".
   1:6>Destino "CollectFrameworkReferences" en el archivo "C:\Program Files\dotnet\sdk\9.0.310\NuGet.targets" del proyecto "C:\temp\MVP\documento-ia-clasificacion-mvp\src\backend\DocumentIA.Tests.Unit\DocumentIA.Tests.Unit.csproj" (el destino "_CollectRestoreInputs" depende de ├®l):
   1:6>Compilaci├│n terminada del destino "CollectFrameworkReferences" en el proyecto "DocumentIA.Tests.Unit.csproj".
   1:6>Destino "CollectCentralPackageVersions" en el archivo "C:\Program Files\dotnet\sdk\9.0.310\NuGet.targets" del proyecto "C:\temp\MVP\documento-ia-clasificacion-mvp\src\backend\DocumentIA.Tests.Unit\DocumentIA.Tests.Unit.csproj" (el destino "_CollectRestoreInputs" depende de ├®l):
       Tarea "CheckForDuplicateNuGetItemsTask"
       Ejecuci├│n de la tarea "CheckForDuplicateNuGetItemsTask" terminada.
   1:6>Compilaci├│n terminada del destino "CollectCentralPackageVersions" en el proyecto "DocumentIA.Tests.Unit.csproj".
   1:6>Destino "CollectNuGetAuditSuppressions" en el archivo "C:\Program Files\dotnet\sdk\9.0.310\NuGet.targets" del proyecto "C:\temp\MVP\documento-ia-clasificacion-mvp\src\backend\DocumentIA.Tests.Unit\DocumentIA.Tests.Unit.csproj" (el destino "_CollectRestoreInputs" depende de ├®l):
       Tarea "CheckForDuplicateNuGetItemsTask"
       Ejecuci├│n de la tarea "CheckForDuplicateNuGetItemsTask" terminada.
   1:6>Compilaci├│n terminada del destino "CollectNuGetAuditSuppressions" en el proyecto "DocumentIA.Tests.Unit.csproj".
       Se omiti├│ el destino "AddPrunePackageReferences" debido a una condici├│n falsa (False); ('$(RestoreEnablePackagePruning)' == 'true') se evalu├│ como ('false' == 'true').
   1:6>Destino "CollectPrunePackageReferences" en el archivo "C:\Program Files\dotnet\sdk\9.0.310\NuGet.targets" del proyecto "C:\temp\MVP\documento-ia-clasificacion-mvp\src\backend\DocumentIA.Tests.Unit\DocumentIA.Tests.Unit.csproj" (el destino "_CollectRestoreInputs" depende de ├®l):
       Tarea "CheckForDuplicateNuGetItemsTask"
       Ejecuci├│n de la tarea "CheckForDuplicateNuGetItemsTask" terminada.
   1:6>Compilaci├│n terminada del destino "CollectPrunePackageReferences" en el proyecto "DocumentIA.Tests.Unit.csproj".
   1:6>Destino "_CollectRestoreInputs" en el archivo "C:\Program Files\dotnet\sdk\9.0.310\NuGet.targets" del proyecto "C:\temp\MVP\documento-ia-clasificacion-mvp\src\backend\DocumentIA.Tests.Unit\DocumentIA.Tests.Unit.csproj" (el destino "_GenerateProjectRestoreGraphPerFramework" depende de ├®l):
   1:6>Compilaci├│n terminada del destino "_CollectRestoreInputs" en el proyecto "DocumentIA.Tests.Unit.csproj".
       Se omiti├│ el destino "PrepRestoreForStoreProjects" debido a una condici├│n falsa (False); ('$(StorePackageName)' != '') se evalu├│ como ('' != '').
   1:6>Destino "_GenerateProjectRestoreGraphPerFramework" en el archivo "C:\Program Files\dotnet\sdk\9.0.310\NuGet.targets" del proyecto "C:\temp\MVP\documento-ia-clasificacion-mvp\src\backend\DocumentIA.Tests.Unit\DocumentIA.Tests.Unit.csproj" (el destino "_GenerateProjectRestoreGraphCurrentProject" depende de ├®l):
       Usando la tarea "GetRestoreProjectReferencesTask" del ensamblado "C:\Program Files\dotnet\sdk\9.0.310\NuGet.Build.Tasks.dll".
       Tarea "GetRestoreProjectReferencesTask"
       Ejecuci├│n de la tarea "GetRestoreProjectReferencesTask" terminada.
       Usando la tarea "GetRestorePackageReferencesTask" del ensamblado "C:\Program Files\dotnet\sdk\9.0.310\NuGet.Build.Tasks.dll".
       Tarea "GetRestorePackageReferencesTask"
       Ejecuci├│n de la tarea "GetRestorePackageReferencesTask" terminada.
       Se omiti├│ la tarea "GetCentralPackageVersionsTask" debido a una condici├│n falsa (False); ( '$(PackageReferenceCompatibleProjectStyle)' == 'true' AND '$(_CentralPackageVersionsEnabled)' == 'true' ) se evalu├│ como ( 'True' == 'true' AND '' == 'true' ).
       Usando la tarea "GetRestorePackageDownloadsTask" del ensamblado "C:\Program Files\dotnet\sdk\9.0.310\NuGet.Build.Tasks.dll".
       Tarea "GetRestorePackageDownloadsTask"
       Ejecuci├│n de la tarea "GetRestorePackageDownloadsTask" terminada.
       Usando la tarea "GetRestoreFrameworkReferencesTask" del ensamblado "C:\Program Files\dotnet\sdk\9.0.310\NuGet.Build.Tasks.dll".
       Tarea "GetRestoreFrameworkReferencesTask"
       Ejecuci├│n de la tarea "GetRestoreFrameworkReferencesTask" terminada.
       Usando la tarea "GetRestoreNuGetAuditSuppressionsTask" del ensamblado "C:\Program Files\dotnet\sdk\9.0.310\NuGet.Build.Tasks.dll".
       Tarea "GetRestoreNuGetAuditSuppressionsTask"
       Ejecuci├│n de la tarea "GetRestoreNuGetAuditSuppressionsTask" terminada.
       Usando la tarea "GetRestorePrunePackageReferencesTask" del ensamblado "C:\Program Files\dotnet\sdk\9.0.310\NuGet.Build.Tasks.dll".
       Tarea "GetRestorePrunePackageReferencesTask"
       Ejecuci├│n de la tarea "GetRestorePrunePackageReferencesTask" terminada.
   1:6>Compilaci├│n terminada del destino "_GenerateProjectRestoreGraphPerFramework" en el proyecto "DocumentIA.Tests.Unit.csproj".
   1:6>Destino "_GenerateProjectRestoreGraphCurrentProject" en el archivo "C:\Program Files\dotnet\sdk\9.0.310\NuGet.targets" del proyecto "C:\temp\MVP\documento-ia-clasificacion-mvp\src\backend\DocumentIA.Tests.Unit\DocumentIA.Tests.Unit.csproj" (el destino "_GenerateRestoreDependencies" depende de ├®l):
   1:6>Compilaci├│n terminada del destino "_GenerateProjectRestoreGraphCurrentProject" en el proyecto "DocumentIA.Tests.Unit.csproj".
   1:6>Destino "_GenerateRestoreDependencies" en el archivo "C:\Program Files\dotnet\sdk\9.0.310\NuGet.targets" del proyecto "C:\temp\MVP\documento-ia-clasificacion-mvp\src\backend\DocumentIA.Tests.Unit\DocumentIA.Tests.Unit.csproj" (el destino "_GenerateProjectRestoreGraph" depende de ├®l):
   1:6>Compilaci├│n terminada del destino "_GenerateRestoreDependencies" en el proyecto "DocumentIA.Tests.Unit.csproj".
   1:6>Destino "_GenerateProjectRestoreGraph" en el archivo "C:\Program Files\dotnet\sdk\9.0.310\NuGet.targets" del proyecto "C:\temp\MVP\documento-ia-clasificacion-mvp\src\backend\DocumentIA.Tests.Unit\DocumentIA.Tests.Unit.csproj" (punto de entrada):
   1:6>Compilaci├│n terminada del destino "_GenerateProjectRestoreGraph" en el proyecto "DocumentIA.Tests.Unit.csproj".
   1:6>Compilaci├│n del proyecto terminada "C:\temp\MVP\documento-ia-clasificacion-mvp\src\backend\DocumentIA.Tests.Unit\DocumentIA.Tests.Unit.csproj" (_GenerateProjectRestoreGraph destinos).
     1>Ejecuci├│n de la tarea "MSBuild" terminada.
     1>Compilaci├│n terminada del destino "_GenerateRestoreGraph" en el proyecto "DocumentIA.Tests.Unit.csproj".
       Se omiti├│ el destino "_CheckForUnsupportedTargetFramework" debido a una condici├│n falsa (False); ('$(_UnsupportedTargetFrameworkError)' == 'true') se evalu├│ como ('' == 'true').
     1>Destino "_CollectTargetFrameworkForTelemetry" en el archivo "C:\Program Files\dotnet\sdk\9.0.310\Sdks\Microsoft.NET.Sdk\targets\Microsoft.NET.TargetFrameworkInference.targets" del proyecto "C:\temp\MVP\documento-ia-clasificacion-mvp\src\backend\DocumentIA.Tests.Unit\DocumentIA.Tests.Unit.csproj" (el destino "Restore" depende de ├®l):
       Usando la tarea "AllowEmptyTelemetry" del ensamblado "C:\Program Files\dotnet\sdk\9.0.310\Sdks\Microsoft.NET.Sdk\targets\..\tools\net9.0\Microsoft.NET.Build.Tasks.dll".
       Tarea "AllowEmptyTelemetry"
       Ejecuci├│n de la tarea "AllowEmptyTelemetry" terminada.
     1>Compilaci├│n terminada del destino "_CollectTargetFrameworkForTelemetry" en el proyecto "DocumentIA.Tests.Unit.csproj".
     1>Destino "_CheckForUnsupportedNETCoreVersion" en el archivo "C:\Program Files\dotnet\sdk\9.0.310\Sdks\Microsoft.NET.Sdk\targets\Microsoft.NET.TargetFrameworkInference.targets" del proyecto "C:\temp\MVP\documento-ia-clasificacion-mvp\src\backend\DocumentIA.Tests.Unit\DocumentIA.Tests.Unit.csproj" (el destino "Restore" depende de ├®l):
       Se omiti├│ la tarea "NETSdkError" debido a una condici├│n falsa (False); ('$(_TargetFrameworkVersionWithoutV)' > '$(NETCoreAppMaximumVersion)' and '$(DisplayVSMessage)' != 'true') se evalu├│ como ('9.0' > '9.0' and '' != 'true').
       Se omiti├│ la tarea "NETSdkError" debido a una condici├│n falsa (False); ('$(DisplayVSMessage)' == 'true') se evalu├│ como ('' == 'true').
     1>Compilaci├│n terminada del destino "_CheckForUnsupportedNETCoreVersion" en el proyecto "DocumentIA.Tests.Unit.csproj".
       Se omiti├│ el destino "_CheckForEolTargetFrameworks" debido a una condici├│n falsa (False); ('@(_EolNetCoreTargetFrameworkVersions->AnyHaveMetadataValue('Identity', '$(_TargetFrameworkVersionWithoutV)'))' and '$(TargetFrameworkIdentifier)' == '.NETCoreApp' and '$(CheckEolTargetFramework)' == 'true') se evalu├│ como ('false' and '.NETCoreApp' == '.NETCoreApp' and '' == 'true').
       Se omiti├│ el destino "_CheckForEolWorkloads" debido a una condici├│n falsa (False); ('@(EolWorkload)' != '' and '$(CheckEolWorkloads)' == 'true') se evalu├│ como ('' != '' and 'true' == 'true').
       Se omiti├│ el destino "_CheckForNotRecommendedNETStandardVersion" debido a una condici├│n falsa (False); ('$(TargetFrameworkIdentifier)' == '.NETStandard' and $([MSBuild]::VersionLessThan($(TargetFrameworkVersion), '2.0'))) se evalu├│ como ('.NETCoreApp' == '.NETStandard' and False).
     1>Destino "_CheckForUnsupportedCppNETCoreVersion" en el archivo "C:\Program Files\dotnet\sdk\9.0.310\Sdks\Microsoft.NET.Sdk\targets\Microsoft.NET.TargetFrameworkInference.targets" del proyecto "C:\temp\MVP\documento-ia-clasificacion-mvp\src\backend\DocumentIA.Tests.Unit\DocumentIA.Tests.Unit.csproj" (el destino "Restore" depende de ├®l):
       Se omiti├│ la tarea "NETSdkError" debido a una condici├│n falsa (False); ('$(TargetFrameworkIdentifier)' == '.NETCoreApp' and '$(_TargetFrameworkVersionWithoutV)' < '3.1' and ('$(Language)' == 'C++' and '$(_EnablePackageReferencesInVCProjects)' != 'true')) se evalu├│ como ('.NETCoreApp' == '.NETCoreApp' and '9.0' < '3.1' and ('C#' == 'C++' and '' != 'true')).
     1>Compilaci├│n terminada del destino "_CheckForUnsupportedCppNETCoreVersion" en el proyecto "DocumentIA.Tests.Unit.csproj".
       Se omiti├│ el destino "_CheckForUnsupportedNETStandardVersion" debido a una condici├│n falsa (False); ('$(TargetFrameworkIdentifier)' == '.NETStandard' And '$(NETStandardMaximumVersion)' != '') se evalu├│ como ('.NETCoreApp' == '.NETStandard' And '' != '').
       Se omiti├│ el destino "_CheckForUnsupportedTargetFrameworkAndFeatureCombination" debido a una condici├│n falsa (False); ('$(TargetFrameworkIdentifier)' == '.NETFramework') se evalu├│ como ('.NETCoreApp' == '.NETFramework').
     1>Destino "Restore" en el archivo "C:\Program Files\dotnet\sdk\9.0.310\NuGet.targets" del proyecto "C:\temp\MVP\documento-ia-clasificacion-mvp\src\backend\DocumentIA.Tests.Unit\DocumentIA.Tests.Unit.csproj" (punto de entrada):
       Tarea "RemoveDuplicates"
       Ejecuci├│n de la tarea "RemoveDuplicates" terminada.
       Usando la tarea "RestoreTask" del ensamblado "C:\Program Files\dotnet\sdk\9.0.310\NuGet.Build.Tasks.dll".
       Tarea "RestoreTask"
         Ensamblado cargado durante TaskRun (NuGet.Build.Tasks.RestoreTask): NuGet.Packaging, Version=6.14.0.116, Culture=neutral, PublicKeyToken=31bf3856ad364e35(ubicaci├│n: C:\Program Files\dotnet\sdk\9.0.310\NuGet.Packaging.dll, MVID: cdc50a13-9777-4bbf-997e-763beae18a61, AssemblyLoadContext: MSBuild plugin C:\Program Files\dotnet\sdk\9.0.310\NuGet.Build.Tasks.dll)
         Ensamblado cargado durante TaskRun (NuGet.Build.Tasks.RestoreTask): NuGet.LibraryModel, Version=6.14.0.116, Culture=neutral, PublicKeyToken=31bf3856ad364e35(ubicaci├│n: C:\Program Files\dotnet\sdk\9.0.310\NuGet.LibraryModel.dll, MVID: e00b38b3-9e45-44a2-8023-8c8ae09208b7, AssemblyLoadContext: MSBuild plugin C:\Program Files\dotnet\sdk\9.0.310\NuGet.Build.Tasks.dll)
         Ensamblado cargado durante TaskRun (NuGet.Build.Tasks.RestoreTask): NuGet.Versioning, Version=6.14.0.116, Culture=neutral, PublicKeyToken=31bf3856ad364e35(ubicaci├│n: C:\Program Files\dotnet\sdk\9.0.310\NuGet.Versioning.dll, MVID: ecae64d3-0ef8-4164-9110-1e65ba08bca4, AssemblyLoadContext: MSBuild plugin C:\Program Files\dotnet\sdk\9.0.310\NuGet.Build.Tasks.dll)
         Ensamblado cargado durante TaskRun (NuGet.Build.Tasks.RestoreTask): NuGet.Frameworks, Version=6.14.0.116, Culture=neutral, PublicKeyToken=31bf3856ad364e35(ubicaci├│n: C:\Program Files\dotnet\sdk\9.0.310\NuGet.Frameworks.dll, MVID: 6b5909cd-5145-46c4-9595-25461e82c126, AssemblyLoadContext: MSBuild plugin C:\Program Files\dotnet\sdk\9.0.310\NuGet.Build.Tasks.dll)
         Ensamblado cargado durante TaskRun (NuGet.Build.Tasks.RestoreTask): System.Buffers, Version=9.0.0.0, Culture=neutral, PublicKeyToken=cc7b13ffcd2ddd51(ubicaci├│n: C:\Program Files\dotnet\shared\Microsoft.NETCore.App\9.0.12\System.Buffers.dll, MVID: f2885968-7465-4de7-83a3-13ada06c8fc1, AssemblyLoadContext: Default)
         Ensamblado cargado durante TaskRun (NuGet.Build.Tasks.RestoreTask): NuGet.Protocol, Version=6.14.0.116, Culture=neutral, PublicKeyToken=31bf3856ad364e35(ubicaci├│n: C:\Program Files\dotnet\sdk\9.0.310\NuGet.Protocol.dll, MVID: f8777b05-1686-441b-9cec-a9710c5aa900, AssemblyLoadContext: MSBuild plugin C:\Program Files\dotnet\sdk\9.0.310\NuGet.Build.Tasks.dll)
         Ensamblado cargado durante TaskRun (NuGet.Build.Tasks.RestoreTask): NuGet.Credentials, Version=6.14.0.116, Culture=neutral, PublicKeyToken=31bf3856ad364e35(ubicaci├│n: C:\Program Files\dotnet\sdk\9.0.310\NuGet.Credentials.dll, MVID: bd6612c0-8432-48ef-9aa9-96a29d2c500a, AssemblyLoadContext: MSBuild plugin C:\Program Files\dotnet\sdk\9.0.310\NuGet.Build.Tasks.dll)
         Ensamblado cargado durante TaskRun (NuGet.Build.Tasks.RestoreTask): NuGet.Packaging.resources, Version=6.14.0.116, Culture=es, PublicKeyToken=31bf3856ad364e35, processorArchitecture=MSIL(ubicaci├│n: C:\Program Files\dotnet\sdk\9.0.310\es\NuGet.Packaging.resources.dll, MVID: 606cf9e9-1080-481e-a071-c7678407b92a, AssemblyLoadContext: MSBuild plugin C:\Program Files\dotnet\sdk\9.0.310\NuGet.Build.Tasks.dll)
         La validaci├│n de la cadena de certificados X.509 utilizar├í el almac├®n de confianza predeterminado seleccionado por .NET para la firma de c├│digo.
         La validaci├│n de la cadena de certificados X.509 utilizar├í el almac├®n de confianza predeterminado seleccionado por .NET para la marca de tiempo.
         Ensamblado cargado durante TaskRun (NuGet.Build.Tasks.RestoreTask): NuGet.DependencyResolver.Core, Version=6.14.0.116, Culture=neutral, PublicKeyToken=31bf3856ad364e35(ubicaci├│n: C:\Program Files\dotnet\sdk\9.0.310\NuGet.DependencyResolver.Core.dll, MVID: 6b197cc7-1c4a-4e48-895c-328987fdea28, AssemblyLoadContext: MSBuild plugin C:\Program Files\dotnet\sdk\9.0.310\NuGet.Build.Tasks.dll)
         Ensamblado cargado durante TaskRun (NuGet.Build.Tasks.RestoreTask): NuGet.Commands.resources, Version=6.14.0.116, Culture=es, PublicKeyToken=31bf3856ad364e35, processorArchitecture=MSIL(ubicaci├│n: C:\Program Files\dotnet\sdk\9.0.310\es\NuGet.Commands.resources.dll, MVID: 4d94b5fe-c13a-4fb3-bbb6-9cac69286b03, AssemblyLoadContext: MSBuild plugin C:\Program Files\dotnet\sdk\9.0.310\NuGet.Build.Tasks.dll)
         Ejecutando restauraci├│n con 12 trabajos simult├íneos.
         Leyendo el archivo del proyecto C:\temp\MVP\documento-ia-clasificacion-mvp\src\backend\DocumentIA.Tests.Unit\DocumentIA.Tests.Unit.csproj.
         Leyendo el archivo del proyecto C:\temp\MVP\documento-ia-clasificacion-mvp\src\backend\DocumentIA.Core\DocumentIA.Core.csproj.
         Ensamblado cargado durante TaskRun (NuGet.Build.Tasks.RestoreTask): Newtonsoft.Json, Version=13.0.0.0, Culture=neutral, PublicKeyToken=30ad4fe6b2a6aeed(ubicaci├│n: C:\Program Files\dotnet\sdk\9.0.310\Newtonsoft.Json.dll, MVID: 7e62198b-eab2-4380-bbac-29171862d1d8, AssemblyLoadContext: MSBuild plugin C:\Program Files\dotnet\sdk\9.0.310\NuGet.Build.Tasks.dll)
         Ensamblado cargado durante TaskRun (NuGet.Build.Tasks.RestoreTask): System.Runtime.Serialization.Primitives, Version=9.0.0.0, Culture=neutral, PublicKeyToken=b03f5f7f11d50a3a(ubicaci├│n: C:\Program Files\dotnet\shared\Microsoft.NETCore.App\9.0.12\System.Runtime.Serialization.Primitives.dll, MVID: 0179fff1-49b1-4942-82a7-387fb27995a7, AssemblyLoadContext: Default)
         Ensamblado cargado durante TaskRun (NuGet.Build.Tasks.RestoreTask): System.Runtime.Numerics, Version=9.0.0.0, Culture=neutral, PublicKeyToken=b03f5f7f11d50a3a(ubicaci├│n: C:\Program Files\dotnet\shared\Microsoft.NETCore.App\9.0.12\System.Runtime.Numerics.dll, MVID: 17ec79ce-2315-40ef-9614-25f156ef7d1f, AssemblyLoadContext: Default)
         Ensamblado cargado durante TaskRun (NuGet.Build.Tasks.RestoreTask): System.Text.Encodings.Web, Version=9.0.0.0, Culture=neutral, PublicKeyToken=cc7b13ffcd2ddd51(ubicaci├│n: C:\Program Files\dotnet\shared\Microsoft.NETCore.App\9.0.12\System.Text.Encodings.Web.dll, MVID: 2830ed01-c9fb-4762-a25a-40d2e5ce2c40, AssemblyLoadContext: Default)
         Ensamblado cargado durante TaskRun (NuGet.Build.Tasks.RestoreTask): System.Reflection.Emit.Lightweight, Version=9.0.0.0, Culture=neutral, PublicKeyToken=b03f5f7f11d50a3a(ubicaci├│n: C:\Program Files\dotnet\shared\Microsoft.NETCore.App\9.0.12\System.Reflection.Emit.Lightweight.dll, MVID: fca62595-5b58-45f0-8697-f5234fb63c7e, AssemblyLoadContext: Default)
         Ensamblado cargado durante TaskRun (NuGet.Build.Tasks.RestoreTask): System.Reflection.Primitives, Version=9.0.0.0, Culture=neutral, PublicKeyToken=b03f5f7f11d50a3a(ubicaci├│n: C:\Program Files\dotnet\shared\Microsoft.NETCore.App\9.0.12\System.Reflection.Primitives.dll, MVID: 687f41e4-1987-432c-8d6a-1d119ba1be1e, AssemblyLoadContext: Default)
         Ensamblado cargado durante TaskRun (NuGet.Build.Tasks.RestoreTask): System.Reflection.Emit.ILGeneration, Version=9.0.0.0, Culture=neutral, PublicKeyToken=b03f5f7f11d50a3a(ubicaci├│n: C:\Program Files\dotnet\shared\Microsoft.NETCore.App\9.0.12\System.Reflection.Emit.ILGeneration.dll, MVID: 1d39f8fa-4f63-4739-a667-e6e70f597229, AssemblyLoadContext: Default)
         Las entradas de restauraci├│n de "DocumentIA.Core" no han cambiado. No se necesitan m├ís acciones para finalizar la restauraci├│n.
         Las entradas de restauraci├│n de "DocumentIA.Tests.Unit" no han cambiado. No se necesitan m├ís acciones para finalizar la restauraci├│n.
         Ejecutando restauraci├│n...
         Ejecutando restauraci├│n...
         El archivo de recursos no ha cambiado, as├¡ que se omitir├í su escritura. Ruta de acceso: C:\temp\MVP\documento-ia-clasificacion-mvp\src\backend\DocumentIA.Core\obj\project.assets.json
         El archivo de recursos no ha cambiado, as├¡ que se omitir├í su escritura. Ruta de acceso: C:\temp\MVP\documento-ia-clasificacion-mvp\src\backend\DocumentIA.Tests.Unit\obj\project.assets.json
         No hay ninguna operaci├│n de restauraci├│n. La cach├® no se actualizar├í. Ruta de acceso: C:\temp\MVP\documento-ia-clasificacion-mvp\src\backend\DocumentIA.Core\obj\project.nuget.cache
         No hay ninguna operaci├│n de restauraci├│n. La cach├® no se actualizar├í. Ruta de acceso: C:\temp\MVP\documento-ia-clasificacion-mvp\src\backend\DocumentIA.Tests.Unit\obj\project.nuget.cache
         Ensamblado cargado durante TaskRun (NuGet.Build.Tasks.RestoreTask): NuGet.Common.resources, Version=6.14.0.116, Culture=es, PublicKeyToken=31bf3856ad364e35, processorArchitecture=MSIL(ubicaci├│n: C:\Program Files\dotnet\sdk\9.0.310\es\NuGet.Common.resources.dll, MVID: 0784842e-bb9b-41ff-b4c2-399971a8e8f9, AssemblyLoadContext: MSBuild plugin C:\Program Files\dotnet\sdk\9.0.310\NuGet.Build.Tasks.dll)
         Se ha restaurado C:\temp\MVP\documento-ia-clasificacion-mvp\src\backend\DocumentIA.Core\DocumentIA.Core.csproj (en 35 ms).
         Se ha restaurado C:\temp\MVP\documento-ia-clasificacion-mvp\src\backend\DocumentIA.Tests.Unit\DocumentIA.Tests.Unit.csproj (en 35 ms).
         
         Archivos de NuGet Config usados:
             C:\Users\ubf0238\AppData\Roaming\NuGet\NuGet.Config
             C:\Program Files (x86)\NuGet\Config\Microsoft.VisualStudio.FallbackLocation.config
             C:\Program Files (x86)\NuGet\Config\Microsoft.VisualStudio.Offline.config
         
         Fuentes usadas:
             https://api.nuget.org/v3/index.json
             C:\Program Files (x86)\Microsoft SDKs\NuGetPackages\
         Todos los proyectos est├ín actualizados para la restauraci├│n.
       Ejecuci├│n de la tarea "RestoreTask" terminada.
     1>Compilaci├│n terminada del destino "Restore" en el proyecto "DocumentIA.Tests.Unit.csproj".
     1>Compilaci├│n del proyecto terminada "C:\temp\MVP\documento-ia-clasificacion-mvp\src\backend\DocumentIA.Tests.Unit\DocumentIA.Tests.Unit.csproj" (Restore destinos).
     0>El SDK "Microsoft.NET.Sdk" se resolvi├│ correctamente mediante el resolvedor "DefaultSdkResolver" a la ubicaci├│n "C:\Program Files\dotnet\sdk\9.0.310\Sdks\Microsoft.NET.Sdk\Sdk" y la versi├│n "".
       C:\Program Files\dotnet\sdk\9.0.310\Sdks\Microsoft.NET.Sdk\Sdk\Sdk.props(49,11): message : Propiedad "MSBuildExtensionsPath" con el valor "C:\Program Files\dotnet\sdk\9.0.310\" expandido desde el entorno.
       C:\Program Files\dotnet\sdk\9.0.310\Current\Microsoft.Common.props(60,5): message : Reasignaci├│n de propiedad: $(MSBuildProjectExtensionsPath)="C:\temp\MVP\documento-ia-clasificacion-mvp\src\backend\DocumentIA.Tests.Unit\obj\" (valor anterior: "obj\") en C:\Program Files\dotnet\sdk\9.0.310\Current\Microsoft.Common.props (60,5)
       C:\temp\MVP\documento-ia-clasificacion-mvp\src\backend\DocumentIA.Tests.Unit\obj\DocumentIA.Tests.Unit.csproj.nuget.g.props(7,5): message : Propiedad "USERPROFILE" con el valor "C:\Users\ubf0238" expandido desde el entorno.
       C:\Program Files\dotnet\sdk\9.0.310\Current\Microsoft.Common.props(84,119): message : Propiedad "MSBuildUserExtensionsPath" con el valor "C:\Users\ubf0238\AppData\Local\Microsoft\MSBuild" expandido desde el entorno.
       C:\Program Files\dotnet\sdk\9.0.310\Sdks\Microsoft.NET.Sdk\targets\Microsoft.NET.Sdk.props(90,5): message : Reasignaci├│n de propiedad: $(AssemblySearchPaths)="{CandidateAssemblyFiles};{HintPathFromItem}" (valor anterior: "{CandidateAssemblyFiles}") en C:\Program Files\dotnet\sdk\9.0.310\Sdks\Microsoft.NET.Sdk\targets\Microsoft.NET.Sdk.props (90,5)
       C:\Program Files\dotnet\sdk\9.0.310\Sdks\Microsoft.NET.Sdk\targets\Microsoft.NET.Sdk.props(91,5): message : Reasignaci├│n de propiedad: $(AssemblySearchPaths)="{CandidateAssemblyFiles};{HintPathFromItem};{TargetFrameworkDirectory}" (valor anterior: "{CandidateAssemblyFiles};{HintPathFromItem}") en C:\Program Files\dotnet\sdk\9.0.310\Sdks\Microsoft.NET.Sdk\targets\Microsoft.NET.Sdk.props (91,5)
       C:\Program Files\dotnet\sdk\9.0.310\Sdks\Microsoft.NET.Sdk\targets\Microsoft.NET.Sdk.props(92,5): message : Reasignaci├│n de propiedad: $(AssemblySearchPaths)="{CandidateAssemblyFiles};{HintPathFromItem};{TargetFrameworkDirectory};{RawFileName}" (valor anterior: "{CandidateAssemblyFiles};{HintPathFromItem};{TargetFrameworkDirectory}") en C:\Program Files\dotnet\sdk\9.0.310\Sdks\Microsoft.NET.Sdk\targets\Microsoft.NET.Sdk.props (92,5)
       El solucionador "DefaultSdkResolver" intent├│ resolver el SDK "Microsoft.NET.SDK.WorkloadAutoImportPropsLocator".
       Advertencias: null
       Errores: MSB4276: La resoluci├│n predeterminada del SDK no pudo resolver el SDK "Microsoft.NET.SDK.WorkloadAutoImportPropsLocator" porque el directorio "C:\Program Files\dotnet\sdk\9.0.310\Sdks\Microsoft.NET.SDK.WorkloadAutoImportPropsLocator\Sdk" no exist├¡a.
       El SDK "Microsoft.NET.SDK.WorkloadAutoImportPropsLocator" se resolvi├│ correctamente mediante el resolvedor "Microsoft.DotNet.MSBuildWorkloadSdkResolver" a la ubicaci├│n "null" y la versi├│n "null".
       C:\Program Files\dotnet\sdk\9.0.310\Sdks\Microsoft.NET.Sdk\targets\Microsoft.NET.PackProjectTool.props(15,5): message : Reasignaci├│n de propiedad: $(TargetsForTfmSpecificContentInPackage)=";PackTool;_PackProjectToolValidation" (valor anterior: ";PackTool") en C:\Program Files\dotnet\sdk\9.0.310\Sdks\Microsoft.NET.Sdk\targets\Microsoft.NET.PackProjectTool.props (15,5)
       C:\Program Files\dotnet\sdk\9.0.310\Sdks\Microsoft.NET.Sdk\targets\Microsoft.NET.Sdk.ImportPublishProfile.targets(28,5): message : Reasignaci├│n de propiedad: $(PublishProfileImported)="false" (valor anterior: "true") en C:\Program Files\dotnet\sdk\9.0.310\Sdks\Microsoft.NET.Sdk\targets\Microsoft.NET.Sdk.ImportPublishProfile.targets (28,5)
       C:\Program Files\dotnet\sdk\9.0.310\Sdks\Microsoft.NET.Sdk\targets\Microsoft.NET.TargetFrameworkInference.targets(69,5): message : Reasignaci├│n de propiedad: $(TargetPlatformVersion)="" (valor anterior: "0.0") en C:\Program Files\dotnet\sdk\9.0.310\Sdks\Microsoft.NET.Sdk\targets\Microsoft.NET.TargetFrameworkInference.targets (69,5)
       C:\Program Files\dotnet\sdk\9.0.310\Sdks\Microsoft.NET.Sdk\targets\Microsoft.NET.DefaultOutputPaths.targets(122,5): message : Reasignaci├│n de propiedad: $(DefaultItemExcludes)=";bin\Debug\/**;obj\Debug\/**" (valor anterior: ";bin\Debug\/**") en C:\Program Files\dotnet\sdk\9.0.310\Sdks\Microsoft.NET.Sdk\targets\Microsoft.NET.DefaultOutputPaths.targets (122,5)
       C:\Program Files\dotnet\sdk\9.0.310\Sdks\Microsoft.NET.Sdk\targets\Microsoft.NET.DefaultOutputPaths.targets(137,5): message : Reasignaci├│n de propiedad: $(OutputPath)="bin\Debug\net9.0\" (valor anterior: "bin\Debug\") en C:\Program Files\dotnet\sdk\9.0.310\Sdks\Microsoft.NET.Sdk\targets\Microsoft.NET.DefaultOutputPaths.targets (137,5)
       C:\Program Files\dotnet\sdk\9.0.310\Sdks\Microsoft.NET.Sdk\targets\Microsoft.NET.DefaultOutputPaths.targets(142,5): message : Reasignaci├│n de propiedad: $(IntermediateOutputPath)="obj\Debug\net9.0\" (valor anterior: "obj\Debug\") en C:\Program Files\dotnet\sdk\9.0.310\Sdks\Microsoft.NET.Sdk\targets\Microsoft.NET.DefaultOutputPaths.targets (142,5)
       El solucionador "DefaultSdkResolver" intent├│ resolver el SDK "Microsoft.NET.SDK.WorkloadManifestTargetsLocator".
       Advertencias: null
       Errores: MSB4276: La resoluci├│n predeterminada del SDK no pudo resolver el SDK "Microsoft.NET.SDK.WorkloadManifestTargetsLocator" porque el directorio "C:\Program Files\dotnet\sdk\9.0.310\Sdks\Microsoft.NET.SDK.WorkloadManifestTargetsLocator\Sdk" no exist├¡a.
       El SDK "Microsoft.NET.SDK.WorkloadManifestTargetsLocator" se resolvi├│ correctamente mediante el resolvedor "Microsoft.DotNet.MSBuildWorkloadSdkResolver" a la ubicaci├│n "C:\Program Files\dotnet\sdk-manifests\9.0.100\microsoft.net.sdk.android\35.0.78" y la versi├│n "null".
       C:\Program Files\dotnet\sdk\9.0.310\Sdks\Microsoft.NET.Sdk\targets\Microsoft.NET.Sdk.BeforeCommon.targets(187,5): message : Reasignaci├│n de propiedad: $(_FrameworkIdentifierForImplicitDefine)="NET" (valor anterior: "NETCOREAPP") en C:\Program Files\dotnet\sdk\9.0.310\Sdks\Microsoft.NET.Sdk\targets\Microsoft.NET.Sdk.BeforeCommon.targets (187,5)
       C:\Program Files\dotnet\sdk\9.0.310\Sdks\Microsoft.NET.Sdk\targets\Microsoft.NET.Sdk.BeforeCommon.targets(192,5): message : Reasignaci├│n de propiedad: $(_FrameworkVersionForImplicitDefine)="9_0" (valor anterior: "9.0") en C:\Program Files\dotnet\sdk\9.0.310\Sdks\Microsoft.NET.Sdk\targets\Microsoft.NET.Sdk.BeforeCommon.targets (192,5)
       C:\Program Files\dotnet\sdk\9.0.310\Roslyn\Microsoft.CSharp.Core.targets(200,5): message : Reasignaci├│n de propiedad: $(CommandLineArgsForDesignTimeEvaluation)="-langversion:13.0 -define:TRACE" (valor anterior: "-langversion:13.0") en C:\Program Files\dotnet\sdk\9.0.310\Roslyn\Microsoft.CSharp.Core.targets (200,5)
       C:\Program Files\dotnet\sdk\9.0.310\Microsoft.Common.CurrentVersion.targets(175,5): message : Reasignaci├│n de propiedad: $(_DebugSymbolsProduced)="true" (valor anterior: "false") en C:\Program Files\dotnet\sdk\9.0.310\Microsoft.Common.CurrentVersion.targets (175,5)
       C:\Program Files\dotnet\sdk\9.0.310\Microsoft.Common.CurrentVersion.targets(185,5): message : Reasignaci├│n de propiedad: $(_DocumentationFileProduced)="false" (valor anterior: "true") en C:\Program Files\dotnet\sdk\9.0.310\Microsoft.Common.CurrentVersion.targets (185,5)
       C:\Program Files\dotnet\sdk\9.0.310\Microsoft.Common.CurrentVersion.targets(392,5): message : Reasignaci├│n de propiedad: $(MSBuildCopyMarkerName)="Document.348240EB" (valor anterior: "DocumentIA.Tests.Unit.csproj") en C:\Program Files\dotnet\sdk\9.0.310\Microsoft.Common.CurrentVersion.targets (392,5)
       C:\Program Files\dotnet\sdk\9.0.310\Microsoft.Common.CurrentVersion.targets(393,5): message : Reasignaci├│n de propiedad: $(MSBuildCopyMarkerName)="Document.348240EB.Up2Date" (valor anterior: "Document.348240EB") en C:\Program Files\dotnet\sdk\9.0.310\Microsoft.Common.CurrentVersion.targets (393,5)
       C:\Program Files\dotnet\sdk\9.0.310\Microsoft.Common.CurrentVersion.targets(541,5): message : Reasignaci├│n de propiedad: $(ProcessorArchitecture)="msil" (valor anterior: "") en C:\Program Files\dotnet\sdk\9.0.310\Microsoft.Common.CurrentVersion.targets (541,5)
       C:\Program Files\dotnet\sdk\9.0.310\Microsoft.Common.CurrentVersion.targets(580,5): message : Reasignaci├│n de propiedad: $(DelaySign)="" (valor anterior: "false") en C:\Program Files\dotnet\sdk\9.0.310\Microsoft.Common.CurrentVersion.targets (580,5)
       C:\Program Files\dotnet\sdk\9.0.310\Microsoft.Common.CurrentVersion.targets(2619,5): message : Propiedad "LOCALAPPDATA" con el valor "C:\Users\ubf0238\AppData\Local" expandido desde el entorno.
       C:\Program Files\dotnet\sdk\9.0.310\Microsoft.Common.CurrentVersion.targets(3947,5): message : Reasignaci├│n de propiedad: $(_SGenGenerateSerializationAssembliesConfig)="Auto" (valor anterior: "") en C:\Program Files\dotnet\sdk\9.0.310\Microsoft.Common.CurrentVersion.targets (3947,5)
       C:\Program Files\dotnet\sdk\9.0.310\Microsoft.Common.CurrentVersion.targets(3948,5): message : Reasignaci├│n de propiedad: $(_SGenGenerateSerializationAssembliesConfig)="Off" (valor anterior: "Auto") en C:\Program Files\dotnet\sdk\9.0.310\Microsoft.Common.CurrentVersion.targets (3948,5)
       C:\Program Files\dotnet\sdk\9.0.310\Microsoft.Common.CurrentVersion.targets(5159,5): message : Reasignaci├│n de propiedad: $(_TargetsThatPrepareProjectReferences)="
       C:\Program Files\dotnet\sdk\9.0.310\Microsoft.Common.CurrentVersion.targets(5159,5): message :       AssignProjectConfiguration;
       C:\Program Files\dotnet\sdk\9.0.310\Microsoft.Common.CurrentVersion.targets(5159,5): message :       _SplitProjectReferencesByFileExistence
       C:\Program Files\dotnet\sdk\9.0.310\Microsoft.Common.CurrentVersion.targets(5159,5): message :     " (valor anterior: "_SplitProjectReferencesByFileExistence") en C:\Program Files\dotnet\sdk\9.0.310\Microsoft.Common.CurrentVersion.targets (5159,5)
       C:\Program Files\dotnet\sdk\9.0.310\Microsoft.Common.CurrentVersion.targets(6954,5): message : Propiedad "MSBuildExtensionsPath32" con el valor "C:\Program Files\dotnet\sdk\9.0.310" expandido desde el entorno.
       C:\Users\ubf0238\.nuget\packages\microsoft.codecoverage\17.12.0\build\netstandard2.0\Microsoft.CodeCoverage.targets(32,5): message : Reasignaci├│n de propiedad: $(_msCoverageSourceRootTargetName)="InitializeSourceRootMappedPaths" (valor anterior: "MsCoverageGetPathMap") en C:\Users\ubf0238\.nuget\packages\microsoft.codecoverage\17.12.0\build\netstandard2.0\Microsoft.CodeCoverage.targets (32,5)
       C:\Users\ubf0238\.nuget\packages\microsoft.net.test.sdk\17.12.0\build\netcoreapp3.1\Microsoft.NET.Test.Sdk.targets(20,5): message : Reasignaci├│n de propiedad: $(OutputType)="Exe" (valor anterior: "Library") en C:\Users\ubf0238\.nuget\packages\microsoft.net.test.sdk\17.12.0\build\netcoreapp3.1\Microsoft.NET.Test.Sdk.targets (20,5)
       C:\Users\ubf0238\.nuget\packages\coverlet.collector\6.0.2\build\netstandard2.0\coverlet.collector.targets(32,5): message : Reasignaci├│n de propiedad: $(_CoverletSourceRootTargetName)="InitializeSourceRootMappedPaths" (valor anterior: "CoverletGetPathMap") en C:\Users\ubf0238\.nuget\packages\coverlet.collector\6.0.2\build\netstandard2.0\coverlet.collector.targets (32,5)
       C:\Program Files\dotnet\sdk\9.0.310\Sdks\Microsoft.NET.Sdk\targets\Microsoft.NET.Sdk.Common.targets(37,5): message : Reasignaci├│n de propiedad: $(HasRuntimeOutput)="true" (valor anterior: "") en C:\Program Files\dotnet\sdk\9.0.310\Sdks\Microsoft.NET.Sdk\targets\Microsoft.NET.Sdk.Common.targets (37,5)
       C:\Program Files\dotnet\sdk\9.0.310\Sdks\Microsoft.NET.Sdk\targets\Microsoft.PackageDependencyResolution.targets(29,5): message : Reasignaci├│n de propiedad: $(ProjectAssetsCacheFile)="C:\temp\MVP\documento-ia-clasificacion-mvp\src\backend\DocumentIA.Tests.Unit\obj\Debug\net9.0\DocumentIA.Tests.Unit.assets.cache" (valor anterior: "obj\Debug\net9.0\DocumentIA.Tests.Unit.assets.cache") en C:\Program Files\dotnet\sdk\9.0.310\Sdks\Microsoft.NET.Sdk\targets\Microsoft.PackageDependencyResolution.targets (29,5)
       C:\Program Files\dotnet\sdk\9.0.310\Sdks\Microsoft.NET.Sdk\targets\Microsoft.PackageDependencyResolution.targets(80,5): message : Reasignaci├│n de propiedad: $(ResolveAssemblyReferencesDependsOn)="
       C:\Program Files\dotnet\sdk\9.0.310\Sdks\Microsoft.NET.Sdk\targets\Microsoft.PackageDependencyResolution.targets(80,5): message :       
       C:\Program Files\dotnet\sdk\9.0.310\Sdks\Microsoft.NET.Sdk\targets\Microsoft.PackageDependencyResolution.targets(80,5): message :       ResolveProjectReferences;
       C:\Program Files\dotnet\sdk\9.0.310\Sdks\Microsoft.NET.Sdk\targets\Microsoft.PackageDependencyResolution.targets(80,5): message :       FindInvalidProjectReferences;
       C:\Program Files\dotnet\sdk\9.0.310\Sdks\Microsoft.NET.Sdk\targets\Microsoft.PackageDependencyResolution.targets(80,5): message :       GetFrameworkPaths;
       C:\Program Files\dotnet\sdk\9.0.310\Sdks\Microsoft.NET.Sdk\targets\Microsoft.PackageDependencyResolution.targets(80,5): message :       GetReferenceAssemblyPaths;
       C:\Program Files\dotnet\sdk\9.0.310\Sdks\Microsoft.NET.Sdk\targets\Microsoft.PackageDependencyResolution.targets(80,5): message :       PrepareForBuild;
       C:\Program Files\dotnet\sdk\9.0.310\Sdks\Microsoft.NET.Sdk\targets\Microsoft.PackageDependencyResolution.targets(80,5): message :       ResolveSDKReferences;
       C:\Program Files\dotnet\sdk\9.0.310\Sdks\Microsoft.NET.Sdk\targets\Microsoft.PackageDependencyResolution.targets(80,5): message :       ExpandSDKReferences;
       C:\Program Files\dotnet\sdk\9.0.310\Sdks\Microsoft.NET.Sdk\targets\Microsoft.PackageDependencyResolution.targets(80,5): message :     ;
       C:\Program Files\dotnet\sdk\9.0.310\Sdks\Microsoft.NET.Sdk\targets\Microsoft.PackageDependencyResolution.targets(80,5): message :       ResolvePackageDependenciesForBuild;
       C:\Program Files\dotnet\sdk\9.0.310\Sdks\Microsoft.NET.Sdk\targets\Microsoft.PackageDependencyResolution.targets(80,5): message :       _HandlePackageFileConflicts;
       C:\Program Files\dotnet\sdk\9.0.310\Sdks\Microsoft.NET.Sdk\targets\Microsoft.PackageDependencyResolution.targets(80,5): message :     " (valor anterior: "
       C:\Program Files\dotnet\sdk\9.0.310\Sdks\Microsoft.NET.Sdk\targets\Microsoft.PackageDependencyResolution.targets(80,5): message :       ResolveProjectReferences;
       C:\Program Files\dotnet\sdk\9.0.310\Sdks\Microsoft.NET.Sdk\targets\Microsoft.PackageDependencyResolution.targets(80,5): message :       FindInvalidProjectReferences;
       C:\Program Files\dotnet\sdk\9.0.310\Sdks\Microsoft.NET.Sdk\targets\Microsoft.PackageDependencyResolution.targets(80,5): message :       GetFrameworkPaths;
       C:\Program Files\dotnet\sdk\9.0.310\Sdks\Microsoft.NET.Sdk\targets\Microsoft.PackageDependencyResolution.targets(80,5): message :       GetReferenceAssemblyPaths;
       C:\Program Files\dotnet\sdk\9.0.310\Sdks\Microsoft.NET.Sdk\targets\Microsoft.PackageDependencyResolution.targets(80,5): message :       PrepareForBuild;
       C:\Program Files\dotnet\sdk\9.0.310\Sdks\Microsoft.NET.Sdk\targets\Microsoft.PackageDependencyResolution.targets(80,5): message :       ResolveSDKReferences;
       C:\Program Files\dotnet\sdk\9.0.310\Sdks\Microsoft.NET.Sdk\targets\Microsoft.PackageDependencyResolution.targets(80,5): message :       ExpandSDKReferences;
       C:\Program Files\dotnet\sdk\9.0.310\Sdks\Microsoft.NET.Sdk\targets\Microsoft.PackageDependencyResolution.targets(80,5): message :     ") en C:\Program Files\dotnet\sdk\9.0.310\Sdks\Microsoft.NET.Sdk\targets\Microsoft.PackageDependencyResolution.targets (80,5)
       C:\Program Files\dotnet\sdk\9.0.310\Sdks\Microsoft.NET.Sdk\targets\Microsoft.PackageDependencyResolution.targets(86,5): message : Reasignaci├│n de propiedad: $(PrepareResourcesDependsOn)="
       C:\Program Files\dotnet\sdk\9.0.310\Sdks\Microsoft.NET.Sdk\targets\Microsoft.PackageDependencyResolution.targets(86,5): message :       ResolvePackageDependenciesForBuild;
       C:\Program Files\dotnet\sdk\9.0.310\Sdks\Microsoft.NET.Sdk\targets\Microsoft.PackageDependencyResolution.targets(86,5): message :       _HandlePackageFileConflicts;
       C:\Program Files\dotnet\sdk\9.0.310\Sdks\Microsoft.NET.Sdk\targets\Microsoft.PackageDependencyResolution.targets(86,5): message :       
       C:\Program Files\dotnet\sdk\9.0.310\Sdks\Microsoft.NET.Sdk\targets\Microsoft.PackageDependencyResolution.targets(86,5): message :       ;
       C:\Program Files\dotnet\sdk\9.0.310\Sdks\Microsoft.NET.Sdk\targets\Microsoft.PackageDependencyResolution.targets(86,5): message :       PrepareResourceNames;
       C:\Program Files\dotnet\sdk\9.0.310\Sdks\Microsoft.NET.Sdk\targets\Microsoft.PackageDependencyResolution.targets(86,5): message :       ResGen;
       C:\Program Files\dotnet\sdk\9.0.310\Sdks\Microsoft.NET.Sdk\targets\Microsoft.PackageDependencyResolution.targets(86,5): message :       CompileLicxFiles
       C:\Program Files\dotnet\sdk\9.0.310\Sdks\Microsoft.NET.Sdk\targets\Microsoft.PackageDependencyResolution.targets(86,5): message :     
       C:\Program Files\dotnet\sdk\9.0.310\Sdks\Microsoft.NET.Sdk\targets\Microsoft.PackageDependencyResolution.targets(86,5): message :     " (valor anterior: "
       C:\Program Files\dotnet\sdk\9.0.310\Sdks\Microsoft.NET.Sdk\targets\Microsoft.PackageDependencyResolution.targets(86,5): message :       ;
       C:\Program Files\dotnet\sdk\9.0.310\Sdks\Microsoft.NET.Sdk\targets\Microsoft.PackageDependencyResolution.targets(86,5): message :       PrepareResourceNames;
       C:\Program Files\dotnet\sdk\9.0.310\Sdks\Microsoft.NET.Sdk\targets\Microsoft.PackageDependencyResolution.targets(86,5): message :       ResGen;
       C:\Program Files\dotnet\sdk\9.0.310\Sdks\Microsoft.NET.Sdk\targets\Microsoft.PackageDependencyResolution.targets(86,5): message :       CompileLicxFiles
       C:\Program Files\dotnet\sdk\9.0.310\Sdks\Microsoft.NET.Sdk\targets\Microsoft.PackageDependencyResolution.targets(86,5): message :     ") en C:\Program Files\dotnet\sdk\9.0.310\Sdks\Microsoft.NET.Sdk\targets\Microsoft.PackageDependencyResolution.targets (86,5)
       C:\Program Files\dotnet\sdk\9.0.310\Sdks\Microsoft.NET.Sdk\targets\Microsoft.NET.Sdk.DefaultItems.targets(27,5): message : Reasignaci├│n de propiedad: $(DefaultItemExcludes)=";bin\Debug\/**;obj\Debug\/**;bin\/**" (valor anterior: ";bin\Debug\/**;obj\Debug\/**") en C:\Program Files\dotnet\sdk\9.0.310\Sdks\Microsoft.NET.Sdk\targets\Microsoft.NET.Sdk.DefaultItems.targets (27,5)
       C:\Program Files\dotnet\sdk\9.0.310\Sdks\Microsoft.NET.Sdk\targets\Microsoft.NET.Sdk.DefaultItems.targets(29,5): message : Reasignaci├│n de propiedad: $(DefaultItemExcludes)=";bin\Debug\/**;obj\Debug\/**;bin\/**;obj\/**" (valor anterior: ";bin\Debug\/**;obj\Debug\/**;bin\/**") en C:\Program Files\dotnet\sdk\9.0.310\Sdks\Microsoft.NET.Sdk\targets\Microsoft.NET.Sdk.DefaultItems.targets (29,5)
       C:\Program Files\dotnet\sdk\9.0.310\Sdks\Microsoft.NET.Sdk\targets\Microsoft.NET.Sdk.DefaultItems.targets(32,5): message : Reasignaci├│n de propiedad: $(DefaultItemExcludes)=";bin\Debug\/**;obj\Debug\/**;bin\/**;obj\/**;**/*.user" (valor anterior: ";bin\Debug\/**;obj\Debug\/**;bin\/**;obj\/**") en C:\Program Files\dotnet\sdk\9.0.310\Sdks\Microsoft.NET.Sdk\targets\Microsoft.NET.Sdk.DefaultItems.targets (32,5)
       C:\Program Files\dotnet\sdk\9.0.310\Sdks\Microsoft.NET.Sdk\targets\Microsoft.NET.Sdk.DefaultItems.targets(33,5): message : Reasignaci├│n de propiedad: $(DefaultItemExcludes)=";bin\Debug\/**;obj\Debug\/**;bin\/**;obj\/**;**/*.user;**/*.*proj" (valor anterior: ";bin\Debug\/**;obj\Debug\/**;bin\/**;obj\/**;**/*.user") en C:\Program Files\dotnet\sdk\9.0.310\Sdks\Microsoft.NET.Sdk\targets\Microsoft.NET.Sdk.DefaultItems.targets (33,5)
       C:\Program Files\dotnet\sdk\9.0.310\Sdks\Microsoft.NET.Sdk\targets\Microsoft.NET.Sdk.DefaultItems.targets(34,5): message : Reasignaci├│n de propiedad: $(DefaultItemExcludes)=";bin\Debug\/**;obj\Debug\/**;bin\/**;obj\/**;**/*.user;**/*.*proj;**/*.sln" (valor anterior: ";bin\Debug\/**;obj\Debug\/**;bin\/**;obj\/**;**/*.user;**/*.*proj") en C:\Program Files\dotnet\sdk\9.0.310\Sdks\Microsoft.NET.Sdk\targets\Microsoft.NET.Sdk.DefaultItems.targets (34,5)
       C:\Program Files\dotnet\sdk\9.0.310\Sdks\Microsoft.NET.Sdk\targets\Microsoft.NET.Sdk.DefaultItems.targets(35,5): message : Reasignaci├│n de propiedad: $(DefaultItemExcludes)=";bin\Debug\/**;obj\Debug\/**;bin\/**;obj\/**;**/*.user;**/*.*proj;**/*.sln;**/*.slnx" (valor anterior: ";bin\Debug\/**;obj\Debug\/**;bin\/**;obj\/**;**/*.user;**/*.*proj;**/*.sln") en C:\Program Files\dotnet\sdk\9.0.310\Sdks\Microsoft.NET.Sdk\targets\Microsoft.NET.Sdk.DefaultItems.targets (35,5)
       C:\Program Files\dotnet\sdk\9.0.310\Sdks\Microsoft.NET.Sdk\targets\Microsoft.NET.Sdk.DefaultItems.targets(36,5): message : Reasignaci├│n de propiedad: $(DefaultItemExcludes)=";bin\Debug\/**;obj\Debug\/**;bin\/**;obj\/**;**/*.user;**/*.*proj;**/*.sln;**/*.slnx;**/*.vssscc" (valor anterior: ";bin\Debug\/**;obj\Debug\/**;bin\/**;obj\/**;**/*.user;**/*.*proj;**/*.sln;**/*.slnx") en C:\Program Files\dotnet\sdk\9.0.310\Sdks\Microsoft.NET.Sdk\targets\Microsoft.NET.Sdk.DefaultItems.targets (36,5)
       C:\Program Files\dotnet\sdk\9.0.310\Sdks\Microsoft.NET.Sdk\targets\Microsoft.NET.Sdk.DefaultItems.targets(37,5): message : Reasignaci├│n de propiedad: $(DefaultItemExcludes)=";bin\Debug\/**;obj\Debug\/**;bin\/**;obj\/**;**/*.user;**/*.*proj;**/*.sln;**/*.slnx;**/*.vssscc;**/.DS_Store" (valor anterior: ";bin\Debug\/**;obj\Debug\/**;bin\/**;obj\/**;**/*.user;**/*.*proj;**/*.sln;**/*.slnx;**/*.vssscc") en C:\Program Files\dotnet\sdk\9.0.310\Sdks\Microsoft.NET.Sdk\targets\Microsoft.NET.Sdk.DefaultItems.targets (37,5)
       C:\Program Files\dotnet\sdk\9.0.310\Sdks\Microsoft.NET.Sdk\targets\Microsoft.NET.Sdk.FrameworkReferenceResolution.targets(14,5): message : Reasignaci├│n de propiedad: $(ResolveAssemblyReferencesDependsOn)="
       C:\Program Files\dotnet\sdk\9.0.310\Sdks\Microsoft.NET.Sdk\targets\Microsoft.NET.Sdk.FrameworkReferenceResolution.targets(14,5): message :       
       C:\Program Files\dotnet\sdk\9.0.310\Sdks\Microsoft.NET.Sdk\targets\Microsoft.NET.Sdk.FrameworkReferenceResolution.targets(14,5): message :       
       C:\Program Files\dotnet\sdk\9.0.310\Sdks\Microsoft.NET.Sdk\targets\Microsoft.NET.Sdk.FrameworkReferenceResolution.targets(14,5): message :       ResolveProjectReferences;
       C:\Program Files\dotnet\sdk\9.0.310\Sdks\Microsoft.NET.Sdk\targets\Microsoft.NET.Sdk.FrameworkReferenceResolution.targets(14,5): message :       FindInvalidProjectReferences;
       C:\Program Files\dotnet\sdk\9.0.310\Sdks\Microsoft.NET.Sdk\targets\Microsoft.NET.Sdk.FrameworkReferenceResolution.targets(14,5): message :       GetFrameworkPaths;
       C:\Program Files\dotnet\sdk\9.0.310\Sdks\Microsoft.NET.Sdk\targets\Microsoft.NET.Sdk.FrameworkReferenceResolution.targets(14,5): message :       GetReferenceAssemblyPaths;
       C:\Program Files\dotnet\sdk\9.0.310\Sdks\Microsoft.NET.Sdk\targets\Microsoft.NET.Sdk.FrameworkReferenceResolution.targets(14,5): message :       PrepareForBuild;
       C:\Program Files\dotnet\sdk\9.0.310\Sdks\Microsoft.NET.Sdk\targets\Microsoft.NET.Sdk.FrameworkReferenceResolution.targets(14,5): message :       ResolveSDKReferences;
       C:\Program Files\dotnet\sdk\9.0.310\Sdks\Microsoft.NET.Sdk\targets\Microsoft.NET.Sdk.FrameworkReferenceResolution.targets(14,5): message :       ExpandSDKReferences;
       C:\Program Files\dotnet\sdk\9.0.310\Sdks\Microsoft.NET.Sdk\targets\Microsoft.NET.Sdk.FrameworkReferenceResolution.targets(14,5): message :     ;
       C:\Program Files\dotnet\sdk\9.0.310\Sdks\Microsoft.NET.Sdk\targets\Microsoft.NET.Sdk.FrameworkReferenceResolution.targets(14,5): message :       ResolvePackageDependenciesForBuild;
       C:\Program Files\dotnet\sdk\9.0.310\Sdks\Microsoft.NET.Sdk\targets\Microsoft.NET.Sdk.FrameworkReferenceResolution.targets(14,5): message :       _HandlePackageFileConflicts;
       C:\Program Files\dotnet\sdk\9.0.310\Sdks\Microsoft.NET.Sdk\targets\Microsoft.NET.Sdk.FrameworkReferenceResolution.targets(14,5): message :     ;
       C:\Program Files\dotnet\sdk\9.0.310\Sdks\Microsoft.NET.Sdk\targets\Microsoft.NET.Sdk.FrameworkReferenceResolution.targets(14,5): message :       ResolveTargetingPackAssets;
       C:\Program Files\dotnet\sdk\9.0.310\Sdks\Microsoft.NET.Sdk\targets\Microsoft.NET.Sdk.FrameworkReferenceResolution.targets(14,5): message :     " (valor anterior: "
       C:\Program Files\dotnet\sdk\9.0.310\Sdks\Microsoft.NET.Sdk\targets\Microsoft.NET.Sdk.FrameworkReferenceResolution.targets(14,5): message :       
       C:\Program Files\dotnet\sdk\9.0.310\Sdks\Microsoft.NET.Sdk\targets\Microsoft.NET.Sdk.FrameworkReferenceResolution.targets(14,5): message :       ResolveProjectReferences;
       C:\Program Files\dotnet\sdk\9.0.310\Sdks\Microsoft.NET.Sdk\targets\Microsoft.NET.Sdk.FrameworkReferenceResolution.targets(14,5): message :       FindInvalidProjectReferences;
       C:\Program Files\dotnet\sdk\9.0.310\Sdks\Microsoft.NET.Sdk\targets\Microsoft.NET.Sdk.FrameworkReferenceResolution.targets(14,5): message :       GetFrameworkPaths;
       C:\Program Files\dotnet\sdk\9.0.310\Sdks\Microsoft.NET.Sdk\targets\Microsoft.NET.Sdk.FrameworkReferenceResolution.targets(14,5): message :       GetReferenceAssemblyPaths;
       C:\Program Files\dotnet\sdk\9.0.310\Sdks\Microsoft.NET.Sdk\targets\Microsoft.NET.Sdk.FrameworkReferenceResolution.targets(14,5): message :       PrepareForBuild;
       C:\Program Files\dotnet\sdk\9.0.310\Sdks\Microsoft.NET.Sdk\targets\Microsoft.NET.Sdk.FrameworkReferenceResolution.targets(14,5): message :       ResolveSDKReferences;
       C:\Program Files\dotnet\sdk\9.0.310\Sdks\Microsoft.NET.Sdk\targets\Microsoft.NET.Sdk.FrameworkReferenceResolution.targets(14,5): message :       ExpandSDKReferences;
       C:\Program Files\dotnet\sdk\9.0.310\Sdks\Microsoft.NET.Sdk\targets\Microsoft.NET.Sdk.FrameworkReferenceResolution.targets(14,5): message :     ;
       C:\Program Files\dotnet\sdk\9.0.310\Sdks\Microsoft.NET.Sdk\targets\Microsoft.NET.Sdk.FrameworkReferenceResolution.targets(14,5): message :       ResolvePackageDependenciesForBuild;
       C:\Program Files\dotnet\sdk\9.0.310\Sdks\Microsoft.NET.Sdk\targets\Microsoft.NET.Sdk.FrameworkReferenceResolution.targets(14,5): message :       _HandlePackageFileConflicts;
       C:\Program Files\dotnet\sdk\9.0.310\Sdks\Microsoft.NET.Sdk\targets\Microsoft.NET.Sdk.FrameworkReferenceResolution.targets(14,5): message :     ") en C:\Program Files\dotnet\sdk\9.0.310\Sdks\Microsoft.NET.Sdk\targets\Microsoft.NET.Sdk.FrameworkReferenceResolution.targets (14,5)
       C:\Program Files\dotnet\sdk\9.0.310\Sdks\Microsoft.NET.Sdk\targets\Microsoft.NET.Sdk.targets(44,5): message : Reasignaci├│n de propiedad: $(_GenerateRuntimeConfigurationPropertyInputsCache)="C:\temp\MVP\documento-ia-clasificacion-mvp\src\backend\DocumentIA.Tests.Unit\obj\Debug\net9.0\DocumentIA.Tests.Unit.genruntimeconfig.cache" (valor anterior: "obj\Debug\net9.0\DocumentIA.Tests.Unit.genruntimeconfig.cache") en C:\Program Files\dotnet\sdk\9.0.310\Sdks\Microsoft.NET.Sdk\targets\Microsoft.NET.Sdk.targets (44,5)
       C:\Program Files\dotnet\sdk\9.0.310\Sdks\Microsoft.NET.Sdk\targets\Microsoft.NET.Sdk.targets(46,5): message : Reasignaci├│n de propiedad: $(_GeneratePublishDependencyFilePropertyInputsCache)="C:\temp\MVP\documento-ia-clasificacion-mvp\src\backend\DocumentIA.Tests.Unit\obj\Debug\net9.0\DocumentIA.Tests.Unit.genpublishdeps.cache" (valor anterior: "obj\Debug\net9.0\DocumentIA.Tests.Unit.genpublishdeps.cache") en C:\Program Files\dotnet\sdk\9.0.310\Sdks\Microsoft.NET.Sdk\targets\Microsoft.NET.Sdk.targets (46,5)
       C:\Program Files\dotnet\sdk\9.0.310\Sdks\Microsoft.NET.Sdk\targets\Microsoft.NET.Sdk.targets(48,5): message : Reasignaci├│n de propiedad: $(_GenerateSingleFileBundlePropertyInputsCache)="C:\temp\MVP\documento-ia-clasificacion-mvp\src\backend\DocumentIA.Tests.Unit\obj\Debug\net9.0\DocumentIA.Tests.Unit.genbundle.cache" (valor anterior: "obj\Debug\net9.0\DocumentIA.Tests.Unit.genbundle.cache") en C:\Program Files\dotnet\sdk\9.0.310\Sdks\Microsoft.NET.Sdk\targets\Microsoft.NET.Sdk.targets (48,5)
       C:\Program Files\dotnet\sdk\9.0.310\Sdks\Microsoft.NET.Sdk\targets\Microsoft.NET.Sdk.targets(81,5): message : Reasignaci├│n de propiedad: $(GenerateRuntimeConfigDevFile)="false" (valor anterior: "true") en C:\Program Files\dotnet\sdk\9.0.310\Sdks\Microsoft.NET.Sdk\targets\Microsoft.NET.Sdk.targets (81,5)
       C:\Program Files\dotnet\sdk\9.0.310\Sdks\Microsoft.NET.Sdk\targets\Microsoft.NET.Sdk.targets(97,5): message : Reasignaci├│n de propiedad: $(_DefaultUserProfileRuntimeStorePath)="C:\Users\ubf0238" (valor anterior: "") en C:\Program Files\dotnet\sdk\9.0.310\Sdks\Microsoft.NET.Sdk\targets\Microsoft.NET.Sdk.targets (97,5)
       C:\Program Files\dotnet\sdk\9.0.310\Sdks\Microsoft.NET.Sdk\targets\Microsoft.NET.Sdk.targets(98,5): message : Reasignaci├│n de propiedad: $(_DefaultUserProfileRuntimeStorePath)="C:\Users\ubf0238\.dotnet\store" (valor anterior: "C:\Users\ubf0238") en C:\Program Files\dotnet\sdk\9.0.310\Sdks\Microsoft.NET.Sdk\targets\Microsoft.NET.Sdk.targets (98,5)
       C:\Program Files\dotnet\sdk\9.0.310\Sdks\Microsoft.NET.Sdk\targets\Microsoft.NET.Sdk.targets(140,5): message : Reasignaci├│n de propiedad: $(AvailablePlatforms)="Any CPU,x86,x64,ARM32" (valor anterior: "Any CPU,x86,x64") en C:\Program Files\dotnet\sdk\9.0.310\Sdks\Microsoft.NET.Sdk\targets\Microsoft.NET.Sdk.targets (140,5)
       C:\Program Files\dotnet\sdk\9.0.310\Sdks\Microsoft.NET.Sdk\targets\Microsoft.NET.Sdk.targets(144,5): message : Reasignaci├│n de propiedad: $(AvailablePlatforms)="Any CPU,x86,x64,ARM32,ARM64" (valor anterior: "Any CPU,x86,x64,ARM32") en C:\Program Files\dotnet\sdk\9.0.310\Sdks\Microsoft.NET.Sdk\targets\Microsoft.NET.Sdk.targets (144,5)
       C:\Program Files\dotnet\sdk\9.0.310\Sdks\Microsoft.NET.Sdk\targets\Microsoft.NET.Sdk.targets(201,5): message : Reasignaci├│n de propiedad: $(CoreBuildDependsOn)="
       C:\Program Files\dotnet\sdk\9.0.310\Sdks\Microsoft.NET.Sdk\targets\Microsoft.NET.Sdk.targets(201,5): message :       _CheckForBuildWithNoBuild;
       C:\Program Files\dotnet\sdk\9.0.310\Sdks\Microsoft.NET.Sdk\targets\Microsoft.NET.Sdk.targets(201,5): message :       
       C:\Program Files\dotnet\sdk\9.0.310\Sdks\Microsoft.NET.Sdk\targets\Microsoft.NET.Sdk.targets(201,5): message :       BuildOnlySettings;
       C:\Program Files\dotnet\sdk\9.0.310\Sdks\Microsoft.NET.Sdk\targets\Microsoft.NET.Sdk.targets(201,5): message :       PrepareForBuild;
       C:\Program Files\dotnet\sdk\9.0.310\Sdks\Microsoft.NET.Sdk\targets\Microsoft.NET.Sdk.targets(201,5): message :       PreBuildEvent;
       C:\Program Files\dotnet\sdk\9.0.310\Sdks\Microsoft.NET.Sdk\targets\Microsoft.NET.Sdk.targets(201,5): message :       ResolveReferences;
       C:\Program Files\dotnet\sdk\9.0.310\Sdks\Microsoft.NET.Sdk\targets\Microsoft.NET.Sdk.targets(201,5): message :       PrepareResources;
       C:\Program Files\dotnet\sdk\9.0.310\Sdks\Microsoft.NET.Sdk\targets\Microsoft.NET.Sdk.targets(201,5): message :       ResolveKeySource;
       C:\Program Files\dotnet\sdk\9.0.310\Sdks\Microsoft.NET.Sdk\targets\Microsoft.NET.Sdk.targets(201,5): message :       Compile;
       C:\Program Files\dotnet\sdk\9.0.310\Sdks\Microsoft.NET.Sdk\targets\Microsoft.NET.Sdk.targets(201,5): message :       ExportWindowsMDFile;
       C:\Program Files\dotnet\sdk\9.0.310\Sdks\Microsoft.NET.Sdk\targets\Microsoft.NET.Sdk.targets(201,5): message :       UnmanagedUnregistration;
       C:\Program Files\dotnet\sdk\9.0.310\Sdks\Microsoft.NET.Sdk\targets\Microsoft.NET.Sdk.targets(201,5): message :       GenerateSerializationAssemblies;
       C:\Program Files\dotnet\sdk\9.0.310\Sdks\Microsoft.NET.Sdk\targets\Microsoft.NET.Sdk.targets(201,5): message :       CreateSatelliteAssemblies;
       C:\Program Files\dotnet\sdk\9.0.310\Sdks\Microsoft.NET.Sdk\targets\Microsoft.NET.Sdk.targets(201,5): message :       GenerateManifests;
       C:\Program Files\dotnet\sdk\9.0.310\Sdks\Microsoft.NET.Sdk\targets\Microsoft.NET.Sdk.targets(201,5): message :       GetTargetPath;
       C:\Program Files\dotnet\sdk\9.0.310\Sdks\Microsoft.NET.Sdk\targets\Microsoft.NET.Sdk.targets(201,5): message :       PrepareForRun;
       C:\Program Files\dotnet\sdk\9.0.310\Sdks\Microsoft.NET.Sdk\targets\Microsoft.NET.Sdk.targets(201,5): message :       UnmanagedRegistration;
       C:\Program Files\dotnet\sdk\9.0.310\Sdks\Microsoft.NET.Sdk\targets\Microsoft.NET.Sdk.targets(201,5): message :       IncrementalClean;
       C:\Program Files\dotnet\sdk\9.0.310\Sdks\Microsoft.NET.Sdk\targets\Microsoft.NET.Sdk.targets(201,5): message :       PostBuildEvent
       C:\Program Files\dotnet\sdk\9.0.310\Sdks\Microsoft.NET.Sdk\targets\Microsoft.NET.Sdk.targets(201,5): message :     ;
       C:\Program Files\dotnet\sdk\9.0.310\Sdks\Microsoft.NET.Sdk\targets\Microsoft.NET.Sdk.targets(201,5): message :       GenerateBuildDependencyFile;
       C:\Program Files\dotnet\sdk\9.0.310\Sdks\Microsoft.NET.Sdk\targets\Microsoft.NET.Sdk.targets(201,5): message :       GenerateBuildRuntimeConfigurationFiles
       C:\Program Files\dotnet\sdk\9.0.310\Sdks\Microsoft.NET.Sdk\targets\Microsoft.NET.Sdk.targets(201,5): message :     " (valor anterior: "
       C:\Program Files\dotnet\sdk\9.0.310\Sdks\Microsoft.NET.Sdk\targets\Microsoft.NET.Sdk.targets(201,5): message :       BuildOnlySettings;
       C:\Program Files\dotnet\sdk\9.0.310\Sdks\Microsoft.NET.Sdk\targets\Microsoft.NET.Sdk.targets(201,5): message :       PrepareForBuild;
       C:\Program Files\dotnet\sdk\9.0.310\Sdks\Microsoft.NET.Sdk\targets\Microsoft.NET.Sdk.targets(201,5): message :       PreBuildEvent;
       C:\Program Files\dotnet\sdk\9.0.310\Sdks\Microsoft.NET.Sdk\targets\Microsoft.NET.Sdk.targets(201,5): message :       ResolveReferences;
       C:\Program Files\dotnet\sdk\9.0.310\Sdks\Microsoft.NET.Sdk\targets\Microsoft.NET.Sdk.targets(201,5): message :       PrepareResources;
       C:\Program Files\dotnet\sdk\9.0.310\Sdks\Microsoft.NET.Sdk\targets\Microsoft.NET.Sdk.targets(201,5): message :       ResolveKeySource;
       C:\Program Files\dotnet\sdk\9.0.310\Sdks\Microsoft.NET.Sdk\targets\Microsoft.NET.Sdk.targets(201,5): message :       Compile;
       C:\Program Files\dotnet\sdk\9.0.310\Sdks\Microsoft.NET.Sdk\targets\Microsoft.NET.Sdk.targets(201,5): message :       ExportWindowsMDFile;
       C:\Program Files\dotnet\sdk\9.0.310\Sdks\Microsoft.NET.Sdk\targets\Microsoft.NET.Sdk.targets(201,5): message :       UnmanagedUnregistration;
       C:\Program Files\dotnet\sdk\9.0.310\Sdks\Microsoft.NET.Sdk\targets\Microsoft.NET.Sdk.targets(201,5): message :       GenerateSerializationAssemblies;
       C:\Program Files\dotnet\sdk\9.0.310\Sdks\Microsoft.NET.Sdk\targets\Microsoft.NET.Sdk.targets(201,5): message :       CreateSatelliteAssemblies;
       C:\Program Files\dotnet\sdk\9.0.310\Sdks\Microsoft.NET.Sdk\targets\Microsoft.NET.Sdk.targets(201,5): message :       GenerateManifests;
       C:\Program Files\dotnet\sdk\9.0.310\Sdks\Microsoft.NET.Sdk\targets\Microsoft.NET.Sdk.targets(201,5): message :       GetTargetPath;
       C:\Program Files\dotnet\sdk\9.0.310\Sdks\Microsoft.NET.Sdk\targets\Microsoft.NET.Sdk.targets(201,5): message :       PrepareForRun;
       C:\Program Files\dotnet\sdk\9.0.310\Sdks\Microsoft.NET.Sdk\targets\Microsoft.NET.Sdk.targets(201,5): message :       UnmanagedRegistration;
       C:\Program Files\dotnet\sdk\9.0.310\Sdks\Microsoft.NET.Sdk\targets\Microsoft.NET.Sdk.targets(201,5): message :       IncrementalClean;
       C:\Program Files\dotnet\sdk\9.0.310\Sdks\Microsoft.NET.Sdk\targets\Microsoft.NET.Sdk.targets(201,5): message :       PostBuildEvent
       C:\Program Files\dotnet\sdk\9.0.310\Sdks\Microsoft.NET.Sdk\targets\Microsoft.NET.Sdk.targets(201,5): message :     ") en C:\Program Files\dotnet\sdk\9.0.310\Sdks\Microsoft.NET.Sdk\targets\Microsoft.NET.Sdk.targets (201,5)
       C:\Program Files\dotnet\sdk\9.0.310\Sdks\Microsoft.NET.Sdk\targets\Microsoft.NET.Sdk.targets(210,5): message : Reasignaci├│n de propiedad: $(CoreCleanDependsOn)="
       C:\Program Files\dotnet\sdk\9.0.310\Sdks\Microsoft.NET.Sdk\targets\Microsoft.NET.Sdk.targets(210,5): message :       _SdkBeforeClean;
       C:\Program Files\dotnet\sdk\9.0.310\Sdks\Microsoft.NET.Sdk\targets\Microsoft.NET.Sdk.targets(210,5): message :       
       C:\Program Files\dotnet\sdk\9.0.310\Sdks\Microsoft.NET.Sdk\targets\Microsoft.NET.Sdk.targets(210,5): message :     " (valor anterior: "") en C:\Program Files\dotnet\sdk\9.0.310\Sdks\Microsoft.NET.Sdk\targets\Microsoft.NET.Sdk.targets (210,5)
       C:\Program Files\dotnet\sdk\9.0.310\Sdks\Microsoft.NET.Sdk\targets\Microsoft.NET.Sdk.targets(217,5): message : Reasignaci├│n de propiedad: $(RebuildDependsOn)="
       C:\Program Files\dotnet\sdk\9.0.310\Sdks\Microsoft.NET.Sdk\targets\Microsoft.NET.Sdk.targets(217,5): message :       _SdkBeforeRebuild;
       C:\Program Files\dotnet\sdk\9.0.310\Sdks\Microsoft.NET.Sdk\targets\Microsoft.NET.Sdk.targets(217,5): message :       
       C:\Program Files\dotnet\sdk\9.0.310\Sdks\Microsoft.NET.Sdk\targets\Microsoft.NET.Sdk.targets(217,5): message :       BeforeRebuild;
       C:\Program Files\dotnet\sdk\9.0.310\Sdks\Microsoft.NET.Sdk\targets\Microsoft.NET.Sdk.targets(217,5): message :       Clean;
       C:\Program Files\dotnet\sdk\9.0.310\Sdks\Microsoft.NET.Sdk\targets\Microsoft.NET.Sdk.targets(217,5): message :       Build;
       C:\Program Files\dotnet\sdk\9.0.310\Sdks\Microsoft.NET.Sdk\targets\Microsoft.NET.Sdk.targets(217,5): message :       AfterRebuild;
       C:\Program Files\dotnet\sdk\9.0.310\Sdks\Microsoft.NET.Sdk\targets\Microsoft.NET.Sdk.targets(217,5): message :     
       C:\Program Files\dotnet\sdk\9.0.310\Sdks\Microsoft.NET.Sdk\targets\Microsoft.NET.Sdk.targets(217,5): message :     " (valor anterior: "
       C:\Program Files\dotnet\sdk\9.0.310\Sdks\Microsoft.NET.Sdk\targets\Microsoft.NET.Sdk.targets(217,5): message :       BeforeRebuild;
       C:\Program Files\dotnet\sdk\9.0.310\Sdks\Microsoft.NET.Sdk\targets\Microsoft.NET.Sdk.targets(217,5): message :       Clean;
       C:\Program Files\dotnet\sdk\9.0.310\Sdks\Microsoft.NET.Sdk\targets\Microsoft.NET.Sdk.targets(217,5): message :       Build;
       C:\Program Files\dotnet\sdk\9.0.310\Sdks\Microsoft.NET.Sdk\targets\Microsoft.NET.Sdk.targets(217,5): message :       AfterRebuild;
       C:\Program Files\dotnet\sdk\9.0.310\Sdks\Microsoft.NET.Sdk\targets\Microsoft.NET.Sdk.targets(217,5): message :     ") en C:\Program Files\dotnet\sdk\9.0.310\Sdks\Microsoft.NET.Sdk\targets\Microsoft.NET.Sdk.targets (217,5)
       C:\Program Files\dotnet\sdk\9.0.310\Sdks\Microsoft.NET.Sdk\targets\Microsoft.NET.Sdk.targets(784,5): message : Reasignaci├│n de propiedad: $(CompileDependsOn)="
       C:\Program Files\dotnet\sdk\9.0.310\Sdks\Microsoft.NET.Sdk\targets\Microsoft.NET.Sdk.targets(784,5): message :       
       C:\Program Files\dotnet\sdk\9.0.310\Sdks\Microsoft.NET.Sdk\targets\Microsoft.NET.Sdk.targets(784,5): message :       ResolveReferences;
       C:\Program Files\dotnet\sdk\9.0.310\Sdks\Microsoft.NET.Sdk\targets\Microsoft.NET.Sdk.targets(784,5): message :       ResolveKeySource;
       C:\Program Files\dotnet\sdk\9.0.310\Sdks\Microsoft.NET.Sdk\targets\Microsoft.NET.Sdk.targets(784,5): message :       SetWin32ManifestProperties;
       C:\Program Files\dotnet\sdk\9.0.310\Sdks\Microsoft.NET.Sdk\targets\Microsoft.NET.Sdk.targets(784,5): message :       _SetPreferNativeArm64Win32ManifestProperties;
       C:\Program Files\dotnet\sdk\9.0.310\Sdks\Microsoft.NET.Sdk\targets\Microsoft.NET.Sdk.targets(784,5): message :       FindReferenceAssembliesForReferences;
       C:\Program Files\dotnet\sdk\9.0.310\Sdks\Microsoft.NET.Sdk\targets\Microsoft.NET.Sdk.targets(784,5): message :       _GenerateCompileInputs;
       C:\Program Files\dotnet\sdk\9.0.310\Sdks\Microsoft.NET.Sdk\targets\Microsoft.NET.Sdk.targets(784,5): message :       BeforeCompile;
       C:\Program Files\dotnet\sdk\9.0.310\Sdks\Microsoft.NET.Sdk\targets\Microsoft.NET.Sdk.targets(784,5): message :       _TimeStampBeforeCompile;
       C:\Program Files\dotnet\sdk\9.0.310\Sdks\Microsoft.NET.Sdk\targets\Microsoft.NET.Sdk.targets(784,5): message :       _GenerateCompileDependencyCache;
       C:\Program Files\dotnet\sdk\9.0.310\Sdks\Microsoft.NET.Sdk\targets\Microsoft.NET.Sdk.targets(784,5): message :       CoreCompile;
       C:\Program Files\dotnet\sdk\9.0.310\Sdks\Microsoft.NET.Sdk\targets\Microsoft.NET.Sdk.targets(784,5): message :       _TimeStampAfterCompile;
       C:\Program Files\dotnet\sdk\9.0.310\Sdks\Microsoft.NET.Sdk\targets\Microsoft.NET.Sdk.targets(784,5): message :       AfterCompile;
       C:\Program Files\dotnet\sdk\9.0.310\Sdks\Microsoft.NET.Sdk\targets\Microsoft.NET.Sdk.targets(784,5): message :     ;
       C:\Program Files\dotnet\sdk\9.0.310\Sdks\Microsoft.NET.Sdk\targets\Microsoft.NET.Sdk.targets(784,5): message :       _CreateAppHost;
       C:\Program Files\dotnet\sdk\9.0.310\Sdks\Microsoft.NET.Sdk\targets\Microsoft.NET.Sdk.targets(784,5): message :       _CreateComHost;
       C:\Program Files\dotnet\sdk\9.0.310\Sdks\Microsoft.NET.Sdk\targets\Microsoft.NET.Sdk.targets(784,5): message :       _GetIjwHostPaths;
       C:\Program Files\dotnet\sdk\9.0.310\Sdks\Microsoft.NET.Sdk\targets\Microsoft.NET.Sdk.targets(784,5): message :     " (valor anterior: "
       C:\Program Files\dotnet\sdk\9.0.310\Sdks\Microsoft.NET.Sdk\targets\Microsoft.NET.Sdk.targets(784,5): message :       ResolveReferences;
       C:\Program Files\dotnet\sdk\9.0.310\Sdks\Microsoft.NET.Sdk\targets\Microsoft.NET.Sdk.targets(784,5): message :       ResolveKeySource;
       C:\Program Files\dotnet\sdk\9.0.310\Sdks\Microsoft.NET.Sdk\targets\Microsoft.NET.Sdk.targets(784,5): message :       SetWin32ManifestProperties;
       C:\Program Files\dotnet\sdk\9.0.310\Sdks\Microsoft.NET.Sdk\targets\Microsoft.NET.Sdk.targets(784,5): message :       _SetPreferNativeArm64Win32ManifestProperties;
       C:\Program Files\dotnet\sdk\9.0.310\Sdks\Microsoft.NET.Sdk\targets\Microsoft.NET.Sdk.targets(784,5): message :       FindReferenceAssembliesForReferences;
       C:\Program Files\dotnet\sdk\9.0.310\Sdks\Microsoft.NET.Sdk\targets\Microsoft.NET.Sdk.targets(784,5): message :       _GenerateCompileInputs;
       C:\Program Files\dotnet\sdk\9.0.310\Sdks\Microsoft.NET.Sdk\targets\Microsoft.NET.Sdk.targets(784,5): message :       BeforeCompile;
       C:\Program Files\dotnet\sdk\9.0.310\Sdks\Microsoft.NET.Sdk\targets\Microsoft.NET.Sdk.targets(784,5): message :       _TimeStampBeforeCompile;
       C:\Program Files\dotnet\sdk\9.0.310\Sdks\Microsoft.NET.Sdk\targets\Microsoft.NET.Sdk.targets(784,5): message :       _GenerateCompileDependencyCache;
       C:\Program Files\dotnet\sdk\9.0.310\Sdks\Microsoft.NET.Sdk\targets\Microsoft.NET.Sdk.targets(784,5): message :       CoreCompile;
       C:\Program Files\dotnet\sdk\9.0.310\Sdks\Microsoft.NET.Sdk\targets\Microsoft.NET.Sdk.targets(784,5): message :       _TimeStampAfterCompile;
       C:\Program Files\dotnet\sdk\9.0.310\Sdks\Microsoft.NET.Sdk\targets\Microsoft.NET.Sdk.targets(784,5): message :       AfterCompile;
       C:\Program Files\dotnet\sdk\9.0.310\Sdks\Microsoft.NET.Sdk\targets\Microsoft.NET.Sdk.targets(784,5): message :     ") en C:\Program Files\dotnet\sdk\9.0.310\Sdks\Microsoft.NET.Sdk\targets\Microsoft.NET.Sdk.targets (784,5)
       C:\Program Files\dotnet\sdk\9.0.310\Sdks\Microsoft.NET.Sdk\targets\Microsoft.NET.Sdk.targets(1184,5): message : Reasignaci├│n de propiedad: $(CreateSatelliteAssembliesDependsOn)="
       C:\Program Files\dotnet\sdk\9.0.310\Sdks\Microsoft.NET.Sdk\targets\Microsoft.NET.Sdk.targets(1184,5): message :       
       C:\Program Files\dotnet\sdk\9.0.310\Sdks\Microsoft.NET.Sdk\targets\Microsoft.NET.Sdk.targets(1184,5): message :       ;
       C:\Program Files\dotnet\sdk\9.0.310\Sdks\Microsoft.NET.Sdk\targets\Microsoft.NET.Sdk.targets(1184,5): message :       _GenerateSatelliteAssemblyInputs;
       C:\Program Files\dotnet\sdk\9.0.310\Sdks\Microsoft.NET.Sdk\targets\Microsoft.NET.Sdk.targets(1184,5): message :       ComputeIntermediateSatelliteAssemblies;
       C:\Program Files\dotnet\sdk\9.0.310\Sdks\Microsoft.NET.Sdk\targets\Microsoft.NET.Sdk.targets(1184,5): message :       GenerateSatelliteAssemblies
       C:\Program Files\dotnet\sdk\9.0.310\Sdks\Microsoft.NET.Sdk\targets\Microsoft.NET.Sdk.targets(1184,5): message :     ;
       C:\Program Files\dotnet\sdk\9.0.310\Sdks\Microsoft.NET.Sdk\targets\Microsoft.NET.Sdk.targets(1184,5): message :       CoreGenerateSatelliteAssemblies
       C:\Program Files\dotnet\sdk\9.0.310\Sdks\Microsoft.NET.Sdk\targets\Microsoft.NET.Sdk.targets(1184,5): message :     " (valor anterior: "
       C:\Program Files\dotnet\sdk\9.0.310\Sdks\Microsoft.NET.Sdk\targets\Microsoft.NET.Sdk.targets(1184,5): message :       ;
       C:\Program Files\dotnet\sdk\9.0.310\Sdks\Microsoft.NET.Sdk\targets\Microsoft.NET.Sdk.targets(1184,5): message :       _GenerateSatelliteAssemblyInputs;
       C:\Program Files\dotnet\sdk\9.0.310\Sdks\Microsoft.NET.Sdk\targets\Microsoft.NET.Sdk.targets(1184,5): message :       ComputeIntermediateSatelliteAssemblies;
       C:\Program Files\dotnet\sdk\9.0.310\Sdks\Microsoft.NET.Sdk\targets\Microsoft.NET.Sdk.targets(1184,5): message :       GenerateSatelliteAssemblies
       C:\Program Files\dotnet\sdk\9.0.310\Sdks\Microsoft.NET.Sdk\targets\Microsoft.NET.Sdk.targets(1184,5): message :     ") en C:\Program Files\dotnet\sdk\9.0.310\Sdks\Microsoft.NET.Sdk\targets\Microsoft.NET.Sdk.targets (1184,5)
       C:\Program Files\dotnet\sdk\9.0.310\Sdks\Microsoft.SourceLink.GitLab\build\Microsoft.SourceLink.GitLab.targets(12,5): message : Reasignaci├│n de propiedad: $(SourceLinkUrlInitializerTargets)=";_InitializeGitHubSourceLinkUrl;_InitializeGitLabSourceLinkUrl" (valor anterior: ";_InitializeGitHubSourceLinkUrl") en C:\Program Files\dotnet\sdk\9.0.310\Sdks\Microsoft.SourceLink.GitLab\build\Microsoft.SourceLink.GitLab.targets (12,5)
       C:\Program Files\dotnet\sdk\9.0.310\Sdks\Microsoft.SourceLink.GitLab\build\Microsoft.SourceLink.GitLab.targets(13,5): message : Reasignaci├│n de propiedad: $(SourceControlManagerUrlTranslationTargets)=";TranslateGitHubUrlsInSourceControlInformation;TranslateGitLabUrlsInSourceControlInformation" (valor anterior: ";TranslateGitHubUrlsInSourceControlInformation") en C:\Program Files\dotnet\sdk\9.0.310\Sdks\Microsoft.SourceLink.GitLab\build\Microsoft.SourceLink.GitLab.targets (13,5)
       C:\Program Files\dotnet\sdk\9.0.310\Sdks\Microsoft.SourceLink.AzureRepos.Git\build\Microsoft.SourceLink.AzureRepos.Git.targets(12,5): message : Reasignaci├│n de propiedad: $(SourceLinkUrlInitializerTargets)=";_InitializeGitHubSourceLinkUrl;_InitializeGitLabSourceLinkUrl;_InitializeAzureReposGitSourceLinkUrl" (valor anterior: ";_InitializeGitHubSourceLinkUrl;_InitializeGitLabSourceLinkUrl") en C:\Program Files\dotnet\sdk\9.0.310\Sdks\Microsoft.SourceLink.AzureRepos.Git\build\Microsoft.SourceLink.AzureRepos.Git.targets (12,5)
       C:\Program Files\dotnet\sdk\9.0.310\Sdks\Microsoft.SourceLink.AzureRepos.Git\build\Microsoft.SourceLink.AzureRepos.Git.targets(13,5): message : Reasignaci├│n de propiedad: $(SourceControlManagerUrlTranslationTargets)=";TranslateGitHubUrlsInSourceControlInformation;TranslateGitLabUrlsInSourceControlInformation;TranslateAzureReposGitUrlsInSourceControlInformation" (valor anterior: ";TranslateGitHubUrlsInSourceControlInformation;TranslateGitLabUrlsInSourceControlInformation") en C:\Program Files\dotnet\sdk\9.0.310\Sdks\Microsoft.SourceLink.AzureRepos.Git\build\Microsoft.SourceLink.AzureRepos.Git.targets (13,5)
       C:\Program Files\dotnet\sdk\9.0.310\Sdks\Microsoft.SourceLink.Bitbucket.Git\build\Microsoft.SourceLink.Bitbucket.Git.targets(12,5): message : Reasignaci├│n de propiedad: $(SourceLinkUrlInitializerTargets)=";_InitializeGitHubSourceLinkUrl;_InitializeGitLabSourceLinkUrl;_InitializeAzureReposGitSourceLinkUrl;_InitializeBitbucketGitSourceLinkUrl" (valor anterior: ";_InitializeGitHubSourceLinkUrl;_InitializeGitLabSourceLinkUrl;_InitializeAzureReposGitSourceLinkUrl") en C:\Program Files\dotnet\sdk\9.0.310\Sdks\Microsoft.SourceLink.Bitbucket.Git\build\Microsoft.SourceLink.Bitbucket.Git.targets (12,5)
       C:\Program Files\dotnet\sdk\9.0.310\Sdks\Microsoft.SourceLink.Bitbucket.Git\build\Microsoft.SourceLink.Bitbucket.Git.targets(13,5): message : Reasignaci├│n de propiedad: $(SourceControlManagerUrlTranslationTargets)=";TranslateGitHubUrlsInSourceControlInformation;TranslateGitLabUrlsInSourceControlInformation;TranslateAzureReposGitUrlsInSourceControlInformation;TranslateBitbucketGitUrlsInSourceControlInformation" (valor anterior: ";TranslateGitHubUrlsInSourceControlInformation;TranslateGitLabUrlsInSourceControlInformation;TranslateAzureReposGitUrlsInSourceControlInformation") en C:\Program Files\dotnet\sdk\9.0.310\Sdks\Microsoft.SourceLink.Bitbucket.Git\build\Microsoft.SourceLink.Bitbucket.Git.targets (13,5)
       C:\Program Files\dotnet\sdk\9.0.310\Sdks\Microsoft.NET.Sdk\targets\Microsoft.NET.DesignerSupport.targets(21,5): message : Reasignaci├│n de propiedad: $(DesignerRuntimeImplementationProjectOutputGroupDependsOn)="
       C:\Program Files\dotnet\sdk\9.0.310\Sdks\Microsoft.NET.Sdk\targets\Microsoft.NET.DesignerSupport.targets(21,5): message :       
       C:\Program Files\dotnet\sdk\9.0.310\Sdks\Microsoft.NET.Sdk\targets\Microsoft.NET.DesignerSupport.targets(21,5): message :       ;
       C:\Program Files\dotnet\sdk\9.0.310\Sdks\Microsoft.NET.Sdk\targets\Microsoft.NET.DesignerSupport.targets(21,5): message :       
       C:\Program Files\dotnet\sdk\9.0.310\Sdks\Microsoft.NET.Sdk\targets\Microsoft.NET.DesignerSupport.targets(21,5): message :       ;
       C:\Program Files\dotnet\sdk\9.0.310\Sdks\Microsoft.NET.Sdk\targets\Microsoft.NET.DesignerSupport.targets(21,5): message :       BuildOnlySettings;
       C:\Program Files\dotnet\sdk\9.0.310\Sdks\Microsoft.NET.Sdk\targets\Microsoft.NET.DesignerSupport.targets(21,5): message :       PrepareForBuild;
       C:\Program Files\dotnet\sdk\9.0.310\Sdks\Microsoft.NET.Sdk\targets\Microsoft.NET.DesignerSupport.targets(21,5): message :       AssignTargetPaths;
       C:\Program Files\dotnet\sdk\9.0.310\Sdks\Microsoft.NET.Sdk\targets\Microsoft.NET.DesignerSupport.targets(21,5): message :       ResolveReferences
       C:\Program Files\dotnet\sdk\9.0.310\Sdks\Microsoft.NET.Sdk\targets\Microsoft.NET.DesignerSupport.targets(21,5): message :     
       C:\Program Files\dotnet\sdk\9.0.310\Sdks\Microsoft.NET.Sdk\targets\Microsoft.NET.DesignerSupport.targets(21,5): message :     ;
       C:\Program Files\dotnet\sdk\9.0.310\Sdks\Microsoft.NET.Sdk\targets\Microsoft.NET.DesignerSupport.targets(21,5): message :       _GenerateDesignerDepsFile;
       C:\Program Files\dotnet\sdk\9.0.310\Sdks\Microsoft.NET.Sdk\targets\Microsoft.NET.DesignerSupport.targets(21,5): message :       _GenerateDesignerRuntimeConfigFile;
       C:\Program Files\dotnet\sdk\9.0.310\Sdks\Microsoft.NET.Sdk\targets\Microsoft.NET.DesignerSupport.targets(21,5): message :       GetCopyToOutputDirectoryItems;
       C:\Program Files\dotnet\sdk\9.0.310\Sdks\Microsoft.NET.Sdk\targets\Microsoft.NET.DesignerSupport.targets(21,5): message :       _GatherDesignerShadowCopyFiles;
       C:\Program Files\dotnet\sdk\9.0.310\Sdks\Microsoft.NET.Sdk\targets\Microsoft.NET.DesignerSupport.targets(21,5): message :     " (valor anterior: "
       C:\Program Files\dotnet\sdk\9.0.310\Sdks\Microsoft.NET.Sdk\targets\Microsoft.NET.DesignerSupport.targets(21,5): message :       ;
       C:\Program Files\dotnet\sdk\9.0.310\Sdks\Microsoft.NET.Sdk\targets\Microsoft.NET.DesignerSupport.targets(21,5): message :       
       C:\Program Files\dotnet\sdk\9.0.310\Sdks\Microsoft.NET.Sdk\targets\Microsoft.NET.DesignerSupport.targets(21,5): message :       ;
       C:\Program Files\dotnet\sdk\9.0.310\Sdks\Microsoft.NET.Sdk\targets\Microsoft.NET.DesignerSupport.targets(21,5): message :       BuildOnlySettings;
       C:\Program Files\dotnet\sdk\9.0.310\Sdks\Microsoft.NET.Sdk\targets\Microsoft.NET.DesignerSupport.targets(21,5): message :       PrepareForBuild;
       C:\Program Files\dotnet\sdk\9.0.310\Sdks\Microsoft.NET.Sdk\targets\Microsoft.NET.DesignerSupport.targets(21,5): message :       AssignTargetPaths;
       C:\Program Files\dotnet\sdk\9.0.310\Sdks\Microsoft.NET.Sdk\targets\Microsoft.NET.DesignerSupport.targets(21,5): message :       ResolveReferences
       C:\Program Files\dotnet\sdk\9.0.310\Sdks\Microsoft.NET.Sdk\targets\Microsoft.NET.DesignerSupport.targets(21,5): message :     
       C:\Program Files\dotnet\sdk\9.0.310\Sdks\Microsoft.NET.Sdk\targets\Microsoft.NET.DesignerSupport.targets(21,5): message :     ") en C:\Program Files\dotnet\sdk\9.0.310\Sdks\Microsoft.NET.Sdk\targets\Microsoft.NET.DesignerSupport.targets (21,5)
       C:\Program Files\dotnet\sdk\9.0.310\Sdks\Microsoft.NET.Sdk\targets\Microsoft.NET.PackTool.targets(68,5): message : Reasignaci├│n de propiedad: $(_GenerateToolsSettingsFileCacheFile)="C:\temp\MVP\documento-ia-clasificacion-mvp\src\backend\DocumentIA.Tests.Unit\obj\Debug\net9.0\DocumentIA.Tests.Unit.toolssettingsinput.cache" (valor anterior: "obj\Debug\net9.0\DocumentIA.Tests.Unit.toolssettingsinput.cache") en C:\Program Files\dotnet\sdk\9.0.310\Sdks\Microsoft.NET.Sdk\targets\Microsoft.NET.PackTool.targets (68,5)
       C:\Program Files\dotnet\sdk\9.0.310\Sdks\Microsoft.NET.Sdk\targets\Microsoft.NET.PackTool.targets(137,5): message : Reasignaci├│n de propiedad: $(_ShimInputCacheFile)="C:\temp\MVP\documento-ia-clasificacion-mvp\src\backend\DocumentIA.Tests.Unit\obj\Debug\net9.0\DocumentIA.Tests.Unit.shiminput.cache" (valor anterior: "obj\Debug\net9.0\DocumentIA.Tests.Unit.shiminput.cache") en C:\Program Files\dotnet\sdk\9.0.310\Sdks\Microsoft.NET.Sdk\targets\Microsoft.NET.PackTool.targets (137,5)
       C:\Program Files\dotnet\sdk\9.0.310\Sdks\Microsoft.NET.Sdk\targets\Microsoft.NET.PackTool.targets(139,5): message : Reasignaci├│n de propiedad: $(_ShimCreatedSentinelFile)="C:\temp\MVP\documento-ia-clasificacion-mvp\src\backend\DocumentIA.Tests.Unit\obj\Debug\net9.0\DocumentIA.Tests.Unit.shimcreated.sentinel" (valor anterior: "obj\Debug\net9.0\DocumentIA.Tests.Unit.shimcreated.sentinel") en C:\Program Files\dotnet\sdk\9.0.310\Sdks\Microsoft.NET.Sdk\targets\Microsoft.NET.PackTool.targets (139,5)
       C:\Program Files\dotnet\sdk\9.0.310\Sdks\Microsoft.NET.Sdk\targets\Microsoft.NET.Sdk.CSharp.targets(31,5): message : Reasignaci├│n de propiedad: $(DefineConstants)="TRACE;DEBUG" (valor anterior: "TRACE") en C:\Program Files\dotnet\sdk\9.0.310\Sdks\Microsoft.NET.Sdk\targets\Microsoft.NET.Sdk.CSharp.targets (31,5)
       C:\Program Files\dotnet\sdk\9.0.310\Sdks\Microsoft.NET.Sdk\targets\Microsoft.NET.Sdk.CSharp.targets(34,5): message : Reasignaci├│n de propiedad: $(DefineConstants)="TRACE;DEBUG;NET;NET9_0;NETCOREAPP" (valor anterior: "TRACE;DEBUG") en C:\Program Files\dotnet\sdk\9.0.310\Sdks\Microsoft.NET.Sdk\targets\Microsoft.NET.Sdk.CSharp.targets (34,5)
       C:\Program Files\dotnet\sdk\9.0.310\Sdks\Microsoft.NET.Sdk\targets\Microsoft.NET.Sdk.CSharp.targets(48,5): message : Reasignaci├│n de propiedad: $(WarningsAsErrors)=";NU1605;SYSLIB0011" (valor anterior: ";NU1605") en C:\Program Files\dotnet\sdk\9.0.310\Sdks\Microsoft.NET.Sdk\targets\Microsoft.NET.Sdk.CSharp.targets (48,5)
       C:\Program Files\dotnet\sdk\9.0.310\Sdks\NuGet.Build.Tasks.Pack\build\NuGet.Build.Tasks.Pack.targets(34,5): message : Reasignaci├│n de propiedad: $(PackageDescription)="Package Description" (valor anterior: "") en C:\Program Files\dotnet\sdk\9.0.310\Sdks\NuGet.Build.Tasks.Pack\build\NuGet.Build.Tasks.Pack.targets (34,5)
       C:\Program Files\dotnet\sdk\9.0.310\Sdks\NuGet.Build.Tasks.Pack\build\NuGet.Build.Tasks.Pack.targets(59,5): message : Reasignaci├│n de propiedad: $(GenerateNuspecDependsOn)="Build;_LoadPackInputItems; _GetTargetFrameworksOutput; _WalkEachTargetPerFramework; _GetPackageFiles; " (valor anterior: "_LoadPackInputItems; _GetTargetFrameworksOutput; _WalkEachTargetPerFramework; _GetPackageFiles; ") en C:\Program Files\dotnet\sdk\9.0.310\Sdks\NuGet.Build.Tasks.Pack\build\NuGet.Build.Tasks.Pack.targets (59,5)
       C:\Program Files\dotnet\sdk\9.0.310\Sdks\Microsoft.NET.Sdk\Sdk\Sdk.targets(60,5): message : Reasignaci├│n de propiedad: $(_IsNotSetContainersTargetsDir)="true" (valor anterior: "false") en C:\Program Files\dotnet\sdk\9.0.310\Sdks\Microsoft.NET.Sdk\Sdk\Sdk.targets (60,5)
       C:\Program Files\dotnet\sdk\9.0.310\Containers\build\Microsoft.NET.Build.Containers.targets(5,5): message : Reasignaci├│n de propiedad: $(_IsSDKContainerAllowedVersion)="true" (valor anterior: "false") en C:\Program Files\dotnet\sdk\9.0.310\Containers\build\Microsoft.NET.Build.Containers.targets (5,5)
       C:\Program Files\dotnet\sdk\9.0.310\Containers\build\Microsoft.NET.Build.Containers.targets(15,5): message : Reasignaci├│n de propiedad: $(_ContainerIsTargetingNet8TFM)="true" (valor anterior: "false") en C:\Program Files\dotnet\sdk\9.0.310\Containers\build\Microsoft.NET.Build.Containers.targets (15,5)
       C:\Users\ubf0238\.nuget\packages\microsoft.testplatform.testhost\17.12.0\build\netcoreapp3.1\Microsoft.TestPlatform.TestHost.props(15,14): message : Propiedad "OS" con el valor "Windows_NT" expandido desde el entorno.
       Invalidando el destino "ResolveFrameworkReferences" del proyecto"C:\Program Files\dotnet\sdk\9.0.310\Microsoft.Common.CurrentVersion.targets" con el destino "ResolveFrameworkReferences" del proyecto "C:\Program Files\dotnet\sdk\9.0.310\Sdks\Microsoft.NET.Sdk\targets\Microsoft.NET.Sdk.FrameworkReferenceResolution.targets".
       Invalidando el destino "Run" del proyecto"C:\Program Files\dotnet\sdk\9.0.310\Microsoft.Common.CurrentVersion.targets" con el destino "Run" del proyecto "C:\Program Files\dotnet\sdk\9.0.310\Sdks\Microsoft.NET.Sdk\targets\Microsoft.NET.Sdk.targets".
       Invalidando el destino "GenerateSupportedTargetFrameworkAlias" del proyecto"C:\Program Files\dotnet\sdk\9.0.310\Microsoft.Common.CurrentVersion.targets" con el destino "GenerateSupportedTargetFrameworkAlias" del proyecto "C:\Program Files\dotnet\sdk\9.0.310\Sdks\Microsoft.NET.Sdk\targets\Microsoft.NET.Sdk.targets".
       Invalidando el destino "GetReferenceAssemblyPaths" del proyecto"C:\Program Files\dotnet\sdk\9.0.310\Microsoft.Common.CurrentVersion.targets" con el destino "GetReferenceAssemblyPaths" del proyecto "C:\Program Files\dotnet\sdk\9.0.310\Sdks\Microsoft.NET.Sdk\targets\Microsoft.NET.DisableStandardFrameworkResolution.targets".
       Invalidando el destino "GetFrameworkPaths" del proyecto"C:\Program Files\dotnet\sdk\9.0.310\Microsoft.Common.CurrentVersion.targets" con el destino "GetFrameworkPaths" del proyecto "C:\Program Files\dotnet\sdk\9.0.310\Sdks\Microsoft.NET.Sdk\targets\Microsoft.NET.DisableStandardFrameworkResolution.targets".
       Invalidando el destino "DesignerRuntimeImplementationProjectOutputGroup" del proyecto"C:\Program Files\dotnet\sdk\9.0.310\Microsoft.Common.CurrentVersion.targets" con el destino "DesignerRuntimeImplementationProjectOutputGroup" del proyecto "C:\Program Files\dotnet\sdk\9.0.310\Sdks\Microsoft.NET.Sdk\targets\Microsoft.NET.DesignerSupport.targets".
       Invalidando el destino "Publish" del proyecto"C:\Program Files\dotnet\sdk\9.0.310\Microsoft.Common.CurrentVersion.targets" con el destino "Publish" del proyecto "C:\Program Files\dotnet\sdk\9.0.310\Sdks\Microsoft.NET.Sdk\targets\Microsoft.NET.Publish.targets".
       Invalidando el destino "ResolveReadyToRunCompilers" del proyecto"C:\Program Files\dotnet\sdk\9.0.310\Sdks\Microsoft.NET.Sdk\targets\Microsoft.NET.CrossGen.targets" con el destino "ResolveReadyToRunCompilers" del proyecto "C:\Program Files\dotnet\sdk\9.0.310\Sdks\Microsoft.NET.Sdk\targets\Microsoft.NET.Publish.targets".
       Invalidando el destino "GetCopyToPublishDirectoryItems" del proyecto"C:\Program Files\dotnet\sdk\9.0.310\Microsoft.Common.CurrentVersion.targets" con el destino "GetCopyToPublishDirectoryItems" del proyecto "C:\Program Files\dotnet\sdk\9.0.310\Sdks\Microsoft.NET.Sdk\targets\Microsoft.NET.Publish.targets".
       El destino "ResolveNuGetPackageAssets" que aparece en un atributo AfterTargets en "C:\Users\ubf0238\.nuget\packages\system.text.json\10.0.2\buildTransitive\net8.0\System.Text.Json.targets (11,11)" no existe en el proyecto y se omitir├í.
       El destino "ResolveNuGetPackageAssets" que aparece en un atributo AfterTargets en "C:\Users\ubf0238\.nuget\packages\system.text.json\10.0.2\buildTransitive\net8.0\System.Text.Json.targets (23,11)" no existe en el proyecto y se omitir├í.
       El destino "ResolveNuGetPackageAssets" que aparece en un atributo AfterTargets en "C:\Users\ubf0238\.nuget\packages\microsoft.extensions.logging.abstractions\8.0.3\buildTransitive\net6.0\Microsoft.Extensions.Logging.Abstractions.targets (11,11)" no existe en el proyecto y se omitir├í.
       El destino "ResolveNuGetPackageAssets" que aparece en un atributo AfterTargets en "C:\Users\ubf0238\.nuget\packages\microsoft.extensions.logging.abstractions\8.0.3\buildTransitive\net6.0\Microsoft.Extensions.Logging.Abstractions.targets (23,11)" no existe en el proyecto y se omitir├í.
   1:7>Proyecto "C:\temp\MVP\documento-ia-clasificacion-mvp\src\backend\DocumentIA.Tests.Unit\DocumentIA.Tests.Unit.csproj" en el nodo 1 (VSTest destinos).
   1:7>Destino "GenerateProgramFile" en el archivo "C:\Users\ubf0238\.nuget\packages\microsoft.net.test.sdk\17.12.0\build\netcoreapp3.1\Microsoft.NET.Test.Sdk.targets" del proyecto "C:\temp\MVP\documento-ia-clasificacion-mvp\src\backend\DocumentIA.Tests.Unit\DocumentIA.Tests.Unit.csproj" (punto de entrada):
   1:7>Se omiti├│ la tarea "Warning" debido a una condici├│n falsa (False); (@(ProgramCompiles->Count()) != 0) se evalu├│ como (0 != 0).
   1:7>Compilaci├│n terminada del destino "GenerateProgramFile" en el proyecto "DocumentIA.Tests.Unit.csproj".
       Se omiti├│ el destino "ShowInfoMessageIfProjectHasNoIsTestProjectProperty" debido a una condici├│n falsa (False); ('$(IsTestProject)' == '') se evalu├│ como ('true' == '').
   1:7>Destino "SetXPlatDataCollectorPath" en el archivo "C:\Users\ubf0238\.nuget\packages\coverlet.collector\6.0.2\build\netstandard2.0\coverlet.collector.targets" del proyecto "C:\temp\MVP\documento-ia-clasificacion-mvp\src\backend\DocumentIA.Tests.Unit\DocumentIA.Tests.Unit.csproj" (el destino "VSTest" depende de ├®l):
   1:7>Compilaci├│n terminada del destino "SetXPlatDataCollectorPath" en el proyecto "DocumentIA.Tests.Unit.csproj".
   1:7>Destino "VSTest" en el archivo "C:\Program Files\dotnet\sdk\9.0.310\Microsoft.TestPlatform.targets" del proyecto "C:\temp\MVP\documento-ia-clasificacion-mvp\src\backend\DocumentIA.Tests.Unit\DocumentIA.Tests.Unit.csproj" (punto de entrada):
       C:\Program Files\dotnet\sdk\9.0.310\Microsoft.TestPlatform.targets(33,42): message : Propiedad "_MSBUILDTLENABLED" con el valor "0" expandido desde el entorno. [C:\temp\MVP\documento-ia-clasificacion-mvp\src\backend\DocumentIA.Tests.Unit\DocumentIA.Tests.Unit.csproj]
       Usando la tarea "CallTarget" del ensamblado "Microsoft.Build.Tasks.Core, Version=15.1.0.0, Culture=neutral, PublicKeyToken=b03f5f7f11d50a3a".
       Tarea "CallTarget"
   1:7>Destino "_VSTestConsole" en el archivo "C:\Program Files\dotnet\sdk\9.0.310\Microsoft.TestPlatform.targets" del proyecto "C:\temp\MVP\documento-ia-clasificacion-mvp\src\backend\DocumentIA.Tests.Unit\DocumentIA.Tests.Unit.csproj" (el destino "VSTest" depende de ├®l):
       Tarea "CallTarget"
   1:7>Destino "BuildProject" en el archivo "C:\Program Files\dotnet\sdk\9.0.310\Microsoft.TestPlatform.targets" del proyecto "C:\temp\MVP\documento-ia-clasificacion-mvp\src\backend\DocumentIA.Tests.Unit\DocumentIA.Tests.Unit.csproj" (el destino "_VSTestConsole" depende de ├®l):
       Tarea "CallTarget"
   1:7>Destino "ShowMsbuildWithParameter" en el archivo "C:\Program Files\dotnet\sdk\9.0.310\Microsoft.TestPlatform.targets" del proyecto "C:\temp\MVP\documento-ia-clasificacion-mvp\src\backend\DocumentIA.Tests.Unit\DocumentIA.Tests.Unit.csproj" (el destino "BuildProject" depende de ├®l):
       Tarea "Message"
         Building project C:\temp\MVP\documento-ia-clasificacion-mvp\src\backend\DocumentIA.Tests.Unit\DocumentIA.Tests.Unit.csproj for TargetFramework=net9.0
       Ejecuci├│n de la tarea "Message" terminada.
       Tarea "Message"
         Value passed to msbuild are...
       Ejecuci├│n de la tarea "Message" terminada.
       Tarea "Message"
         Configuration = Debug
       Ejecuci├│n de la tarea "Message" terminada.
       Tarea "Message"
         TargetFramework = net9.0
       Ejecuci├│n de la tarea "Message" terminada.
       Tarea "Message"
         Platform = 
       Ejecuci├│n de la tarea "Message" terminada.
       Tarea "Message"
         OutputPath = bin\Debug\net9.0\
       Ejecuci├│n de la tarea "Message" terminada.
   1:7>Compilaci├│n terminada del destino "ShowMsbuildWithParameter" en el proyecto "DocumentIA.Tests.Unit.csproj".
       Ejecuci├│n de la tarea "CallTarget" terminada.
       Ensamblado cargado durante TaskRun: Microsoft.TestPlatform.Build, Version=15.0.0.0, Culture=neutral, PublicKeyToken=b03f5f7f11d50a3a(ubicaci├│n: C:\Program Files\dotnet\sdk\9.0.310\Microsoft.TestPlatform.Build.dll, MVID: 195ac703-e363-4c5e-8ac7-bd0ddf139e5d, AssemblyLoadContext: MSBuild plugin C:\Program Files\dotnet\sdk\9.0.310\Microsoft.TestPlatform.Build.dll)
       Usando la tarea "VSTestLogsTask" del ensamblado "C:\Program Files\dotnet\sdk\9.0.310\Microsoft.TestPlatform.Build.dll".
       Tarea "VSTestLogsTask"
         Ensamblado cargado durante TaskRun (Microsoft.TestPlatform.Build.Tasks.VSTestLogsTask): Microsoft.TestPlatform.Build.resources, Version=15.0.0.0, Culture=es, PublicKeyToken=b03f5f7f11d50a3a(ubicaci├│n: C:\Program Files\dotnet\sdk\9.0.310\es\Microsoft.TestPlatform.Build.resources.dll, MVID: b5ca407d-055e-4715-8626-589300ebba1b, AssemblyLoadContext: MSBuild plugin C:\Program Files\dotnet\sdk\9.0.310\Microsoft.TestPlatform.Build.dll)
         Compilaci├│n iniciada, espere...
       Ejecuci├│n de la tarea "VSTestLogsTask" terminada.
       Tarea "MSBuild"
   1:7>El proyecto "C:\temp\MVP\documento-ia-clasificacion-mvp\src\backend\DocumentIA.Tests.Unit\DocumentIA.Tests.Unit.csproj" (1:7) est├í compilando "C:\temp\MVP\documento-ia-clasificacion-mvp\src\backend\DocumentIA.Tests.Unit\DocumentIA.Tests.Unit.csproj" (1:8) en el nodo 1 (destinos predeterminados).
   1:8>Se omiti├│ el destino "GenerateProgramFile". Compilado previamente de forma correcta.
       Se omiti├│ el destino "_CheckForUnsupportedTargetFramework" debido a una condici├│n falsa (False); ('$(_UnsupportedTargetFrameworkError)' == 'true') se evalu├│ como ('' == 'true').
   1:8>Destino "_CollectTargetFrameworkForTelemetry" en el archivo "C:\Program Files\dotnet\sdk\9.0.310\Sdks\Microsoft.NET.Sdk\targets\Microsoft.NET.TargetFrameworkInference.targets" del proyecto "C:\temp\MVP\documento-ia-clasificacion-mvp\src\backend\DocumentIA.Tests.Unit\DocumentIA.Tests.Unit.csproj" (el destino "_CheckForInvalidConfigurationAndPlatform" depende de ├®l):
       Usando la tarea "AllowEmptyTelemetry" del ensamblado "C:\Program Files\dotnet\sdk\9.0.310\Sdks\Microsoft.NET.Sdk\targets\..\tools\net9.0\Microsoft.NET.Build.Tasks.dll".
       Tarea "AllowEmptyTelemetry"
       Ejecuci├│n de la tarea "AllowEmptyTelemetry" terminada.
   1:8>Compilaci├│n terminada del destino "_CollectTargetFrameworkForTelemetry" en el proyecto "DocumentIA.Tests.Unit.csproj".
       Se omiti├│ el destino "_CheckForUnsupportedTargetPlatformIdentifier" debido a una condici├│n falsa (False); ('$(TargetPlatformIdentifier)' != '' and '$(TargetFrameworkIdentifier)' == '.NETCoreApp' and $([MSBuild]::VersionGreaterThanOrEquals($(TargetFrameworkVersion), 5.0)) And ('$(DesignTimeBuild)' != 'true' Or '@(MissingWorkloadPack)' == '')) se evalu├│ como ('' != '' and '.NETCoreApp' == '.NETCoreApp' and True And ('' != 'true' Or '' == '')).
       Se omiti├│ el destino "_CheckForMissingWorkload" debido a una condici├│n falsa (False); ('@(MissingWorkloadPack)' != '' And '$(DesignTimeBuild)' != 'true') se evalu├│ como ('' != '' And '' != 'true').
   1:8>Destino "_CheckForUnsupportedNETCoreVersion" en el archivo "C:\Program Files\dotnet\sdk\9.0.310\Sdks\Microsoft.NET.Sdk\targets\Microsoft.NET.TargetFrameworkInference.targets" del proyecto "C:\temp\MVP\documento-ia-clasificacion-mvp\src\backend\DocumentIA.Tests.Unit\DocumentIA.Tests.Unit.csproj" (el destino "_CheckForInvalidConfigurationAndPlatform" depende de ├®l):
       Se omiti├│ la tarea "NETSdkError" debido a una condici├│n falsa (False); ('$(_TargetFrameworkVersionWithoutV)' > '$(NETCoreAppMaximumVersion)' and '$(DisplayVSMessage)' != 'true') se evalu├│ como ('9.0' > '9.0' and '' != 'true').
       Se omiti├│ la tarea "NETSdkError" debido a una condici├│n falsa (False); ('$(DisplayVSMessage)' == 'true') se evalu├│ como ('' == 'true').
   1:8>Compilaci├│n terminada del destino "_CheckForUnsupportedNETCoreVersion" en el proyecto "DocumentIA.Tests.Unit.csproj".
       Se omiti├│ el destino "_CheckForEolTargetFrameworks" debido a una condici├│n falsa (False); ('@(_EolNetCoreTargetFrameworkVersions->AnyHaveMetadataValue('Identity', '$(_TargetFrameworkVersionWithoutV)'))' and '$(TargetFrameworkIdentifier)' == '.NETCoreApp' and '$(CheckEolTargetFramework)' == 'true') se evalu├│ como ('false' and '.NETCoreApp' == '.NETCoreApp' and '' == 'true').
       Se omiti├│ el destino "_CheckForEolWorkloads" debido a una condici├│n falsa (False); ('@(EolWorkload)' != '' and '$(CheckEolWorkloads)' == 'true') se evalu├│ como ('' != '' and 'true' == 'true').
       Se omiti├│ el destino "_CheckForNotRecommendedNETStandardVersion" debido a una condici├│n falsa (False); ('$(TargetFrameworkIdentifier)' == '.NETStandard' and $([MSBuild]::VersionLessThan($(TargetFrameworkVersion), '2.0'))) se evalu├│ como ('.NETCoreApp' == '.NETStandard' and False).
   1:8>Destino "_CheckForUnsupportedCppNETCoreVersion" en el archivo "C:\Program Files\dotnet\sdk\9.0.310\Sdks\Microsoft.NET.Sdk\targets\Microsoft.NET.TargetFrameworkInference.targets" del proyecto "C:\temp\MVP\documento-ia-clasificacion-mvp\src\backend\DocumentIA.Tests.Unit\DocumentIA.Tests.Unit.csproj" (el destino "_CheckForInvalidConfigurationAndPlatform" depende de ├®l):
       Se omiti├│ la tarea "NETSdkError" debido a una condici├│n falsa (False); ('$(TargetFrameworkIdentifier)' == '.NETCoreApp' and '$(_TargetFrameworkVersionWithoutV)' < '3.1' and ('$(Language)' == 'C++' and '$(_EnablePackageReferencesInVCProjects)' != 'true')) se evalu├│ como ('.NETCoreApp' == '.NETCoreApp' and '9.0' < '3.1' and ('C#' == 'C++' and '' != 'true')).
   1:8>Compilaci├│n terminada del destino "_CheckForUnsupportedCppNETCoreVersion" en el proyecto "DocumentIA.Tests.Unit.csproj".
       Se omiti├│ el destino "_CheckForUnsupportedNETStandardVersion" debido a una condici├│n falsa (False); ('$(TargetFrameworkIdentifier)' == '.NETStandard' And '$(NETStandardMaximumVersion)' != '') se evalu├│ como ('.NETCoreApp' == '.NETStandard' And '' != '').
       Se omiti├│ el destino "_CheckForUnsupportedTargetFrameworkAndFeatureCombination" debido a una condici├│n falsa (False); ('$(TargetFrameworkIdentifier)' == '.NETFramework') se evalu├│ como ('.NETCoreApp' == '.NETFramework').
       Se omiti├│ el destino "_CheckForSupportedOSPlatformVersionHigherThanTargetPlatformVersion" debido a una condici├│n falsa (False); ('$(TargetPlatformVersion)' != '' and '$(TargetFrameworkIdentifier)' == '.NETCoreApp' and $([MSBuild]::VersionGreaterThanOrEquals($(TargetFrameworkVersion), 5.0))) se evalu├│ como ('' != '' and '.NETCoreApp' == '.NETCoreApp' and True).
       Se omiti├│ el destino "_CheckForInvalidTargetPlatformVersion" debido a una condici├│n falsa (False); ('$(TargetPlatformVersion)' != '' and '$(TargetFrameworkIdentifier)' == '.NETCoreApp' and $([MSBuild]::VersionGreaterThanOrEquals($(TargetFrameworkVersion), 5.0)) and ('$(Language)' != 'C++' or '$(_EnablePackageReferencesInVCProjects)' == 'true')) se evalu├│ como ('' != '' and '.NETCoreApp' == '.NETCoreApp' and True and ('C#' != 'C++' or '' == 'true')).
   1:8>Destino "_CheckForUnsupportedArtifactsPath" en el archivo "C:\Program Files\dotnet\sdk\9.0.310\Sdks\Microsoft.NET.Sdk\targets\Microsoft.NET.DefaultOutputPaths.targets" del proyecto "C:\temp\MVP\documento-ia-clasificacion-mvp\src\backend\DocumentIA.Tests.Unit\DocumentIA.Tests.Unit.csproj" (el destino "_CheckForInvalidConfigurationAndPlatform" depende de ├®l):
       Se omiti├│ la tarea "NetSdkError" debido a una condici├│n falsa (False); ('$(UseArtifactsOutput)' == 'true' and '$(_ArtifactsPathSetEarly)' != 'true') se evalu├│ como ('' == 'true' and '' != 'true').
       Se omiti├│ la tarea "NetSdkError" debido a una condici├│n falsa (False); ('$(_ArtifactsPathLocationType)' == 'ProjectFolder') se evalu├│ como ('' == 'ProjectFolder').
   1:8>Compilaci├│n terminada del destino "_CheckForUnsupportedArtifactsPath" en el proyecto "DocumentIA.Tests.Unit.csproj".
       Se omiti├│ el destino "_CheckForMissingWorkload" debido a una condici├│n falsa (False); ('@(MissingWorkloadPack)' != '' And '$(DesignTimeBuild)' != 'true') se evalu├│ como ('' != '' And '' != 'true').
   1:8>Destino "_CheckForUnsupportedAppHostUsage" en el archivo "C:\Program Files\dotnet\sdk\9.0.310\Sdks\Microsoft.NET.Sdk\targets\Microsoft.NET.RuntimeIdentifierInference.targets" del proyecto "C:\temp\MVP\documento-ia-clasificacion-mvp\src\backend\DocumentIA.Tests.Unit\DocumentIA.Tests.Unit.csproj" (el destino "_CheckForInvalidConfigurationAndPlatform" depende de ├®l):
       Se omiti├│ la tarea "NETSdkError" debido a una condici├│n falsa (False); ('$(SelfContained)' == 'true' and '$(RuntimeIdentifier)' == '' and '$(AllowSelfContainedWithoutRuntimeIdentifier)' != 'true') se evalu├│ como ('' == 'true' and '' == '' and '' != 'true').
       Se omiti├│ la tarea "NETSdkError" debido a una condici├│n falsa (False); ('$(PublishReadyToRun)' == 'true' and '$(RuntimeIdentifier)' == '' and '$(_IsPublishing)' == 'true') se evalu├│ como ('' == 'true' and '' == '' and '' == 'true').
       Se omiti├│ la tarea "NETSdkError" debido a una condici├│n falsa (False); ('$(PublishSingleFile)' == 'true' and '$(RuntimeIdentifier)' == '' and '$(_IsPublishing)' == 'true') se evalu├│ como ('' == 'true' and '' == '' and '' == 'true').
       Se omiti├│ la tarea "NETSdkError" debido a una condici├│n falsa (False); ('$(PublishAot)' == 'true' and '$(RuntimeIdentifier)' == '' and '$(_IsPublishing)' == 'true' and '$(AllowPublishAotWithoutRuntimeIdentifier)' != 'true') se evalu├│ como ('' == 'true' and '' == '' and '' == 'true' and '' != 'true').
       Se omiti├│ la tarea "NETSdkError" debido a una condici├│n falsa (False); ('$(PublishSelfContained)' != 'true' and '$(PublishSelfContained)' != 'false' and '$(PublishSelfContained)' != '') se evalu├│ como ('' != 'true' and '' != 'false' and '' != '').
       Se omiti├│ la tarea "NETSdkError" debido a una condici├│n falsa (False); ('$(SelfContained)' == 'true' and '$(UseAppHost)' != 'true' and '$(_RuntimeIdentifierUsesAppHost)' == 'true') se evalu├│ como ('' == 'true' and '' != 'true' and '' == 'true').
       Se omiti├│ la tarea "NETSdkError" debido a una condici├│n falsa (False); ('$(SelfContained)' != 'true' and '$(UseAppHost)' == 'true' and '$(_TargetFrameworkVersionWithoutV)' < '2.1') se evalu├│ como ('' != 'true' and '' == 'true' and '9.0' < '2.1').
       Se omiti├│ la tarea "NETSdkError" debido a una condici├│n falsa (False); ('$(PublishSingleFile)' == 'true' and '$(_TargetFrameworkVersionWithoutV)' < '3.0') se evalu├│ como ('' == 'true' and '9.0' < '3.0').
       Se omiti├│ la tarea "NETSdkWarning" debido a una condici├│n falsa (False); ('$(PublishReadyToRun)' == 'true' and '$(_TargetFrameworkVersionWithoutV)' < '3.0') se evalu├│ como ('' == 'true' and '9.0' < '3.0').
       Se omiti├│ la tarea "NETSdkWarning" debido a una condici├│n falsa (False); ('$(RuntimeIdentifier)' != '' and '$(_TargetFrameworkVersionWithoutV)' != '' and $([MSBuild]::VersionLessThan($(_TargetFrameworkVersionWithoutV), '8.0')) and '$(_SelfContainedWasSpecified)' != 'true') se evalu├│ como ('' != '' and '9.0' != '' and False and '' != 'true').
       Se omiti├│ la tarea "NetSdkError" debido a una condici├│n falsa (False); (('$(UseWindowsForms)' == 'true') and ('$(PublishTrimmed)' == 'true') and ('$(_SuppressWinFormsTrimError)' != 'true')) se evalu├│ como (('' == 'true') and ('' == 'true') and ('' != 'true')).
       Se omiti├│ la tarea "NetSdkError" debido a una condici├│n falsa (False); (('$(UseWpf)' == 'true') and ('$(PublishTrimmed)' == 'true') and ('$(_SuppressWpfTrimError)' != 'true')) se evalu├│ como (('' == 'true') and ('' == 'true') and ('' != 'true')).
   1:8>Compilaci├│n terminada del destino "_CheckForUnsupportedAppHostUsage" en el proyecto "DocumentIA.Tests.Unit.csproj".
   1:8>Destino "_CheckForUnsupportedHostingUsage" en el archivo "C:\Program Files\dotnet\sdk\9.0.310\Sdks\Microsoft.NET.Sdk\targets\Microsoft.NET.RuntimeIdentifierInference.targets" del proyecto "C:\temp\MVP\documento-ia-clasificacion-mvp\src\backend\DocumentIA.Tests.Unit\DocumentIA.Tests.Unit.csproj" (el destino "_CheckForInvalidConfigurationAndPlatform" depende de ├®l):
       Se omiti├│ la tarea "NETSdkWarning" debido a una condici├│n falsa (False); ('$(SelfContained)' == 'true' and '$(EnableComHosting)' == 'true') se evalu├│ como ('' == 'true' and '' == 'true').
   1:8>Compilaci├│n terminada del destino "_CheckForUnsupportedHostingUsage" en el proyecto "DocumentIA.Tests.Unit.csproj".
   1:8>Destino "_CheckAndUnsetUnsupportedPrefer32Bit" en el archivo "C:\Program Files\dotnet\sdk\9.0.310\Sdks\Microsoft.NET.Sdk\targets\Microsoft.NET.RuntimeIdentifierInference.targets" del proyecto "C:\temp\MVP\documento-ia-clasificacion-mvp\src\backend\DocumentIA.Tests.Unit\DocumentIA.Tests.Unit.csproj" (el destino "_CheckForInvalidConfigurationAndPlatform" depende de ├®l):
       Se omiti├│ la tarea "NETSdkWarning" debido a una condici├│n falsa (False); ('$(Prefer32Bit)' == 'true') se evalu├│ como ('false' == 'true').
   1:8>Compilaci├│n terminada del destino "_CheckAndUnsetUnsupportedPrefer32Bit" en el proyecto "DocumentIA.Tests.Unit.csproj".
       Se omiti├│ el destino "_CheckAndUnsetUnsupportedPreferNativeArm64" debido a una condici├│n falsa (False); ('$(TargetFrameworkIdentifier)' == '.NETCoreApp' and '$(PreferNativeArm64)' == 'true') se evalu├│ como ('.NETCoreApp' == '.NETCoreApp' and 'false' == 'true').
       Se omiti├│ el destino "_CheckForMismatchingPlatform" debido a una condici├│n falsa (False); ('$(RuntimeIdentifier)' != '' and '$(PlatformTarget)' != '') se evalu├│ como ('' != '' and '' != '').
   1:8>Destino "_CheckForLanguageAndFeatureCombinationSupport" en el archivo "C:\Program Files\dotnet\sdk\9.0.310\Sdks\Microsoft.NET.Sdk\targets\Microsoft.NET.RuntimeIdentifierInference.targets" del proyecto "C:\temp\MVP\documento-ia-clasificacion-mvp\src\backend\DocumentIA.Tests.Unit\DocumentIA.Tests.Unit.csproj" (el destino "_CheckForInvalidConfigurationAndPlatform" depende de ├®l):
       Se omiti├│ la tarea "NETSdkError" debido a una condici├│n falsa (False); (('$(Language)' == 'C++' and '$(_EnablePackageReferencesInVCProjects)' != 'true') and $(OutputType) != 'library' and '$(TargetFrameworkIdentifier)' == '.NETCoreApp') se evalu├│ como (('C#' == 'C++' and '' != 'true') and Exe != 'library' and '.NETCoreApp' == '.NETCoreApp').
       Se omiti├│ la tarea "NETSdkError" debido a una condici├│n falsa (False); (('$(Language)' == 'C++' and '$(_EnablePackageReferencesInVCProjects)' != 'true') and $(EnableComHosting) == 'true') se evalu├│ como (('C#' == 'C++' and '' != 'true') and  == 'true').
       Se omiti├│ la tarea "NETSdkError" debido a una condici├│n falsa (False); (('$(Language)' == 'C++' and '$(_EnablePackageReferencesInVCProjects)' != 'true') and $(SelfContained) == 'true') se evalu├│ como (('C#' == 'C++' and '' != 'true') and  == 'true').
   1:8>Compilaci├│n terminada del destino "_CheckForLanguageAndFeatureCombinationSupport" en el proyecto "DocumentIA.Tests.Unit.csproj".
       Se omiti├│ el destino "_CheckForNETCoreSdkIsPreview" debido a una condici├│n falsa (False); ( '$(_NETCoreSdkIsPreview)' == 'true' AND '$(SuppressNETCoreSdkPreviewMessage)' != 'true' ) se evalu├│ como ( 'false' == 'true' AND '' != 'true' ).
   1:8>Destino "_GetProjectJsonPath" en el archivo "C:\Program Files\dotnet\sdk\9.0.310\NuGet.targets" del proyecto "C:\temp\MVP\documento-ia-clasificacion-mvp\src\backend\DocumentIA.Tests.Unit\DocumentIA.Tests.Unit.csproj" (el destino "_GetRestoreProjectStyle" depende de ├®l):
       Se omiti├│ la tarea "GetRestoreProjectJsonPathTask" debido a una condici├│n falsa (False); ( '$(RestoreProjectStyle)' == 'ProjectJson' OR '$(RestoreProjectStyle)' == '' ) se evalu├│ como ( 'PackageReference' == 'ProjectJson' OR 'PackageReference' == '' ).
   1:8>Compilaci├│n terminada del destino "_GetProjectJsonPath" en el proyecto "DocumentIA.Tests.Unit.csproj".
       Se omiti├│ el destino "_CheckForUnsupportedTargetPlatformIdentifier" debido a una condici├│n falsa (False); ('$(TargetPlatformIdentifier)' != '' and '$(TargetFrameworkIdentifier)' == '.NETCoreApp' and $([MSBuild]::VersionGreaterThanOrEquals($(TargetFrameworkVersion), 5.0)) And ('$(DesignTimeBuild)' != 'true' Or '@(MissingWorkloadPack)' == '')) se evalu├│ como ('' != '' and '.NETCoreApp' == '.NETCoreApp' and True And ('' != 'true' Or '' == '')).
       Se omiti├│ el destino "_CheckForMissingWorkload" debido a una condici├│n falsa (False); ('@(MissingWorkloadPack)' != '' And '$(DesignTimeBuild)' != 'true') se evalu├│ como ('' != '' And '' != 'true').
       Se omiti├│ el destino "_CheckForNotRecommendedNETStandardVersion" debido a una condici├│n falsa (False); ('$(TargetFrameworkIdentifier)' == '.NETStandard' and $([MSBuild]::VersionLessThan($(TargetFrameworkVersion), '2.0'))) se evalu├│ como ('.NETCoreApp' == '.NETStandard' and False).
       Se omiti├│ el destino "_CheckForUnsupportedNETStandardVersion" debido a una condici├│n falsa (False); ('$(TargetFrameworkIdentifier)' == '.NETStandard' And '$(NETStandardMaximumVersion)' != '') se evalu├│ como ('.NETCoreApp' == '.NETStandard' And '' != '').
       Se omiti├│ el destino "_CheckForUnsupportedTargetFrameworkAndFeatureCombination" debido a una condici├│n falsa (False); ('$(TargetFrameworkIdentifier)' == '.NETFramework') se evalu├│ como ('.NETCoreApp' == '.NETFramework').
   1:8>Destino "UpdateAspNetToFrameworkReference" en el archivo "C:\Program Files\dotnet\sdk\9.0.310\Sdks\Microsoft.NET.Sdk\targets\Microsoft.NET.Sdk.DefaultItems.Shared.targets" del proyecto "C:\temp\MVP\documento-ia-clasificacion-mvp\src\backend\DocumentIA.Tests.Unit\DocumentIA.Tests.Unit.csproj" (el destino "ApplyImplicitVersions" depende de ├®l):
       Usando la tarea "CheckIfPackageReferenceShouldBeFrameworkReference" del ensamblado "C:\Program Files\dotnet\sdk\9.0.310\Sdks\Microsoft.NET.Sdk\targets\..\tools\net9.0\Microsoft.NET.Build.Tasks.dll".
       Tarea "CheckIfPackageReferenceShouldBeFrameworkReference"
       Ejecuci├│n de la tarea "CheckIfPackageReferenceShouldBeFrameworkReference" terminada.
       Se omiti├│ la tarea "NETSdkError" debido a una condici├│n falsa (False); ('$(_ShouldRemoveAspNetCoreAll)' == 'true') se evalu├│ como ('False' == 'true').
       Tarea "CheckIfPackageReferenceShouldBeFrameworkReference"
       Ejecuci├│n de la tarea "CheckIfPackageReferenceShouldBeFrameworkReference" terminada.
       Se omiti├│ la tarea "NETSdkWarning" debido a una condici├│n falsa (False); ('$(_ShouldRemoveAspNetCoreApp)' == 'true') se evalu├│ como ('False' == 'true').
   1:8>Compilaci├│n terminada del destino "UpdateAspNetToFrameworkReference" en el proyecto "DocumentIA.Tests.Unit.csproj".
       Se omiti├│ el destino "IncludeTargetingPackReference" debido a una condici├│n falsa (False); ('$(TargetFrameworkMoniker)' != '' and '$(TargetFrameworkIdentifier)' == '.NETFramework' and '$(AutomaticallyUseReferenceAssemblyPackages)' == 'true') se evalu├│ como ('.NETCoreApp,Version=v9.0' != '' and '.NETCoreApp' == '.NETFramework' and 'true' == 'true').
   1:8>Destino "CheckForImplicitPackageReferenceOverrides" en el archivo "C:\Program Files\dotnet\sdk\9.0.310\Sdks\Microsoft.NET.Sdk\targets\Microsoft.NET.Sdk.DefaultItems.Shared.targets" del proyecto "C:\temp\MVP\documento-ia-clasificacion-mvp\src\backend\DocumentIA.Tests.Unit\DocumentIA.Tests.Unit.csproj" (el destino "ApplyImplicitVersions" depende de ├®l):
       Usando la tarea "CheckForImplicitPackageReferenceOverrides" del ensamblado "C:\Program Files\dotnet\sdk\9.0.310\Sdks\Microsoft.NET.Sdk\targets\..\tools\net9.0\Microsoft.NET.Build.Tasks.dll".
       Tarea "CheckForImplicitPackageReferenceOverrides"
       Ejecuci├│n de la tarea "CheckForImplicitPackageReferenceOverrides" terminada.
   1:8>Compilaci├│n terminada del destino "CheckForImplicitPackageReferenceOverrides" en el proyecto "DocumentIA.Tests.Unit.csproj".
   1:8>Destino "ApplyImplicitVersions" en el archivo "C:\Program Files\dotnet\sdk\9.0.310\Sdks\Microsoft.NET.Sdk\targets\Microsoft.NET.Sdk.DefaultItems.Shared.targets" del proyecto "C:\temp\MVP\documento-ia-clasificacion-mvp\src\backend\DocumentIA.Tests.Unit\DocumentIA.Tests.Unit.csproj" (el destino "CollectPackageReferences" depende de ├®l):
       Usando la tarea "ApplyImplicitVersions" del ensamblado "C:\Program Files\dotnet\sdk\9.0.310\Sdks\Microsoft.NET.Sdk\targets\..\tools\net9.0\Microsoft.NET.Build.Tasks.dll".
       Tarea "ApplyImplicitVersions"
       Ejecuci├│n de la tarea "ApplyImplicitVersions" terminada.
   1:8>Compilaci├│n terminada del destino "ApplyImplicitVersions" en el proyecto "DocumentIA.Tests.Unit.csproj".
       Se omiti├│ el destino "CheckForImplicitPackageReferenceOverrides". Compilado previamente de forma correcta.
       Se omiti├│ el destino "AddWindowsSdkKnownFrameworkReferences" debido a una condici├│n falsa (False); ('$(TargetFrameworkIdentifier)' == '.NETCoreApp' And '$(TargetPlatformIdentifier)' == 'Windows'
                            And ('$(Language)' != 'C++' Or '$(IncludeWindowsSDKRefFrameworkReferences)' == 'true')) se evalu├│ como ('.NETCoreApp' == '.NETCoreApp' And '' == 'Windows'
                            And ('C#' != 'C++' Or '' == 'true')).
       Se omiti├│ el destino "_NormalizeTargetPlatformVersion" debido a una condici├│n falsa (False); ('$(TargetPlatformVersion)' != '' and '$(TargetFrameworkIdentifier)' == '.NETCoreApp' and $([MSBuild]::VersionGreaterThanOrEquals($(TargetFrameworkVersion), 5.0)) and ('$(Language)' != 'C++' or '$(_EnablePackageReferencesInVCProjects)' == 'true')) se evalu├│ como ('' != '' and '.NETCoreApp' == '.NETCoreApp' and True and ('C#' != 'C++' or '' == 'true')).
   1:8>Destino "_ComputeToolPackInputsToProcessFrameworkReferences" en el archivo "C:\Program Files\dotnet\sdk\9.0.310\Sdks\Microsoft.NET.Sdk\targets\Microsoft.NET.Publish.targets" del proyecto "C:\temp\MVP\documento-ia-clasificacion-mvp\src\backend\DocumentIA.Tests.Unit\DocumentIA.Tests.Unit.csproj" (el destino "ProcessFrameworkReferences" depende de ├®l):
   1:8>Compilaci├│n terminada del destino "_ComputeToolPackInputsToProcessFrameworkReferences" en el proyecto "DocumentIA.Tests.Unit.csproj".
   1:8>Destino "ProcessFrameworkReferences" en el archivo "C:\Program Files\dotnet\sdk\9.0.310\Sdks\Microsoft.NET.Sdk\targets\Microsoft.NET.Sdk.FrameworkReferenceResolution.targets" del proyecto "C:\temp\MVP\documento-ia-clasificacion-mvp\src\backend\DocumentIA.Tests.Unit\DocumentIA.Tests.Unit.csproj" (el destino "CollectPackageReferences" depende de ├®l):
       Usando la tarea "CheckForDuplicateFrameworkReferences" del ensamblado "C:\Program Files\dotnet\sdk\9.0.310\Sdks\Microsoft.NET.Sdk\targets\..\tools\net9.0\Microsoft.NET.Build.Tasks.dll".
       Tarea "CheckForDuplicateFrameworkReferences"
       Ejecuci├│n de la tarea "CheckForDuplicateFrameworkReferences" terminada.
       Usando la tarea "ProcessFrameworkReferences" del ensamblado "C:\Program Files\dotnet\sdk\9.0.310\Sdks\Microsoft.NET.Sdk\targets\..\tools\net9.0\Microsoft.NET.Build.Tasks.dll".
       Tarea "ProcessFrameworkReferences"
       Ejecuci├│n de la tarea "ProcessFrameworkReferences" terminada.
       Usando la tarea "ResolveAppHosts" del ensamblado "C:\Program Files\dotnet\sdk\9.0.310\Sdks\Microsoft.NET.Sdk\targets\..\tools\net9.0\Microsoft.NET.Build.Tasks.dll".
       Tarea "ResolveAppHosts"
       Ejecuci├│n de la tarea "ResolveAppHosts" terminada.
   1:8>Compilaci├│n terminada del destino "ProcessFrameworkReferences" en el proyecto "DocumentIA.Tests.Unit.csproj".
       Se omiti├│ el destino "IncludeTargetingPackReference" debido a una condici├│n falsa (False); ('$(TargetFrameworkMoniker)' != '' and '$(TargetFrameworkIdentifier)' == '.NETFramework' and '$(AutomaticallyUseReferenceAssemblyPackages)' == 'true') se evalu├│ como ('.NETCoreApp,Version=v9.0' != '' and '.NETCoreApp' == '.NETFramework' and 'true' == 'true').
       Se omiti├│ el destino "_CheckMicrosoftNetCompilersToolsetFrameworkPackageReference" debido a una condici├│n falsa (False); ('$(MSBuildRuntimeType)' == 'Full') se evalu├│ como ('Core' == 'Full').
   1:8>Destino "_CheckForObsoleteDotNetCliToolReferences" en el archivo "C:\Program Files\dotnet\sdk\9.0.310\Sdks\Microsoft.NET.Sdk\targets\Microsoft.NET.ObsoleteReferences.targets" del proyecto "C:\temp\MVP\documento-ia-clasificacion-mvp\src\backend\DocumentIA.Tests.Unit\DocumentIA.Tests.Unit.csproj" (el destino "CollectPackageReferences" depende de ├®l):
       Se omiti├│ la tarea "NETSdkWarning" debido a una condici├│n falsa (False); ( '%(_ReferenceToObsoleteDotNetCliTool.Identity)' != '' ) se evalu├│ como ( '' != '' ).
   1:8>Compilaci├│n terminada del destino "_CheckForObsoleteDotNetCliToolReferences" en el proyecto "DocumentIA.Tests.Unit.csproj".
   1:8>Destino "CollectPackageReferences" en el archivo "C:\Program Files\dotnet\sdk\9.0.310\NuGet.targets" del proyecto "C:\temp\MVP\documento-ia-clasificacion-mvp\src\backend\DocumentIA.Tests.Unit\DocumentIA.Tests.Unit.csproj" (el destino "_GetRestoreProjectStyle" depende de ├®l):
       Usando la tarea "CheckForDuplicateNuGetItemsTask" del ensamblado "C:\Program Files\dotnet\sdk\9.0.310\NuGet.Build.Tasks.dll".
       Tarea "CheckForDuplicateNuGetItemsTask"
       Ejecuci├│n de la tarea "CheckForDuplicateNuGetItemsTask" terminada.
   1:8>Compilaci├│n terminada del destino "CollectPackageReferences" en el proyecto "DocumentIA.Tests.Unit.csproj".
   1:8>Destino "_GetRestoreProjectStyle" en el archivo "C:\Program Files\dotnet\sdk\9.0.310\NuGet.targets" del proyecto "C:\temp\MVP\documento-ia-clasificacion-mvp\src\backend\DocumentIA.Tests.Unit\DocumentIA.Tests.Unit.csproj" (el destino "EnableIntermediateOutputPathMismatchWarning" depende de ├®l):
       Usando la tarea "GetRestoreProjectStyleTask" del ensamblado "C:\Program Files\dotnet\sdk\9.0.310\NuGet.Build.Tasks.dll".
       Tarea "GetRestoreProjectStyleTask"
       Ejecuci├│n de la tarea "GetRestoreProjectStyleTask" terminada.
   1:8>Compilaci├│n terminada del destino "_GetRestoreProjectStyle" en el proyecto "DocumentIA.Tests.Unit.csproj".
   1:8>Destino "EnableIntermediateOutputPathMismatchWarning" en el archivo "C:\Program Files\dotnet\sdk\9.0.310\NuGet.targets" del proyecto "C:\temp\MVP\documento-ia-clasificacion-mvp\src\backend\DocumentIA.Tests.Unit\DocumentIA.Tests.Unit.csproj" (el destino "_CheckForInvalidConfigurationAndPlatform" depende de ├®l):
   1:8>Compilaci├│n terminada del destino "EnableIntermediateOutputPathMismatchWarning" en el proyecto "DocumentIA.Tests.Unit.csproj".
       Se omiti├│ el destino "ApplyImplicitVersions". Compilado previamente de forma correcta.
       Se omiti├│ el destino "CheckForImplicitPackageReferenceOverrides". Compilado previamente de forma correcta.
   1:8>Destino "CheckForDuplicateItems" en el archivo "C:\Program Files\dotnet\sdk\9.0.310\Sdks\Microsoft.NET.Sdk\targets\Microsoft.NET.Sdk.DefaultItems.Shared.targets" del proyecto "C:\temp\MVP\documento-ia-clasificacion-mvp\src\backend\DocumentIA.Tests.Unit\DocumentIA.Tests.Unit.csproj" (el destino "_CheckForInvalidConfigurationAndPlatform" depende de ├®l):
       Usando la tarea "CheckForDuplicateItems" del ensamblado "C:\Program Files\dotnet\sdk\9.0.310\Sdks\Microsoft.NET.Sdk\targets\..\tools\net9.0\Microsoft.NET.Build.Tasks.dll".
       Tarea "CheckForDuplicateItems"
       Ejecuci├│n de la tarea "CheckForDuplicateItems" terminada.
       Tarea "CheckForDuplicateItems"
       Ejecuci├│n de la tarea "CheckForDuplicateItems" terminada.
       Tarea "CheckForDuplicateItems"
       Ejecuci├│n de la tarea "CheckForDuplicateItems" terminada.
   1:8>Compilaci├│n terminada del destino "CheckForDuplicateItems" en el proyecto "DocumentIA.Tests.Unit.csproj".
       Se omiti├│ el destino "WarnForExplicitVersions" debido a una condici├│n falsa (False); ('@(SdkBuildWarning)' != '') se evalu├│ como ('' != '').
       Se omiti├│ el destino "_CheckForFailedSDKResolution" debido a una condici├│n falsa (False); ('$(SdkResolverHonoredGlobalJson)' == 'false') se evalu├│ como ('' == 'false').
       Se omiti├│ el destino "_WarnWhenUsingNET9AndVSPriorTo1712" debido a una condici├│n falsa (False); ($([MSBuild]::VersionLessThan($(MSBuildVersion), '17.12.0')) and '$(TargetFrameworkIdentifier)' == '.NETCoreApp' and $([MSBuild]::VersionGreaterThanOrEquals($(_TargetFrameworkVersionWithoutV), '9.0'))) se evalu├│ como (False and '.NETCoreApp' == '.NETCoreApp' and True).
       Se omiti├│ el destino "_CheckForInvalidWindowsDesktopTargetingConfiguration" debido a una condici├│n falsa (False); ('$(TargetFrameworkIdentifier)' == '.NETCoreApp' and $([MSBuild]::VersionGreaterThanOrEquals($(_TargetFrameworkVersionWithoutV), '5.0')) and ('$(UseWindowsForms)' == 'true' or '$(UseWPF)' == 'true')) se evalu├│ como ('.NETCoreApp' == '.NETCoreApp' and True and ('' == 'true' or '' == 'true')).
       Se omiti├│ el destino "_CheckForUnnecessaryWindowsDesktopSDK" debido a una condici├│n falsa (False); ('$(TargetFrameworkIdentifier)' == '.NETCoreApp' and $([MSBuild]::VersionGreaterThanOrEquals($(_TargetFrameworkVersionWithoutV), '5.0')) and '$(_MicrosoftWindowsDesktopSdkImported)' == 'true' and '$(TargetFrameworks)' == '') se evalu├│ como ('.NETCoreApp' == '.NETCoreApp' and True and '' == 'true' and '' == '').
       Se omiti├│ el destino "ProcessFrameworkReferences". Compilado previamente de forma correcta.
       Se omiti├│ el destino "IncludeTargetingPackReference" debido a una condici├│n falsa (False); ('$(TargetFrameworkMoniker)' != '' and '$(TargetFrameworkIdentifier)' == '.NETFramework' and '$(AutomaticallyUseReferenceAssemblyPackages)' == 'true') se evalu├│ como ('.NETCoreApp,Version=v9.0' != '' and '.NETCoreApp' == '.NETFramework' and 'true' == 'true').
   1:8>Destino "_CheckForInvalidConfigurationAndPlatform" en el archivo "C:\Program Files\dotnet\sdk\9.0.310\Microsoft.Common.CurrentVersion.targets" del proyecto "C:\temp\MVP\documento-ia-clasificacion-mvp\src\backend\DocumentIA.Tests.Unit\DocumentIA.Tests.Unit.csproj" (el destino "BeforeBuild" depende de ├®l):
       Se omiti├│ la tarea "MSBuildInternalMessage" debido a una condici├│n falsa (False); ('$(_InvalidConfigurationMessageSeverity)' != '') se evalu├│ como ('' != '').
       Tarea "Message"
         Configuration=Debug
       Ejecuci├│n de la tarea "Message" terminada.
       Tarea "Message"
         Platform=AnyCPU
       Ejecuci├│n de la tarea "Message" terminada.
       Se omiti├│ la tarea "MSBuildInternalMessage" debido a una condici├│n falsa (False); ('$(OutDir)' != '' and !HasTrailingSlash('$(OutDir)')) se evalu├│ como ('bin\Debug\net9.0\' != '' and !HasTrailingSlash('bin\Debug\net9.0\')).
       Se omiti├│ la tarea "MSBuildInternalMessage" debido a una condici├│n falsa (False); ('$(IntermediateOutputPath)' != '' and !HasTrailingSlash('$(IntermediateOutputPath)')) se evalu├│ como ('obj\Debug\net9.0\' != '' and !HasTrailingSlash('obj\Debug\net9.0\')).
       Se omiti├│ la tarea "MSBuildInternalMessage" debido a una condici├│n falsa (False); ('$(BaseIntermediateOutputPath)' != '' and !HasTrailingSlash('$(BaseIntermediateOutputPath)')) se evalu├│ como ('obj\' != '' and !HasTrailingSlash('obj\')).
       Se omiti├│ la tarea "MSBuildInternalMessage" debido a una condici├│n falsa (False); ( '$(Prefer32Bit)' == 'true' and '$(PreferNativeArm64)' == 'true' ) se evalu├│ como ( 'false' == 'true' and 'false' == 'true' ).
       Se omiti├│ la tarea "MSBuildInternalMessage" debido a una condici├│n falsa (False); ( '$(NoWin32Manifest)' == 'true' and '$(PreferNativeArm64)' == 'true' ) se evalu├│ como ( '' == 'true' and 'false' == 'true' ).
       Se omiti├│ la tarea "MSBuildInternalMessage" debido a una condici├│n falsa (False); ( '$(PreferNativeArm64)' == 'true' and '$(Platform)' != 'AnyCPU' ) se evalu├│ como ( 'false' == 'true' and 'AnyCPU' != 'AnyCPU' ).
       Se omiti├│ la tarea "MSBuildInternalMessage" debido a una condici├│n falsa (False); ( '$(_InitialMSBuildProjectExtensionsPath)' != '' And '$(MSBuildProjectExtensionsPath)' != '$(_InitialMSBuildProjectExtensionsPath)' ) se evalu├│ como ( 'C:\temp\MVP\documento-ia-clasificacion-mvp\src\backend\DocumentIA.Tests.Unit\obj\' != '' And 'C:\temp\MVP\documento-ia-clasificacion-mvp\src\backend\DocumentIA.Tests.Unit\obj\' != 'C:\temp\MVP\documento-ia-clasificacion-mvp\src\backend\DocumentIA.Tests.Unit\obj\' ).
       Se omiti├│ la tarea "MSBuildInternalMessage" debido a una condici├│n falsa (False); ( '$(EnableBaseIntermediateOutputPathMismatchWarning)' == 'true' And '$(_InitialBaseIntermediateOutputPath)' != '$(BaseIntermediateOutputPath)' And '$(BaseIntermediateOutputPath)' != '$(MSBuildProjectExtensionsPath)' ) se evalu├│ como ( 'true' == 'true' And 'obj\' != 'obj\' And 'obj\' != 'C:\temp\MVP\documento-ia-clasificacion-mvp\src\backend\DocumentIA.Tests.Unit\obj\' ).
   1:8>Compilaci├│n terminada del destino "_CheckForInvalidConfigurationAndPlatform" en el proyecto "DocumentIA.Tests.Unit.csproj".
   1:8>Destino "ValidateCommandLineProperties" en el archivo "C:\Program Files\dotnet\sdk\9.0.310\Sdks\Microsoft.NET.Sdk\targets\Microsoft.NET.Sdk.targets" del proyecto "C:\temp\MVP\documento-ia-clasificacion-mvp\src\backend\DocumentIA.Tests.Unit\DocumentIA.Tests.Unit.csproj" (el destino "BeforeBuild" depende de ├®l):
   1:8>Compilaci├│n terminada del destino "ValidateCommandLineProperties" en el proyecto "DocumentIA.Tests.Unit.csproj".
   1:8>Destino "BeforeBuild" en el archivo "C:\Program Files\dotnet\sdk\9.0.310\Microsoft.Common.CurrentVersion.targets" del proyecto "C:\temp\MVP\documento-ia-clasificacion-mvp\src\backend\DocumentIA.Tests.Unit\DocumentIA.Tests.Unit.csproj" (el destino "Build" depende de ├®l):
   1:8>Compilaci├│n terminada del destino "BeforeBuild" en el proyecto "DocumentIA.Tests.Unit.csproj".
       Se omiti├│ el destino "_CheckForBuildWithNoBuild" debido a una condici├│n falsa (False); ('$(NoBuild)' == 'true' and '$(GeneratePackageOnBuild)' != 'true') se evalu├│ como ('' == 'true' and 'false' != 'true').
   1:8>Destino "BuildOnlySettings" en el archivo "C:\Program Files\dotnet\sdk\9.0.310\Microsoft.Common.CurrentVersion.targets" del proyecto "C:\temp\MVP\documento-ia-clasificacion-mvp\src\backend\DocumentIA.Tests.Unit\DocumentIA.Tests.Unit.csproj" (el destino "CoreBuild" depende de ├®l):
       C:\Program Files\dotnet\sdk\9.0.310\Microsoft.Common.CurrentVersion.targets(1168,7): message : Reasignaci├│n de propiedad: $(BuildingProject)="true" (valor anterior: "false") en C:\Program Files\dotnet\sdk\9.0.310\Microsoft.Common.CurrentVersion.targets (1168,7) [C:\temp\MVP\documento-ia-clasificacion-mvp\src\backend\DocumentIA.Tests.Unit\DocumentIA.Tests.Unit.csproj]
   1:8>Compilaci├│n terminada del destino "BuildOnlySettings" en el proyecto "DocumentIA.Tests.Unit.csproj".
       Se omiti├│ el destino "_CheckForUnsupportedTargetFramework" debido a una condici├│n falsa (False); ('$(_UnsupportedTargetFrameworkError)' == 'true') se evalu├│ como ('' == 'true').
       Se omiti├│ el destino "_CheckForUnsupportedTargetPlatformIdentifier" debido a una condici├│n falsa (False); ('$(TargetPlatformIdentifier)' != '' and '$(TargetFrameworkIdentifier)' == '.NETCoreApp' and $([MSBuild]::VersionGreaterThanOrEquals($(TargetFrameworkVersion), 5.0)) And ('$(DesignTimeBuild)' != 'true' Or '@(MissingWorkloadPack)' == '')) se evalu├│ como ('' != '' and '.NETCoreApp' == '.NETCoreApp' and True And ('' != 'true' Or '' == '')).
       Se omiti├│ el destino "_CheckForMissingWorkload" debido a una condici├│n falsa (False); ('@(MissingWorkloadPack)' != '' And '$(DesignTimeBuild)' != 'true') se evalu├│ como ('' != '' And '' != 'true').
   1:8>Destino "GetFrameworkPaths" en el archivo "C:\Program Files\dotnet\sdk\9.0.310\Sdks\Microsoft.NET.Sdk\targets\Microsoft.NET.DisableStandardFrameworkResolution.targets" del proyecto "C:\temp\MVP\documento-ia-clasificacion-mvp\src\backend\DocumentIA.Tests.Unit\DocumentIA.Tests.Unit.csproj" (el destino "PrepareForBuild" depende de ├®l):
   1:8>Compilaci├│n terminada del destino "GetFrameworkPaths" en el proyecto "DocumentIA.Tests.Unit.csproj".
       Se omiti├│ el destino "_CheckForUnsupportedTargetFramework" debido a una condici├│n falsa (False); ('$(_UnsupportedTargetFrameworkError)' == 'true') se evalu├│ como ('' == 'true').
       Se omiti├│ el destino "_CheckForUnsupportedTargetPlatformIdentifier" debido a una condici├│n falsa (False); ('$(TargetPlatformIdentifier)' != '' and '$(TargetFrameworkIdentifier)' == '.NETCoreApp' and $([MSBuild]::VersionGreaterThanOrEquals($(TargetFrameworkVersion), 5.0)) And ('$(DesignTimeBuild)' != 'true' Or '@(MissingWorkloadPack)' == '')) se evalu├│ como ('' != '' and '.NETCoreApp' == '.NETCoreApp' and True And ('' != 'true' Or '' == '')).
       Se omiti├│ el destino "_CheckForMissingWorkload" debido a una condici├│n falsa (False); ('@(MissingWorkloadPack)' != '' And '$(DesignTimeBuild)' != 'true') se evalu├│ como ('' != '' And '' != 'true').
   1:8>Destino "GetReferenceAssemblyPaths" en el archivo "C:\Program Files\dotnet\sdk\9.0.310\Sdks\Microsoft.NET.Sdk\targets\Microsoft.NET.DisableStandardFrameworkResolution.targets" del proyecto "C:\temp\MVP\documento-ia-clasificacion-mvp\src\backend\DocumentIA.Tests.Unit\DocumentIA.Tests.Unit.csproj" (el destino "PrepareForBuild" depende de ├®l):
   1:8>Compilaci├│n terminada del destino "GetReferenceAssemblyPaths" en el proyecto "DocumentIA.Tests.Unit.csproj".
       Se omiti├│ el destino "AssignLinkMetadata" debido a una condici├│n falsa (False); ( '$(SynthesizeLinkMetadata)' == 'true' ) se evalu├│ como ( '' == 'true' ).
       Se omiti├│ el destino "_VerifyPackReleaseConfigurations" debido a una condici├│n falsa (False); ('$(_IsPacking)' == 'true' and '$(DOTNET_CLI_DISABLE_PUBLISH_AND_PACK_RELEASE)' != 'true' and '$(DOTNET_CLI_LAZY_PUBLISH_AND_PACK_RELEASE_FOR_SOLUTIONS)' == 'true') se evalu├│ como ('' == 'true' and '' != 'true' and '' == 'true').
   1:8>Destino "PrepareForBuild" en el archivo "C:\Program Files\dotnet\sdk\9.0.310\Microsoft.Common.CurrentVersion.targets" del proyecto "C:\temp\MVP\documento-ia-clasificacion-mvp\src\backend\DocumentIA.Tests.Unit\DocumentIA.Tests.Unit.csproj" (el destino "CoreBuild" depende de ├®l):
       Usando la tarea "FindAppConfigFile" del ensamblado "Microsoft.Build.Tasks.Core, Version=15.1.0.0, Culture=neutral, PublicKeyToken=b03f5f7f11d50a3a".
       Tarea "FindAppConfigFile"
       Ejecuci├│n de la tarea "FindAppConfigFile" terminada.
       Usando la tarea "MakeDir" del ensamblado "Microsoft.Build.Tasks.Core, Version=15.1.0.0, Culture=neutral, PublicKeyToken=b03f5f7f11d50a3a".
       Tarea "MakeDir"
       Ejecuci├│n de la tarea "MakeDir" terminada.
   1:8>Compilaci├│n terminada del destino "PrepareForBuild" en el proyecto "DocumentIA.Tests.Unit.csproj".
       Se omiti├│ el destino "GenerateTargetPlatformDefineConstants" debido a una condici├│n falsa (False); ( '$(DisableImplicitFrameworkDefines)' != 'true' and '$(TargetPlatformIdentifier)' != '' and '$(TargetFrameworkIdentifier)' == '.NETCoreApp' and $([MSBuild]::VersionGreaterThanOrEquals($(TargetFrameworkVersion), 5.0)) ) se evalu├│ como ( '' != 'true' and '' != '' and '.NETCoreApp' == '.NETCoreApp' and True ).
   1:8>Destino "GenerateNETCompatibleDefineConstants" en el archivo "C:\Program Files\dotnet\sdk\9.0.310\Sdks\Microsoft.NET.Sdk\targets\Microsoft.NET.Sdk.BeforeCommon.targets" del proyecto "C:\temp\MVP\documento-ia-clasificacion-mvp\src\backend\DocumentIA.Tests.Unit\DocumentIA.Tests.Unit.csproj" (el destino "AddImplicitDefineConstants" depende de ├®l):
   1:8>Compilaci├│n terminada del destino "GenerateNETCompatibleDefineConstants" en el proyecto "DocumentIA.Tests.Unit.csproj".
       Se omiti├│ el destino "GeneratePlatformCompatibleDefineConstants" debido a una condici├│n falsa (False); ( '$(DisableImplicitFrameworkDefines)' != 'true' and '$(TargetPlatformIdentifier)' != '' and '$(TargetFrameworkIdentifier)' == '.NETCoreApp' and $([MSBuild]::VersionGreaterThanOrEquals($(TargetFrameworkVersion), 5.0)) ) se evalu├│ como ( '' != 'true' and '' != '' and '.NETCoreApp' == '.NETCoreApp' and True ).
       Se omiti├│ el destino "_DisableDiagnosticTracing" debido a una condici├│n falsa (False); ('$(DisableDiagnosticTracing)' == 'true') se evalu├│ como ('' == 'true').
   1:8>Destino "AddImplicitDefineConstants" en el archivo "C:\Program Files\dotnet\sdk\9.0.310\Sdks\Microsoft.NET.Sdk\targets\Microsoft.NET.Sdk.BeforeCommon.targets" del proyecto "C:\temp\MVP\documento-ia-clasificacion-mvp\src\backend\DocumentIA.Tests.Unit\DocumentIA.Tests.Unit.csproj" (el destino "CoreBuild" depende de ├®l):
       C:\Program Files\dotnet\sdk\9.0.310\Sdks\Microsoft.NET.Sdk\targets\Microsoft.NET.Sdk.BeforeCommon.targets(267,7): message : Reasignaci├│n de propiedad: $(DefineConstants)="TRACE;DEBUG;NET;NET9_0;NETCOREAPP;NET5_0_OR_GREATER;NET6_0_OR_GREATER;NET7_0_OR_GREATER;NET8_0_OR_GREATER;NET9_0_OR_GREATER;NETCOREAPP1_0_OR_GREATER;NETCOREAPP1_1_OR_GREATER;NETCOREAPP2_0_OR_GREATER;NETCOREAPP2_1_OR_GREATER;NETCOREAPP2_2_OR_GREATER;NETCOREAPP3_0_OR_GREATER;NETCOREAPP3_1_OR_GREATER" (valor anterior: "TRACE;DEBUG;NET;NET9_0;NETCOREAPP") en C:\Program Files\dotnet\sdk\9.0.310\Sdks\Microsoft.NET.Sdk\targets\Microsoft.NET.Sdk.BeforeCommon.targets (267,7) [C:\temp\MVP\documento-ia-clasificacion-mvp\src\backend\DocumentIA.Tests.Unit\DocumentIA.Tests.Unit.csproj]
   1:8>Compilaci├│n terminada del destino "AddImplicitDefineConstants" en el proyecto "DocumentIA.Tests.Unit.csproj".
   1:8>Destino "GenerateGlobalUsings" en el archivo "C:\Program Files\dotnet\sdk\9.0.310\Sdks\Microsoft.NET.Sdk\targets\Microsoft.NET.GenerateGlobalUsings.targets" del proyecto "C:\temp\MVP\documento-ia-clasificacion-mvp\src\backend\DocumentIA.Tests.Unit\DocumentIA.Tests.Unit.csproj" (el destino "CoreBuild" depende de ├®l):
       Usando la tarea "GenerateGlobalUsings" del ensamblado "C:\Program Files\dotnet\sdk\9.0.310\Sdks\Microsoft.NET.Sdk\targets\..\tools\net9.0\Microsoft.NET.Build.Tasks.dll".
       Tarea "GenerateGlobalUsings"
       Ejecuci├│n de la tarea "GenerateGlobalUsings" terminada.
       Usando la tarea "WriteLinesToFile" del ensamblado "Microsoft.Build.Tasks.Core, Version=15.1.0.0, Culture=neutral, PublicKeyToken=b03f5f7f11d50a3a".
       Tarea "WriteLinesToFile"
         Omitiendo la escritura en el archivo "obj\Debug\net9.0\DocumentIA.Tests.Unit.GlobalUsings.g.cs" porque el contenido no cambiar├í.
       Ejecuci├│n de la tarea "WriteLinesToFile" terminada.
   1:8>Compilaci├│n terminada del destino "GenerateGlobalUsings" en el proyecto "DocumentIA.Tests.Unit.csproj".
       Se omiti├│ el destino "PreBuildEvent" debido a una condici├│n falsa (False); ('$(PreBuildEvent)'!='') se evalu├│ como (''!='').
   1:8>Destino "BeforeResolveReferences" en el archivo "C:\Program Files\dotnet\sdk\9.0.310\Microsoft.Common.CurrentVersion.targets" del proyecto "C:\temp\MVP\documento-ia-clasificacion-mvp\src\backend\DocumentIA.Tests.Unit\DocumentIA.Tests.Unit.csproj" (el destino "ResolveReferences" depende de ├®l):
   1:8>Compilaci├│n terminada del destino "BeforeResolveReferences" en el proyecto "DocumentIA.Tests.Unit.csproj".
   1:8>Destino "IgnoreJavaScriptOutputAssembly" en el archivo "C:\Program Files\dotnet\sdk\9.0.310\Microsoft.Common.CurrentVersion.targets" del proyecto "C:\temp\MVP\documento-ia-clasificacion-mvp\src\backend\DocumentIA.Tests.Unit\DocumentIA.Tests.Unit.csproj" (el destino "AssignProjectConfiguration" depende de ├®l):
   1:8>Compilaci├│n terminada del destino "IgnoreJavaScriptOutputAssembly" en el proyecto "DocumentIA.Tests.Unit.csproj".
       Se omiti├│ el destino "ProcessFrameworkReferences". Compilado previamente de forma correcta.
   1:8>Destino "_DefaultMicrosoftNETPlatformLibrary" en el archivo "C:\Program Files\dotnet\sdk\9.0.310\Sdks\Microsoft.NET.Sdk\targets\Microsoft.NET.Sdk.Shared.targets" del proyecto "C:\temp\MVP\documento-ia-clasificacion-mvp\src\backend\DocumentIA.Tests.Unit\DocumentIA.Tests.Unit.csproj" (el destino "ResolvePackageAssets" depende de ├®l):
   1:8>Compilaci├│n terminada del destino "_DefaultMicrosoftNETPlatformLibrary" en el proyecto "DocumentIA.Tests.Unit.csproj".
   1:8>Destino "_ComputePackageReferencePublish" en el archivo "C:\Program Files\dotnet\sdk\9.0.310\Sdks\Microsoft.NET.Sdk\targets\Microsoft.NET.Sdk.Shared.targets" del proyecto "C:\temp\MVP\documento-ia-clasificacion-mvp\src\backend\DocumentIA.Tests.Unit\DocumentIA.Tests.Unit.csproj" (el destino "ResolvePackageAssets" depende de ├®l):
   1:8>Compilaci├│n terminada del destino "_ComputePackageReferencePublish" en el proyecto "DocumentIA.Tests.Unit.csproj".
       Se omiti├│ el destino "_ResolveCompilerVersion" debido a una condici├│n falsa (False); ('$(CompilerApiVersion)' == '' And
                            ('$(Language)' == 'C#' Or '$(Language)' == 'VB') And
                            Exists('$(RoslynTargetsPath)\Microsoft.Build.Tasks.CodeAnalysis.dll')) se evalu├│ como ('roslyn4.14' == '' And
                            ('C#' == 'C#' Or 'C#' == 'VB') And
                            Exists('C:\Program Files\dotnet\sdk\9.0.310\Roslyn\Microsoft.Build.Tasks.CodeAnalysis.dll')).
   1:8>Destino "ResolvePackageAssets" en el archivo "C:\Program Files\dotnet\sdk\9.0.310\Sdks\Microsoft.NET.Sdk\targets\Microsoft.PackageDependencyResolution.targets" del proyecto "C:\temp\MVP\documento-ia-clasificacion-mvp\src\backend\DocumentIA.Tests.Unit\DocumentIA.Tests.Unit.csproj" (el destino "ResolveLockFileReferences" depende de ├®l):
       Usando la tarea "ResolvePackageAssets" del ensamblado "C:\Program Files\dotnet\sdk\9.0.310\Sdks\Microsoft.NET.Sdk\targets\..\tools\net9.0\Microsoft.NET.Build.Tasks.dll".
       Tarea "ResolvePackageAssets"
       Ejecuci├│n de la tarea "ResolvePackageAssets" terminada.
   1:8>Compilaci├│n terminada del destino "ResolvePackageAssets" en el proyecto "DocumentIA.Tests.Unit.csproj".
       Se omiti├│ el destino "AdjustDefaultPlatformTargetForNetFrameworkExeWithNoNativeCopyLocalItems" debido a una condici├│n falsa (False); ('$(_UsingDefaultPlatformTarget)' == 'true' and
                            '$(_UsingDefaultRuntimeIdentifier)' == 'true') se evalu├│ como ('true' == 'true' and
                            '' == 'true').
       Se omiti├│ el destino "_CheckForTransitiveWindowsDesktopDependencies" debido a una condici├│n falsa (False); ('$(TargetFrameworkIdentifier)' == '.NETCoreApp' and $([MSBuild]::VersionGreaterThanOrEquals($(_TargetFrameworkVersionWithoutV), '5.0')) and '$(TargetPlatformIdentifier)' != 'Windows' and '@(TransitiveFrameworkReference)' != '') se evalu├│ como ('.NETCoreApp' == '.NETCoreApp' and True and '' != 'Windows' and '' != '').
       Se omiti├│ el destino "AddTransitiveFrameworkReferences" debido a una condici├│n falsa (False); ('@(TransitiveFrameworkReference)' != '') se evalu├│ como ('' != '').
   1:8>Destino "ResolveLockFileReferences" en el archivo "C:\Program Files\dotnet\sdk\9.0.310\Sdks\Microsoft.NET.Sdk\targets\Microsoft.PackageDependencyResolution.targets" del proyecto "C:\temp\MVP\documento-ia-clasificacion-mvp\src\backend\DocumentIA.Tests.Unit\DocumentIA.Tests.Unit.csproj" (el destino "ResolvePackageDependenciesForBuild" depende de ├®l):
       Usando la tarea "JoinItems" del ensamblado "C:\Program Files\dotnet\sdk\9.0.310\Sdks\Microsoft.NET.Sdk\targets\..\tools\net9.0\Microsoft.NET.Build.Tasks.dll".
       Tarea "JoinItems"
       Ejecuci├│n de la tarea "JoinItems" terminada.
   1:8>Compilaci├│n terminada del destino "ResolveLockFileReferences" en el proyecto "DocumentIA.Tests.Unit.csproj".
       Se omiti├│ el destino "ResolvePackageAssets". Compilado previamente de forma correcta.
   1:8>Destino "ResolveLockFileAnalyzers" en el archivo "C:\Program Files\dotnet\sdk\9.0.310\Sdks\Microsoft.NET.Sdk\targets\Microsoft.PackageDependencyResolution.targets" del proyecto "C:\temp\MVP\documento-ia-clasificacion-mvp\src\backend\DocumentIA.Tests.Unit\DocumentIA.Tests.Unit.csproj" (el destino "ResolvePackageDependenciesForBuild" depende de ├®l):
   1:8>Compilaci├│n terminada del destino "ResolveLockFileAnalyzers" en el proyecto "DocumentIA.Tests.Unit.csproj".
       Se omiti├│ el destino "ResolvePackageAssets". Compilado previamente de forma correcta.
       Se omiti├│ el destino "RunProduceContentAssets" debido a una condici├│n falsa (False); ('@(_ContentFilesToPreprocess)' != '' and '$(_CleaningWithoutRebuilding)' != 'true') se evalu├│ como ('' != '' and '' != 'true').
   1:8>Destino "ResolveLockFileCopyLocalFiles" en el archivo "C:\Program Files\dotnet\sdk\9.0.310\Sdks\Microsoft.NET.Sdk\targets\Microsoft.PackageDependencyResolution.targets" del proyecto "C:\temp\MVP\documento-ia-clasificacion-mvp\src\backend\DocumentIA.Tests.Unit\DocumentIA.Tests.Unit.csproj" (el destino "ResolvePackageDependenciesForBuild" depende de ├®l):
   1:8>Compilaci├│n terminada del destino "ResolveLockFileCopyLocalFiles" en el proyecto "DocumentIA.Tests.Unit.csproj".
       Se omiti├│ el destino "ResolveRuntimePackAssets" debido a una condici├│n falsa (False); ('@(RuntimePack)' != '') se evalu├│ como ('' != '').
       Se omiti├│ el destino "RunProduceContentAssets" debido a una condici├│n falsa (False); ('@(_ContentFilesToPreprocess)' != '' and '$(_CleaningWithoutRebuilding)' != 'true') se evalu├│ como ('' != '' and '' != 'true').
       Se omiti├│ el destino "ResolvePackageAssets". Compilado previamente de forma correcta.
   1:8>Destino "IncludeTransitiveProjectReferences" en el archivo "C:\Program Files\dotnet\sdk\9.0.310\Sdks\Microsoft.NET.Sdk\targets\Microsoft.PackageDependencyResolution.targets" del proyecto "C:\temp\MVP\documento-ia-clasificacion-mvp\src\backend\DocumentIA.Tests.Unit\DocumentIA.Tests.Unit.csproj" (el destino "ResolvePackageDependenciesForBuild" depende de ├®l):
   1:8>Compilaci├│n terminada del destino "IncludeTransitiveProjectReferences" en el proyecto "DocumentIA.Tests.Unit.csproj".
   1:8>Destino "ResolvePackageDependenciesForBuild" en el archivo "C:\Program Files\dotnet\sdk\9.0.310\Sdks\Microsoft.NET.Sdk\targets\Microsoft.PackageDependencyResolution.targets" del proyecto "C:\temp\MVP\documento-ia-clasificacion-mvp\src\backend\DocumentIA.Tests.Unit\DocumentIA.Tests.Unit.csproj" (el destino "AssignProjectConfiguration" depende de ├®l):
   1:8>Compilaci├│n terminada del destino "ResolvePackageDependenciesForBuild" en el proyecto "DocumentIA.Tests.Unit.csproj".
       Se omiti├│ el destino "_System_Text_JsonAnalyzerMultiTargeting" debido a una condici├│n falsa (False); ('$(SupportsRoslynComponentVersioning)' != 'true') se evalu├│ como ('true' != 'true').
       Se omiti├│ el destino "_System_Text_JsonRemoveAnalyzers" debido a una condici├│n falsa (False); ('$(DisableSystemTextJsonSourceGenerator)' == 'true') se evalu├│ como ('' == 'true').
       Se omiti├│ el destino "_Microsoft_Extensions_Logging_AbstractionsAnalyzerMultiTargeting" debido a una condici├│n falsa (False); ('$(SupportsRoslynComponentVersioning)' != 'true') se evalu├│ como ('true' != 'true').
       Se omiti├│ el destino "_Microsoft_Extensions_Logging_AbstractionsRemoveAnalyzers" debido a una condici├│n falsa (False); ('$(DisableMicrosoftExtensionsLoggingSourceGenerator)' == 'true') se evalu├│ como ('' == 'true').
   1:8>Destino "AssignProjectConfiguration" en el archivo "C:\Program Files\dotnet\sdk\9.0.310\Microsoft.Common.CurrentVersion.targets" del proyecto "C:\temp\MVP\documento-ia-clasificacion-mvp\src\backend\DocumentIA.Tests.Unit\DocumentIA.Tests.Unit.csproj" (el destino "ResolveReferences" depende de ├®l):
       Usando la tarea "AssignProjectConfiguration" del ensamblado "Microsoft.Build.Tasks.Core, Version=15.1.0.0, Culture=neutral, PublicKeyToken=b03f5f7f11d50a3a".
       Tarea "AssignProjectConfiguration"
         La referencia del proyecto "..\DocumentIA.Core\DocumentIA.Core.csproj" no se ha resuelto.
       Ejecuci├│n de la tarea "AssignProjectConfiguration" terminada.
   1:8>Compilaci├│n terminada del destino "AssignProjectConfiguration" en el proyecto "DocumentIA.Tests.Unit.csproj".
       Se omiti├│ el destino "AssignProjectConfiguration". Compilado previamente de forma correcta.
   1:8>Destino "_SplitProjectReferencesByFileExistence" en el archivo "C:\Program Files\dotnet\sdk\9.0.310\Microsoft.Common.CurrentVersion.targets" del proyecto "C:\temp\MVP\documento-ia-clasificacion-mvp\src\backend\DocumentIA.Tests.Unit\DocumentIA.Tests.Unit.csproj" (el destino "PrepareProjectReferences" depende de ├®l):
       Se omiti├│ la tarea "ResolveNonMSBuildProjectOutput" debido a una condici├│n falsa (False); ('$(BuildingInsideVisualStudio)'=='true' and '@(ProjectReferenceWithConfiguration)'!='') se evalu├│ como (''=='true' and '..\DocumentIA.Core\DocumentIA.Core.csproj'!='').
   1:8>Compilaci├│n terminada del destino "_SplitProjectReferencesByFileExistence" en el proyecto "DocumentIA.Tests.Unit.csproj".
   1:8>Destino "_AddOutputPathToGlobalPropertiesToRemove" en el archivo "C:\Program Files\dotnet\sdk\9.0.310\Microsoft.Common.CurrentVersion.targets" del proyecto "C:\temp\MVP\documento-ia-clasificacion-mvp\src\backend\DocumentIA.Tests.Unit\DocumentIA.Tests.Unit.csproj" (el destino "_GetProjectReferenceTargetFrameworkProperties" depende de ├®l):
   1:8>Compilaci├│n terminada del destino "_AddOutputPathToGlobalPropertiesToRemove" en el proyecto "DocumentIA.Tests.Unit.csproj".
   1:8>Destino "_GetProjectReferenceTargetFrameworkProperties" en el archivo "C:\Program Files\dotnet\sdk\9.0.310\Microsoft.Common.CurrentVersion.targets" del proyecto "C:\temp\MVP\documento-ia-clasificacion-mvp\src\backend\DocumentIA.Tests.Unit\DocumentIA.Tests.Unit.csproj" (el destino "PrepareProjectReferences" depende de ├®l):
       Tarea "MSBuild"
         Quitando propiedades:
           TargetFramework
           RuntimeIdentifier
           SelfContained
     0>C:\Program Files\dotnet\sdk\9.0.310\Sdks\Microsoft.NET.Sdk\Sdk\Sdk.props(49,11): message : Propiedad "MSBuildExtensionsPath" con el valor "C:\Program Files\dotnet\sdk\9.0.310\" expandido desde el entorno.
       C:\Program Files\dotnet\sdk\9.0.310\Current\Microsoft.Common.props(60,5): message : Reasignaci├│n de propiedad: $(MSBuildProjectExtensionsPath)="C:\temp\MVP\documento-ia-clasificacion-mvp\src\backend\DocumentIA.Core\obj\" (valor anterior: "obj\") en C:\Program Files\dotnet\sdk\9.0.310\Current\Microsoft.Common.props (60,5)
       C:\temp\MVP\documento-ia-clasificacion-mvp\src\backend\DocumentIA.Core\obj\DocumentIA.Core.csproj.nuget.g.props(7,5): message : Propiedad "USERPROFILE" con el valor "C:\Users\ubf0238" expandido desde el entorno.
       C:\Program Files\dotnet\sdk\9.0.310\Current\Microsoft.Common.props(84,119): message : Propiedad "MSBuildUserExtensionsPath" con el valor "C:\Users\ubf0238\AppData\Local\Microsoft\MSBuild" expandido desde el entorno.
       C:\Program Files\dotnet\sdk\9.0.310\Sdks\Microsoft.NET.Sdk\targets\Microsoft.NET.Sdk.props(90,5): message : Reasignaci├│n de propiedad: $(AssemblySearchPaths)="{CandidateAssemblyFiles};{HintPathFromItem}" (valor anterior: "{CandidateAssemblyFiles}") en C:\Program Files\dotnet\sdk\9.0.310\Sdks\Microsoft.NET.Sdk\targets\Microsoft.NET.Sdk.props (90,5)
       C:\Program Files\dotnet\sdk\9.0.310\Sdks\Microsoft.NET.Sdk\targets\Microsoft.NET.Sdk.props(91,5): message : Reasignaci├│n de propiedad: $(AssemblySearchPaths)="{CandidateAssemblyFiles};{HintPathFromItem};{TargetFrameworkDirectory}" (valor anterior: "{CandidateAssemblyFiles};{HintPathFromItem}") en C:\Program Files\dotnet\sdk\9.0.310\Sdks\Microsoft.NET.Sdk\targets\Microsoft.NET.Sdk.props (91,5)
       C:\Program Files\dotnet\sdk\9.0.310\Sdks\Microsoft.NET.Sdk\targets\Microsoft.NET.Sdk.props(92,5): message : Reasignaci├│n de propiedad: $(AssemblySearchPaths)="{CandidateAssemblyFiles};{HintPathFromItem};{TargetFrameworkDirectory};{RawFileName}" (valor anterior: "{CandidateAssemblyFiles};{HintPathFromItem};{TargetFrameworkDirectory}") en C:\Program Files\dotnet\sdk\9.0.310\Sdks\Microsoft.NET.Sdk\targets\Microsoft.NET.Sdk.props (92,5)
       C:\Program Files\dotnet\sdk\9.0.310\Sdks\Microsoft.NET.Sdk\targets\Microsoft.NET.PackProjectTool.props(15,5): message : Reasignaci├│n de propiedad: $(TargetsForTfmSpecificContentInPackage)=";PackTool;_PackProjectToolValidation" (valor anterior: ";PackTool") en C:\Program Files\dotnet\sdk\9.0.310\Sdks\Microsoft.NET.Sdk\targets\Microsoft.NET.PackProjectTool.props (15,5)
       C:\Program Files\dotnet\sdk\9.0.310\Sdks\Microsoft.NET.Sdk\targets\Microsoft.NET.Sdk.ImportPublishProfile.targets(28,5): message : Reasignaci├│n de propiedad: $(PublishProfileImported)="false" (valor anterior: "true") en C:\Program Files\dotnet\sdk\9.0.310\Sdks\Microsoft.NET.Sdk\targets\Microsoft.NET.Sdk.ImportPublishProfile.targets (28,5)
       C:\Program Files\dotnet\sdk\9.0.310\Sdks\Microsoft.NET.Sdk\targets\Microsoft.NET.TargetFrameworkInference.targets(69,5): message : Reasignaci├│n de propiedad: $(TargetPlatformVersion)="" (valor anterior: "0.0") en C:\Program Files\dotnet\sdk\9.0.310\Sdks\Microsoft.NET.Sdk\targets\Microsoft.NET.TargetFrameworkInference.targets (69,5)
       C:\Program Files\dotnet\sdk\9.0.310\Sdks\Microsoft.NET.Sdk\targets\Microsoft.NET.DefaultOutputPaths.targets(122,5): message : Reasignaci├│n de propiedad: $(DefaultItemExcludes)=";bin\Debug\/**;obj\Debug\/**" (valor anterior: ";bin\Debug\/**") en C:\Program Files\dotnet\sdk\9.0.310\Sdks\Microsoft.NET.Sdk\targets\Microsoft.NET.DefaultOutputPaths.targets (122,5)
       C:\Program Files\dotnet\sdk\9.0.310\Sdks\Microsoft.NET.Sdk\targets\Microsoft.NET.DefaultOutputPaths.targets(137,5): message : Reasignaci├│n de propiedad: $(OutputPath)="bin\Debug\net8.0\" (valor anterior: "bin\Debug\") en C:\Program Files\dotnet\sdk\9.0.310\Sdks\Microsoft.NET.Sdk\targets\Microsoft.NET.DefaultOutputPaths.targets (137,5)
       C:\Program Files\dotnet\sdk\9.0.310\Sdks\Microsoft.NET.Sdk\targets\Microsoft.NET.DefaultOutputPaths.targets(142,5): message : Reasignaci├│n de propiedad: $(IntermediateOutputPath)="obj\Debug\net8.0\" (valor anterior: "obj\Debug\") en C:\Program Files\dotnet\sdk\9.0.310\Sdks\Microsoft.NET.Sdk\targets\Microsoft.NET.DefaultOutputPaths.targets (142,5)
       C:\Program Files\dotnet\sdk\9.0.310\Sdks\Microsoft.NET.Sdk\targets\Microsoft.NET.Sdk.BeforeCommon.targets(187,5): message : Reasignaci├│n de propiedad: $(_FrameworkIdentifierForImplicitDefine)="NET" (valor anterior: "NETCOREAPP") en C:\Program Files\dotnet\sdk\9.0.310\Sdks\Microsoft.NET.Sdk\targets\Microsoft.NET.Sdk.BeforeCommon.targets (187,5)
       C:\Program Files\dotnet\sdk\9.0.310\Sdks\Microsoft.NET.Sdk\targets\Microsoft.NET.Sdk.BeforeCommon.targets(192,5): message : Reasignaci├│n de propiedad: $(_FrameworkVersionForImplicitDefine)="8_0" (valor anterior: "8.0") en C:\Program Files\dotnet\sdk\9.0.310\Sdks\Microsoft.NET.Sdk\targets\Microsoft.NET.Sdk.BeforeCommon.targets (192,5)
       C:\Program Files\dotnet\sdk\9.0.310\Roslyn\Microsoft.CSharp.Core.targets(200,5): message : Reasignaci├│n de propiedad: $(CommandLineArgsForDesignTimeEvaluation)="-langversion:12.0 -define:TRACE" (valor anterior: "-langversion:12.0") en C:\Program Files\dotnet\sdk\9.0.310\Roslyn\Microsoft.CSharp.Core.targets (200,5)
       C:\Program Files\dotnet\sdk\9.0.310\Microsoft.Common.CurrentVersion.targets(175,5): message : Reasignaci├│n de propiedad: $(_DebugSymbolsProduced)="true" (valor anterior: "false") en C:\Program Files\dotnet\sdk\9.0.310\Microsoft.Common.CurrentVersion.targets (175,5)
       C:\Program Files\dotnet\sdk\9.0.310\Microsoft.Common.CurrentVersion.targets(185,5): message : Reasignaci├│n de propiedad: $(_DocumentationFileProduced)="false" (valor anterior: "true") en C:\Program Files\dotnet\sdk\9.0.310\Microsoft.Common.CurrentVersion.targets (185,5)
       C:\Program Files\dotnet\sdk\9.0.310\Microsoft.Common.CurrentVersion.targets(392,5): message : Reasignaci├│n de propiedad: $(MSBuildCopyMarkerName)="Document.F113F171" (valor anterior: "DocumentIA.Core.csproj") en C:\Program Files\dotnet\sdk\9.0.310\Microsoft.Common.CurrentVersion.targets (392,5)
       C:\Program Files\dotnet\sdk\9.0.310\Microsoft.Common.CurrentVersion.targets(393,5): message : Reasignaci├│n de propiedad: $(MSBuildCopyMarkerName)="Document.F113F171.Up2Date" (valor anterior: "Document.F113F171") en C:\Program Files\dotnet\sdk\9.0.310\Microsoft.Common.CurrentVersion.targets (393,5)
       C:\Program Files\dotnet\sdk\9.0.310\Microsoft.Common.CurrentVersion.targets(541,5): message : Reasignaci├│n de propiedad: $(ProcessorArchitecture)="msil" (valor anterior: "") en C:\Program Files\dotnet\sdk\9.0.310\Microsoft.Common.CurrentVersion.targets (541,5)
       C:\Program Files\dotnet\sdk\9.0.310\Microsoft.Common.CurrentVersion.targets(580,5): message : Reasignaci├│n de propiedad: $(DelaySign)="" (valor anterior: "false") en C:\Program Files\dotnet\sdk\9.0.310\Microsoft.Common.CurrentVersion.targets (580,5)
       C:\Program Files\dotnet\sdk\9.0.310\Microsoft.Common.CurrentVersion.targets(2619,5): message : Propiedad "LOCALAPPDATA" con el valor "C:\Users\ubf0238\AppData\Local" expandido desde el entorno.
       C:\Program Files\dotnet\sdk\9.0.310\Microsoft.Common.CurrentVersion.targets(3947,5): message : Reasignaci├│n de propiedad: $(_SGenGenerateSerializationAssembliesConfig)="Auto" (valor anterior: "") en C:\Program Files\dotnet\sdk\9.0.310\Microsoft.Common.CurrentVersion.targets (3947,5)
       C:\Program Files\dotnet\sdk\9.0.310\Microsoft.Common.CurrentVersion.targets(3948,5): message : Reasignaci├│n de propiedad: $(_SGenGenerateSerializationAssembliesConfig)="Off" (valor anterior: "Auto") en C:\Program Files\dotnet\sdk\9.0.310\Microsoft.Common.CurrentVersion.targets (3948,5)
       C:\Program Files\dotnet\sdk\9.0.310\Microsoft.Common.CurrentVersion.targets(5159,5): message : Reasignaci├│n de propiedad: $(_TargetsThatPrepareProjectReferences)="
       C:\Program Files\dotnet\sdk\9.0.310\Microsoft.Common.CurrentVersion.targets(5159,5): message :       AssignProjectConfiguration;
       C:\Program Files\dotnet\sdk\9.0.310\Microsoft.Common.CurrentVersion.targets(5159,5): message :       _SplitProjectReferencesByFileExistence
       C:\Program Files\dotnet\sdk\9.0.310\Microsoft.Common.CurrentVersion.targets(5159,5): message :     " (valor anterior: "_SplitProjectReferencesByFileExistence") en C:\Program Files\dotnet\sdk\9.0.310\Microsoft.Common.CurrentVersion.targets (5159,5)
       C:\Program Files\dotnet\sdk\9.0.310\Microsoft.Common.CurrentVersion.targets(6954,5): message : Propiedad "MSBuildExtensionsPath32" con el valor "C:\Program Files\dotnet\sdk\9.0.310" expandido desde el entorno.
       C:\Program Files\dotnet\sdk\9.0.310\Sdks\Microsoft.NET.Sdk\targets\Microsoft.PackageDependencyResolution.targets(29,5): message : Reasignaci├│n de propiedad: $(ProjectAssetsCacheFile)="C:\temp\MVP\documento-ia-clasificacion-mvp\src\backend\DocumentIA.Core\obj\Debug\net8.0\DocumentIA.Core.assets.cache" (valor anterior: "obj\Debug\net8.0\DocumentIA.Core.assets.cache") en C:\Program Files\dotnet\sdk\9.0.310\Sdks\Microsoft.NET.Sdk\targets\Microsoft.PackageDependencyResolution.targets (29,5)
       C:\Program Files\dotnet\sdk\9.0.310\Sdks\Microsoft.NET.Sdk\targets\Microsoft.PackageDependencyResolution.targets(80,5): message : Reasignaci├│n de propiedad: $(ResolveAssemblyReferencesDependsOn)="
       C:\Program Files\dotnet\sdk\9.0.310\Sdks\Microsoft.NET.Sdk\targets\Microsoft.PackageDependencyResolution.targets(80,5): message :       
       C:\Program Files\dotnet\sdk\9.0.310\Sdks\Microsoft.NET.Sdk\targets\Microsoft.PackageDependencyResolution.targets(80,5): message :       ResolveProjectReferences;
       C:\Program Files\dotnet\sdk\9.0.310\Sdks\Microsoft.NET.Sdk\targets\Microsoft.PackageDependencyResolution.targets(80,5): message :       FindInvalidProjectReferences;
       C:\Program Files\dotnet\sdk\9.0.310\Sdks\Microsoft.NET.Sdk\targets\Microsoft.PackageDependencyResolution.targets(80,5): message :       GetFrameworkPaths;
       C:\Program Files\dotnet\sdk\9.0.310\Sdks\Microsoft.NET.Sdk\targets\Microsoft.PackageDependencyResolution.targets(80,5): message :       GetReferenceAssemblyPaths;
       C:\Program Files\dotnet\sdk\9.0.310\Sdks\Microsoft.NET.Sdk\targets\Microsoft.PackageDependencyResolution.targets(80,5): message :       PrepareForBuild;
       C:\Program Files\dotnet\sdk\9.0.310\Sdks\Microsoft.NET.Sdk\targets\Microsoft.PackageDependencyResolution.targets(80,5): message :       ResolveSDKReferences;
       C:\Program Files\dotnet\sdk\9.0.310\Sdks\Microsoft.NET.Sdk\targets\Microsoft.PackageDependencyResolution.targets(80,5): message :       ExpandSDKReferences;
       C:\Program Files\dotnet\sdk\9.0.310\Sdks\Microsoft.NET.Sdk\targets\Microsoft.PackageDependencyResolution.targets(80,5): message :     ;
       C:\Program Files\dotnet\sdk\9.0.310\Sdks\Microsoft.NET.Sdk\targets\Microsoft.PackageDependencyResolution.targets(80,5): message :       ResolvePackageDependenciesForBuild;
       C:\Program Files\dotnet\sdk\9.0.310\Sdks\Microsoft.NET.Sdk\targets\Microsoft.PackageDependencyResolution.targets(80,5): message :       _HandlePackageFileConflicts;
       C:\Program Files\dotnet\sdk\9.0.310\Sdks\Microsoft.NET.Sdk\targets\Microsoft.PackageDependencyResolution.targets(80,5): message :     " (valor anterior: "
       C:\Program Files\dotnet\sdk\9.0.310\Sdks\Microsoft.NET.Sdk\targets\Microsoft.PackageDependencyResolution.targets(80,5): message :       ResolveProjectReferences;
       C:\Program Files\dotnet\sdk\9.0.310\Sdks\Microsoft.NET.Sdk\targets\Microsoft.PackageDependencyResolution.targets(80,5): message :       FindInvalidProjectReferences;
       C:\Program Files\dotnet\sdk\9.0.310\Sdks\Microsoft.NET.Sdk\targets\Microsoft.PackageDependencyResolution.targets(80,5): message :       GetFrameworkPaths;
       C:\Program Files\dotnet\sdk\9.0.310\Sdks\Microsoft.NET.Sdk\targets\Microsoft.PackageDependencyResolution.targets(80,5): message :       GetReferenceAssemblyPaths;
       C:\Program Files\dotnet\sdk\9.0.310\Sdks\Microsoft.NET.Sdk\targets\Microsoft.PackageDependencyResolution.targets(80,5): message :       PrepareForBuild;
       C:\Program Files\dotnet\sdk\9.0.310\Sdks\Microsoft.NET.Sdk\targets\Microsoft.PackageDependencyResolution.targets(80,5): message :       ResolveSDKReferences;
       C:\Program Files\dotnet\sdk\9.0.310\Sdks\Microsoft.NET.Sdk\targets\Microsoft.PackageDependencyResolution.targets(80,5): message :       ExpandSDKReferences;
       C:\Program Files\dotnet\sdk\9.0.310\Sdks\Microsoft.NET.Sdk\targets\Microsoft.PackageDependencyResolution.targets(80,5): message :     ") en C:\Program Files\dotnet\sdk\9.0.310\Sdks\Microsoft.NET.Sdk\targets\Microsoft.PackageDependencyResolution.targets (80,5)
       C:\Program Files\dotnet\sdk\9.0.310\Sdks\Microsoft.NET.Sdk\targets\Microsoft.PackageDependencyResolution.targets(86,5): message : Reasignaci├│n de propiedad: $(PrepareResourcesDependsOn)="
       C:\Program Files\dotnet\sdk\9.0.310\Sdks\Microsoft.NET.Sdk\targets\Microsoft.PackageDependencyResolution.targets(86,5): message :       ResolvePackageDependenciesForBuild;
       C:\Program Files\dotnet\sdk\9.0.310\Sdks\Microsoft.NET.Sdk\targets\Microsoft.PackageDependencyResolution.targets(86,5): message :       _HandlePackageFileConflicts;
       C:\Program Files\dotnet\sdk\9.0.310\Sdks\Microsoft.NET.Sdk\targets\Microsoft.PackageDependencyResolution.targets(86,5): message :       
       C:\Program Files\dotnet\sdk\9.0.310\Sdks\Microsoft.NET.Sdk\targets\Microsoft.PackageDependencyResolution.targets(86,5): message :       ;
       C:\Program Files\dotnet\sdk\9.0.310\Sdks\Microsoft.NET.Sdk\targets\Microsoft.PackageDependencyResolution.targets(86,5): message :       PrepareResourceNames;
       C:\Program Files\dotnet\sdk\9.0.310\Sdks\Microsoft.NET.Sdk\targets\Microsoft.PackageDependencyResolution.targets(86,5): message :       ResGen;
       C:\Program Files\dotnet\sdk\9.0.310\Sdks\Microsoft.NET.Sdk\targets\Microsoft.PackageDependencyResolution.targets(86,5): message :       CompileLicxFiles
       C:\Program Files\dotnet\sdk\9.0.310\Sdks\Microsoft.NET.Sdk\targets\Microsoft.PackageDependencyResolution.targets(86,5): message :     
       C:\Program Files\dotnet\sdk\9.0.310\Sdks\Microsoft.NET.Sdk\targets\Microsoft.PackageDependencyResolution.targets(86,5): message :     " (valor anterior: "
       C:\Program Files\dotnet\sdk\9.0.310\Sdks\Microsoft.NET.Sdk\targets\Microsoft.PackageDependencyResolution.targets(86,5): message :       ;
       C:\Program Files\dotnet\sdk\9.0.310\Sdks\Microsoft.NET.Sdk\targets\Microsoft.PackageDependencyResolution.targets(86,5): message :       PrepareResourceNames;
       C:\Program Files\dotnet\sdk\9.0.310\Sdks\Microsoft.NET.Sdk\targets\Microsoft.PackageDependencyResolution.targets(86,5): message :       ResGen;
       C:\Program Files\dotnet\sdk\9.0.310\Sdks\Microsoft.NET.Sdk\targets\Microsoft.PackageDependencyResolution.targets(86,5): message :       CompileLicxFiles
       C:\Program Files\dotnet\sdk\9.0.310\Sdks\Microsoft.NET.Sdk\targets\Microsoft.PackageDependencyResolution.targets(86,5): message :     ") en C:\Program Files\dotnet\sdk\9.0.310\Sdks\Microsoft.NET.Sdk\targets\Microsoft.PackageDependencyResolution.targets (86,5)
       C:\Program Files\dotnet\sdk\9.0.310\Sdks\Microsoft.NET.Sdk\targets\Microsoft.NET.Sdk.DefaultItems.targets(27,5): message : Reasignaci├│n de propiedad: $(DefaultItemExcludes)=";bin\Debug\/**;obj\Debug\/**;bin\/**" (valor anterior: ";bin\Debug\/**;obj\Debug\/**") en C:\Program Files\dotnet\sdk\9.0.310\Sdks\Microsoft.NET.Sdk\targets\Microsoft.NET.Sdk.DefaultItems.targets (27,5)
       C:\Program Files\dotnet\sdk\9.0.310\Sdks\Microsoft.NET.Sdk\targets\Microsoft.NET.Sdk.DefaultItems.targets(29,5): message : Reasignaci├│n de propiedad: $(DefaultItemExcludes)=";bin\Debug\/**;obj\Debug\/**;bin\/**;obj\/**" (valor anterior: ";bin\Debug\/**;obj\Debug\/**;bin\/**") en C:\Program Files\dotnet\sdk\9.0.310\Sdks\Microsoft.NET.Sdk\targets\Microsoft.NET.Sdk.DefaultItems.targets (29,5)
       C:\Program Files\dotnet\sdk\9.0.310\Sdks\Microsoft.NET.Sdk\targets\Microsoft.NET.Sdk.DefaultItems.targets(32,5): message : Reasignaci├│n de propiedad: $(DefaultItemExcludes)=";bin\Debug\/**;obj\Debug\/**;bin\/**;obj\/**;**/*.user" (valor anterior: ";bin\Debug\/**;obj\Debug\/**;bin\/**;obj\/**") en C:\Program Files\dotnet\sdk\9.0.310\Sdks\Microsoft.NET.Sdk\targets\Microsoft.NET.Sdk.DefaultItems.targets (32,5)
       C:\Program Files\dotnet\sdk\9.0.310\Sdks\Microsoft.NET.Sdk\targets\Microsoft.NET.Sdk.DefaultItems.targets(33,5): message : Reasignaci├│n de propiedad: $(DefaultItemExcludes)=";bin\Debug\/**;obj\Debug\/**;bin\/**;obj\/**;**/*.user;**/*.*proj" (valor anterior: ";bin\Debug\/**;obj\Debug\/**;bin\/**;obj\/**;**/*.user") en C:\Program Files\dotnet\sdk\9.0.310\Sdks\Microsoft.NET.Sdk\targets\Microsoft.NET.Sdk.DefaultItems.targets (33,5)
       C:\Program Files\dotnet\sdk\9.0.310\Sdks\Microsoft.NET.Sdk\targets\Microsoft.NET.Sdk.DefaultItems.targets(34,5): message : Reasignaci├│n de propiedad: $(DefaultItemExcludes)=";bin\Debug\/**;obj\Debug\/**;bin\/**;obj\/**;**/*.user;**/*.*proj;**/*.sln" (valor anterior: ";bin\Debug\/**;obj\Debug\/**;bin\/**;obj\/**;**/*.user;**/*.*proj") en C:\Program Files\dotnet\sdk\9.0.310\Sdks\Microsoft.NET.Sdk\targets\Microsoft.NET.Sdk.DefaultItems.targets (34,5)
       C:\Program Files\dotnet\sdk\9.0.310\Sdks\Microsoft.NET.Sdk\targets\Microsoft.NET.Sdk.DefaultItems.targets(35,5): message : Reasignaci├│n de propiedad: $(DefaultItemExcludes)=";bin\Debug\/**;obj\Debug\/**;bin\/**;obj\/**;**/*.user;**/*.*proj;**/*.sln;**/*.slnx" (valor anterior: ";bin\Debug\/**;obj\Debug\/**;bin\/**;obj\/**;**/*.user;**/*.*proj;**/*.sln") en C:\Program Files\dotnet\sdk\9.0.310\Sdks\Microsoft.NET.Sdk\targets\Microsoft.NET.Sdk.DefaultItems.targets (35,5)
       C:\Program Files\dotnet\sdk\9.0.310\Sdks\Microsoft.NET.Sdk\targets\Microsoft.NET.Sdk.DefaultItems.targets(36,5): message : Reasignaci├│n de propiedad: $(DefaultItemExcludes)=";bin\Debug\/**;obj\Debug\/**;bin\/**;obj\/**;**/*.user;**/*.*proj;**/*.sln;**/*.slnx;**/*.vssscc" (valor anterior: ";bin\Debug\/**;obj\Debug\/**;bin\/**;obj\/**;**/*.user;**/*.*proj;**/*.sln;**/*.slnx") en C:\Program Files\dotnet\sdk\9.0.310\Sdks\Microsoft.NET.Sdk\targets\Microsoft.NET.Sdk.DefaultItems.targets (36,5)
       C:\Program Files\dotnet\sdk\9.0.310\Sdks\Microsoft.NET.Sdk\targets\Microsoft.NET.Sdk.DefaultItems.targets(37,5): message : Reasignaci├│n de propiedad: $(DefaultItemExcludes)=";bin\Debug\/**;obj\Debug\/**;bin\/**;obj\/**;**/*.user;**/*.*proj;**/*.sln;**/*.slnx;**/*.vssscc;**/.DS_Store" (valor anterior: ";bin\Debug\/**;obj\Debug\/**;bin\/**;obj\/**;**/*.user;**/*.*proj;**/*.sln;**/*.slnx;**/*.vssscc") en C:\Program Files\dotnet\sdk\9.0.310\Sdks\Microsoft.NET.Sdk\targets\Microsoft.NET.Sdk.DefaultItems.targets (37,5)
       C:\Program Files\dotnet\sdk\9.0.310\Sdks\Microsoft.NET.Sdk\targets\Microsoft.NET.Sdk.FrameworkReferenceResolution.targets(14,5): message : Reasignaci├│n de propiedad: $(ResolveAssemblyReferencesDependsOn)="
       C:\Program Files\dotnet\sdk\9.0.310\Sdks\Microsoft.NET.Sdk\targets\Microsoft.NET.Sdk.FrameworkReferenceResolution.targets(14,5): message :       
       C:\Program Files\dotnet\sdk\9.0.310\Sdks\Microsoft.NET.Sdk\targets\Microsoft.NET.Sdk.FrameworkReferenceResolution.targets(14,5): message :       
       C:\Program Files\dotnet\sdk\9.0.310\Sdks\Microsoft.NET.Sdk\targets\Microsoft.NET.Sdk.FrameworkReferenceResolution.targets(14,5): message :       ResolveProjectReferences;
       C:\Program Files\dotnet\sdk\9.0.310\Sdks\Microsoft.NET.Sdk\targets\Microsoft.NET.Sdk.FrameworkReferenceResolution.targets(14,5): message :       FindInvalidProjectReferences;
       C:\Program Files\dotnet\sdk\9.0.310\Sdks\Microsoft.NET.Sdk\targets\Microsoft.NET.Sdk.FrameworkReferenceResolution.targets(14,5): message :       GetFrameworkPaths;
       C:\Program Files\dotnet\sdk\9.0.310\Sdks\Microsoft.NET.Sdk\targets\Microsoft.NET.Sdk.FrameworkReferenceResolution.targets(14,5): message :       GetReferenceAssemblyPaths;
       C:\Program Files\dotnet\sdk\9.0.310\Sdks\Microsoft.NET.Sdk\targets\Microsoft.NET.Sdk.FrameworkReferenceResolution.targets(14,5): message :       PrepareForBuild;
       C:\Program Files\dotnet\sdk\9.0.310\Sdks\Microsoft.NET.Sdk\targets\Microsoft.NET.Sdk.FrameworkReferenceResolution.targets(14,5): message :       ResolveSDKReferences;
       C:\Program Files\dotnet\sdk\9.0.310\Sdks\Microsoft.NET.Sdk\targets\Microsoft.NET.Sdk.FrameworkReferenceResolution.targets(14,5): message :       ExpandSDKReferences;
       C:\Program Files\dotnet\sdk\9.0.310\Sdks\Microsoft.NET.Sdk\targets\Microsoft.NET.Sdk.FrameworkReferenceResolution.targets(14,5): message :     ;
       C:\Program Files\dotnet\sdk\9.0.310\Sdks\Microsoft.NET.Sdk\targets\Microsoft.NET.Sdk.FrameworkReferenceResolution.targets(14,5): message :       ResolvePackageDependenciesForBuild;
       C:\Program Files\dotnet\sdk\9.0.310\Sdks\Microsoft.NET.Sdk\targets\Microsoft.NET.Sdk.FrameworkReferenceResolution.targets(14,5): message :       _HandlePackageFileConflicts;
       C:\Program Files\dotnet\sdk\9.0.310\Sdks\Microsoft.NET.Sdk\targets\Microsoft.NET.Sdk.FrameworkReferenceResolution.targets(14,5): message :     ;
       C:\Program Files\dotnet\sdk\9.0.310\Sdks\Microsoft.NET.Sdk\targets\Microsoft.NET.Sdk.FrameworkReferenceResolution.targets(14,5): message :       ResolveTargetingPackAssets;
       C:\Program Files\dotnet\sdk\9.0.310\Sdks\Microsoft.NET.Sdk\targets\Microsoft.NET.Sdk.FrameworkReferenceResolution.targets(14,5): message :     " (valor anterior: "
       C:\Program Files\dotnet\sdk\9.0.310\Sdks\Microsoft.NET.Sdk\targets\Microsoft.NET.Sdk.FrameworkReferenceResolution.targets(14,5): message :       
       C:\Program Files\dotnet\sdk\9.0.310\Sdks\Microsoft.NET.Sdk\targets\Microsoft.NET.Sdk.FrameworkReferenceResolution.targets(14,5): message :       ResolveProjectReferences;
       C:\Program Files\dotnet\sdk\9.0.310\Sdks\Microsoft.NET.Sdk\targets\Microsoft.NET.Sdk.FrameworkReferenceResolution.targets(14,5): message :       FindInvalidProjectReferences;
       C:\Program Files\dotnet\sdk\9.0.310\Sdks\Microsoft.NET.Sdk\targets\Microsoft.NET.Sdk.FrameworkReferenceResolution.targets(14,5): message :       GetFrameworkPaths;
       C:\Program Files\dotnet\sdk\9.0.310\Sdks\Microsoft.NET.Sdk\targets\Microsoft.NET.Sdk.FrameworkReferenceResolution.targets(14,5): message :       GetReferenceAssemblyPaths;
       C:\Program Files\dotnet\sdk\9.0.310\Sdks\Microsoft.NET.Sdk\targets\Microsoft.NET.Sdk.FrameworkReferenceResolution.targets(14,5): message :       PrepareForBuild;
       C:\Program Files\dotnet\sdk\9.0.310\Sdks\Microsoft.NET.Sdk\targets\Microsoft.NET.Sdk.FrameworkReferenceResolution.targets(14,5): message :       ResolveSDKReferences;
       C:\Program Files\dotnet\sdk\9.0.310\Sdks\Microsoft.NET.Sdk\targets\Microsoft.NET.Sdk.FrameworkReferenceResolution.targets(14,5): message :       ExpandSDKReferences;
       C:\Program Files\dotnet\sdk\9.0.310\Sdks\Microsoft.NET.Sdk\targets\Microsoft.NET.Sdk.FrameworkReferenceResolution.targets(14,5): message :     ;
       C:\Program Files\dotnet\sdk\9.0.310\Sdks\Microsoft.NET.Sdk\targets\Microsoft.NET.Sdk.FrameworkReferenceResolution.targets(14,5): message :       ResolvePackageDependenciesForBuild;
       C:\Program Files\dotnet\sdk\9.0.310\Sdks\Microsoft.NET.Sdk\targets\Microsoft.NET.Sdk.FrameworkReferenceResolution.targets(14,5): message :       _HandlePackageFileConflicts;
       C:\Program Files\dotnet\sdk\9.0.310\Sdks\Microsoft.NET.Sdk\targets\Microsoft.NET.Sdk.FrameworkReferenceResolution.targets(14,5): message :     ") en C:\Program Files\dotnet\sdk\9.0.310\Sdks\Microsoft.NET.Sdk\targets\Microsoft.NET.Sdk.FrameworkReferenceResolution.targets (14,5)
       C:\Program Files\dotnet\sdk\9.0.310\Sdks\Microsoft.NET.Sdk\targets\Microsoft.NET.Sdk.targets(44,5): message : Reasignaci├│n de propiedad: $(_GenerateRuntimeConfigurationPropertyInputsCache)="C:\temp\MVP\documento-ia-clasificacion-mvp\src\backend\DocumentIA.Core\obj\Debug\net8.0\DocumentIA.Core.genruntimeconfig.cache" (valor anterior: "obj\Debug\net8.0\DocumentIA.Core.genruntimeconfig.cache") en C:\Program Files\dotnet\sdk\9.0.310\Sdks\Microsoft.NET.Sdk\targets\Microsoft.NET.Sdk.targets (44,5)
       C:\Program Files\dotnet\sdk\9.0.310\Sdks\Microsoft.NET.Sdk\targets\Microsoft.NET.Sdk.targets(46,5): message : Reasignaci├│n de propiedad: $(_GeneratePublishDependencyFilePropertyInputsCache)="C:\temp\MVP\documento-ia-clasificacion-mvp\src\backend\DocumentIA.Core\obj\Debug\net8.0\DocumentIA.Core.genpublishdeps.cache" (valor anterior: "obj\Debug\net8.0\DocumentIA.Core.genpublishdeps.cache") en C:\Program Files\dotnet\sdk\9.0.310\Sdks\Microsoft.NET.Sdk\targets\Microsoft.NET.Sdk.targets (46,5)
       C:\Program Files\dotnet\sdk\9.0.310\Sdks\Microsoft.NET.Sdk\targets\Microsoft.NET.Sdk.targets(48,5): message : Reasignaci├│n de propiedad: $(_GenerateSingleFileBundlePropertyInputsCache)="C:\temp\MVP\documento-ia-clasificacion-mvp\src\backend\DocumentIA.Core\obj\Debug\net8.0\DocumentIA.Core.genbundle.cache" (valor anterior: "obj\Debug\net8.0\DocumentIA.Core.genbundle.cache") en C:\Program Files\dotnet\sdk\9.0.310\Sdks\Microsoft.NET.Sdk\targets\Microsoft.NET.Sdk.targets (48,5)
       C:\Program Files\dotnet\sdk\9.0.310\Sdks\Microsoft.NET.Sdk\targets\Microsoft.NET.Sdk.targets(81,5): message : Reasignaci├│n de propiedad: $(GenerateRuntimeConfigDevFile)="false" (valor anterior: "true") en C:\Program Files\dotnet\sdk\9.0.310\Sdks\Microsoft.NET.Sdk\targets\Microsoft.NET.Sdk.targets (81,5)
       C:\Program Files\dotnet\sdk\9.0.310\Sdks\Microsoft.NET.Sdk\targets\Microsoft.NET.Sdk.targets(97,5): message : Reasignaci├│n de propiedad: $(_DefaultUserProfileRuntimeStorePath)="C:\Users\ubf0238" (valor anterior: "") en C:\Program Files\dotnet\sdk\9.0.310\Sdks\Microsoft.NET.Sdk\targets\Microsoft.NET.Sdk.targets (97,5)
       C:\Program Files\dotnet\sdk\9.0.310\Sdks\Microsoft.NET.Sdk\targets\Microsoft.NET.Sdk.targets(98,5): message : Reasignaci├│n de propiedad: $(_DefaultUserProfileRuntimeStorePath)="C:\Users\ubf0238\.dotnet\store" (valor anterior: "C:\Users\ubf0238") en C:\Program Files\dotnet\sdk\9.0.310\Sdks\Microsoft.NET.Sdk\targets\Microsoft.NET.Sdk.targets (98,5)
       C:\Program Files\dotnet\sdk\9.0.310\Sdks\Microsoft.NET.Sdk\targets\Microsoft.NET.Sdk.targets(140,5): message : Reasignaci├│n de propiedad: $(AvailablePlatforms)="Any CPU,x86,x64,ARM32" (valor anterior: "Any CPU,x86,x64") en C:\Program Files\dotnet\sdk\9.0.310\Sdks\Microsoft.NET.Sdk\targets\Microsoft.NET.Sdk.targets (140,5)
       C:\Program Files\dotnet\sdk\9.0.310\Sdks\Microsoft.NET.Sdk\targets\Microsoft.NET.Sdk.targets(144,5): message : Reasignaci├│n de propiedad: $(AvailablePlatforms)="Any CPU,x86,x64,ARM32,ARM64" (valor anterior: "Any CPU,x86,x64,ARM32") en C:\Program Files\dotnet\sdk\9.0.310\Sdks\Microsoft.NET.Sdk\targets\Microsoft.NET.Sdk.targets (144,5)
       C:\Program Files\dotnet\sdk\9.0.310\Sdks\Microsoft.NET.Sdk\targets\Microsoft.NET.Sdk.targets(201,5): message : Reasignaci├│n de propiedad: $(CoreBuildDependsOn)="
       C:\Program Files\dotnet\sdk\9.0.310\Sdks\Microsoft.NET.Sdk\targets\Microsoft.NET.Sdk.targets(201,5): message :       _CheckForBuildWithNoBuild;
       C:\Program Files\dotnet\sdk\9.0.310\Sdks\Microsoft.NET.Sdk\targets\Microsoft.NET.Sdk.targets(201,5): message :       
       C:\Program Files\dotnet\sdk\9.0.310\Sdks\Microsoft.NET.Sdk\targets\Microsoft.NET.Sdk.targets(201,5): message :       BuildOnlySettings;
       C:\Program Files\dotnet\sdk\9.0.310\Sdks\Microsoft.NET.Sdk\targets\Microsoft.NET.Sdk.targets(201,5): message :       PrepareForBuild;
       C:\Program Files\dotnet\sdk\9.0.310\Sdks\Microsoft.NET.Sdk\targets\Microsoft.NET.Sdk.targets(201,5): message :       PreBuildEvent;
       C:\Program Files\dotnet\sdk\9.0.310\Sdks\Microsoft.NET.Sdk\targets\Microsoft.NET.Sdk.targets(201,5): message :       ResolveReferences;
       C:\Program Files\dotnet\sdk\9.0.310\Sdks\Microsoft.NET.Sdk\targets\Microsoft.NET.Sdk.targets(201,5): message :       PrepareResources;
       C:\Program Files\dotnet\sdk\9.0.310\Sdks\Microsoft.NET.Sdk\targets\Microsoft.NET.Sdk.targets(201,5): message :       ResolveKeySource;
       C:\Program Files\dotnet\sdk\9.0.310\Sdks\Microsoft.NET.Sdk\targets\Microsoft.NET.Sdk.targets(201,5): message :       Compile;
       C:\Program Files\dotnet\sdk\9.0.310\Sdks\Microsoft.NET.Sdk\targets\Microsoft.NET.Sdk.targets(201,5): message :       ExportWindowsMDFile;
       C:\Program Files\dotnet\sdk\9.0.310\Sdks\Microsoft.NET.Sdk\targets\Microsoft.NET.Sdk.targets(201,5): message :       UnmanagedUnregistration;
       C:\Program Files\dotnet\sdk\9.0.310\Sdks\Microsoft.NET.Sdk\targets\Microsoft.NET.Sdk.targets(201,5): message :       GenerateSerializationAssemblies;
       C:\Program Files\dotnet\sdk\9.0.310\Sdks\Microsoft.NET.Sdk\targets\Microsoft.NET.Sdk.targets(201,5): message :       CreateSatelliteAssemblies;
       C:\Program Files\dotnet\sdk\9.0.310\Sdks\Microsoft.NET.Sdk\targets\Microsoft.NET.Sdk.targets(201,5): message :       GenerateManifests;
       C:\Program Files\dotnet\sdk\9.0.310\Sdks\Microsoft.NET.Sdk\targets\Microsoft.NET.Sdk.targets(201,5): message :       GetTargetPath;
       C:\Program Files\dotnet\sdk\9.0.310\Sdks\Microsoft.NET.Sdk\targets\Microsoft.NET.Sdk.targets(201,5): message :       PrepareForRun;
       C:\Program Files\dotnet\sdk\9.0.310\Sdks\Microsoft.NET.Sdk\targets\Microsoft.NET.Sdk.targets(201,5): message :       UnmanagedRegistration;
       C:\Program Files\dotnet\sdk\9.0.310\Sdks\Microsoft.NET.Sdk\targets\Microsoft.NET.Sdk.targets(201,5): message :       IncrementalClean;
       C:\Program Files\dotnet\sdk\9.0.310\Sdks\Microsoft.NET.Sdk\targets\Microsoft.NET.Sdk.targets(201,5): message :       PostBuildEvent
       C:\Program Files\dotnet\sdk\9.0.310\Sdks\Microsoft.NET.Sdk\targets\Microsoft.NET.Sdk.targets(201,5): message :     ;
       C:\Program Files\dotnet\sdk\9.0.310\Sdks\Microsoft.NET.Sdk\targets\Microsoft.NET.Sdk.targets(201,5): message :       GenerateBuildDependencyFile;
       C:\Program Files\dotnet\sdk\9.0.310\Sdks\Microsoft.NET.Sdk\targets\Microsoft.NET.Sdk.targets(201,5): message :       GenerateBuildRuntimeConfigurationFiles
       C:\Program Files\dotnet\sdk\9.0.310\Sdks\Microsoft.NET.Sdk\targets\Microsoft.NET.Sdk.targets(201,5): message :     " (valor anterior: "
       C:\Program Files\dotnet\sdk\9.0.310\Sdks\Microsoft.NET.Sdk\targets\Microsoft.NET.Sdk.targets(201,5): message :       BuildOnlySettings;
       C:\Program Files\dotnet\sdk\9.0.310\Sdks\Microsoft.NET.Sdk\targets\Microsoft.NET.Sdk.targets(201,5): message :       PrepareForBuild;
       C:\Program Files\dotnet\sdk\9.0.310\Sdks\Microsoft.NET.Sdk\targets\Microsoft.NET.Sdk.targets(201,5): message :       PreBuildEvent;
       C:\Program Files\dotnet\sdk\9.0.310\Sdks\Microsoft.NET.Sdk\targets\Microsoft.NET.Sdk.targets(201,5): message :       ResolveReferences;
       C:\Program Files\dotnet\sdk\9.0.310\Sdks\Microsoft.NET.Sdk\targets\Microsoft.NET.Sdk.targets(201,5): message :       PrepareResources;
       C:\Program Files\dotnet\sdk\9.0.310\Sdks\Microsoft.NET.Sdk\targets\Microsoft.NET.Sdk.targets(201,5): message :       ResolveKeySource;
       C:\Program Files\dotnet\sdk\9.0.310\Sdks\Microsoft.NET.Sdk\targets\Microsoft.NET.Sdk.targets(201,5): message :       Compile;
       C:\Program Files\dotnet\sdk\9.0.310\Sdks\Microsoft.NET.Sdk\targets\Microsoft.NET.Sdk.targets(201,5): message :       ExportWindowsMDFile;
       C:\Program Files\dotnet\sdk\9.0.310\Sdks\Microsoft.NET.Sdk\targets\Microsoft.NET.Sdk.targets(201,5): message :       UnmanagedUnregistration;
       C:\Program Files\dotnet\sdk\9.0.310\Sdks\Microsoft.NET.Sdk\targets\Microsoft.NET.Sdk.targets(201,5): message :       GenerateSerializationAssemblies;
       C:\Program Files\dotnet\sdk\9.0.310\Sdks\Microsoft.NET.Sdk\targets\Microsoft.NET.Sdk.targets(201,5): message :       CreateSatelliteAssemblies;
       C:\Program Files\dotnet\sdk\9.0.310\Sdks\Microsoft.NET.Sdk\targets\Microsoft.NET.Sdk.targets(201,5): message :       GenerateManifests;
       C:\Program Files\dotnet\sdk\9.0.310\Sdks\Microsoft.NET.Sdk\targets\Microsoft.NET.Sdk.targets(201,5): message :       GetTargetPath;
       C:\Program Files\dotnet\sdk\9.0.310\Sdks\Microsoft.NET.Sdk\targets\Microsoft.NET.Sdk.targets(201,5): message :       PrepareForRun;
       C:\Program Files\dotnet\sdk\9.0.310\Sdks\Microsoft.NET.Sdk\targets\Microsoft.NET.Sdk.targets(201,5): message :       UnmanagedRegistration;
       C:\Program Files\dotnet\sdk\9.0.310\Sdks\Microsoft.NET.Sdk\targets\Microsoft.NET.Sdk.targets(201,5): message :       IncrementalClean;
       C:\Program Files\dotnet\sdk\9.0.310\Sdks\Microsoft.NET.Sdk\targets\Microsoft.NET.Sdk.targets(201,5): message :       PostBuildEvent
       C:\Program Files\dotnet\sdk\9.0.310\Sdks\Microsoft.NET.Sdk\targets\Microsoft.NET.Sdk.targets(201,5): message :     ") en C:\Program Files\dotnet\sdk\9.0.310\Sdks\Microsoft.NET.Sdk\targets\Microsoft.NET.Sdk.targets (201,5)
       C:\Program Files\dotnet\sdk\9.0.310\Sdks\Microsoft.NET.Sdk\targets\Microsoft.NET.Sdk.targets(210,5): message : Reasignaci├│n de propiedad: $(CoreCleanDependsOn)="
       C:\Program Files\dotnet\sdk\9.0.310\Sdks\Microsoft.NET.Sdk\targets\Microsoft.NET.Sdk.targets(210,5): message :       _SdkBeforeClean;
       C:\Program Files\dotnet\sdk\9.0.310\Sdks\Microsoft.NET.Sdk\targets\Microsoft.NET.Sdk.targets(210,5): message :       
       C:\Program Files\dotnet\sdk\9.0.310\Sdks\Microsoft.NET.Sdk\targets\Microsoft.NET.Sdk.targets(210,5): message :     " (valor anterior: "") en C:\Program Files\dotnet\sdk\9.0.310\Sdks\Microsoft.NET.Sdk\targets\Microsoft.NET.Sdk.targets (210,5)
       C:\Program Files\dotnet\sdk\9.0.310\Sdks\Microsoft.NET.Sdk\targets\Microsoft.NET.Sdk.targets(217,5): message : Reasignaci├│n de propiedad: $(RebuildDependsOn)="
       C:\Program Files\dotnet\sdk\9.0.310\Sdks\Microsoft.NET.Sdk\targets\Microsoft.NET.Sdk.targets(217,5): message :       _SdkBeforeRebuild;
       C:\Program Files\dotnet\sdk\9.0.310\Sdks\Microsoft.NET.Sdk\targets\Microsoft.NET.Sdk.targets(217,5): message :       
       C:\Program Files\dotnet\sdk\9.0.310\Sdks\Microsoft.NET.Sdk\targets\Microsoft.NET.Sdk.targets(217,5): message :       BeforeRebuild;
       C:\Program Files\dotnet\sdk\9.0.310\Sdks\Microsoft.NET.Sdk\targets\Microsoft.NET.Sdk.targets(217,5): message :       Clean;
       C:\Program Files\dotnet\sdk\9.0.310\Sdks\Microsoft.NET.Sdk\targets\Microsoft.NET.Sdk.targets(217,5): message :       Build;
       C:\Program Files\dotnet\sdk\9.0.310\Sdks\Microsoft.NET.Sdk\targets\Microsoft.NET.Sdk.targets(217,5): message :       AfterRebuild;
       C:\Program Files\dotnet\sdk\9.0.310\Sdks\Microsoft.NET.Sdk\targets\Microsoft.NET.Sdk.targets(217,5): message :     
       C:\Program Files\dotnet\sdk\9.0.310\Sdks\Microsoft.NET.Sdk\targets\Microsoft.NET.Sdk.targets(217,5): message :     " (valor anterior: "
       C:\Program Files\dotnet\sdk\9.0.310\Sdks\Microsoft.NET.Sdk\targets\Microsoft.NET.Sdk.targets(217,5): message :       BeforeRebuild;
       C:\Program Files\dotnet\sdk\9.0.310\Sdks\Microsoft.NET.Sdk\targets\Microsoft.NET.Sdk.targets(217,5): message :       Clean;
       C:\Program Files\dotnet\sdk\9.0.310\Sdks\Microsoft.NET.Sdk\targets\Microsoft.NET.Sdk.targets(217,5): message :       Build;
       C:\Program Files\dotnet\sdk\9.0.310\Sdks\Microsoft.NET.Sdk\targets\Microsoft.NET.Sdk.targets(217,5): message :       AfterRebuild;
       C:\Program Files\dotnet\sdk\9.0.310\Sdks\Microsoft.NET.Sdk\targets\Microsoft.NET.Sdk.targets(217,5): message :     ") en C:\Program Files\dotnet\sdk\9.0.310\Sdks\Microsoft.NET.Sdk\targets\Microsoft.NET.Sdk.targets (217,5)
       C:\Program Files\dotnet\sdk\9.0.310\Sdks\Microsoft.NET.Sdk\targets\Microsoft.NET.Sdk.targets(784,5): message : Reasignaci├│n de propiedad: $(CompileDependsOn)="
       C:\Program Files\dotnet\sdk\9.0.310\Sdks\Microsoft.NET.Sdk\targets\Microsoft.NET.Sdk.targets(784,5): message :       
       C:\Program Files\dotnet\sdk\9.0.310\Sdks\Microsoft.NET.Sdk\targets\Microsoft.NET.Sdk.targets(784,5): message :       ResolveReferences;
       C:\Program Files\dotnet\sdk\9.0.310\Sdks\Microsoft.NET.Sdk\targets\Microsoft.NET.Sdk.targets(784,5): message :       ResolveKeySource;
       C:\Program Files\dotnet\sdk\9.0.310\Sdks\Microsoft.NET.Sdk\targets\Microsoft.NET.Sdk.targets(784,5): message :       SetWin32ManifestProperties;
       C:\Program Files\dotnet\sdk\9.0.310\Sdks\Microsoft.NET.Sdk\targets\Microsoft.NET.Sdk.targets(784,5): message :       _SetPreferNativeArm64Win32ManifestProperties;
       C:\Program Files\dotnet\sdk\9.0.310\Sdks\Microsoft.NET.Sdk\targets\Microsoft.NET.Sdk.targets(784,5): message :       FindReferenceAssembliesForReferences;
       C:\Program Files\dotnet\sdk\9.0.310\Sdks\Microsoft.NET.Sdk\targets\Microsoft.NET.Sdk.targets(784,5): message :       _GenerateCompileInputs;
       C:\Program Files\dotnet\sdk\9.0.310\Sdks\Microsoft.NET.Sdk\targets\Microsoft.NET.Sdk.targets(784,5): message :       BeforeCompile;
       C:\Program Files\dotnet\sdk\9.0.310\Sdks\Microsoft.NET.Sdk\targets\Microsoft.NET.Sdk.targets(784,5): message :       _TimeStampBeforeCompile;
       C:\Program Files\dotnet\sdk\9.0.310\Sdks\Microsoft.NET.Sdk\targets\Microsoft.NET.Sdk.targets(784,5): message :       _GenerateCompileDependencyCache;
       C:\Program Files\dotnet\sdk\9.0.310\Sdks\Microsoft.NET.Sdk\targets\Microsoft.NET.Sdk.targets(784,5): message :       CoreCompile;
       C:\Program Files\dotnet\sdk\9.0.310\Sdks\Microsoft.NET.Sdk\targets\Microsoft.NET.Sdk.targets(784,5): message :       _TimeStampAfterCompile;
       C:\Program Files\dotnet\sdk\9.0.310\Sdks\Microsoft.NET.Sdk\targets\Microsoft.NET.Sdk.targets(784,5): message :       AfterCompile;
       C:\Program Files\dotnet\sdk\9.0.310\Sdks\Microsoft.NET.Sdk\targets\Microsoft.NET.Sdk.targets(784,5): message :     ;
       C:\Program Files\dotnet\sdk\9.0.310\Sdks\Microsoft.NET.Sdk\targets\Microsoft.NET.Sdk.targets(784,5): message :       _CreateAppHost;
       C:\Program Files\dotnet\sdk\9.0.310\Sdks\Microsoft.NET.Sdk\targets\Microsoft.NET.Sdk.targets(784,5): message :       _CreateComHost;
       C:\Program Files\dotnet\sdk\9.0.310\Sdks\Microsoft.NET.Sdk\targets\Microsoft.NET.Sdk.targets(784,5): message :       _GetIjwHostPaths;
       C:\Program Files\dotnet\sdk\9.0.310\Sdks\Microsoft.NET.Sdk\targets\Microsoft.NET.Sdk.targets(784,5): message :     " (valor anterior: "
       C:\Program Files\dotnet\sdk\9.0.310\Sdks\Microsoft.NET.Sdk\targets\Microsoft.NET.Sdk.targets(784,5): message :       ResolveReferences;
       C:\Program Files\dotnet\sdk\9.0.310\Sdks\Microsoft.NET.Sdk\targets\Microsoft.NET.Sdk.targets(784,5): message :       ResolveKeySource;
       C:\Program Files\dotnet\sdk\9.0.310\Sdks\Microsoft.NET.Sdk\targets\Microsoft.NET.Sdk.targets(784,5): message :       SetWin32ManifestProperties;
       C:\Program Files\dotnet\sdk\9.0.310\Sdks\Microsoft.NET.Sdk\targets\Microsoft.NET.Sdk.targets(784,5): message :       _SetPreferNativeArm64Win32ManifestProperties;
       C:\Program Files\dotnet\sdk\9.0.310\Sdks\Microsoft.NET.Sdk\targets\Microsoft.NET.Sdk.targets(784,5): message :       FindReferenceAssembliesForReferences;
       C:\Program Files\dotnet\sdk\9.0.310\Sdks\Microsoft.NET.Sdk\targets\Microsoft.NET.Sdk.targets(784,5): message :       _GenerateCompileInputs;
       C:\Program Files\dotnet\sdk\9.0.310\Sdks\Microsoft.NET.Sdk\targets\Microsoft.NET.Sdk.targets(784,5): message :       BeforeCompile;
       C:\Program Files\dotnet\sdk\9.0.310\Sdks\Microsoft.NET.Sdk\targets\Microsoft.NET.Sdk.targets(784,5): message :       _TimeStampBeforeCompile;
       C:\Program Files\dotnet\sdk\9.0.310\Sdks\Microsoft.NET.Sdk\targets\Microsoft.NET.Sdk.targets(784,5): message :       _GenerateCompileDependencyCache;
       C:\Program Files\dotnet\sdk\9.0.310\Sdks\Microsoft.NET.Sdk\targets\Microsoft.NET.Sdk.targets(784,5): message :       CoreCompile;
       C:\Program Files\dotnet\sdk\9.0.310\Sdks\Microsoft.NET.Sdk\targets\Microsoft.NET.Sdk.targets(784,5): message :       _TimeStampAfterCompile;
       C:\Program Files\dotnet\sdk\9.0.310\Sdks\Microsoft.NET.Sdk\targets\Microsoft.NET.Sdk.targets(784,5): message :       AfterCompile;
       C:\Program Files\dotnet\sdk\9.0.310\Sdks\Microsoft.NET.Sdk\targets\Microsoft.NET.Sdk.targets(784,5): message :     ") en C:\Program Files\dotnet\sdk\9.0.310\Sdks\Microsoft.NET.Sdk\targets\Microsoft.NET.Sdk.targets (784,5)
       C:\Program Files\dotnet\sdk\9.0.310\Sdks\Microsoft.NET.Sdk\targets\Microsoft.NET.Sdk.targets(1184,5): message : Reasignaci├│n de propiedad: $(CreateSatelliteAssembliesDependsOn)="
       C:\Program Files\dotnet\sdk\9.0.310\Sdks\Microsoft.NET.Sdk\targets\Microsoft.NET.Sdk.targets(1184,5): message :       
       C:\Program Files\dotnet\sdk\9.0.310\Sdks\Microsoft.NET.Sdk\targets\Microsoft.NET.Sdk.targets(1184,5): message :       ;
       C:\Program Files\dotnet\sdk\9.0.310\Sdks\Microsoft.NET.Sdk\targets\Microsoft.NET.Sdk.targets(1184,5): message :       _GenerateSatelliteAssemblyInputs;
       C:\Program Files\dotnet\sdk\9.0.310\Sdks\Microsoft.NET.Sdk\targets\Microsoft.NET.Sdk.targets(1184,5): message :       ComputeIntermediateSatelliteAssemblies;
       C:\Program Files\dotnet\sdk\9.0.310\Sdks\Microsoft.NET.Sdk\targets\Microsoft.NET.Sdk.targets(1184,5): message :       GenerateSatelliteAssemblies
       C:\Program Files\dotnet\sdk\9.0.310\Sdks\Microsoft.NET.Sdk\targets\Microsoft.NET.Sdk.targets(1184,5): message :     ;
       C:\Program Files\dotnet\sdk\9.0.310\Sdks\Microsoft.NET.Sdk\targets\Microsoft.NET.Sdk.targets(1184,5): message :       CoreGenerateSatelliteAssemblies
       C:\Program Files\dotnet\sdk\9.0.310\Sdks\Microsoft.NET.Sdk\targets\Microsoft.NET.Sdk.targets(1184,5): message :     " (valor anterior: "
       C:\Program Files\dotnet\sdk\9.0.310\Sdks\Microsoft.NET.Sdk\targets\Microsoft.NET.Sdk.targets(1184,5): message :       ;
       C:\Program Files\dotnet\sdk\9.0.310\Sdks\Microsoft.NET.Sdk\targets\Microsoft.NET.Sdk.targets(1184,5): message :       _GenerateSatelliteAssemblyInputs;
       C:\Program Files\dotnet\sdk\9.0.310\Sdks\Microsoft.NET.Sdk\targets\Microsoft.NET.Sdk.targets(1184,5): message :       ComputeIntermediateSatelliteAssemblies;
       C:\Program Files\dotnet\sdk\9.0.310\Sdks\Microsoft.NET.Sdk\targets\Microsoft.NET.Sdk.targets(1184,5): message :       GenerateSatelliteAssemblies
       C:\Program Files\dotnet\sdk\9.0.310\Sdks\Microsoft.NET.Sdk\targets\Microsoft.NET.Sdk.targets(1184,5): message :     ") en C:\Program Files\dotnet\sdk\9.0.310\Sdks\Microsoft.NET.Sdk\targets\Microsoft.NET.Sdk.targets (1184,5)
       C:\Program Files\dotnet\sdk\9.0.310\Sdks\Microsoft.SourceLink.GitLab\build\Microsoft.SourceLink.GitLab.targets(12,5): message : Reasignaci├│n de propiedad: $(SourceLinkUrlInitializerTargets)=";_InitializeGitHubSourceLinkUrl;_InitializeGitLabSourceLinkUrl" (valor anterior: ";_InitializeGitHubSourceLinkUrl") en C:\Program Files\dotnet\sdk\9.0.310\Sdks\Microsoft.SourceLink.GitLab\build\Microsoft.SourceLink.GitLab.targets (12,5)
       C:\Program Files\dotnet\sdk\9.0.310\Sdks\Microsoft.SourceLink.GitLab\build\Microsoft.SourceLink.GitLab.targets(13,5): message : Reasignaci├│n de propiedad: $(SourceControlManagerUrlTranslationTargets)=";TranslateGitHubUrlsInSourceControlInformation;TranslateGitLabUrlsInSourceControlInformation" (valor anterior: ";TranslateGitHubUrlsInSourceControlInformation") en C:\Program Files\dotnet\sdk\9.0.310\Sdks\Microsoft.SourceLink.GitLab\build\Microsoft.SourceLink.GitLab.targets (13,5)
       C:\Program Files\dotnet\sdk\9.0.310\Sdks\Microsoft.SourceLink.AzureRepos.Git\build\Microsoft.SourceLink.AzureRepos.Git.targets(12,5): message : Reasignaci├│n de propiedad: $(SourceLinkUrlInitializerTargets)=";_InitializeGitHubSourceLinkUrl;_InitializeGitLabSourceLinkUrl;_InitializeAzureReposGitSourceLinkUrl" (valor anterior: ";_InitializeGitHubSourceLinkUrl;_InitializeGitLabSourceLinkUrl") en C:\Program Files\dotnet\sdk\9.0.310\Sdks\Microsoft.SourceLink.AzureRepos.Git\build\Microsoft.SourceLink.AzureRepos.Git.targets (12,5)
       C:\Program Files\dotnet\sdk\9.0.310\Sdks\Microsoft.SourceLink.AzureRepos.Git\build\Microsoft.SourceLink.AzureRepos.Git.targets(13,5): message : Reasignaci├│n de propiedad: $(SourceControlManagerUrlTranslationTargets)=";TranslateGitHubUrlsInSourceControlInformation;TranslateGitLabUrlsInSourceControlInformation;TranslateAzureReposGitUrlsInSourceControlInformation" (valor anterior: ";TranslateGitHubUrlsInSourceControlInformation;TranslateGitLabUrlsInSourceControlInformation") en C:\Program Files\dotnet\sdk\9.0.310\Sdks\Microsoft.SourceLink.AzureRepos.Git\build\Microsoft.SourceLink.AzureRepos.Git.targets (13,5)
       C:\Program Files\dotnet\sdk\9.0.310\Sdks\Microsoft.SourceLink.Bitbucket.Git\build\Microsoft.SourceLink.Bitbucket.Git.targets(12,5): message : Reasignaci├│n de propiedad: $(SourceLinkUrlInitializerTargets)=";_InitializeGitHubSourceLinkUrl;_InitializeGitLabSourceLinkUrl;_InitializeAzureReposGitSourceLinkUrl;_InitializeBitbucketGitSourceLinkUrl" (valor anterior: ";_InitializeGitHubSourceLinkUrl;_InitializeGitLabSourceLinkUrl;_InitializeAzureReposGitSourceLinkUrl") en C:\Program Files\dotnet\sdk\9.0.310\Sdks\Microsoft.SourceLink.Bitbucket.Git\build\Microsoft.SourceLink.Bitbucket.Git.targets (12,5)
       C:\Program Files\dotnet\sdk\9.0.310\Sdks\Microsoft.SourceLink.Bitbucket.Git\build\Microsoft.SourceLink.Bitbucket.Git.targets(13,5): message : Reasignaci├│n de propiedad: $(SourceControlManagerUrlTranslationTargets)=";TranslateGitHubUrlsInSourceControlInformation;TranslateGitLabUrlsInSourceControlInformation;TranslateAzureReposGitUrlsInSourceControlInformation;TranslateBitbucketGitUrlsInSourceControlInformation" (valor anterior: ";TranslateGitHubUrlsInSourceControlInformation;TranslateGitLabUrlsInSourceControlInformation;TranslateAzureReposGitUrlsInSourceControlInformation") en C:\Program Files\dotnet\sdk\9.0.310\Sdks\Microsoft.SourceLink.Bitbucket.Git\build\Microsoft.SourceLink.Bitbucket.Git.targets (13,5)
       C:\Program Files\dotnet\sdk\9.0.310\Sdks\Microsoft.NET.Sdk\targets\Microsoft.NET.DesignerSupport.targets(21,5): message : Reasignaci├│n de propiedad: $(DesignerRuntimeImplementationProjectOutputGroupDependsOn)="
       C:\Program Files\dotnet\sdk\9.0.310\Sdks\Microsoft.NET.Sdk\targets\Microsoft.NET.DesignerSupport.targets(21,5): message :       
       C:\Program Files\dotnet\sdk\9.0.310\Sdks\Microsoft.NET.Sdk\targets\Microsoft.NET.DesignerSupport.targets(21,5): message :       ;
       C:\Program Files\dotnet\sdk\9.0.310\Sdks\Microsoft.NET.Sdk\targets\Microsoft.NET.DesignerSupport.targets(21,5): message :       
       C:\Program Files\dotnet\sdk\9.0.310\Sdks\Microsoft.NET.Sdk\targets\Microsoft.NET.DesignerSupport.targets(21,5): message :       ;
       C:\Program Files\dotnet\sdk\9.0.310\Sdks\Microsoft.NET.Sdk\targets\Microsoft.NET.DesignerSupport.targets(21,5): message :       BuildOnlySettings;
       C:\Program Files\dotnet\sdk\9.0.310\Sdks\Microsoft.NET.Sdk\targets\Microsoft.NET.DesignerSupport.targets(21,5): message :       PrepareForBuild;
       C:\Program Files\dotnet\sdk\9.0.310\Sdks\Microsoft.NET.Sdk\targets\Microsoft.NET.DesignerSupport.targets(21,5): message :       AssignTargetPaths;
       C:\Program Files\dotnet\sdk\9.0.310\Sdks\Microsoft.NET.Sdk\targets\Microsoft.NET.DesignerSupport.targets(21,5): message :       ResolveReferences
       C:\Program Files\dotnet\sdk\9.0.310\Sdks\Microsoft.NET.Sdk\targets\Microsoft.NET.DesignerSupport.targets(21,5): message :     
       C:\Program Files\dotnet\sdk\9.0.310\Sdks\Microsoft.NET.Sdk\targets\Microsoft.NET.DesignerSupport.targets(21,5): message :     ;
       C:\Program Files\dotnet\sdk\9.0.310\Sdks\Microsoft.NET.Sdk\targets\Microsoft.NET.DesignerSupport.targets(21,5): message :       _GenerateDesignerDepsFile;
       C:\Program Files\dotnet\sdk\9.0.310\Sdks\Microsoft.NET.Sdk\targets\Microsoft.NET.DesignerSupport.targets(21,5): message :       _GenerateDesignerRuntimeConfigFile;
       C:\Program Files\dotnet\sdk\9.0.310\Sdks\Microsoft.NET.Sdk\targets\Microsoft.NET.DesignerSupport.targets(21,5): message :       GetCopyToOutputDirectoryItems;
       C:\Program Files\dotnet\sdk\9.0.310\Sdks\Microsoft.NET.Sdk\targets\Microsoft.NET.DesignerSupport.targets(21,5): message :       _GatherDesignerShadowCopyFiles;
       C:\Program Files\dotnet\sdk\9.0.310\Sdks\Microsoft.NET.Sdk\targets\Microsoft.NET.DesignerSupport.targets(21,5): message :     " (valor anterior: "
       C:\Program Files\dotnet\sdk\9.0.310\Sdks\Microsoft.NET.Sdk\targets\Microsoft.NET.DesignerSupport.targets(21,5): message :       ;
       C:\Program Files\dotnet\sdk\9.0.310\Sdks\Microsoft.NET.Sdk\targets\Microsoft.NET.DesignerSupport.targets(21,5): message :       
       C:\Program Files\dotnet\sdk\9.0.310\Sdks\Microsoft.NET.Sdk\targets\Microsoft.NET.DesignerSupport.targets(21,5): message :       ;
       C:\Program Files\dotnet\sdk\9.0.310\Sdks\Microsoft.NET.Sdk\targets\Microsoft.NET.DesignerSupport.targets(21,5): message :       BuildOnlySettings;
       C:\Program Files\dotnet\sdk\9.0.310\Sdks\Microsoft.NET.Sdk\targets\Microsoft.NET.DesignerSupport.targets(21,5): message :       PrepareForBuild;
       C:\Program Files\dotnet\sdk\9.0.310\Sdks\Microsoft.NET.Sdk\targets\Microsoft.NET.DesignerSupport.targets(21,5): message :       AssignTargetPaths;
       C:\Program Files\dotnet\sdk\9.0.310\Sdks\Microsoft.NET.Sdk\targets\Microsoft.NET.DesignerSupport.targets(21,5): message :       ResolveReferences
       C:\Program Files\dotnet\sdk\9.0.310\Sdks\Microsoft.NET.Sdk\targets\Microsoft.NET.DesignerSupport.targets(21,5): message :     
       C:\Program Files\dotnet\sdk\9.0.310\Sdks\Microsoft.NET.Sdk\targets\Microsoft.NET.DesignerSupport.targets(21,5): message :     ") en C:\Program Files\dotnet\sdk\9.0.310\Sdks\Microsoft.NET.Sdk\targets\Microsoft.NET.DesignerSupport.targets (21,5)
       C:\Program Files\dotnet\sdk\9.0.310\Sdks\Microsoft.NET.Sdk\targets\Microsoft.NET.PackTool.targets(68,5): message : Reasignaci├│n de propiedad: $(_GenerateToolsSettingsFileCacheFile)="C:\temp\MVP\documento-ia-clasificacion-mvp\src\backend\DocumentIA.Core\obj\Debug\net8.0\DocumentIA.Core.toolssettingsinput.cache" (valor anterior: "obj\Debug\net8.0\DocumentIA.Core.toolssettingsinput.cache") en C:\Program Files\dotnet\sdk\9.0.310\Sdks\Microsoft.NET.Sdk\targets\Microsoft.NET.PackTool.targets (68,5)
       C:\Program Files\dotnet\sdk\9.0.310\Sdks\Microsoft.NET.Sdk\targets\Microsoft.NET.PackTool.targets(137,5): message : Reasignaci├│n de propiedad: $(_ShimInputCacheFile)="C:\temp\MVP\documento-ia-clasificacion-mvp\src\backend\DocumentIA.Core\obj\Debug\net8.0\DocumentIA.Core.shiminput.cache" (valor anterior: "obj\Debug\net8.0\DocumentIA.Core.shiminput.cache") en C:\Program Files\dotnet\sdk\9.0.310\Sdks\Microsoft.NET.Sdk\targets\Microsoft.NET.PackTool.targets (137,5)
       C:\Program Files\dotnet\sdk\9.0.310\Sdks\Microsoft.NET.Sdk\targets\Microsoft.NET.PackTool.targets(139,5): message : Reasignaci├│n de propiedad: $(_ShimCreatedSentinelFile)="C:\temp\MVP\documento-ia-clasificacion-mvp\src\backend\DocumentIA.Core\obj\Debug\net8.0\DocumentIA.Core.shimcreated.sentinel" (valor anterior: "obj\Debug\net8.0\DocumentIA.Core.shimcreated.sentinel") en C:\Program Files\dotnet\sdk\9.0.310\Sdks\Microsoft.NET.Sdk\targets\Microsoft.NET.PackTool.targets (139,5)
       C:\Program Files\dotnet\sdk\9.0.310\Sdks\Microsoft.NET.Sdk\targets\Microsoft.NET.Sdk.CSharp.targets(31,5): message : Reasignaci├│n de propiedad: $(DefineConstants)="TRACE;DEBUG" (valor anterior: "TRACE") en C:\Program Files\dotnet\sdk\9.0.310\Sdks\Microsoft.NET.Sdk\targets\Microsoft.NET.Sdk.CSharp.targets (31,5)
       C:\Program Files\dotnet\sdk\9.0.310\Sdks\Microsoft.NET.Sdk\targets\Microsoft.NET.Sdk.CSharp.targets(34,5): message : Reasignaci├│n de propiedad: $(DefineConstants)="TRACE;DEBUG;NET;NET8_0;NETCOREAPP" (valor anterior: "TRACE;DEBUG") en C:\Program Files\dotnet\sdk\9.0.310\Sdks\Microsoft.NET.Sdk\targets\Microsoft.NET.Sdk.CSharp.targets (34,5)
       C:\Program Files\dotnet\sdk\9.0.310\Sdks\Microsoft.NET.Sdk\targets\Microsoft.NET.Sdk.CSharp.targets(48,5): message : Reasignaci├│n de propiedad: $(WarningsAsErrors)=";NU1605;SYSLIB0011" (valor anterior: ";NU1605") en C:\Program Files\dotnet\sdk\9.0.310\Sdks\Microsoft.NET.Sdk\targets\Microsoft.NET.Sdk.CSharp.targets (48,5)
       C:\Program Files\dotnet\sdk\9.0.310\Sdks\NuGet.Build.Tasks.Pack\build\NuGet.Build.Tasks.Pack.targets(34,5): message : Reasignaci├│n de propiedad: $(PackageDescription)="Package Description" (valor anterior: "") en C:\Program Files\dotnet\sdk\9.0.310\Sdks\NuGet.Build.Tasks.Pack\build\NuGet.Build.Tasks.Pack.targets (34,5)
       C:\Program Files\dotnet\sdk\9.0.310\Sdks\NuGet.Build.Tasks.Pack\build\NuGet.Build.Tasks.Pack.targets(59,5): message : Reasignaci├│n de propiedad: $(GenerateNuspecDependsOn)="Build;_LoadPackInputItems; _GetTargetFrameworksOutput; _WalkEachTargetPerFramework; _GetPackageFiles; " (valor anterior: "_LoadPackInputItems; _GetTargetFrameworksOutput; _WalkEachTargetPerFramework; _GetPackageFiles; ") en C:\Program Files\dotnet\sdk\9.0.310\Sdks\NuGet.Build.Tasks.Pack\build\NuGet.Build.Tasks.Pack.targets (59,5)
       C:\Program Files\dotnet\sdk\9.0.310\Sdks\Microsoft.NET.Sdk\Sdk\Sdk.targets(60,5): message : Reasignaci├│n de propiedad: $(_IsNotSetContainersTargetsDir)="true" (valor anterior: "false") en C:\Program Files\dotnet\sdk\9.0.310\Sdks\Microsoft.NET.Sdk\Sdk\Sdk.targets (60,5)
       C:\Program Files\dotnet\sdk\9.0.310\Containers\build\Microsoft.NET.Build.Containers.targets(5,5): message : Reasignaci├│n de propiedad: $(_IsSDKContainerAllowedVersion)="true" (valor anterior: "false") en C:\Program Files\dotnet\sdk\9.0.310\Containers\build\Microsoft.NET.Build.Containers.targets (5,5)
       C:\Program Files\dotnet\sdk\9.0.310\Containers\build\Microsoft.NET.Build.Containers.targets(15,5): message : Reasignaci├│n de propiedad: $(_ContainerIsTargetingNet8TFM)="true" (valor anterior: "false") en C:\Program Files\dotnet\sdk\9.0.310\Containers\build\Microsoft.NET.Build.Containers.targets (15,5)
       Invalidando el destino "ResolveFrameworkReferences" del proyecto"C:\Program Files\dotnet\sdk\9.0.310\Microsoft.Common.CurrentVersion.targets" con el destino "ResolveFrameworkReferences" del proyecto "C:\Program Files\dotnet\sdk\9.0.310\Sdks\Microsoft.NET.Sdk\targets\Microsoft.NET.Sdk.FrameworkReferenceResolution.targets".
       Invalidando el destino "Run" del proyecto"C:\Program Files\dotnet\sdk\9.0.310\Microsoft.Common.CurrentVersion.targets" con el destino "Run" del proyecto "C:\Program Files\dotnet\sdk\9.0.310\Sdks\Microsoft.NET.Sdk\targets\Microsoft.NET.Sdk.targets".
       Invalidando el destino "GenerateSupportedTargetFrameworkAlias" del proyecto"C:\Program Files\dotnet\sdk\9.0.310\Microsoft.Common.CurrentVersion.targets" con el destino "GenerateSupportedTargetFrameworkAlias" del proyecto "C:\Program Files\dotnet\sdk\9.0.310\Sdks\Microsoft.NET.Sdk\targets\Microsoft.NET.Sdk.targets".
       Invalidando el destino "GetReferenceAssemblyPaths" del proyecto"C:\Program Files\dotnet\sdk\9.0.310\Microsoft.Common.CurrentVersion.targets" con el destino "GetReferenceAssemblyPaths" del proyecto "C:\Program Files\dotnet\sdk\9.0.310\Sdks\Microsoft.NET.Sdk\targets\Microsoft.NET.DisableStandardFrameworkResolution.targets".
       Invalidando el destino "GetFrameworkPaths" del proyecto"C:\Program Files\dotnet\sdk\9.0.310\Microsoft.Common.CurrentVersion.targets" con el destino "GetFrameworkPaths" del proyecto "C:\Program Files\dotnet\sdk\9.0.310\Sdks\Microsoft.NET.Sdk\targets\Microsoft.NET.DisableStandardFrameworkResolution.targets".
       Invalidando el destino "DesignerRuntimeImplementationProjectOutputGroup" del proyecto"C:\Program Files\dotnet\sdk\9.0.310\Microsoft.Common.CurrentVersion.targets" con el destino "DesignerRuntimeImplementationProjectOutputGroup" del proyecto "C:\Program Files\dotnet\sdk\9.0.310\Sdks\Microsoft.NET.Sdk\targets\Microsoft.NET.DesignerSupport.targets".
       Invalidando el destino "Publish" del proyecto"C:\Program Files\dotnet\sdk\9.0.310\Microsoft.Common.CurrentVersion.targets" con el destino "Publish" del proyecto "C:\Program Files\dotnet\sdk\9.0.310\Sdks\Microsoft.NET.Sdk\targets\Microsoft.NET.Publish.targets".
       Invalidando el destino "ResolveReadyToRunCompilers" del proyecto"C:\Program Files\dotnet\sdk\9.0.310\Sdks\Microsoft.NET.Sdk\targets\Microsoft.NET.CrossGen.targets" con el destino "ResolveReadyToRunCompilers" del proyecto "C:\Program Files\dotnet\sdk\9.0.310\Sdks\Microsoft.NET.Sdk\targets\Microsoft.NET.Publish.targets".
       Invalidando el destino "GetCopyToPublishDirectoryItems" del proyecto"C:\Program Files\dotnet\sdk\9.0.310\Microsoft.Common.CurrentVersion.targets" con el destino "GetCopyToPublishDirectoryItems" del proyecto "C:\Program Files\dotnet\sdk\9.0.310\Sdks\Microsoft.NET.Sdk\targets\Microsoft.NET.Publish.targets".
       El destino "ResolveNuGetPackageAssets" que aparece en un atributo AfterTargets en "C:\Users\ubf0238\.nuget\packages\system.text.json\10.0.2\buildTransitive\net8.0\System.Text.Json.targets (11,11)" no existe en el proyecto y se omitir├í.
       El destino "ResolveNuGetPackageAssets" que aparece en un atributo AfterTargets en "C:\Users\ubf0238\.nuget\packages\system.text.json\10.0.2\buildTransitive\net8.0\System.Text.Json.targets (23,11)" no existe en el proyecto y se omitir├í.
       El destino "ResolveNuGetPackageAssets" que aparece en un atributo AfterTargets en "C:\Users\ubf0238\.nuget\packages\microsoft.extensions.logging.abstractions\8.0.3\buildTransitive\net6.0\Microsoft.Extensions.Logging.Abstractions.targets (11,11)" no existe en el proyecto y se omitir├í.
       El destino "ResolveNuGetPackageAssets" que aparece en un atributo AfterTargets en "C:\Users\ubf0238\.nuget\packages\microsoft.extensions.logging.abstractions\8.0.3\buildTransitive\net6.0\Microsoft.Extensions.Logging.Abstractions.targets (23,11)" no existe en el proyecto y se omitir├í.
   1:8>El proyecto "C:\temp\MVP\documento-ia-clasificacion-mvp\src\backend\DocumentIA.Tests.Unit\DocumentIA.Tests.Unit.csproj" (1:8) est├í compilando "C:\temp\MVP\documento-ia-clasificacion-mvp\src\backend\DocumentIA.Core\DocumentIA.Core.csproj" (2:5) en el nodo 1 (GetTargetFrameworks destinos).
   2:5>Destino "GetTargetFrameworksWithPlatformForSingleTargetFramework" en el archivo "C:\Program Files\dotnet\sdk\9.0.310\Microsoft.Common.CurrentVersion.targets" del proyecto "C:\temp\MVP\documento-ia-clasificacion-mvp\src\backend\DocumentIA.Core\DocumentIA.Core.csproj" (el destino "GetTargetFrameworks" depende de ├®l):
   2:5>Usando la tarea "CombineTargetFrameworkInfoProperties" del ensamblado "Microsoft.Build.Tasks.Core, Version=15.1.0.0, Culture=neutral, PublicKeyToken=b03f5f7f11d50a3a".
       Tarea "CombineTargetFrameworkInfoProperties"
       Ejecuci├│n de la tarea "CombineTargetFrameworkInfoProperties" terminada.
   2:5>Compilaci├│n terminada del destino "GetTargetFrameworksWithPlatformForSingleTargetFramework" en el proyecto "DocumentIA.Core.csproj".
   2:5>Destino "GetTargetFrameworks" en el archivo "C:\Program Files\dotnet\sdk\9.0.310\Microsoft.Common.CurrentVersion.targets" del proyecto "C:\temp\MVP\documento-ia-clasificacion-mvp\src\backend\DocumentIA.Core\DocumentIA.Core.csproj" (punto de entrada):
       Se omiti├│ la tarea "MSBuildInternalMessage" debido a una condici├│n falsa (False); ('$(IsCrossTargetingBuild)' == 'true') se evalu├│ como ('' == 'true').
       Usando la tarea "CombineXmlElements" del ensamblado "Microsoft.Build.Tasks.Core, Version=15.1.0.0, Culture=neutral, PublicKeyToken=b03f5f7f11d50a3a".
       Tarea "CombineXmlElements"
       Ejecuci├│n de la tarea "CombineXmlElements" terminada.
   2:5>Compilaci├│n terminada del destino "GetTargetFrameworks" en el proyecto "DocumentIA.Core.csproj".
   2:5>Compilaci├│n del proyecto terminada "C:\temp\MVP\documento-ia-clasificacion-mvp\src\backend\DocumentIA.Core\DocumentIA.Core.csproj" (GetTargetFrameworks destinos).
   1:8>Ejecuci├│n de la tarea "MSBuild" terminada.
       Se omiti├│ la tarea "MSBuild" debido a una condici├│n falsa (False); ('%(_MSBuildProjectReferenceExistent.SkipGetTargetFrameworkProperties)' != 'true' and '$(EnableDynamicPlatformResolution)' == 'true') se evalu├│ como ('' != 'true' and '' == 'true').
       Usando la tarea "GetReferenceNearestTargetFrameworkTask" del ensamblado "C:\Program Files\dotnet\sdk\9.0.310\NuGet.Build.Tasks.dll".
       Tarea "GetReferenceNearestTargetFrameworkTask"
       Ejecuci├│n de la tarea "GetReferenceNearestTargetFrameworkTask" terminada.
       Se omiti├│ la tarea "GetReferenceNearestTargetFrameworkTask" debido a una condici├│n falsa (False); ('@(_ProjectReferenceTargetFrameworkPossibilities)' != '' and '$(ReferringTargetFrameworkForProjectReferences)' != ''
                                                               And '$(GetReferenceNearestTargetFrameworkTaskSupportsTargetPlatformParameter)' != 'true' and '%(_ProjectReferenceTargetFrameworkPossibilities.IsVcxOrNativeProj)' != 'true') se evalu├│ como ('..\DocumentIA.Core\DocumentIA.Core.csproj' != '' and '.NETCoreApp,Version=v9.0' != ''
                                                               And 'true' != 'true' and '' != 'true').
       Usando la tarea "SetRidAgnosticValueForProjects" del ensamblado "Microsoft.Build.Tasks.Core, Version=15.1.0.0, Culture=neutral, PublicKeyToken=b03f5f7f11d50a3a".
       Tarea "SetRidAgnosticValueForProjects"
       Ejecuci├│n de la tarea "SetRidAgnosticValueForProjects" terminada.
   1:8>Compilaci├│n terminada del destino "_GetProjectReferenceTargetFrameworkProperties" en el proyecto "DocumentIA.Tests.Unit.csproj".
       Se omiti├│ el destino "ValidateExecutableReferences" debido a una condici├│n falsa (False); ('$(ValidateExecutableReferencesMatchSelfContained)' != 'false') se evalu├│ como ('false' != 'false').
       Se omiti├│ el destino "_GetProjectReferencePlatformProperties" debido a una condici├│n falsa (False); ('$(EnableDynamicPlatformResolution)' == 'true'
                            and '@(_MSBuildProjectReferenceExistent)' != '') se evalu├│ como ('' == 'true'
                            and '..\DocumentIA.Core\DocumentIA.Core.csproj' != '').
   1:8>Destino "PrepareProjectReferences" en el archivo "C:\Program Files\dotnet\sdk\9.0.310\Microsoft.Common.CurrentVersion.targets" del proyecto "C:\temp\MVP\documento-ia-clasificacion-mvp\src\backend\DocumentIA.Tests.Unit\DocumentIA.Tests.Unit.csproj" (el destino "ResolveProjectReferences" depende de ├®l):
   1:8>Compilaci├│n terminada del destino "PrepareProjectReferences" en el proyecto "DocumentIA.Tests.Unit.csproj".
   1:8>Destino "ResolveProjectReferences" en el archivo "C:\Program Files\dotnet\sdk\9.0.310\Microsoft.Common.CurrentVersion.targets" del proyecto "C:\temp\MVP\documento-ia-clasificacion-mvp\src\backend\DocumentIA.Tests.Unit\DocumentIA.Tests.Unit.csproj" (el destino "ResolveReferences" depende de ├®l):
       Se omiti├│ la tarea "MSBuild" debido a una condici├│n falsa (False); ('%(_MSBuildProjectReferenceExistent.BuildReference)' == 'true' and '@(ProjectReferenceWithConfiguration)' != '' and ('$(BuildingInsideVisualStudio)' == 'true' or '$(BuildProjectReferences)' != 'true') and '$(VisualStudioVersion)' != '10.0' and '@(_MSBuildProjectReferenceExistent)' != '') se evalu├│ como ('true' == 'true' and '..\DocumentIA.Core\DocumentIA.Core.csproj' != '' and ('' == 'true' or 'true' != 'true') and '17.0' != '10.0' and '..\DocumentIA.Core\DocumentIA.Core.csproj' != '').
       Tarea "MSBuild"
         Quitando propiedades del proyecto "..\DocumentIA.Core\DocumentIA.Core.csproj":
           TargetFramework
           RuntimeIdentifier
           SelfContained
   1:8>El proyecto "C:\temp\MVP\documento-ia-clasificacion-mvp\src\backend\DocumentIA.Tests.Unit\DocumentIA.Tests.Unit.csproj" (1:8) est├í compilando "C:\temp\MVP\documento-ia-clasificacion-mvp\src\backend\DocumentIA.Core\DocumentIA.Core.csproj" (2:6) en el nodo 1 (destinos predeterminados).
   2:6>Se omiti├│ el destino "_CheckForUnsupportedTargetFramework" debido a una condici├│n falsa (False); ('$(_UnsupportedTargetFrameworkError)' == 'true') se evalu├│ como ('' == 'true').
   2:6>Destino "_CollectTargetFrameworkForTelemetry" en el archivo "C:\Program Files\dotnet\sdk\9.0.310\Sdks\Microsoft.NET.Sdk\targets\Microsoft.NET.TargetFrameworkInference.targets" del proyecto "C:\temp\MVP\documento-ia-clasificacion-mvp\src\backend\DocumentIA.Core\DocumentIA.Core.csproj" (el destino "_CheckForInvalidConfigurationAndPlatform" depende de ├®l):
       Usando la tarea "AllowEmptyTelemetry" del ensamblado "C:\Program Files\dotnet\sdk\9.0.310\Sdks\Microsoft.NET.Sdk\targets\..\tools\net9.0\Microsoft.NET.Build.Tasks.dll".
       Tarea "AllowEmptyTelemetry"
       Ejecuci├│n de la tarea "AllowEmptyTelemetry" terminada.
   2:6>Compilaci├│n terminada del destino "_CollectTargetFrameworkForTelemetry" en el proyecto "DocumentIA.Core.csproj".
       Se omiti├│ el destino "_CheckForUnsupportedTargetPlatformIdentifier" debido a una condici├│n falsa (False); ('$(TargetPlatformIdentifier)' != '' and '$(TargetFrameworkIdentifier)' == '.NETCoreApp' and $([MSBuild]::VersionGreaterThanOrEquals($(TargetFrameworkVersion), 5.0)) And ('$(DesignTimeBuild)' != 'true' Or '@(MissingWorkloadPack)' == '')) se evalu├│ como ('' != '' and '.NETCoreApp' == '.NETCoreApp' and True And ('' != 'true' Or '' == '')).
       Se omiti├│ el destino "_CheckForMissingWorkload" debido a una condici├│n falsa (False); ('@(MissingWorkloadPack)' != '' And '$(DesignTimeBuild)' != 'true') se evalu├│ como ('' != '' And '' != 'true').
   2:6>Destino "_CheckForUnsupportedNETCoreVersion" en el archivo "C:\Program Files\dotnet\sdk\9.0.310\Sdks\Microsoft.NET.Sdk\targets\Microsoft.NET.TargetFrameworkInference.targets" del proyecto "C:\temp\MVP\documento-ia-clasificacion-mvp\src\backend\DocumentIA.Core\DocumentIA.Core.csproj" (el destino "_CheckForInvalidConfigurationAndPlatform" depende de ├®l):
       Se omiti├│ la tarea "NETSdkError" debido a una condici├│n falsa (False); ('$(_TargetFrameworkVersionWithoutV)' > '$(NETCoreAppMaximumVersion)' and '$(DisplayVSMessage)' != 'true') se evalu├│ como ('8.0' > '9.0' and '' != 'true').
       Se omiti├│ la tarea "NETSdkError" debido a una condici├│n falsa (False); ('$(DisplayVSMessage)' == 'true') se evalu├│ como ('' == 'true').
   2:6>Compilaci├│n terminada del destino "_CheckForUnsupportedNETCoreVersion" en el proyecto "DocumentIA.Core.csproj".
       Se omiti├│ el destino "_CheckForEolTargetFrameworks" debido a una condici├│n falsa (False); ('@(_EolNetCoreTargetFrameworkVersions->AnyHaveMetadataValue('Identity', '$(_TargetFrameworkVersionWithoutV)'))' and '$(TargetFrameworkIdentifier)' == '.NETCoreApp' and '$(CheckEolTargetFramework)' == 'true') se evalu├│ como ('false' and '.NETCoreApp' == '.NETCoreApp' and '' == 'true').
       Se omiti├│ el destino "_CheckForEolWorkloads" debido a una condici├│n falsa (False); ('@(EolWorkload)' != '' and '$(CheckEolWorkloads)' == 'true') se evalu├│ como ('' != '' and 'true' == 'true').
       Se omiti├│ el destino "_CheckForNotRecommendedNETStandardVersion" debido a una condici├│n falsa (False); ('$(TargetFrameworkIdentifier)' == '.NETStandard' and $([MSBuild]::VersionLessThan($(TargetFrameworkVersion), '2.0'))) se evalu├│ como ('.NETCoreApp' == '.NETStandard' and False).
   2:6>Destino "_CheckForUnsupportedCppNETCoreVersion" en el archivo "C:\Program Files\dotnet\sdk\9.0.310\Sdks\Microsoft.NET.Sdk\targets\Microsoft.NET.TargetFrameworkInference.targets" del proyecto "C:\temp\MVP\documento-ia-clasificacion-mvp\src\backend\DocumentIA.Core\DocumentIA.Core.csproj" (el destino "_CheckForInvalidConfigurationAndPlatform" depende de ├®l):
       Se omiti├│ la tarea "NETSdkError" debido a una condici├│n falsa (False); ('$(TargetFrameworkIdentifier)' == '.NETCoreApp' and '$(_TargetFrameworkVersionWithoutV)' < '3.1' and ('$(Language)' == 'C++' and '$(_EnablePackageReferencesInVCProjects)' != 'true')) se evalu├│ como ('.NETCoreApp' == '.NETCoreApp' and '8.0' < '3.1' and ('C#' == 'C++' and '' != 'true')).
   2:6>Compilaci├│n terminada del destino "_CheckForUnsupportedCppNETCoreVersion" en el proyecto "DocumentIA.Core.csproj".
       Se omiti├│ el destino "_CheckForUnsupportedNETStandardVersion" debido a una condici├│n falsa (False); ('$(TargetFrameworkIdentifier)' == '.NETStandard' And '$(NETStandardMaximumVersion)' != '') se evalu├│ como ('.NETCoreApp' == '.NETStandard' And '' != '').
       Se omiti├│ el destino "_CheckForUnsupportedTargetFrameworkAndFeatureCombination" debido a una condici├│n falsa (False); ('$(TargetFrameworkIdentifier)' == '.NETFramework') se evalu├│ como ('.NETCoreApp' == '.NETFramework').
       Se omiti├│ el destino "_CheckForSupportedOSPlatformVersionHigherThanTargetPlatformVersion" debido a una condici├│n falsa (False); ('$(TargetPlatformVersion)' != '' and '$(TargetFrameworkIdentifier)' == '.NETCoreApp' and $([MSBuild]::VersionGreaterThanOrEquals($(TargetFrameworkVersion), 5.0))) se evalu├│ como ('' != '' and '.NETCoreApp' == '.NETCoreApp' and True).
       Se omiti├│ el destino "_CheckForInvalidTargetPlatformVersion" debido a una condici├│n falsa (False); ('$(TargetPlatformVersion)' != '' and '$(TargetFrameworkIdentifier)' == '.NETCoreApp' and $([MSBuild]::VersionGreaterThanOrEquals($(TargetFrameworkVersion), 5.0)) and ('$(Language)' != 'C++' or '$(_EnablePackageReferencesInVCProjects)' == 'true')) se evalu├│ como ('' != '' and '.NETCoreApp' == '.NETCoreApp' and True and ('C#' != 'C++' or '' == 'true')).
   2:6>Destino "_CheckForUnsupportedArtifactsPath" en el archivo "C:\Program Files\dotnet\sdk\9.0.310\Sdks\Microsoft.NET.Sdk\targets\Microsoft.NET.DefaultOutputPaths.targets" del proyecto "C:\temp\MVP\documento-ia-clasificacion-mvp\src\backend\DocumentIA.Core\DocumentIA.Core.csproj" (el destino "_CheckForInvalidConfigurationAndPlatform" depende de ├®l):
       Se omiti├│ la tarea "NetSdkError" debido a una condici├│n falsa (False); ('$(UseArtifactsOutput)' == 'true' and '$(_ArtifactsPathSetEarly)' != 'true') se evalu├│ como ('' == 'true' and '' != 'true').
       Se omiti├│ la tarea "NetSdkError" debido a una condici├│n falsa (False); ('$(_ArtifactsPathLocationType)' == 'ProjectFolder') se evalu├│ como ('' == 'ProjectFolder').
   2:6>Compilaci├│n terminada del destino "_CheckForUnsupportedArtifactsPath" en el proyecto "DocumentIA.Core.csproj".
       Se omiti├│ el destino "_CheckForMissingWorkload" debido a una condici├│n falsa (False); ('@(MissingWorkloadPack)' != '' And '$(DesignTimeBuild)' != 'true') se evalu├│ como ('' != '' And '' != 'true').
       Se omiti├│ el destino "_CheckForUnsupportedAppHostUsage" debido a una condici├│n falsa (False); ('$(TargetFrameworkIdentifier)' == '.NETCoreApp' and '$(HasRuntimeOutput)' == 'true') se evalu├│ como ('.NETCoreApp' == '.NETCoreApp' and '' == 'true').
   2:6>Destino "_CheckForUnsupportedHostingUsage" en el archivo "C:\Program Files\dotnet\sdk\9.0.310\Sdks\Microsoft.NET.Sdk\targets\Microsoft.NET.RuntimeIdentifierInference.targets" del proyecto "C:\temp\MVP\documento-ia-clasificacion-mvp\src\backend\DocumentIA.Core\DocumentIA.Core.csproj" (el destino "_CheckForInvalidConfigurationAndPlatform" depende de ├®l):
       Se omiti├│ la tarea "NETSdkWarning" debido a una condici├│n falsa (False); ('$(SelfContained)' == 'true' and '$(EnableComHosting)' == 'true') se evalu├│ como ('' == 'true' and '' == 'true').
   2:6>Compilaci├│n terminada del destino "_CheckForUnsupportedHostingUsage" en el proyecto "DocumentIA.Core.csproj".
   2:6>Destino "_CheckAndUnsetUnsupportedPrefer32Bit" en el archivo "C:\Program Files\dotnet\sdk\9.0.310\Sdks\Microsoft.NET.Sdk\targets\Microsoft.NET.RuntimeIdentifierInference.targets" del proyecto "C:\temp\MVP\documento-ia-clasificacion-mvp\src\backend\DocumentIA.Core\DocumentIA.Core.csproj" (el destino "_CheckForInvalidConfigurationAndPlatform" depende de ├®l):
       Se omiti├│ la tarea "NETSdkWarning" debido a una condici├│n falsa (False); ('$(Prefer32Bit)' == 'true') se evalu├│ como ('false' == 'true').
   2:6>Compilaci├│n terminada del destino "_CheckAndUnsetUnsupportedPrefer32Bit" en el proyecto "DocumentIA.Core.csproj".
       Se omiti├│ el destino "_CheckAndUnsetUnsupportedPreferNativeArm64" debido a una condici├│n falsa (False); ('$(TargetFrameworkIdentifier)' == '.NETCoreApp' and '$(PreferNativeArm64)' == 'true') se evalu├│ como ('.NETCoreApp' == '.NETCoreApp' and 'false' == 'true').
       Se omiti├│ el destino "_CheckForMismatchingPlatform" debido a una condici├│n falsa (False); ('$(RuntimeIdentifier)' != '' and '$(PlatformTarget)' != '') se evalu├│ como ('' != '' and '' != '').
   2:6>Destino "_CheckForLanguageAndFeatureCombinationSupport" en el archivo "C:\Program Files\dotnet\sdk\9.0.310\Sdks\Microsoft.NET.Sdk\targets\Microsoft.NET.RuntimeIdentifierInference.targets" del proyecto "C:\temp\MVP\documento-ia-clasificacion-mvp\src\backend\DocumentIA.Core\DocumentIA.Core.csproj" (el destino "_CheckForInvalidConfigurationAndPlatform" depende de ├®l):
       Se omiti├│ la tarea "NETSdkError" debido a una condici├│n falsa (False); (('$(Language)' == 'C++' and '$(_EnablePackageReferencesInVCProjects)' != 'true') and $(OutputType) != 'library' and '$(TargetFrameworkIdentifier)' == '.NETCoreApp') se evalu├│ como (('C#' == 'C++' and '' != 'true') and Library != 'library' and '.NETCoreApp' == '.NETCoreApp').
       Se omiti├│ la tarea "NETSdkError" debido a una condici├│n falsa (False); (('$(Language)' == 'C++' and '$(_EnablePackageReferencesInVCProjects)' != 'true') and $(EnableComHosting) == 'true') se evalu├│ como (('C#' == 'C++' and '' != 'true') and  == 'true').
       Se omiti├│ la tarea "NETSdkError" debido a una condici├│n falsa (False); (('$(Language)' == 'C++' and '$(_EnablePackageReferencesInVCProjects)' != 'true') and $(SelfContained) == 'true') se evalu├│ como (('C#' == 'C++' and '' != 'true') and  == 'true').
   2:6>Compilaci├│n terminada del destino "_CheckForLanguageAndFeatureCombinationSupport" en el proyecto "DocumentIA.Core.csproj".
       Se omiti├│ el destino "_CheckForNETCoreSdkIsPreview" debido a una condici├│n falsa (False); ( '$(_NETCoreSdkIsPreview)' == 'true' AND '$(SuppressNETCoreSdkPreviewMessage)' != 'true' ) se evalu├│ como ( 'false' == 'true' AND '' != 'true' ).
   2:6>Destino "_GetProjectJsonPath" en el archivo "C:\Program Files\dotnet\sdk\9.0.310\NuGet.targets" del proyecto "C:\temp\MVP\documento-ia-clasificacion-mvp\src\backend\DocumentIA.Core\DocumentIA.Core.csproj" (el destino "_GetRestoreProjectStyle" depende de ├®l):
       Se omiti├│ la tarea "GetRestoreProjectJsonPathTask" debido a una condici├│n falsa (False); ( '$(RestoreProjectStyle)' == 'ProjectJson' OR '$(RestoreProjectStyle)' == '' ) se evalu├│ como ( 'PackageReference' == 'ProjectJson' OR 'PackageReference' == '' ).
   2:6>Compilaci├│n terminada del destino "_GetProjectJsonPath" en el proyecto "DocumentIA.Core.csproj".
       Se omiti├│ el destino "_CheckForUnsupportedTargetPlatformIdentifier" debido a una condici├│n falsa (False); ('$(TargetPlatformIdentifier)' != '' and '$(TargetFrameworkIdentifier)' == '.NETCoreApp' and $([MSBuild]::VersionGreaterThanOrEquals($(TargetFrameworkVersion), 5.0)) And ('$(DesignTimeBuild)' != 'true' Or '@(MissingWorkloadPack)' == '')) se evalu├│ como ('' != '' and '.NETCoreApp' == '.NETCoreApp' and True And ('' != 'true' Or '' == '')).
       Se omiti├│ el destino "_CheckForMissingWorkload" debido a una condici├│n falsa (False); ('@(MissingWorkloadPack)' != '' And '$(DesignTimeBuild)' != 'true') se evalu├│ como ('' != '' And '' != 'true').
       Se omiti├│ el destino "_CheckForNotRecommendedNETStandardVersion" debido a una condici├│n falsa (False); ('$(TargetFrameworkIdentifier)' == '.NETStandard' and $([MSBuild]::VersionLessThan($(TargetFrameworkVersion), '2.0'))) se evalu├│ como ('.NETCoreApp' == '.NETStandard' and False).
       Se omiti├│ el destino "_CheckForUnsupportedNETStandardVersion" debido a una condici├│n falsa (False); ('$(TargetFrameworkIdentifier)' == '.NETStandard' And '$(NETStandardMaximumVersion)' != '') se evalu├│ como ('.NETCoreApp' == '.NETStandard' And '' != '').
       Se omiti├│ el destino "_CheckForUnsupportedTargetFrameworkAndFeatureCombination" debido a una condici├│n falsa (False); ('$(TargetFrameworkIdentifier)' == '.NETFramework') se evalu├│ como ('.NETCoreApp' == '.NETFramework').
   2:6>Destino "UpdateAspNetToFrameworkReference" en el archivo "C:\Program Files\dotnet\sdk\9.0.310\Sdks\Microsoft.NET.Sdk\targets\Microsoft.NET.Sdk.DefaultItems.Shared.targets" del proyecto "C:\temp\MVP\documento-ia-clasificacion-mvp\src\backend\DocumentIA.Core\DocumentIA.Core.csproj" (el destino "ApplyImplicitVersions" depende de ├®l):
       Usando la tarea "CheckIfPackageReferenceShouldBeFrameworkReference" del ensamblado "C:\Program Files\dotnet\sdk\9.0.310\Sdks\Microsoft.NET.Sdk\targets\..\tools\net9.0\Microsoft.NET.Build.Tasks.dll".
       Tarea "CheckIfPackageReferenceShouldBeFrameworkReference"
       Ejecuci├│n de la tarea "CheckIfPackageReferenceShouldBeFrameworkReference" terminada.
       Se omiti├│ la tarea "NETSdkError" debido a una condici├│n falsa (False); ('$(_ShouldRemoveAspNetCoreAll)' == 'true') se evalu├│ como ('False' == 'true').
       Tarea "CheckIfPackageReferenceShouldBeFrameworkReference"
       Ejecuci├│n de la tarea "CheckIfPackageReferenceShouldBeFrameworkReference" terminada.
       Se omiti├│ la tarea "NETSdkWarning" debido a una condici├│n falsa (False); ('$(_ShouldRemoveAspNetCoreApp)' == 'true') se evalu├│ como ('False' == 'true').
   2:6>Compilaci├│n terminada del destino "UpdateAspNetToFrameworkReference" en el proyecto "DocumentIA.Core.csproj".
       Se omiti├│ el destino "IncludeTargetingPackReference" debido a una condici├│n falsa (False); ('$(TargetFrameworkMoniker)' != '' and '$(TargetFrameworkIdentifier)' == '.NETFramework' and '$(AutomaticallyUseReferenceAssemblyPackages)' == 'true') se evalu├│ como ('.NETCoreApp,Version=v8.0' != '' and '.NETCoreApp' == '.NETFramework' and 'true' == 'true').
   2:6>Destino "CheckForImplicitPackageReferenceOverrides" en el archivo "C:\Program Files\dotnet\sdk\9.0.310\Sdks\Microsoft.NET.Sdk\targets\Microsoft.NET.Sdk.DefaultItems.Shared.targets" del proyecto "C:\temp\MVP\documento-ia-clasificacion-mvp\src\backend\DocumentIA.Core\DocumentIA.Core.csproj" (el destino "ApplyImplicitVersions" depende de ├®l):
       Usando la tarea "CheckForImplicitPackageReferenceOverrides" del ensamblado "C:\Program Files\dotnet\sdk\9.0.310\Sdks\Microsoft.NET.Sdk\targets\..\tools\net9.0\Microsoft.NET.Build.Tasks.dll".
       Tarea "CheckForImplicitPackageReferenceOverrides"
       Ejecuci├│n de la tarea "CheckForImplicitPackageReferenceOverrides" terminada.
   2:6>Compilaci├│n terminada del destino "CheckForImplicitPackageReferenceOverrides" en el proyecto "DocumentIA.Core.csproj".
   2:6>Destino "ApplyImplicitVersions" en el archivo "C:\Program Files\dotnet\sdk\9.0.310\Sdks\Microsoft.NET.Sdk\targets\Microsoft.NET.Sdk.DefaultItems.Shared.targets" del proyecto "C:\temp\MVP\documento-ia-clasificacion-mvp\src\backend\DocumentIA.Core\DocumentIA.Core.csproj" (el destino "CollectPackageReferences" depende de ├®l):
       Usando la tarea "ApplyImplicitVersions" del ensamblado "C:\Program Files\dotnet\sdk\9.0.310\Sdks\Microsoft.NET.Sdk\targets\..\tools\net9.0\Microsoft.NET.Build.Tasks.dll".
       Tarea "ApplyImplicitVersions"
       Ejecuci├│n de la tarea "ApplyImplicitVersions" terminada.
   2:6>Compilaci├│n terminada del destino "ApplyImplicitVersions" en el proyecto "DocumentIA.Core.csproj".
       Se omiti├│ el destino "CheckForImplicitPackageReferenceOverrides". Compilado previamente de forma correcta.
       Se omiti├│ el destino "AddWindowsSdkKnownFrameworkReferences" debido a una condici├│n falsa (False); ('$(TargetFrameworkIdentifier)' == '.NETCoreApp' And '$(TargetPlatformIdentifier)' == 'Windows'
                            And ('$(Language)' != 'C++' Or '$(IncludeWindowsSDKRefFrameworkReferences)' == 'true')) se evalu├│ como ('.NETCoreApp' == '.NETCoreApp' And '' == 'Windows'
                            And ('C#' != 'C++' Or '' == 'true')).
       Se omiti├│ el destino "_NormalizeTargetPlatformVersion" debido a una condici├│n falsa (False); ('$(TargetPlatformVersion)' != '' and '$(TargetFrameworkIdentifier)' == '.NETCoreApp' and $([MSBuild]::VersionGreaterThanOrEquals($(TargetFrameworkVersion), 5.0)) and ('$(Language)' != 'C++' or '$(_EnablePackageReferencesInVCProjects)' == 'true')) se evalu├│ como ('' != '' and '.NETCoreApp' == '.NETCoreApp' and True and ('C#' != 'C++' or '' == 'true')).
   2:6>Destino "_ComputeToolPackInputsToProcessFrameworkReferences" en el archivo "C:\Program Files\dotnet\sdk\9.0.310\Sdks\Microsoft.NET.Sdk\targets\Microsoft.NET.Publish.targets" del proyecto "C:\temp\MVP\documento-ia-clasificacion-mvp\src\backend\DocumentIA.Core\DocumentIA.Core.csproj" (el destino "ProcessFrameworkReferences" depende de ├®l):
   2:6>Compilaci├│n terminada del destino "_ComputeToolPackInputsToProcessFrameworkReferences" en el proyecto "DocumentIA.Core.csproj".
   2:6>Destino "ProcessFrameworkReferences" en el archivo "C:\Program Files\dotnet\sdk\9.0.310\Sdks\Microsoft.NET.Sdk\targets\Microsoft.NET.Sdk.FrameworkReferenceResolution.targets" del proyecto "C:\temp\MVP\documento-ia-clasificacion-mvp\src\backend\DocumentIA.Core\DocumentIA.Core.csproj" (el destino "CollectPackageReferences" depende de ├®l):
       Usando la tarea "CheckForDuplicateFrameworkReferences" del ensamblado "C:\Program Files\dotnet\sdk\9.0.310\Sdks\Microsoft.NET.Sdk\targets\..\tools\net9.0\Microsoft.NET.Build.Tasks.dll".
       Tarea "CheckForDuplicateFrameworkReferences"
       Ejecuci├│n de la tarea "CheckForDuplicateFrameworkReferences" terminada.
       Usando la tarea "ProcessFrameworkReferences" del ensamblado "C:\Program Files\dotnet\sdk\9.0.310\Sdks\Microsoft.NET.Sdk\targets\..\tools\net9.0\Microsoft.NET.Build.Tasks.dll".
       Tarea "ProcessFrameworkReferences"
       Ejecuci├│n de la tarea "ProcessFrameworkReferences" terminada.
       Usando la tarea "ResolveAppHosts" del ensamblado "C:\Program Files\dotnet\sdk\9.0.310\Sdks\Microsoft.NET.Sdk\targets\..\tools\net9.0\Microsoft.NET.Build.Tasks.dll".
       Tarea "ResolveAppHosts"
       Ejecuci├│n de la tarea "ResolveAppHosts" terminada.
   2:6>Compilaci├│n terminada del destino "ProcessFrameworkReferences" en el proyecto "DocumentIA.Core.csproj".
       Se omiti├│ el destino "IncludeTargetingPackReference" debido a una condici├│n falsa (False); ('$(TargetFrameworkMoniker)' != '' and '$(TargetFrameworkIdentifier)' == '.NETFramework' and '$(AutomaticallyUseReferenceAssemblyPackages)' == 'true') se evalu├│ como ('.NETCoreApp,Version=v8.0' != '' and '.NETCoreApp' == '.NETFramework' and 'true' == 'true').
       Se omiti├│ el destino "_CheckMicrosoftNetCompilersToolsetFrameworkPackageReference" debido a una condici├│n falsa (False); ('$(MSBuildRuntimeType)' == 'Full') se evalu├│ como ('Core' == 'Full').
   2:6>Destino "_CheckForObsoleteDotNetCliToolReferences" en el archivo "C:\Program Files\dotnet\sdk\9.0.310\Sdks\Microsoft.NET.Sdk\targets\Microsoft.NET.ObsoleteReferences.targets" del proyecto "C:\temp\MVP\documento-ia-clasificacion-mvp\src\backend\DocumentIA.Core\DocumentIA.Core.csproj" (el destino "CollectPackageReferences" depende de ├®l):
       Se omiti├│ la tarea "NETSdkWarning" debido a una condici├│n falsa (False); ( '%(_ReferenceToObsoleteDotNetCliTool.Identity)' != '' ) se evalu├│ como ( '' != '' ).
   2:6>Compilaci├│n terminada del destino "_CheckForObsoleteDotNetCliToolReferences" en el proyecto "DocumentIA.Core.csproj".
   2:6>Destino "CollectPackageReferences" en el archivo "C:\Program Files\dotnet\sdk\9.0.310\NuGet.targets" del proyecto "C:\temp\MVP\documento-ia-clasificacion-mvp\src\backend\DocumentIA.Core\DocumentIA.Core.csproj" (el destino "_GetRestoreProjectStyle" depende de ├®l):
       Usando la tarea "CheckForDuplicateNuGetItemsTask" del ensamblado "C:\Program Files\dotnet\sdk\9.0.310\NuGet.Build.Tasks.dll".
       Tarea "CheckForDuplicateNuGetItemsTask"
       Ejecuci├│n de la tarea "CheckForDuplicateNuGetItemsTask" terminada.
   2:6>Compilaci├│n terminada del destino "CollectPackageReferences" en el proyecto "DocumentIA.Core.csproj".
   2:6>Destino "_GetRestoreProjectStyle" en el archivo "C:\Program Files\dotnet\sdk\9.0.310\NuGet.targets" del proyecto "C:\temp\MVP\documento-ia-clasificacion-mvp\src\backend\DocumentIA.Core\DocumentIA.Core.csproj" (el destino "EnableIntermediateOutputPathMismatchWarning" depende de ├®l):
       Usando la tarea "GetRestoreProjectStyleTask" del ensamblado "C:\Program Files\dotnet\sdk\9.0.310\NuGet.Build.Tasks.dll".
       Tarea "GetRestoreProjectStyleTask"
       Ejecuci├│n de la tarea "GetRestoreProjectStyleTask" terminada.
   2:6>Compilaci├│n terminada del destino "_GetRestoreProjectStyle" en el proyecto "DocumentIA.Core.csproj".
   2:6>Destino "EnableIntermediateOutputPathMismatchWarning" en el archivo "C:\Program Files\dotnet\sdk\9.0.310\NuGet.targets" del proyecto "C:\temp\MVP\documento-ia-clasificacion-mvp\src\backend\DocumentIA.Core\DocumentIA.Core.csproj" (el destino "_CheckForInvalidConfigurationAndPlatform" depende de ├®l):
   2:6>Compilaci├│n terminada del destino "EnableIntermediateOutputPathMismatchWarning" en el proyecto "DocumentIA.Core.csproj".
       Se omiti├│ el destino "ApplyImplicitVersions". Compilado previamente de forma correcta.
       Se omiti├│ el destino "CheckForImplicitPackageReferenceOverrides". Compilado previamente de forma correcta.
   2:6>Destino "CheckForDuplicateItems" en el archivo "C:\Program Files\dotnet\sdk\9.0.310\Sdks\Microsoft.NET.Sdk\targets\Microsoft.NET.Sdk.DefaultItems.Shared.targets" del proyecto "C:\temp\MVP\documento-ia-clasificacion-mvp\src\backend\DocumentIA.Core\DocumentIA.Core.csproj" (el destino "_CheckForInvalidConfigurationAndPlatform" depende de ├®l):
       Usando la tarea "CheckForDuplicateItems" del ensamblado "C:\Program Files\dotnet\sdk\9.0.310\Sdks\Microsoft.NET.Sdk\targets\..\tools\net9.0\Microsoft.NET.Build.Tasks.dll".
       Tarea "CheckForDuplicateItems"
       Ejecuci├│n de la tarea "CheckForDuplicateItems" terminada.
       Tarea "CheckForDuplicateItems"
       Ejecuci├│n de la tarea "CheckForDuplicateItems" terminada.
       Tarea "CheckForDuplicateItems"
       Ejecuci├│n de la tarea "CheckForDuplicateItems" terminada.
   2:6>Compilaci├│n terminada del destino "CheckForDuplicateItems" en el proyecto "DocumentIA.Core.csproj".
       Se omiti├│ el destino "WarnForExplicitVersions" debido a una condici├│n falsa (False); ('@(SdkBuildWarning)' != '') se evalu├│ como ('' != '').
       Se omiti├│ el destino "_CheckForFailedSDKResolution" debido a una condici├│n falsa (False); ('$(SdkResolverHonoredGlobalJson)' == 'false') se evalu├│ como ('' == 'false').
       Se omiti├│ el destino "_WarnWhenUsingNET9AndVSPriorTo1712" debido a una condici├│n falsa (False); ($([MSBuild]::VersionLessThan($(MSBuildVersion), '17.12.0')) and '$(TargetFrameworkIdentifier)' == '.NETCoreApp' and $([MSBuild]::VersionGreaterThanOrEquals($(_TargetFrameworkVersionWithoutV), '9.0'))) se evalu├│ como (False and '.NETCoreApp' == '.NETCoreApp' and False).
       Se omiti├│ el destino "_CheckForInvalidWindowsDesktopTargetingConfiguration" debido a una condici├│n falsa (False); ('$(TargetFrameworkIdentifier)' == '.NETCoreApp' and $([MSBuild]::VersionGreaterThanOrEquals($(_TargetFrameworkVersionWithoutV), '5.0')) and ('$(UseWindowsForms)' == 'true' or '$(UseWPF)' == 'true')) se evalu├│ como ('.NETCoreApp' == '.NETCoreApp' and True and ('' == 'true' or '' == 'true')).
       Se omiti├│ el destino "_CheckForUnnecessaryWindowsDesktopSDK" debido a una condici├│n falsa (False); ('$(TargetFrameworkIdentifier)' == '.NETCoreApp' and $([MSBuild]::VersionGreaterThanOrEquals($(_TargetFrameworkVersionWithoutV), '5.0')) and '$(_MicrosoftWindowsDesktopSdkImported)' == 'true' and '$(TargetFrameworks)' == '') se evalu├│ como ('.NETCoreApp' == '.NETCoreApp' and True and '' == 'true' and '' == '').
       Se omiti├│ el destino "ProcessFrameworkReferences". Compilado previamente de forma correcta.
       Se omiti├│ el destino "IncludeTargetingPackReference" debido a una condici├│n falsa (False); ('$(TargetFrameworkMoniker)' != '' and '$(TargetFrameworkIdentifier)' == '.NETFramework' and '$(AutomaticallyUseReferenceAssemblyPackages)' == 'true') se evalu├│ como ('.NETCoreApp,Version=v8.0' != '' and '.NETCoreApp' == '.NETFramework' and 'true' == 'true').
   2:6>Destino "_CheckForInvalidConfigurationAndPlatform" en el archivo "C:\Program Files\dotnet\sdk\9.0.310\Microsoft.Common.CurrentVersion.targets" del proyecto "C:\temp\MVP\documento-ia-clasificacion-mvp\src\backend\DocumentIA.Core\DocumentIA.Core.csproj" (el destino "BeforeBuild" depende de ├®l):
       Se omiti├│ la tarea "MSBuildInternalMessage" debido a una condici├│n falsa (False); ('$(_InvalidConfigurationMessageSeverity)' != '') se evalu├│ como ('' != '').
       Tarea "Message"
         Configuration=Debug
       Ejecuci├│n de la tarea "Message" terminada.
       Tarea "Message"
         Platform=AnyCPU
       Ejecuci├│n de la tarea "Message" terminada.
       Se omiti├│ la tarea "MSBuildInternalMessage" debido a una condici├│n falsa (False); ('$(OutDir)' != '' and !HasTrailingSlash('$(OutDir)')) se evalu├│ como ('bin\Debug\net8.0\' != '' and !HasTrailingSlash('bin\Debug\net8.0\')).
       Se omiti├│ la tarea "MSBuildInternalMessage" debido a una condici├│n falsa (False); ('$(IntermediateOutputPath)' != '' and !HasTrailingSlash('$(IntermediateOutputPath)')) se evalu├│ como ('obj\Debug\net8.0\' != '' and !HasTrailingSlash('obj\Debug\net8.0\')).
       Se omiti├│ la tarea "MSBuildInternalMessage" debido a una condici├│n falsa (False); ('$(BaseIntermediateOutputPath)' != '' and !HasTrailingSlash('$(BaseIntermediateOutputPath)')) se evalu├│ como ('obj\' != '' and !HasTrailingSlash('obj\')).
       Se omiti├│ la tarea "MSBuildInternalMessage" debido a una condici├│n falsa (False); ( '$(Prefer32Bit)' == 'true' and '$(PreferNativeArm64)' == 'true' ) se evalu├│ como ( 'false' == 'true' and 'false' == 'true' ).
       Se omiti├│ la tarea "MSBuildInternalMessage" debido a una condici├│n falsa (False); ( '$(NoWin32Manifest)' == 'true' and '$(PreferNativeArm64)' == 'true' ) se evalu├│ como ( '' == 'true' and 'false' == 'true' ).
       Se omiti├│ la tarea "MSBuildInternalMessage" debido a una condici├│n falsa (False); ( '$(PreferNativeArm64)' == 'true' and '$(Platform)' != 'AnyCPU' ) se evalu├│ como ( 'false' == 'true' and 'AnyCPU' != 'AnyCPU' ).
       Se omiti├│ la tarea "MSBuildInternalMessage" debido a una condici├│n falsa (False); ( '$(_InitialMSBuildProjectExtensionsPath)' != '' And '$(MSBuildProjectExtensionsPath)' != '$(_InitialMSBuildProjectExtensionsPath)' ) se evalu├│ como ( 'C:\temp\MVP\documento-ia-clasificacion-mvp\src\backend\DocumentIA.Core\obj\' != '' And 'C:\temp\MVP\documento-ia-clasificacion-mvp\src\backend\DocumentIA.Core\obj\' != 'C:\temp\MVP\documento-ia-clasificacion-mvp\src\backend\DocumentIA.Core\obj\' ).
       Se omiti├│ la tarea "MSBuildInternalMessage" debido a una condici├│n falsa (False); ( '$(EnableBaseIntermediateOutputPathMismatchWarning)' == 'true' And '$(_InitialBaseIntermediateOutputPath)' != '$(BaseIntermediateOutputPath)' And '$(BaseIntermediateOutputPath)' != '$(MSBuildProjectExtensionsPath)' ) se evalu├│ como ( 'true' == 'true' And 'obj\' != 'obj\' And 'obj\' != 'C:\temp\MVP\documento-ia-clasificacion-mvp\src\backend\DocumentIA.Core\obj\' ).
   2:6>Compilaci├│n terminada del destino "_CheckForInvalidConfigurationAndPlatform" en el proyecto "DocumentIA.Core.csproj".
   2:6>Destino "ValidateCommandLineProperties" en el archivo "C:\Program Files\dotnet\sdk\9.0.310\Sdks\Microsoft.NET.Sdk\targets\Microsoft.NET.Sdk.targets" del proyecto "C:\temp\MVP\documento-ia-clasificacion-mvp\src\backend\DocumentIA.Core\DocumentIA.Core.csproj" (el destino "BeforeBuild" depende de ├®l):
   2:6>Compilaci├│n terminada del destino "ValidateCommandLineProperties" en el proyecto "DocumentIA.Core.csproj".
   2:6>Destino "BeforeBuild" en el archivo "C:\Program Files\dotnet\sdk\9.0.310\Microsoft.Common.CurrentVersion.targets" del proyecto "C:\temp\MVP\documento-ia-clasificacion-mvp\src\backend\DocumentIA.Core\DocumentIA.Core.csproj" (el destino "Build" depende de ├®l):
   2:6>Compilaci├│n terminada del destino "BeforeBuild" en el proyecto "DocumentIA.Core.csproj".
       Se omiti├│ el destino "_CheckForBuildWithNoBuild" debido a una condici├│n falsa (False); ('$(NoBuild)' == 'true' and '$(GeneratePackageOnBuild)' != 'true') se evalu├│ como ('' == 'true' and 'false' != 'true').
   2:6>Destino "BuildOnlySettings" en el archivo "C:\Program Files\dotnet\sdk\9.0.310\Microsoft.Common.CurrentVersion.targets" del proyecto "C:\temp\MVP\documento-ia-clasificacion-mvp\src\backend\DocumentIA.Core\DocumentIA.Core.csproj" (el destino "CoreBuild" depende de ├®l):
       C:\Program Files\dotnet\sdk\9.0.310\Microsoft.Common.CurrentVersion.targets(1168,7): message : Reasignaci├│n de propiedad: $(BuildingProject)="true" (valor anterior: "false") en C:\Program Files\dotnet\sdk\9.0.310\Microsoft.Common.CurrentVersion.targets (1168,7) [C:\temp\MVP\documento-ia-clasificacion-mvp\src\backend\DocumentIA.Core\DocumentIA.Core.csproj]
   2:6>Compilaci├│n terminada del destino "BuildOnlySettings" en el proyecto "DocumentIA.Core.csproj".
       Se omiti├│ el destino "_CheckForUnsupportedTargetFramework" debido a una condici├│n falsa (False); ('$(_UnsupportedTargetFrameworkError)' == 'true') se evalu├│ como ('' == 'true').
       Se omiti├│ el destino "_CheckForUnsupportedTargetPlatformIdentifier" debido a una condici├│n falsa (False); ('$(TargetPlatformIdentifier)' != '' and '$(TargetFrameworkIdentifier)' == '.NETCoreApp' and $([MSBuild]::VersionGreaterThanOrEquals($(TargetFrameworkVersion), 5.0)) And ('$(DesignTimeBuild)' != 'true' Or '@(MissingWorkloadPack)' == '')) se evalu├│ como ('' != '' and '.NETCoreApp' == '.NETCoreApp' and True And ('' != 'true' Or '' == '')).
       Se omiti├│ el destino "_CheckForMissingWorkload" debido a una condici├│n falsa (False); ('@(MissingWorkloadPack)' != '' And '$(DesignTimeBuild)' != 'true') se evalu├│ como ('' != '' And '' != 'true').
   2:6>Destino "GetFrameworkPaths" en el archivo "C:\Program Files\dotnet\sdk\9.0.310\Sdks\Microsoft.NET.Sdk\targets\Microsoft.NET.DisableStandardFrameworkResolution.targets" del proyecto "C:\temp\MVP\documento-ia-clasificacion-mvp\src\backend\DocumentIA.Core\DocumentIA.Core.csproj" (el destino "PrepareForBuild" depende de ├®l):
   2:6>Compilaci├│n terminada del destino "GetFrameworkPaths" en el proyecto "DocumentIA.Core.csproj".
       Se omiti├│ el destino "_CheckForUnsupportedTargetFramework" debido a una condici├│n falsa (False); ('$(_UnsupportedTargetFrameworkError)' == 'true') se evalu├│ como ('' == 'true').
       Se omiti├│ el destino "_CheckForUnsupportedTargetPlatformIdentifier" debido a una condici├│n falsa (False); ('$(TargetPlatformIdentifier)' != '' and '$(TargetFrameworkIdentifier)' == '.NETCoreApp' and $([MSBuild]::VersionGreaterThanOrEquals($(TargetFrameworkVersion), 5.0)) And ('$(DesignTimeBuild)' != 'true' Or '@(MissingWorkloadPack)' == '')) se evalu├│ como ('' != '' and '.NETCoreApp' == '.NETCoreApp' and True And ('' != 'true' Or '' == '')).
       Se omiti├│ el destino "_CheckForMissingWorkload" debido a una condici├│n falsa (False); ('@(MissingWorkloadPack)' != '' And '$(DesignTimeBuild)' != 'true') se evalu├│ como ('' != '' And '' != 'true').
   2:6>Destino "GetReferenceAssemblyPaths" en el archivo "C:\Program Files\dotnet\sdk\9.0.310\Sdks\Microsoft.NET.Sdk\targets\Microsoft.NET.DisableStandardFrameworkResolution.targets" del proyecto "C:\temp\MVP\documento-ia-clasificacion-mvp\src\backend\DocumentIA.Core\DocumentIA.Core.csproj" (el destino "PrepareForBuild" depende de ├®l):
   2:6>Compilaci├│n terminada del destino "GetReferenceAssemblyPaths" en el proyecto "DocumentIA.Core.csproj".
       Se omiti├│ el destino "AssignLinkMetadata" debido a una condici├│n falsa (False); ( '$(SynthesizeLinkMetadata)' == 'true' ) se evalu├│ como ( '' == 'true' ).
       Se omiti├│ el destino "_VerifyPackReleaseConfigurations" debido a una condici├│n falsa (False); ('$(_IsPacking)' == 'true' and '$(DOTNET_CLI_DISABLE_PUBLISH_AND_PACK_RELEASE)' != 'true' and '$(DOTNET_CLI_LAZY_PUBLISH_AND_PACK_RELEASE_FOR_SOLUTIONS)' == 'true') se evalu├│ como ('' == 'true' and '' != 'true' and '' == 'true').
   2:6>Destino "PrepareForBuild" en el archivo "C:\Program Files\dotnet\sdk\9.0.310\Microsoft.Common.CurrentVersion.targets" del proyecto "C:\temp\MVP\documento-ia-clasificacion-mvp\src\backend\DocumentIA.Core\DocumentIA.Core.csproj" (el destino "CoreBuild" depende de ├®l):
       Tarea "FindAppConfigFile"
       Ejecuci├│n de la tarea "FindAppConfigFile" terminada.
       Tarea "MakeDir"
       Ejecuci├│n de la tarea "MakeDir" terminada.
   2:6>Compilaci├│n terminada del destino "PrepareForBuild" en el proyecto "DocumentIA.Core.csproj".
       Se omiti├│ el destino "GenerateTargetPlatformDefineConstants" debido a una condici├│n falsa (False); ( '$(DisableImplicitFrameworkDefines)' != 'true' and '$(TargetPlatformIdentifier)' != '' and '$(TargetFrameworkIdentifier)' == '.NETCoreApp' and $([MSBuild]::VersionGreaterThanOrEquals($(TargetFrameworkVersion), 5.0)) ) se evalu├│ como ( '' != 'true' and '' != '' and '.NETCoreApp' == '.NETCoreApp' and True ).
   2:6>Destino "GenerateNETCompatibleDefineConstants" en el archivo "C:\Program Files\dotnet\sdk\9.0.310\Sdks\Microsoft.NET.Sdk\targets\Microsoft.NET.Sdk.BeforeCommon.targets" del proyecto "C:\temp\MVP\documento-ia-clasificacion-mvp\src\backend\DocumentIA.Core\DocumentIA.Core.csproj" (el destino "AddImplicitDefineConstants" depende de ├®l):
   2:6>Compilaci├│n terminada del destino "GenerateNETCompatibleDefineConstants" en el proyecto "DocumentIA.Core.csproj".
       Se omiti├│ el destino "GeneratePlatformCompatibleDefineConstants" debido a una condici├│n falsa (False); ( '$(DisableImplicitFrameworkDefines)' != 'true' and '$(TargetPlatformIdentifier)' != '' and '$(TargetFrameworkIdentifier)' == '.NETCoreApp' and $([MSBuild]::VersionGreaterThanOrEquals($(TargetFrameworkVersion), 5.0)) ) se evalu├│ como ( '' != 'true' and '' != '' and '.NETCoreApp' == '.NETCoreApp' and True ).
       Se omiti├│ el destino "_DisableDiagnosticTracing" debido a una condici├│n falsa (False); ('$(DisableDiagnosticTracing)' == 'true') se evalu├│ como ('' == 'true').
   2:6>Destino "AddImplicitDefineConstants" en el archivo "C:\Program Files\dotnet\sdk\9.0.310\Sdks\Microsoft.NET.Sdk\targets\Microsoft.NET.Sdk.BeforeCommon.targets" del proyecto "C:\temp\MVP\documento-ia-clasificacion-mvp\src\backend\DocumentIA.Core\DocumentIA.Core.csproj" (el destino "CoreBuild" depende de ├®l):
       C:\Program Files\dotnet\sdk\9.0.310\Sdks\Microsoft.NET.Sdk\targets\Microsoft.NET.Sdk.BeforeCommon.targets(267,7): message : Reasignaci├│n de propiedad: $(DefineConstants)="TRACE;DEBUG;NET;NET8_0;NETCOREAPP;NET5_0_OR_GREATER;NET6_0_OR_GREATER;NET7_0_OR_GREATER;NET8_0_OR_GREATER;NETCOREAPP1_0_OR_GREATER;NETCOREAPP1_1_OR_GREATER;NETCOREAPP2_0_OR_GREATER;NETCOREAPP2_1_OR_GREATER;NETCOREAPP2_2_OR_GREATER;NETCOREAPP3_0_OR_GREATER;NETCOREAPP3_1_OR_GREATER" (valor anterior: "TRACE;DEBUG;NET;NET8_0;NETCOREAPP") en C:\Program Files\dotnet\sdk\9.0.310\Sdks\Microsoft.NET.Sdk\targets\Microsoft.NET.Sdk.BeforeCommon.targets (267,7) [C:\temp\MVP\documento-ia-clasificacion-mvp\src\backend\DocumentIA.Core\DocumentIA.Core.csproj]
   2:6>Compilaci├│n terminada del destino "AddImplicitDefineConstants" en el proyecto "DocumentIA.Core.csproj".
   2:6>Destino "GenerateGlobalUsings" en el archivo "C:\Program Files\dotnet\sdk\9.0.310\Sdks\Microsoft.NET.Sdk\targets\Microsoft.NET.GenerateGlobalUsings.targets" del proyecto "C:\temp\MVP\documento-ia-clasificacion-mvp\src\backend\DocumentIA.Core\DocumentIA.Core.csproj" (el destino "CoreBuild" depende de ├®l):
       Usando la tarea "GenerateGlobalUsings" del ensamblado "C:\Program Files\dotnet\sdk\9.0.310\Sdks\Microsoft.NET.Sdk\targets\..\tools\net9.0\Microsoft.NET.Build.Tasks.dll".
       Tarea "GenerateGlobalUsings"
       Ejecuci├│n de la tarea "GenerateGlobalUsings" terminada.
       Tarea "WriteLinesToFile"
         Omitiendo la escritura en el archivo "obj\Debug\net8.0\DocumentIA.Core.GlobalUsings.g.cs" porque el contenido no cambiar├í.
       Ejecuci├│n de la tarea "WriteLinesToFile" terminada.
   2:6>Compilaci├│n terminada del destino "GenerateGlobalUsings" en el proyecto "DocumentIA.Core.csproj".
       Se omiti├│ el destino "PreBuildEvent" debido a una condici├│n falsa (False); ('$(PreBuildEvent)'!='') se evalu├│ como (''!='').
   2:6>Destino "BeforeResolveReferences" en el archivo "C:\Program Files\dotnet\sdk\9.0.310\Microsoft.Common.CurrentVersion.targets" del proyecto "C:\temp\MVP\documento-ia-clasificacion-mvp\src\backend\DocumentIA.Core\DocumentIA.Core.csproj" (el destino "ResolveReferences" depende de ├®l):
   2:6>Compilaci├│n terminada del destino "BeforeResolveReferences" en el proyecto "DocumentIA.Core.csproj".
       Se omiti├│ el destino "AssignProjectConfiguration" debido a una condici├│n falsa (False); ('$(CurrentSolutionConfigurationContents)' != '' or '@(ProjectReference)'!='') se evalu├│ como ('' != '' or ''!='').
   2:6>Destino "IgnoreJavaScriptOutputAssembly" en el archivo "C:\Program Files\dotnet\sdk\9.0.310\Microsoft.Common.CurrentVersion.targets" del proyecto "C:\temp\MVP\documento-ia-clasificacion-mvp\src\backend\DocumentIA.Core\DocumentIA.Core.csproj" (el destino "AssignProjectConfiguration" depende de ├®l):
   2:6>Compilaci├│n terminada del destino "IgnoreJavaScriptOutputAssembly" en el proyecto "DocumentIA.Core.csproj".
       Se omiti├│ el destino "ProcessFrameworkReferences". Compilado previamente de forma correcta.
   2:6>Destino "_DefaultMicrosoftNETPlatformLibrary" en el archivo "C:\Program Files\dotnet\sdk\9.0.310\Sdks\Microsoft.NET.Sdk\targets\Microsoft.NET.Sdk.Shared.targets" del proyecto "C:\temp\MVP\documento-ia-clasificacion-mvp\src\backend\DocumentIA.Core\DocumentIA.Core.csproj" (el destino "ResolvePackageAssets" depende de ├®l):
   2:6>Compilaci├│n terminada del destino "_DefaultMicrosoftNETPlatformLibrary" en el proyecto "DocumentIA.Core.csproj".
   2:6>Destino "_ComputePackageReferencePublish" en el archivo "C:\Program Files\dotnet\sdk\9.0.310\Sdks\Microsoft.NET.Sdk\targets\Microsoft.NET.Sdk.Shared.targets" del proyecto "C:\temp\MVP\documento-ia-clasificacion-mvp\src\backend\DocumentIA.Core\DocumentIA.Core.csproj" (el destino "ResolvePackageAssets" depende de ├®l):
   2:6>Compilaci├│n terminada del destino "_ComputePackageReferencePublish" en el proyecto "DocumentIA.Core.csproj".
       Se omiti├│ el destino "_ResolveCompilerVersion" debido a una condici├│n falsa (False); ('$(CompilerApiVersion)' == '' And
                            ('$(Language)' == 'C#' Or '$(Language)' == 'VB') And
                            Exists('$(RoslynTargetsPath)\Microsoft.Build.Tasks.CodeAnalysis.dll')) se evalu├│ como ('roslyn4.14' == '' And
                            ('C#' == 'C#' Or 'C#' == 'VB') And
                            Exists('C:\Program Files\dotnet\sdk\9.0.310\Roslyn\Microsoft.Build.Tasks.CodeAnalysis.dll')).
   2:6>Destino "ResolvePackageAssets" en el archivo "C:\Program Files\dotnet\sdk\9.0.310\Sdks\Microsoft.NET.Sdk\targets\Microsoft.PackageDependencyResolution.targets" del proyecto "C:\temp\MVP\documento-ia-clasificacion-mvp\src\backend\DocumentIA.Core\DocumentIA.Core.csproj" (el destino "ResolveLockFileReferences" depende de ├®l):
       Usando la tarea "ResolvePackageAssets" del ensamblado "C:\Program Files\dotnet\sdk\9.0.310\Sdks\Microsoft.NET.Sdk\targets\..\tools\net9.0\Microsoft.NET.Build.Tasks.dll".
       Tarea "ResolvePackageAssets"
       Ejecuci├│n de la tarea "ResolvePackageAssets" terminada.
   2:6>Compilaci├│n terminada del destino "ResolvePackageAssets" en el proyecto "DocumentIA.Core.csproj".
       Se omiti├│ el destino "AdjustDefaultPlatformTargetForNetFrameworkExeWithNoNativeCopyLocalItems" debido a una condici├│n falsa (False); ('$(_UsingDefaultPlatformTarget)' == 'true' and
                            '$(_UsingDefaultRuntimeIdentifier)' == 'true') se evalu├│ como ('true' == 'true' and
                            '' == 'true').
       Se omiti├│ el destino "_CheckForTransitiveWindowsDesktopDependencies" debido a una condici├│n falsa (False); ('$(TargetFrameworkIdentifier)' == '.NETCoreApp' and $([MSBuild]::VersionGreaterThanOrEquals($(_TargetFrameworkVersionWithoutV), '5.0')) and '$(TargetPlatformIdentifier)' != 'Windows' and '@(TransitiveFrameworkReference)' != '') se evalu├│ como ('.NETCoreApp' == '.NETCoreApp' and True and '' != 'Windows' and '' != '').
       Se omiti├│ el destino "AddTransitiveFrameworkReferences" debido a una condici├│n falsa (False); ('@(TransitiveFrameworkReference)' != '') se evalu├│ como ('' != '').
   2:6>Destino "ResolveLockFileReferences" en el archivo "C:\Program Files\dotnet\sdk\9.0.310\Sdks\Microsoft.NET.Sdk\targets\Microsoft.PackageDependencyResolution.targets" del proyecto "C:\temp\MVP\documento-ia-clasificacion-mvp\src\backend\DocumentIA.Core\DocumentIA.Core.csproj" (el destino "ResolvePackageDependenciesForBuild" depende de ├®l):
       Usando la tarea "JoinItems" del ensamblado "C:\Program Files\dotnet\sdk\9.0.310\Sdks\Microsoft.NET.Sdk\targets\..\tools\net9.0\Microsoft.NET.Build.Tasks.dll".
       Tarea "JoinItems"
       Ejecuci├│n de la tarea "JoinItems" terminada.
   2:6>Compilaci├│n terminada del destino "ResolveLockFileReferences" en el proyecto "DocumentIA.Core.csproj".
       Se omiti├│ el destino "ResolvePackageAssets". Compilado previamente de forma correcta.
   2:6>Destino "ResolveLockFileAnalyzers" en el archivo "C:\Program Files\dotnet\sdk\9.0.310\Sdks\Microsoft.NET.Sdk\targets\Microsoft.PackageDependencyResolution.targets" del proyecto "C:\temp\MVP\documento-ia-clasificacion-mvp\src\backend\DocumentIA.Core\DocumentIA.Core.csproj" (el destino "ResolvePackageDependenciesForBuild" depende de ├®l):
   2:6>Compilaci├│n terminada del destino "ResolveLockFileAnalyzers" en el proyecto "DocumentIA.Core.csproj".
       Se omiti├│ el destino "ResolvePackageAssets". Compilado previamente de forma correcta.
       Se omiti├│ el destino "RunProduceContentAssets" debido a una condici├│n falsa (False); ('@(_ContentFilesToPreprocess)' != '' and '$(_CleaningWithoutRebuilding)' != 'true') se evalu├│ como ('' != '' and '' != 'true').
   2:6>Destino "ResolveLockFileCopyLocalFiles" en el archivo "C:\Program Files\dotnet\sdk\9.0.310\Sdks\Microsoft.NET.Sdk\targets\Microsoft.PackageDependencyResolution.targets" del proyecto "C:\temp\MVP\documento-ia-clasificacion-mvp\src\backend\DocumentIA.Core\DocumentIA.Core.csproj" (el destino "ResolvePackageDependenciesForBuild" depende de ├®l):
   2:6>Compilaci├│n terminada del destino "ResolveLockFileCopyLocalFiles" en el proyecto "DocumentIA.Core.csproj".
       Se omiti├│ el destino "ResolveRuntimePackAssets" debido a una condici├│n falsa (False); ('@(RuntimePack)' != '') se evalu├│ como ('' != '').
       Se omiti├│ el destino "RunProduceContentAssets" debido a una condici├│n falsa (False); ('@(_ContentFilesToPreprocess)' != '' and '$(_CleaningWithoutRebuilding)' != 'true') se evalu├│ como ('' != '' and '' != 'true').
       Se omiti├│ el destino "ResolvePackageAssets". Compilado previamente de forma correcta.
   2:6>Destino "IncludeTransitiveProjectReferences" en el archivo "C:\Program Files\dotnet\sdk\9.0.310\Sdks\Microsoft.NET.Sdk\targets\Microsoft.PackageDependencyResolution.targets" del proyecto "C:\temp\MVP\documento-ia-clasificacion-mvp\src\backend\DocumentIA.Core\DocumentIA.Core.csproj" (el destino "ResolvePackageDependenciesForBuild" depende de ├®l):
   2:6>Compilaci├│n terminada del destino "IncludeTransitiveProjectReferences" en el proyecto "DocumentIA.Core.csproj".
   2:6>Destino "ResolvePackageDependenciesForBuild" en el archivo "C:\Program Files\dotnet\sdk\9.0.310\Sdks\Microsoft.NET.Sdk\targets\Microsoft.PackageDependencyResolution.targets" del proyecto "C:\temp\MVP\documento-ia-clasificacion-mvp\src\backend\DocumentIA.Core\DocumentIA.Core.csproj" (el destino "AssignProjectConfiguration" depende de ├®l):
   2:6>Compilaci├│n terminada del destino "ResolvePackageDependenciesForBuild" en el proyecto "DocumentIA.Core.csproj".
       Se omiti├│ el destino "_System_Text_JsonAnalyzerMultiTargeting" debido a una condici├│n falsa (False); ('$(SupportsRoslynComponentVersioning)' != 'true') se evalu├│ como ('true' != 'true').
       Se omiti├│ el destino "_System_Text_JsonRemoveAnalyzers" debido a una condici├│n falsa (False); ('$(DisableSystemTextJsonSourceGenerator)' == 'true') se evalu├│ como ('' == 'true').
       Se omiti├│ el destino "_Microsoft_Extensions_Logging_AbstractionsAnalyzerMultiTargeting" debido a una condici├│n falsa (False); ('$(SupportsRoslynComponentVersioning)' != 'true') se evalu├│ como ('true' != 'true').
       Se omiti├│ el destino "_Microsoft_Extensions_Logging_AbstractionsRemoveAnalyzers" debido a una condici├│n falsa (False); ('$(DisableMicrosoftExtensionsLoggingSourceGenerator)' == 'true') se evalu├│ como ('' == 'true').
       Se omiti├│ el destino "AssignProjectConfiguration" debido a una condici├│n falsa (False); ('$(CurrentSolutionConfigurationContents)' != '' or '@(ProjectReference)'!='') se evalu├│ como ('' != '' or ''!='').
   2:6>Destino "_SplitProjectReferencesByFileExistence" en el archivo "C:\Program Files\dotnet\sdk\9.0.310\Microsoft.Common.CurrentVersion.targets" del proyecto "C:\temp\MVP\documento-ia-clasificacion-mvp\src\backend\DocumentIA.Core\DocumentIA.Core.csproj" (el destino "PrepareProjectReferences" depende de ├®l):
       Se omiti├│ la tarea "ResolveNonMSBuildProjectOutput" debido a una condici├│n falsa (False); ('$(BuildingInsideVisualStudio)'=='true' and '@(ProjectReferenceWithConfiguration)'!='') se evalu├│ como (''=='true' and ''!='').
   2:6>Compilaci├│n terminada del destino "_SplitProjectReferencesByFileExistence" en el proyecto "DocumentIA.Core.csproj".
   2:6>Destino "_AddOutputPathToGlobalPropertiesToRemove" en el archivo "C:\Program Files\dotnet\sdk\9.0.310\Microsoft.Common.CurrentVersion.targets" del proyecto "C:\temp\MVP\documento-ia-clasificacion-mvp\src\backend\DocumentIA.Core\DocumentIA.Core.csproj" (el destino "_GetProjectReferenceTargetFrameworkProperties" depende de ├®l):
   2:6>Compilaci├│n terminada del destino "_AddOutputPathToGlobalPropertiesToRemove" en el proyecto "DocumentIA.Core.csproj".
   2:6>Destino "_GetProjectReferenceTargetFrameworkProperties" en el archivo "C:\Program Files\dotnet\sdk\9.0.310\Microsoft.Common.CurrentVersion.targets" del proyecto "C:\temp\MVP\documento-ia-clasificacion-mvp\src\backend\DocumentIA.Core\DocumentIA.Core.csproj" (el destino "PrepareProjectReferences" depende de ├®l):
       Tarea "MSBuild"
       Ejecuci├│n de la tarea "MSBuild" terminada.
       Se omiti├│ la tarea "MSBuild" debido a una condici├│n falsa (False); ('%(_MSBuildProjectReferenceExistent.SkipGetTargetFrameworkProperties)' != 'true' and '$(EnableDynamicPlatformResolution)' == 'true') se evalu├│ como ('' != 'true' and '' == 'true').
       Se omiti├│ la tarea "GetReferenceNearestTargetFrameworkTask" debido a una condici├│n falsa (False); ('@(_ProjectReferenceTargetFrameworkPossibilities)' != '' and '$(ReferringTargetFrameworkForProjectReferences)' != ''
                                                               And '$(GetReferenceNearestTargetFrameworkTaskSupportsTargetPlatformParameter)' == 'true' and '%(_ProjectReferenceTargetFrameworkPossibilities.IsVcxOrNativeProj)' != 'true') se evalu├│ como ('' != '' and '.NETCoreApp,Version=v8.0' != ''
                                                               And 'true' == 'true' and '' != 'true').
       Se omiti├│ la tarea "GetReferenceNearestTargetFrameworkTask" debido a una condici├│n falsa (False); ('@(_ProjectReferenceTargetFrameworkPossibilities)' != '' and '$(ReferringTargetFrameworkForProjectReferences)' != ''
                                                               And '$(GetReferenceNearestTargetFrameworkTaskSupportsTargetPlatformParameter)' != 'true' and '%(_ProjectReferenceTargetFrameworkPossibilities.IsVcxOrNativeProj)' != 'true') se evalu├│ como ('' != '' and '.NETCoreApp,Version=v8.0' != ''
                                                               And 'true' != 'true' and '' != 'true').
       Tarea "SetRidAgnosticValueForProjects"
       Ejecuci├│n de la tarea "SetRidAgnosticValueForProjects" terminada.
   2:6>Compilaci├│n terminada del destino "_GetProjectReferenceTargetFrameworkProperties" en el proyecto "DocumentIA.Core.csproj".
   2:6>Destino "ValidateExecutableReferences" en el archivo "C:\Program Files\dotnet\sdk\9.0.310\Sdks\Microsoft.NET.Sdk\targets\Microsoft.NET.Sdk.targets" del proyecto "C:\temp\MVP\documento-ia-clasificacion-mvp\src\backend\DocumentIA.Core\DocumentIA.Core.csproj" (el destino "PrepareProjectReferences" depende de ├®l):
       Usando la tarea "ValidateExecutableReferences" del ensamblado "C:\Program Files\dotnet\sdk\9.0.310\Sdks\Microsoft.NET.Sdk\targets\..\tools\net9.0\Microsoft.NET.Build.Tasks.dll".
       Tarea "ValidateExecutableReferences"
       Ejecuci├│n de la tarea "ValidateExecutableReferences" terminada.
   2:6>Compilaci├│n terminada del destino "ValidateExecutableReferences" en el proyecto "DocumentIA.Core.csproj".
       Se omiti├│ el destino "_GetProjectReferencePlatformProperties" debido a una condici├│n falsa (False); ('$(EnableDynamicPlatformResolution)' == 'true'
                            and '@(_MSBuildProjectReferenceExistent)' != '') se evalu├│ como ('' == 'true'
                            and '' != '').
   2:6>Destino "PrepareProjectReferences" en el archivo "C:\Program Files\dotnet\sdk\9.0.310\Microsoft.Common.CurrentVersion.targets" del proyecto "C:\temp\MVP\documento-ia-clasificacion-mvp\src\backend\DocumentIA.Core\DocumentIA.Core.csproj" (el destino "ResolveProjectReferences" depende de ├®l):
   2:6>Compilaci├│n terminada del destino "PrepareProjectReferences" en el proyecto "DocumentIA.Core.csproj".
   2:6>Destino "ResolveProjectReferences" en el archivo "C:\Program Files\dotnet\sdk\9.0.310\Microsoft.Common.CurrentVersion.targets" del proyecto "C:\temp\MVP\documento-ia-clasificacion-mvp\src\backend\DocumentIA.Core\DocumentIA.Core.csproj" (el destino "ResolveReferences" depende de ├®l):
       Se omiti├│ la tarea "MSBuild" debido a una condici├│n falsa (False); ('%(_MSBuildProjectReferenceExistent.BuildReference)' == 'true' and '@(ProjectReferenceWithConfiguration)' != '' and ('$(BuildingInsideVisualStudio)' == 'true' or '$(BuildProjectReferences)' != 'true') and '$(VisualStudioVersion)' != '10.0' and '@(_MSBuildProjectReferenceExistent)' != '') se evalu├│ como ('' == 'true' and '' != '' and ('' == 'true' or 'true' != 'true') and '17.0' != '10.0' and '' != '').
       Se omiti├│ la tarea "MSBuild" debido a una condici├│n falsa (False); ('%(_MSBuildProjectReferenceExistent.BuildReference)' == 'true' and '@(ProjectReferenceWithConfiguration)' != '' and '$(BuildingInsideVisualStudio)' != 'true' and '$(BuildProjectReferences)' == 'true' and '@(_MSBuildProjectReferenceExistent)' != '') se evalu├│ como ('' == 'true' and '' != '' and '' != 'true' and 'true' == 'true' and '' != '').
       Se omiti├│ la tarea "MSBuild" debido a una condici├│n falsa (False); ('%(_MSBuildProjectReferenceExistent.BuildReference)' == 'true' and '@(ProjectReferenceWithConfiguration)' != '' and '$(BuildingProject)' == 'true' and '@(_MSBuildProjectReferenceExistent)' != '') se evalu├│ como ('' == 'true' and '' != '' and 'true' == 'true' and '' != '').
       Se omiti├│ la tarea "MSBuildInternalMessage" debido a una condici├│n falsa (False); ('$(_NonExistentProjectReferenceSeverity)' != '') se evalu├│ como ('' != '').
   2:6>Compilaci├│n terminada del destino "ResolveProjectReferences" en el proyecto "DocumentIA.Core.csproj".
       Se omiti├│ el destino "FindInvalidProjectReferences" debido a una condici├│n falsa (False); ('$(FindInvalidProjectReferences)' == 'true') se evalu├│ como ('' == 'true').
       Se omiti├│ el destino "ResolveNativeReferences" debido a una condici├│n falsa (False); ('@(NativeReference)'!='') se evalu├│ como (''!='').
       Se omiti├│ el destino "ResolveProjectReferences". Compilado previamente de forma correcta.
       Se omiti├│ el destino "FindInvalidProjectReferences" debido a una condici├│n falsa (False); ('$(FindInvalidProjectReferences)' == 'true') se evalu├│ como ('' == 'true').
       Se omiti├│ el destino "GetFrameworkPaths". Compilado previamente de forma correcta.
       Se omiti├│ el destino "GetReferenceAssemblyPaths". Compilado previamente de forma correcta.
       Se omiti├│ el destino "PrepareForBuild". Compilado previamente de forma correcta.
       Se omiti├│ el destino "GetInstalledSDKLocations" debido a una condici├│n falsa (False); ('@(SDKReference)' != '') se evalu├│ como ('' != '').
   2:6>Destino "ResolveSDKReferences" en el archivo "C:\Program Files\dotnet\sdk\9.0.310\Microsoft.Common.CurrentVersion.targets" del proyecto "C:\temp\MVP\documento-ia-clasificacion-mvp\src\backend\DocumentIA.Core\DocumentIA.Core.csproj" (el destino "ResolveAssemblyReferences" depende de ├®l):
       Se omiti├│ la tarea "ResolveSDKReference" debido a una condici├│n falsa (False); ('@(SDKReference)'!='') se evalu├│ como (''!='').
   2:6>Compilaci├│n terminada del destino "ResolveSDKReferences" en el proyecto "DocumentIA.Core.csproj".
       Se omiti├│ el destino "ResolveSDKReferences". Compilado previamente de forma correcta.
   2:6>Destino "ExpandSDKReferences" en el archivo "C:\Program Files\dotnet\sdk\9.0.310\Microsoft.Common.CurrentVersion.targets" del proyecto "C:\temp\MVP\documento-ia-clasificacion-mvp\src\backend\DocumentIA.Core\DocumentIA.Core.csproj" (el destino "ResolveAssemblyReferences" depende de ├®l):
       Se omiti├│ la tarea "GetSDKReferenceFiles" debido a una condici├│n falsa (False); ('@(ResolvedSDKReference)'!='') se evalu├│ como (''!='').
   2:6>Compilaci├│n terminada del destino "ExpandSDKReferences" en el proyecto "DocumentIA.Core.csproj".
       Se omiti├│ el destino "ResolvePackageDependenciesForBuild". Compilado previamente de forma correcta.
       Se omiti├│ el destino "GetFrameworkPaths". Compilado previamente de forma correcta.
       Se omiti├│ el destino "GetReferenceAssemblyPaths". Compilado previamente de forma correcta.
       Se omiti├│ el destino "ProcessFrameworkReferences". Compilado previamente de forma correcta.
       Se omiti├│ el destino "ResolvePackageAssets". Compilado previamente de forma correcta.
   2:6>Destino "ResolveFrameworkReferences" en el archivo "C:\Program Files\dotnet\sdk\9.0.310\Sdks\Microsoft.NET.Sdk\targets\Microsoft.NET.Sdk.FrameworkReferenceResolution.targets" del proyecto "C:\temp\MVP\documento-ia-clasificacion-mvp\src\backend\DocumentIA.Core\DocumentIA.Core.csproj" (el destino "ResolveTargetingPackAssets" depende de ├®l):
       Usando la tarea "GetPackageDirectory" del ensamblado "C:\Program Files\dotnet\sdk\9.0.310\Sdks\Microsoft.NET.Sdk\targets\..\tools\net9.0\Microsoft.NET.Build.Tasks.dll".
       Tarea "GetPackageDirectory"
       Ejecuci├│n de la tarea "GetPackageDirectory" terminada.
       Tarea "GetPackageDirectory"
       Ejecuci├│n de la tarea "GetPackageDirectory" terminada.
       Tarea "GetPackageDirectory"
       Ejecuci├│n de la tarea "GetPackageDirectory" terminada.
       Tarea "GetPackageDirectory"
       Ejecuci├│n de la tarea "GetPackageDirectory" terminada.
       Tarea "GetPackageDirectory"
       Ejecuci├│n de la tarea "GetPackageDirectory" terminada.
       Tarea "GetPackageDirectory"
       Ejecuci├│n de la tarea "GetPackageDirectory" terminada.
       Tarea "GetPackageDirectory"
       Ejecuci├│n de la tarea "GetPackageDirectory" terminada.
       Tarea "GetPackageDirectory"
       Ejecuci├│n de la tarea "GetPackageDirectory" terminada.
       Tarea "GetPackageDirectory"
       Ejecuci├│n de la tarea "GetPackageDirectory" terminada.
       Tarea "GetPackageDirectory"
       Ejecuci├│n de la tarea "GetPackageDirectory" terminada.
       Usando la tarea "ResolveFrameworkReferences" del ensamblado "C:\Program Files\dotnet\sdk\9.0.310\Sdks\Microsoft.NET.Sdk\targets\..\tools\net9.0\Microsoft.NET.Build.Tasks.dll".
       Tarea "ResolveFrameworkReferences"
       Ejecuci├│n de la tarea "ResolveFrameworkReferences" terminada.
   2:6>Compilaci├│n terminada del destino "ResolveFrameworkReferences" en el proyecto "DocumentIA.Core.csproj".
   2:6>Destino "ResolveTargetingPackAssets" en el archivo "C:\Program Files\dotnet\sdk\9.0.310\Sdks\Microsoft.NET.Sdk\targets\Microsoft.NET.Sdk.FrameworkReferenceResolution.targets" del proyecto "C:\temp\MVP\documento-ia-clasificacion-mvp\src\backend\DocumentIA.Core\DocumentIA.Core.csproj" (el destino "_HandlePackageFileConflicts" depende de ├®l):
       Usando la tarea "ResolveTargetingPackAssets" del ensamblado "C:\Program Files\dotnet\sdk\9.0.310\Sdks\Microsoft.NET.Sdk\targets\..\tools\net9.0\Microsoft.NET.Build.Tasks.dll".
       Tarea "ResolveTargetingPackAssets"
       Ejecuci├│n de la tarea "ResolveTargetingPackAssets" terminada.
   2:6>Compilaci├│n terminada del destino "ResolveTargetingPackAssets" en el proyecto "DocumentIA.Core.csproj".
   2:6>Destino "ResolveOffByDefaultAnalyzers" en el archivo "C:\Program Files\dotnet\sdk\9.0.310\Sdks\Microsoft.NET.Sdk\targets\Microsoft.NET.Sdk.FrameworkReferenceResolution.targets" del proyecto "C:\temp\MVP\documento-ia-clasificacion-mvp\src\backend\DocumentIA.Core\DocumentIA.Core.csproj" (el destino "_HandlePackageFileConflicts" depende de ├®l):
   2:6>Compilaci├│n terminada del destino "ResolveOffByDefaultAnalyzers" en el proyecto "DocumentIA.Core.csproj".
   2:6>Destino "_HandlePackageFileConflicts" en el archivo "C:\Program Files\dotnet\sdk\9.0.310\Sdks\Microsoft.NET.Sdk\targets\Microsoft.NET.ConflictResolution.targets" del proyecto "C:\temp\MVP\documento-ia-clasificacion-mvp\src\backend\DocumentIA.Core\DocumentIA.Core.csproj" (el destino "ResolveAssemblyReferences" depende de ├®l):
       Usando la tarea "ResolvePackageFileConflicts" del ensamblado "C:\Program Files\dotnet\sdk\9.0.310\Sdks\Microsoft.NET.Sdk\targets\..\tools\net9.0\Microsoft.NET.Build.Tasks.dll".
       Tarea "ResolvePackageFileConflicts"
         Se encontr├│ un conflicto entre "Reference:C:\Users\ubf0238\.nuget\packages\system.text.encodings.web\10.0.2\lib\net8.0\System.Text.Encodings.Web.dll" y "Reference:C:\Program Files\dotnet\packs\Microsoft.NETCore.App.Ref\8.0.23\ref/net8.0/System.Text.Encodings.Web.dll". Se elegir├í "Reference:C:\Users\ubf0238\.nuget\packages\system.text.encodings.web\10.0.2\lib\net8.0\System.Text.Encodings.Web.dll" porque AssemblyVersion "10.0.0.0" es mayor que "8.0.0.0".
         Se encontr├│ un conflicto entre "Reference:C:\Users\ubf0238\.nuget\packages\system.text.json\10.0.2\lib\net8.0\System.Text.Json.dll" y "Reference:C:\Program Files\dotnet\packs\Microsoft.NETCore.App.Ref\8.0.23\ref/net8.0/System.Text.Json.dll". Se elegir├í "Reference:C:\Users\ubf0238\.nuget\packages\system.text.json\10.0.2\lib\net8.0\System.Text.Json.dll" porque AssemblyVersion "10.0.0.0" es mayor que "8.0.0.0".
         Se encontr├│ un conflicto entre "Analyzer:C:\Users\ubf0238\.nuget\packages\system.text.json\10.0.2\analyzers\dotnet\roslyn4.4\cs\System.Text.Json.SourceGeneration.dll" y "Analyzer:C:\Program Files\dotnet\packs\Microsoft.NETCore.App.Ref\8.0.23\analyzers/dotnet/cs/System.Text.Json.SourceGeneration.dll". Se elegir├í "Analyzer:C:\Users\ubf0238\.nuget\packages\system.text.json\10.0.2\analyzers\dotnet\roslyn4.4\cs\System.Text.Json.SourceGeneration.dll" porque AssemblyVersion "10.0.13.11305" es mayor que "8.0.13.10607".
         Se encontr├│ un conflicto entre "Platform:System.Text.Encodings.Web.dll" y "Runtime:C:\Users\ubf0238\.nuget\packages\system.text.encodings.web\10.0.2\lib\net8.0\System.Text.Encodings.Web.dll". Se elegir├í "Runtime:C:\Users\ubf0238\.nuget\packages\system.text.encodings.web\10.0.2\lib\net8.0\System.Text.Encodings.Web.dll" porque AssemblyVersion "10.0.0.0" es mayor que "8.0.0.0".
         Se encontr├│ un conflicto entre "Platform:System.Text.Json.dll" y "Runtime:C:\Users\ubf0238\.nuget\packages\system.text.json\10.0.2\lib\net8.0\System.Text.Json.dll". Se elegir├í "Runtime:C:\Users\ubf0238\.nuget\packages\system.text.json\10.0.2\lib\net8.0\System.Text.Json.dll" porque AssemblyVersion "10.0.0.0" es mayor que "8.0.0.0".
         Se encontr├│ un conflicto entre "Platform:mscorlib.dll" y "Platform:mscorlib.dll". No se pudo determinar el ganador porque las versiones de archivo y ensamblado son iguales.
         Se encontr├│ un conflicto entre "Platform:Microsoft.VisualBasic.dll" y "Platform:Microsoft.VisualBasic.dll". No se pudo determinar el ganador porque las versiones de archivo y ensamblado son iguales.
         Se encontr├│ un conflicto entre "Platform:System.dll" y "Platform:System.dll". No se pudo determinar el ganador porque las versiones de archivo y ensamblado son iguales.
         Se encontr├│ un conflicto entre "Platform:System.ComponentModel.DataAnnotations.dll" y "Platform:System.ComponentModel.DataAnnotations.dll". No se pudo determinar el ganador porque las versiones de archivo y ensamblado son iguales.
         Se encontr├│ un conflicto entre "Platform:System.Configuration.dll" y "Platform:System.Configuration.dll". No se pudo determinar el ganador porque las versiones de archivo y ensamblado son iguales.
         Se encontr├│ un conflicto entre "Platform:System.Core.dll" y "Platform:System.Core.dll". No se pudo determinar el ganador porque las versiones de archivo y ensamblado son iguales.
         Se encontr├│ un conflicto entre "Platform:System.Data.dll" y "Platform:System.Data.dll". No se pudo determinar el ganador porque las versiones de archivo y ensamblado son iguales.
         Se encontr├│ un conflicto entre "Platform:System.Drawing.dll" y "Platform:System.Drawing.dll". No se pudo determinar el ganador porque las versiones de archivo y ensamblado son iguales.
         Se encontr├│ un conflicto entre "Platform:System.IO.Compression.FileSystem.dll" y "Platform:System.IO.Compression.FileSystem.dll". No se pudo determinar el ganador porque las versiones de archivo y ensamblado son iguales.
         Se encontr├│ un conflicto entre "Platform:System.Net.dll" y "Platform:System.Net.dll". No se pudo determinar el ganador porque las versiones de archivo y ensamblado son iguales.
         Se encontr├│ un conflicto entre "Platform:System.Numerics.dll" y "Platform:System.Numerics.dll". No se pudo determinar el ganador porque las versiones de archivo y ensamblado son iguales.
         Se encontr├│ un conflicto entre "Platform:System.Runtime.Serialization.dll" y "Platform:System.Runtime.Serialization.dll". No se pudo determinar el ganador porque las versiones de archivo y ensamblado son iguales.
         Se encontr├│ un conflicto entre "Platform:System.Security.dll" y "Platform:System.Security.dll". No se pudo determinar el ganador porque las versiones de archivo y ensamblado son iguales.
         Se encontr├│ un conflicto entre "Platform:System.ServiceProcess.dll" y "Platform:System.ServiceProcess.dll". No se pudo determinar el ganador porque las versiones de archivo y ensamblado son iguales.
         Se encontr├│ un conflicto entre "Platform:System.ServiceModel.Web.dll" y "Platform:System.ServiceModel.Web.dll". No se pudo determinar el ganador porque las versiones de archivo y ensamblado son iguales.
         Se encontr├│ un conflicto entre "Platform:System.Transactions.dll" y "Platform:System.Transactions.dll". No se pudo determinar el ganador porque las versiones de archivo y ensamblado son iguales.
         Se encontr├│ un conflicto entre "Platform:System.Web.dll" y "Platform:System.Web.dll". No se pudo determinar el ganador porque las versiones de archivo y ensamblado son iguales.
         Se encontr├│ un conflicto entre "Platform:System.Windows.dll" y "Platform:System.Windows.dll". No se pudo determinar el ganador porque las versiones de archivo y ensamblado son iguales.
         Se encontr├│ un conflicto entre "Platform:System.Xml.dll" y "Platform:System.Xml.dll". No se pudo determinar el ganador porque las versiones de archivo y ensamblado son iguales.
         Se encontr├│ un conflicto entre "Platform:System.Xml.Serialization.dll" y "Platform:System.Xml.Serialization.dll". No se pudo determinar el ganador porque las versiones de archivo y ensamblado son iguales.
         Se encontr├│ un conflicto entre "Platform:System.Xml.Linq.dll" y "Platform:System.Xml.Linq.dll". No se pudo determinar el ganador porque las versiones de archivo y ensamblado son iguales.
         Se encontr├│ un conflicto entre "Platform:WindowsBase.dll" y "Platform:WindowsBase.dll". No se pudo determinar el ganador porque las versiones de archivo y ensamblado son iguales.
         Se encontr├│ un conflicto entre "Platform:netstandard.dll" y "Platform:netstandard.dll". No se pudo determinar el ganador porque las versiones de archivo y ensamblado son iguales.
         Se encontr├│ un conflicto entre "Platform:System.Private.CoreLib.dll" y "Platform:System.Private.CoreLib.dll". No se pudo determinar el ganador porque las versiones de archivo y ensamblado son iguales.
         Se encontr├│ un conflicto entre "Platform:System.Private.DataContractSerialization.dll" y "Platform:System.Private.DataContractSerialization.dll". No se pudo determinar el ganador porque las versiones de archivo y ensamblado son iguales.
         Se encontr├│ un conflicto entre "Platform:System.Private.Uri.dll" y "Platform:System.Private.Uri.dll". No se pudo determinar el ganador porque las versiones de archivo y ensamblado son iguales.
         Se encontr├│ un conflicto entre "Platform:System.Private.Xml.dll" y "Platform:System.Private.Xml.dll". No se pudo determinar el ganador porque las versiones de archivo y ensamblado son iguales.
         Se encontr├│ un conflicto entre "Platform:System.Private.Xml.Linq.dll" y "Platform:System.Private.Xml.Linq.dll". No se pudo determinar el ganador porque las versiones de archivo y ensamblado son iguales.
         Se encontr├│ un conflicto entre "Platform:mscordaccore_amd64_amd64_8.0.2325.60607.dll" y "Platform:mscordaccore_amd64_amd64_8.0.2325.60607.dll". No se pudo determinar el ganador porque las versiones de archivo y ensamblado son iguales.
       Ejecuci├│n de la tarea "ResolvePackageFileConflicts" terminada.
   2:6>Compilaci├│n terminada del destino "_HandlePackageFileConflicts" en el proyecto "DocumentIA.Core.csproj".
       Se omiti├│ el destino "ResolveTargetingPackAssets". Compilado previamente de forma correcta.
   2:6>Destino "ResolveAssemblyReferences" en el archivo "C:\Program Files\dotnet\sdk\9.0.310\Microsoft.Common.CurrentVersion.targets" del proyecto "C:\temp\MVP\documento-ia-clasificacion-mvp\src\backend\DocumentIA.Core\DocumentIA.Core.csproj" (el destino "ResolveReferences" depende de ├®l):
       Usando la tarea "ResolveAssemblyReference" del ensamblado "Microsoft.Build.Tasks.Core, Version=15.1.0.0, Culture=neutral, PublicKeyToken=b03f5f7f11d50a3a".
       Tarea "ResolveAssemblyReference"
         TargetFrameworkMoniker:
             .NETCoreApp,Version=v8.0
         TargetFrameworkMonikerDisplayName:
             .NET 8.0
         TargetedRuntimeVersion:
             
         Assemblies:
             C:\Users\ubf0238\.nuget\packages\azure.core\1.50.0\lib\net8.0\Azure.Core.dll
                 Private = 'false'
                 HintPath = 'C:\Users\ubf0238\.nuget\packages\azure.core\1.50.0\lib\net8.0\Azure.Core.dll'
             C:\Users\ubf0238\.nuget\packages\azure.storage.blobs\12.27.0\lib\net8.0\Azure.Storage.Blobs.dll
                 Private = 'false'
                 HintPath = 'C:\Users\ubf0238\.nuget\packages\azure.storage.blobs\12.27.0\lib\net8.0\Azure.Storage.Blobs.dll'
             C:\Users\ubf0238\.nuget\packages\azure.storage.common\12.26.0\lib\net8.0\Azure.Storage.Common.dll
                 Private = 'false'
                 HintPath = 'C:\Users\ubf0238\.nuget\packages\azure.storage.common\12.26.0\lib\net8.0\Azure.Storage.Common.dll'
             C:\Users\ubf0238\.nuget\packages\fluentvalidation\12.1.1\lib\net8.0\FluentValidation.dll
                 Private = 'false'
                 HintPath = 'C:\Users\ubf0238\.nuget\packages\fluentvalidation\12.1.1\lib\net8.0\FluentValidation.dll'
             C:\Users\ubf0238\.nuget\packages\microsoft.bcl.asyncinterfaces\8.0.0\lib\netstandard2.1\Microsoft.Bcl.AsyncInterfaces.dll
                 Private = 'false'
                 HintPath = 'C:\Users\ubf0238\.nuget\packages\microsoft.bcl.asyncinterfaces\8.0.0\lib\netstandard2.1\Microsoft.Bcl.AsyncInterfaces.dll'
             C:\Users\ubf0238\.nuget\packages\microsoft.extensions.configuration.abstractions\8.0.0\lib\net8.0\Microsoft.Extensions.Configuration.Abstractions.dll
                 Private = 'false'
                 HintPath = 'C:\Users\ubf0238\.nuget\packages\microsoft.extensions.configuration.abstractions\8.0.0\lib\net8.0\Microsoft.Extensions.Configuration.Abstractions.dll'
             C:\Users\ubf0238\.nuget\packages\microsoft.extensions.dependencyinjection.abstractions\8.0.2\lib\net8.0\Microsoft.Extensions.DependencyInjection.Abstractions.dll
                 Private = 'false'
                 HintPath = 'C:\Users\ubf0238\.nuget\packages\microsoft.extensions.dependencyinjection.abstractions\8.0.2\lib\net8.0\Microsoft.Extensions.DependencyInjection.Abstractions.dll'
             C:\Users\ubf0238\.nuget\packages\microsoft.extensions.logging.abstractions\8.0.3\lib\net8.0\Microsoft.Extensions.Logging.Abstractions.dll
                 Private = 'false'
                 HintPath = 'C:\Users\ubf0238\.nuget\packages\microsoft.extensions.logging.abstractions\8.0.3\lib\net8.0\Microsoft.Extensions.Logging.Abstractions.dll'
             C:\Users\ubf0238\.nuget\packages\microsoft.extensions.primitives\8.0.0\lib\net8.0\Microsoft.Extensions.Primitives.dll
                 Private = 'false'
                 HintPath = 'C:\Users\ubf0238\.nuget\packages\microsoft.extensions.primitives\8.0.0\lib\net8.0\Microsoft.Extensions.Primitives.dll'
             C:\Users\ubf0238\.nuget\packages\system.clientmodel\1.8.0\lib\net8.0\System.ClientModel.dll
                 Private = 'false'
                 HintPath = 'C:\Users\ubf0238\.nuget\packages\system.clientmodel\1.8.0\lib\net8.0\System.ClientModel.dll'
             C:\Users\ubf0238\.nuget\packages\system.io.hashing\10.0.1\lib\net8.0\System.IO.Hashing.dll
                 Private = 'false'
                 HintPath = 'C:\Users\ubf0238\.nuget\packages\system.io.hashing\10.0.1\lib\net8.0\System.IO.Hashing.dll'
             C:\Users\ubf0238\.nuget\packages\system.io.pipelines\10.0.2\lib\net8.0\System.IO.Pipelines.dll
                 Private = 'false'
                 HintPath = 'C:\Users\ubf0238\.nuget\packages\system.io.pipelines\10.0.2\lib\net8.0\System.IO.Pipelines.dll'
             C:\Users\ubf0238\.nuget\packages\system.memory.data\8.0.1\lib\net8.0\System.Memory.Data.dll
                 Private = 'false'
                 HintPath = 'C:\Users\ubf0238\.nuget\packages\system.memory.data\8.0.1\lib\net8.0\System.Memory.Data.dll'
             C:\Users\ubf0238\.nuget\packages\system.text.encodings.web\10.0.2\lib\net8.0\System.Text.Encodings.Web.dll
                 Private = 'false'
                 HintPath = 'C:\Users\ubf0238\.nuget\packages\system.text.encodings.web\10.0.2\lib\net8.0\System.Text.Encodings.Web.dll'
             C:\Users\ubf0238\.nuget\packages\system.text.json\10.0.2\lib\net8.0\System.Text.Json.dll
                 Private = 'false'
                 HintPath = 'C:\Users\ubf0238\.nuget\packages\system.text.json\10.0.2\lib\net8.0\System.Text.Json.dll'
             C:\Program Files\dotnet\packs\Microsoft.NETCore.App.Ref\8.0.23\ref/net8.0/Microsoft.CSharp.dll
                 Private = 'false'
             C:\Program Files\dotnet\packs\Microsoft.NETCore.App.Ref\8.0.23\ref/net8.0/Microsoft.VisualBasic.Core.dll
                 Private = 'false'
             C:\Program Files\dotnet\packs\Microsoft.NETCore.App.Ref\8.0.23\ref/net8.0/Microsoft.VisualBasic.dll
                 Private = 'false'
             C:\Program Files\dotnet\packs\Microsoft.NETCore.App.Ref\8.0.23\ref/net8.0/Microsoft.Win32.Primitives.dll
                 Private = 'false'
             C:\Program Files\dotnet\packs\Microsoft.NETCore.App.Ref\8.0.23\ref/net8.0/Microsoft.Win32.Registry.dll
                 Private = 'false'
             C:\Program Files\dotnet\packs\Microsoft.NETCore.App.Ref\8.0.23\ref/net8.0/System.AppContext.dll
                 Private = 'false'
             C:\Program Files\dotnet\packs\Microsoft.NETCore.App.Ref\8.0.23\ref/net8.0/System.Buffers.dll
                 Private = 'false'
             C:\Program Files\dotnet\packs\Microsoft.NETCore.App.Ref\8.0.23\ref/net8.0/System.Collections.Concurrent.dll
                 Private = 'false'
             C:\Program Files\dotnet\packs\Microsoft.NETCore.App.Ref\8.0.23\ref/net8.0/System.Collections.Immutable.dll
                 Private = 'false'
             C:\Program Files\dotnet\packs\Microsoft.NETCore.App.Ref\8.0.23\ref/net8.0/System.Collections.NonGeneric.dll
                 Private = 'false'
             C:\Program Files\dotnet\packs\Microsoft.NETCore.App.Ref\8.0.23\ref/net8.0/System.Collections.Specialized.dll
                 Private = 'false'
             C:\Program Files\dotnet\packs\Microsoft.NETCore.App.Ref\8.0.23\ref/net8.0/System.Collections.dll
                 Private = 'false'
             C:\Program Files\dotnet\packs\Microsoft.NETCore.App.Ref\8.0.23\ref/net8.0/System.ComponentModel.Annotations.dll
                 Private = 'false'
             C:\Program Files\dotnet\packs\Microsoft.NETCore.App.Ref\8.0.23\ref/net8.0/System.ComponentModel.DataAnnotations.dll
                 Private = 'false'
             C:\Program Files\dotnet\packs\Microsoft.NETCore.App.Ref\8.0.23\ref/net8.0/System.ComponentModel.EventBasedAsync.dll
                 Private = 'false'
             C:\Program Files\dotnet\packs\Microsoft.NETCore.App.Ref\8.0.23\ref/net8.0/System.ComponentModel.Primitives.dll
                 Private = 'false'
             C:\Program Files\dotnet\packs\Microsoft.NETCore.App.Ref\8.0.23\ref/net8.0/System.ComponentModel.TypeConverter.dll
                 Private = 'false'
             C:\Program Files\dotnet\packs\Microsoft.NETCore.App.Ref\8.0.23\ref/net8.0/System.ComponentModel.dll
                 Private = 'false'
             C:\Program Files\dotnet\packs\Microsoft.NETCore.App.Ref\8.0.23\ref/net8.0/System.Configuration.dll
                 Private = 'false'
             C:\Program Files\dotnet\packs\Microsoft.NETCore.App.Ref\8.0.23\ref/net8.0/System.Console.dll
                 Private = 'false'
             C:\Program Files\dotnet\packs\Microsoft.NETCore.App.Ref\8.0.23\ref/net8.0/System.Core.dll
                 Private = 'false'
             C:\Program Files\dotnet\packs\Microsoft.NETCore.App.Ref\8.0.23\ref/net8.0/System.Data.Common.dll
                 Private = 'false'
             C:\Program Files\dotnet\packs\Microsoft.NETCore.App.Ref\8.0.23\ref/net8.0/System.Data.DataSetExtensions.dll
                 Private = 'false'
             C:\Program Files\dotnet\packs\Microsoft.NETCore.App.Ref\8.0.23\ref/net8.0/System.Data.dll
                 Private = 'false'
             C:\Program Files\dotnet\packs\Microsoft.NETCore.App.Ref\8.0.23\ref/net8.0/System.Diagnostics.Contracts.dll
                 Private = 'false'
             C:\Program Files\dotnet\packs\Microsoft.NETCore.App.Ref\8.0.23\ref/net8.0/System.Diagnostics.Debug.dll
                 Private = 'false'
             C:\Program Files\dotnet\packs\Microsoft.NETCore.App.Ref\8.0.23\ref/net8.0/System.Diagnostics.DiagnosticSource.dll
                 Private = 'false'
             C:\Program Files\dotnet\packs\Microsoft.NETCore.App.Ref\8.0.23\ref/net8.0/System.Diagnostics.FileVersionInfo.dll
                 Private = 'false'
             C:\Program Files\dotnet\packs\Microsoft.NETCore.App.Ref\8.0.23\ref/net8.0/System.Diagnostics.Process.dll
                 Private = 'false'
             C:\Program Files\dotnet\packs\Microsoft.NETCore.App.Ref\8.0.23\ref/net8.0/System.Diagnostics.StackTrace.dll
                 Private = 'false'
             C:\Program Files\dotnet\packs\Microsoft.NETCore.App.Ref\8.0.23\ref/net8.0/System.Diagnostics.TextWriterTraceListener.dll
                 Private = 'false'
             C:\Program Files\dotnet\packs\Microsoft.NETCore.App.Ref\8.0.23\ref/net8.0/System.Diagnostics.Tools.dll
                 Private = 'false'
             C:\Program Files\dotnet\packs\Microsoft.NETCore.App.Ref\8.0.23\ref/net8.0/System.Diagnostics.TraceSource.dll
                 Private = 'false'
             C:\Program Files\dotnet\packs\Microsoft.NETCore.App.Ref\8.0.23\ref/net8.0/System.Diagnostics.Tracing.dll
                 Private = 'false'
             C:\Program Files\dotnet\packs\Microsoft.NETCore.App.Ref\8.0.23\ref/net8.0/System.Drawing.Primitives.dll
                 Private = 'false'
             C:\Program Files\dotnet\packs\Microsoft.NETCore.App.Ref\8.0.23\ref/net8.0/System.Drawing.dll
                 Private = 'false'
             C:\Program Files\dotnet\packs\Microsoft.NETCore.App.Ref\8.0.23\ref/net8.0/System.Dynamic.Runtime.dll
                 Private = 'false'
             C:\Program Files\dotnet\packs\Microsoft.NETCore.App.Ref\8.0.23\ref/net8.0/System.Formats.Asn1.dll
                 Private = 'false'
             C:\Program Files\dotnet\packs\Microsoft.NETCore.App.Ref\8.0.23\ref/net8.0/System.Formats.Tar.dll
                 Private = 'false'
             C:\Program Files\dotnet\packs\Microsoft.NETCore.App.Ref\8.0.23\ref/net8.0/System.Globalization.Calendars.dll
                 Private = 'false'
             C:\Program Files\dotnet\packs\Microsoft.NETCore.App.Ref\8.0.23\ref/net8.0/System.Globalization.Extensions.dll
                 Private = 'false'
             C:\Program Files\dotnet\packs\Microsoft.NETCore.App.Ref\8.0.23\ref/net8.0/System.Globalization.dll
                 Private = 'false'
             C:\Program Files\dotnet\packs\Microsoft.NETCore.App.Ref\8.0.23\ref/net8.0/System.IO.Compression.Brotli.dll
                 Private = 'false'
             C:\Program Files\dotnet\packs\Microsoft.NETCore.App.Ref\8.0.23\ref/net8.0/System.IO.Compression.FileSystem.dll
                 Private = 'false'
             C:\Program Files\dotnet\packs\Microsoft.NETCore.App.Ref\8.0.23\ref/net8.0/System.IO.Compression.ZipFile.dll
                 Private = 'false'
             C:\Program Files\dotnet\packs\Microsoft.NETCore.App.Ref\8.0.23\ref/net8.0/System.IO.Compression.dll
                 Private = 'false'
             C:\Program Files\dotnet\packs\Microsoft.NETCore.App.Ref\8.0.23\ref/net8.0/System.IO.FileSystem.AccessControl.dll
                 Private = 'false'
             C:\Program Files\dotnet\packs\Microsoft.NETCore.App.Ref\8.0.23\ref/net8.0/System.IO.FileSystem.DriveInfo.dll
                 Private = 'false'
             C:\Program Files\dotnet\packs\Microsoft.NETCore.App.Ref\8.0.23\ref/net8.0/System.IO.FileSystem.Primitives.dll
                 Private = 'false'
             C:\Program Files\dotnet\packs\Microsoft.NETCore.App.Ref\8.0.23\ref/net8.0/System.IO.FileSystem.Watcher.dll
                 Private = 'false'
             C:\Program Files\dotnet\packs\Microsoft.NETCore.App.Ref\8.0.23\ref/net8.0/System.IO.FileSystem.dll
                 Private = 'false'
             C:\Program Files\dotnet\packs\Microsoft.NETCore.App.Ref\8.0.23\ref/net8.0/System.IO.IsolatedStorage.dll
                 Private = 'false'
             C:\Program Files\dotnet\packs\Microsoft.NETCore.App.Ref\8.0.23\ref/net8.0/System.IO.MemoryMappedFiles.dll
                 Private = 'false'
             C:\Program Files\dotnet\packs\Microsoft.NETCore.App.Ref\8.0.23\ref/net8.0/System.IO.Pipes.AccessControl.dll
                 Private = 'false'
             C:\Program Files\dotnet\packs\Microsoft.NETCore.App.Ref\8.0.23\ref/net8.0/System.IO.Pipes.dll
                 Private = 'false'
             C:\Program Files\dotnet\packs\Microsoft.NETCore.App.Ref\8.0.23\ref/net8.0/System.IO.UnmanagedMemoryStream.dll
                 Private = 'false'
             C:\Program Files\dotnet\packs\Microsoft.NETCore.App.Ref\8.0.23\ref/net8.0/System.IO.dll
                 Private = 'false'
             C:\Program Files\dotnet\packs\Microsoft.NETCore.App.Ref\8.0.23\ref/net8.0/System.Linq.Expressions.dll
                 Private = 'false'
             C:\Program Files\dotnet\packs\Microsoft.NETCore.App.Ref\8.0.23\ref/net8.0/System.Linq.Parallel.dll
                 Private = 'false'
             C:\Program Files\dotnet\packs\Microsoft.NETCore.App.Ref\8.0.23\ref/net8.0/System.Linq.Queryable.dll
                 Private = 'false'
             C:\Program Files\dotnet\packs\Microsoft.NETCore.App.Ref\8.0.23\ref/net8.0/System.Linq.dll
                 Private = 'false'
             C:\Program Files\dotnet\packs\Microsoft.NETCore.App.Ref\8.0.23\ref/net8.0/System.Memory.dll
                 Private = 'false'
             C:\Program Files\dotnet\packs\Microsoft.NETCore.App.Ref\8.0.23\ref/net8.0/System.Net.Http.Json.dll
                 Private = 'false'
             C:\Program Files\dotnet\packs\Microsoft.NETCore.App.Ref\8.0.23\ref/net8.0/System.Net.Http.dll
                 Private = 'false'
             C:\Program Files\dotnet\packs\Microsoft.NETCore.App.Ref\8.0.23\ref/net8.0/System.Net.HttpListener.dll
                 Private = 'false'
             C:\Program Files\dotnet\packs\Microsoft.NETCore.App.Ref\8.0.23\ref/net8.0/System.Net.Mail.dll
                 Private = 'false'
             C:\Program Files\dotnet\packs\Microsoft.NETCore.App.Ref\8.0.23\ref/net8.0/System.Net.NameResolution.dll
                 Private = 'false'
             C:\Program Files\dotnet\packs\Microsoft.NETCore.App.Ref\8.0.23\ref/net8.0/System.Net.NetworkInformation.dll
                 Private = 'false'
             C:\Program Files\dotnet\packs\Microsoft.NETCore.App.Ref\8.0.23\ref/net8.0/System.Net.Ping.dll
                 Private = 'false'
             C:\Program Files\dotnet\packs\Microsoft.NETCore.App.Ref\8.0.23\ref/net8.0/System.Net.Primitives.dll
                 Private = 'false'
             C:\Program Files\dotnet\packs\Microsoft.NETCore.App.Ref\8.0.23\ref/net8.0/System.Net.Quic.dll
                 Private = 'false'
             C:\Program Files\dotnet\packs\Microsoft.NETCore.App.Ref\8.0.23\ref/net8.0/System.Net.Requests.dll
                 Private = 'false'
             C:\Program Files\dotnet\packs\Microsoft.NETCore.App.Ref\8.0.23\ref/net8.0/System.Net.Security.dll
                 Private = 'false'
             C:\Program Files\dotnet\packs\Microsoft.NETCore.App.Ref\8.0.23\ref/net8.0/System.Net.ServicePoint.dll
                 Private = 'false'
             C:\Program Files\dotnet\packs\Microsoft.NETCore.App.Ref\8.0.23\ref/net8.0/System.Net.Sockets.dll
                 Private = 'false'
             C:\Program Files\dotnet\packs\Microsoft.NETCore.App.Ref\8.0.23\ref/net8.0/System.Net.WebClient.dll
                 Private = 'false'
             C:\Program Files\dotnet\packs\Microsoft.NETCore.App.Ref\8.0.23\ref/net8.0/System.Net.WebHeaderCollection.dll
                 Private = 'false'
             C:\Program Files\dotnet\packs\Microsoft.NETCore.App.Ref\8.0.23\ref/net8.0/System.Net.WebProxy.dll
                 Private = 'false'
             C:\Program Files\dotnet\packs\Microsoft.NETCore.App.Ref\8.0.23\ref/net8.0/System.Net.WebSockets.Client.dll
                 Private = 'false'
             C:\Program Files\dotnet\packs\Microsoft.NETCore.App.Ref\8.0.23\ref/net8.0/System.Net.WebSockets.dll
                 Private = 'false'
             C:\Program Files\dotnet\packs\Microsoft.NETCore.App.Ref\8.0.23\ref/net8.0/System.Net.dll
                 Private = 'false'
             C:\Program Files\dotnet\packs\Microsoft.NETCore.App.Ref\8.0.23\ref/net8.0/System.Numerics.Vectors.dll
                 Private = 'false'
             C:\Program Files\dotnet\packs\Microsoft.NETCore.App.Ref\8.0.23\ref/net8.0/System.Numerics.dll
                 Private = 'false'
             C:\Program Files\dotnet\packs\Microsoft.NETCore.App.Ref\8.0.23\ref/net8.0/System.ObjectModel.dll
                 Private = 'false'
             C:\Program Files\dotnet\packs\Microsoft.NETCore.App.Ref\8.0.23\ref/net8.0/System.Reflection.DispatchProxy.dll
                 Private = 'false'
             C:\Program Files\dotnet\packs\Microsoft.NETCore.App.Ref\8.0.23\ref/net8.0/System.Reflection.Emit.ILGeneration.dll
                 Private = 'false'
             C:\Program Files\dotnet\packs\Microsoft.NETCore.App.Ref\8.0.23\ref/net8.0/System.Reflection.Emit.Lightweight.dll
                 Private = 'false'
             C:\Program Files\dotnet\packs\Microsoft.NETCore.App.Ref\8.0.23\ref/net8.0/System.Reflection.Emit.dll
                 Private = 'false'
             C:\Program Files\dotnet\packs\Microsoft.NETCore.App.Ref\8.0.23\ref/net8.0/System.Reflection.Extensions.dll
                 Private = 'false'
             C:\Program Files\dotnet\packs\Microsoft.NETCore.App.Ref\8.0.23\ref/net8.0/System.Reflection.Metadata.dll
                 Private = 'false'
             C:\Program Files\dotnet\packs\Microsoft.NETCore.App.Ref\8.0.23\ref/net8.0/System.Reflection.Primitives.dll
                 Private = 'false'
             C:\Program Files\dotnet\packs\Microsoft.NETCore.App.Ref\8.0.23\ref/net8.0/System.Reflection.TypeExtensions.dll
                 Private = 'false'
             C:\Program Files\dotnet\packs\Microsoft.NETCore.App.Ref\8.0.23\ref/net8.0/System.Reflection.dll
                 Private = 'false'
             C:\Program Files\dotnet\packs\Microsoft.NETCore.App.Ref\8.0.23\ref/net8.0/System.Resources.Reader.dll
                 Private = 'false'
             C:\Program Files\dotnet\packs\Microsoft.NETCore.App.Ref\8.0.23\ref/net8.0/System.Resources.ResourceManager.dll
                 Private = 'false'
             C:\Program Files\dotnet\packs\Microsoft.NETCore.App.Ref\8.0.23\ref/net8.0/System.Resources.Writer.dll
                 Private = 'false'
             C:\Program Files\dotnet\packs\Microsoft.NETCore.App.Ref\8.0.23\ref/net8.0/System.Runtime.CompilerServices.Unsafe.dll
                 Private = 'false'
             C:\Program Files\dotnet\packs\Microsoft.NETCore.App.Ref\8.0.23\ref/net8.0/System.Runtime.CompilerServices.VisualC.dll
                 Private = 'false'
             C:\Program Files\dotnet\packs\Microsoft.NETCore.App.Ref\8.0.23\ref/net8.0/System.Runtime.Extensions.dll
                 Private = 'false'
             C:\Program Files\dotnet\packs\Microsoft.NETCore.App.Ref\8.0.23\ref/net8.0/System.Runtime.Handles.dll
                 Private = 'false'
             C:\Program Files\dotnet\packs\Microsoft.NETCore.App.Ref\8.0.23\ref/net8.0/System.Runtime.InteropServices.JavaScript.dll
                 Private = 'false'
             C:\Program Files\dotnet\packs\Microsoft.NETCore.App.Ref\8.0.23\ref/net8.0/System.Runtime.InteropServices.RuntimeInformation.dll
                 Private = 'false'
             C:\Program Files\dotnet\packs\Microsoft.NETCore.App.Ref\8.0.23\ref/net8.0/System.Runtime.InteropServices.dll
                 Private = 'false'
             C:\Program Files\dotnet\packs\Microsoft.NETCore.App.Ref\8.0.23\ref/net8.0/System.Runtime.Intrinsics.dll
                 Private = 'false'
             C:\Program Files\dotnet\packs\Microsoft.NETCore.App.Ref\8.0.23\ref/net8.0/System.Runtime.Loader.dll
                 Private = 'false'
             C:\Program Files\dotnet\packs\Microsoft.NETCore.App.Ref\8.0.23\ref/net8.0/System.Runtime.Numerics.dll
                 Private = 'false'
             C:\Program Files\dotnet\packs\Microsoft.NETCore.App.Ref\8.0.23\ref/net8.0/System.Runtime.Serialization.Formatters.dll
                 Private = 'false'
             C:\Program Files\dotnet\packs\Microsoft.NETCore.App.Ref\8.0.23\ref/net8.0/System.Runtime.Serialization.Json.dll
                 Private = 'false'
             C:\Program Files\dotnet\packs\Microsoft.NETCore.App.Ref\8.0.23\ref/net8.0/System.Runtime.Serialization.Primitives.dll
                 Private = 'false'
             C:\Program Files\dotnet\packs\Microsoft.NETCore.App.Ref\8.0.23\ref/net8.0/System.Runtime.Serialization.Xml.dll
                 Private = 'false'
             C:\Program Files\dotnet\packs\Microsoft.NETCore.App.Ref\8.0.23\ref/net8.0/System.Runtime.Serialization.dll
                 Private = 'false'
             C:\Program Files\dotnet\packs\Microsoft.NETCore.App.Ref\8.0.23\ref/net8.0/System.Runtime.dll
                 Private = 'false'
             C:\Program Files\dotnet\packs\Microsoft.NETCore.App.Ref\8.0.23\ref/net8.0/System.Security.AccessControl.dll
                 Private = 'false'
             C:\Program Files\dotnet\packs\Microsoft.NETCore.App.Ref\8.0.23\ref/net8.0/System.Security.Claims.dll
                 Private = 'false'
             C:\Program Files\dotnet\packs\Microsoft.NETCore.App.Ref\8.0.23\ref/net8.0/System.Security.Cryptography.Algorithms.dll
                 Private = 'false'
             C:\Program Files\dotnet\packs\Microsoft.NETCore.App.Ref\8.0.23\ref/net8.0/System.Security.Cryptography.Cng.dll
                 Private = 'false'
             C:\Program Files\dotnet\packs\Microsoft.NETCore.App.Ref\8.0.23\ref/net8.0/System.Security.Cryptography.Csp.dll
                 Private = 'false'
             C:\Program Files\dotnet\packs\Microsoft.NETCore.App.Ref\8.0.23\ref/net8.0/System.Security.Cryptography.Encoding.dll
                 Private = 'false'
             C:\Program Files\dotnet\packs\Microsoft.NETCore.App.Ref\8.0.23\ref/net8.0/System.Security.Cryptography.OpenSsl.dll
                 Private = 'false'
             C:\Program Files\dotnet\packs\Microsoft.NETCore.App.Ref\8.0.23\ref/net8.0/System.Security.Cryptography.Primitives.dll
                 Private = 'false'
             C:\Program Files\dotnet\packs\Microsoft.NETCore.App.Ref\8.0.23\ref/net8.0/System.Security.Cryptography.X509Certificates.dll
                 Private = 'false'
             C:\Program Files\dotnet\packs\Microsoft.NETCore.App.Ref\8.0.23\ref/net8.0/System.Security.Cryptography.dll
                 Private = 'false'
             C:\Program Files\dotnet\packs\Microsoft.NETCore.App.Ref\8.0.23\ref/net8.0/System.Security.Principal.Windows.dll
                 Private = 'false'
             C:\Program Files\dotnet\packs\Microsoft.NETCore.App.Ref\8.0.23\ref/net8.0/System.Security.Principal.dll
                 Private = 'false'
             C:\Program Files\dotnet\packs\Microsoft.NETCore.App.Ref\8.0.23\ref/net8.0/System.Security.SecureString.dll
                 Private = 'false'
             C:\Program Files\dotnet\packs\Microsoft.NETCore.App.Ref\8.0.23\ref/net8.0/System.Security.dll
                 Private = 'false'
             C:\Program Files\dotnet\packs\Microsoft.NETCore.App.Ref\8.0.23\ref/net8.0/System.ServiceModel.Web.dll
                 Private = 'false'
             C:\Program Files\dotnet\packs\Microsoft.NETCore.App.Ref\8.0.23\ref/net8.0/System.ServiceProcess.dll
                 Private = 'false'
             C:\Program Files\dotnet\packs\Microsoft.NETCore.App.Ref\8.0.23\ref/net8.0/System.Text.Encoding.CodePages.dll
                 Private = 'false'
             C:\Program Files\dotnet\packs\Microsoft.NETCore.App.Ref\8.0.23\ref/net8.0/System.Text.Encoding.Extensions.dll
                 Private = 'false'
             C:\Program Files\dotnet\packs\Microsoft.NETCore.App.Ref\8.0.23\ref/net8.0/System.Text.Encoding.dll
                 Private = 'false'
             C:\Program Files\dotnet\packs\Microsoft.NETCore.App.Ref\8.0.23\ref/net8.0/System.Text.RegularExpressions.dll
                 Private = 'false'
             C:\Program Files\dotnet\packs\Microsoft.NETCore.App.Ref\8.0.23\ref/net8.0/System.Threading.Channels.dll
                 Private = 'false'
             C:\Program Files\dotnet\packs\Microsoft.NETCore.App.Ref\8.0.23\ref/net8.0/System.Threading.Overlapped.dll
                 Private = 'false'
             C:\Program Files\dotnet\packs\Microsoft.NETCore.App.Ref\8.0.23\ref/net8.0/System.Threading.Tasks.Dataflow.dll
                 Private = 'false'
             C:\Program Files\dotnet\packs\Microsoft.NETCore.App.Ref\8.0.23\ref/net8.0/System.Threading.Tasks.Extensions.dll
                 Private = 'false'
             C:\Program Files\dotnet\packs\Microsoft.NETCore.App.Ref\8.0.23\ref/net8.0/System.Threading.Tasks.Parallel.dll
                 Private = 'false'
             C:\Program Files\dotnet\packs\Microsoft.NETCore.App.Ref\8.0.23\ref/net8.0/System.Threading.Tasks.dll
                 Private = 'false'
             C:\Program Files\dotnet\packs\Microsoft.NETCore.App.Ref\8.0.23\ref/net8.0/System.Threading.Thread.dll
                 Private = 'false'
             C:\Program Files\dotnet\packs\Microsoft.NETCore.App.Ref\8.0.23\ref/net8.0/System.Threading.ThreadPool.dll
                 Private = 'false'
             C:\Program Files\dotnet\packs\Microsoft.NETCore.App.Ref\8.0.23\ref/net8.0/System.Threading.Timer.dll
                 Private = 'false'
             C:\Program Files\dotnet\packs\Microsoft.NETCore.App.Ref\8.0.23\ref/net8.0/System.Threading.dll
                 Private = 'false'
             C:\Program Files\dotnet\packs\Microsoft.NETCore.App.Ref\8.0.23\ref/net8.0/System.Transactions.Local.dll
                 Private = 'false'
             C:\Program Files\dotnet\packs\Microsoft.NETCore.App.Ref\8.0.23\ref/net8.0/System.Transactions.dll
                 Private = 'false'
             C:\Program Files\dotnet\packs\Microsoft.NETCore.App.Ref\8.0.23\ref/net8.0/System.ValueTuple.dll
                 Private = 'false'
             C:\Program Files\dotnet\packs\Microsoft.NETCore.App.Ref\8.0.23\ref/net8.0/System.Web.HttpUtility.dll
                 Private = 'false'
             C:\Program Files\dotnet\packs\Microsoft.NETCore.App.Ref\8.0.23\ref/net8.0/System.Web.dll
                 Private = 'false'
             C:\Program Files\dotnet\packs\Microsoft.NETCore.App.Ref\8.0.23\ref/net8.0/System.Windows.dll
                 Private = 'false'
             C:\Program Files\dotnet\packs\Microsoft.NETCore.App.Ref\8.0.23\ref/net8.0/System.Xml.Linq.dll
                 Private = 'false'
             C:\Program Files\dotnet\packs\Microsoft.NETCore.App.Ref\8.0.23\ref/net8.0/System.Xml.ReaderWriter.dll
                 Private = 'false'
             C:\Program Files\dotnet\packs\Microsoft.NETCore.App.Ref\8.0.23\ref/net8.0/System.Xml.Serialization.dll
                 Private = 'false'
             C:\Program Files\dotnet\packs\Microsoft.NETCore.App.Ref\8.0.23\ref/net8.0/System.Xml.XDocument.dll
                 Private = 'false'
             C:\Program Files\dotnet\packs\Microsoft.NETCore.App.Ref\8.0.23\ref/net8.0/System.Xml.XPath.XDocument.dll
                 Private = 'false'
             C:\Program Files\dotnet\packs\Microsoft.NETCore.App.Ref\8.0.23\ref/net8.0/System.Xml.XPath.dll
                 Private = 'false'
             C:\Program Files\dotnet\packs\Microsoft.NETCore.App.Ref\8.0.23\ref/net8.0/System.Xml.XmlDocument.dll
                 Private = 'false'
             C:\Program Files\dotnet\packs\Microsoft.NETCore.App.Ref\8.0.23\ref/net8.0/System.Xml.XmlSerializer.dll
                 Private = 'false'
             C:\Program Files\dotnet\packs\Microsoft.NETCore.App.Ref\8.0.23\ref/net8.0/System.Xml.dll
                 Private = 'false'
             C:\Program Files\dotnet\packs\Microsoft.NETCore.App.Ref\8.0.23\ref/net8.0/System.dll
                 Private = 'false'
             C:\Program Files\dotnet\packs\Microsoft.NETCore.App.Ref\8.0.23\ref/net8.0/WindowsBase.dll
                 Private = 'false'
             C:\Program Files\dotnet\packs\Microsoft.NETCore.App.Ref\8.0.23\ref/net8.0/mscorlib.dll
                 Private = 'false'
             C:\Program Files\dotnet\packs\Microsoft.NETCore.App.Ref\8.0.23\ref/net8.0/netstandard.dll
                 Private = 'false'
         AssemblyFiles:
         CandidateAssemblyFiles:
         TargetFrameworkDirectories:
             
         NonCultureResourceDirectories:
             
         InstalledAssemblyTables:
         IgnoreInstalledAssemblyTable:
             False
         SearchPaths:
             {CandidateAssemblyFiles}
             {HintPathFromItem}
             {TargetFrameworkDirectory}
             {RawFileName}
         AllowedAssemblyExtensions:
             .winmd
             .dll
             .exe
         AllowedRelatedFileExtensions:
             .pdb
             .xml
             .pri
             .dll.config
             .exe.config
         AppConfigFile:
             
         AutoUnify:
             True
         EnableCustomCulture:
             False
         CopyLocalDependenciesWhenParentReferenceInGac:
             True
         FindDependencies:
             True
         TargetProcessorArchitecture:
             msil
         StateFile:
             obj\Debug\net8.0\DocumentIA.Core.csproj.AssemblyReference.cache
         InstalledAssemblySubsetTables:
         IgnoreInstalledAssemblySubsetTable:
             False
         TargetFrameworkSubsets:
         FullTargetFrameworkSubsetNames:
             Full
         ProfileName:
             
         FullFrameworkFolders:
         LatestTargetFrameworkDirectories:
         ProfileTablesLocation:
         Referencia principal "Azure.Core, Version=1.50.0.0, Culture=neutral, PublicKeyToken=92742159e12e44c8".
             La ruta de acceso del archivo resuelta es "C:\Users\ubf0238\.nuget\packages\azure.core\1.50.0\lib\net8.0\Azure.Core.dll".
             Se encontr├│ una referencia en la ubicaci├│n de ruta de acceso de b├║squeda "{HintPathFromItem}".
             Esta referencia no es "CopyLocal" porque existe al menos un elemento de origen con "Private" establecido en "false" y ning├║n elemento de origen con "Private" establecido en "true".
         Referencia principal "Azure.Storage.Blobs, Version=12.27.0.0, Culture=neutral, PublicKeyToken=92742159e12e44c8".
             La ruta de acceso del archivo resuelta es "C:\Users\ubf0238\.nuget\packages\azure.storage.blobs\12.27.0\lib\net8.0\Azure.Storage.Blobs.dll".
             Se encontr├│ una referencia en la ubicaci├│n de ruta de acceso de b├║squeda "{HintPathFromItem}".
             Esta referencia no es "CopyLocal" porque existe al menos un elemento de origen con "Private" establecido en "false" y ning├║n elemento de origen con "Private" establecido en "true".
         Referencia principal "Azure.Storage.Common, Version=12.26.0.0, Culture=neutral, PublicKeyToken=92742159e12e44c8".
             La ruta de acceso del archivo resuelta es "C:\Users\ubf0238\.nuget\packages\azure.storage.common\12.26.0\lib\net8.0\Azure.Storage.Common.dll".
             Se encontr├│ una referencia en la ubicaci├│n de ruta de acceso de b├║squeda "{HintPathFromItem}".
             Esta referencia no es "CopyLocal" porque existe al menos un elemento de origen con "Private" establecido en "false" y ning├║n elemento de origen con "Private" establecido en "true".
         Referencia principal "FluentValidation, Version=12.0.0.0, Culture=neutral, PublicKeyToken=7de548da2fbae0f0".
             La ruta de acceso del archivo resuelta es "C:\Users\ubf0238\.nuget\packages\fluentvalidation\12.1.1\lib\net8.0\FluentValidation.dll".
             Se encontr├│ una referencia en la ubicaci├│n de ruta de acceso de b├║squeda "{HintPathFromItem}".
             Esta referencia no es "CopyLocal" porque existe al menos un elemento de origen con "Private" establecido en "false" y ning├║n elemento de origen con "Private" establecido en "true".
         Referencia principal "Microsoft.Bcl.AsyncInterfaces, Version=8.0.0.0, Culture=neutral, PublicKeyToken=cc7b13ffcd2ddd51".
             La ruta de acceso del archivo resuelta es "C:\Users\ubf0238\.nuget\packages\microsoft.bcl.asyncinterfaces\8.0.0\lib\netstandard2.1\Microsoft.Bcl.AsyncInterfaces.dll".
             Se encontr├│ una referencia en la ubicaci├│n de ruta de acceso de b├║squeda "{HintPathFromItem}".
             Esta referencia no es "CopyLocal" porque existe al menos un elemento de origen con "Private" establecido en "false" y ning├║n elemento de origen con "Private" establecido en "true".
         Referencia principal "Microsoft.Extensions.Configuration.Abstractions, Version=8.0.0.0, Culture=neutral, PublicKeyToken=adb9793829ddae60".
             La ruta de acceso del archivo resuelta es "C:\Users\ubf0238\.nuget\packages\microsoft.extensions.configuration.abstractions\8.0.0\lib\net8.0\Microsoft.Extensions.Configuration.Abstractions.dll".
             Se encontr├│ una referencia en la ubicaci├│n de ruta de acceso de b├║squeda "{HintPathFromItem}".
             Esta referencia no es "CopyLocal" porque existe al menos un elemento de origen con "Private" establecido en "false" y ning├║n elemento de origen con "Private" establecido en "true".
         Referencia principal "Microsoft.Extensions.DependencyInjection.Abstractions, Version=8.0.0.0, Culture=neutral, PublicKeyToken=adb9793829ddae60".
             La ruta de acceso del archivo resuelta es "C:\Users\ubf0238\.nuget\packages\microsoft.extensions.dependencyinjection.abstractions\8.0.2\lib\net8.0\Microsoft.Extensions.DependencyInjection.Abstractions.dll".
             Se encontr├│ una referencia en la ubicaci├│n de ruta de acceso de b├║squeda "{HintPathFromItem}".
             Esta referencia no es "CopyLocal" porque existe al menos un elemento de origen con "Private" establecido en "false" y ning├║n elemento de origen con "Private" establecido en "true".
         Referencia principal "Microsoft.Extensions.Logging.Abstractions, Version=8.0.0.0, Culture=neutral, PublicKeyToken=adb9793829ddae60".
             La ruta de acceso del archivo resuelta es "C:\Users\ubf0238\.nuget\packages\microsoft.extensions.logging.abstractions\8.0.3\lib\net8.0\Microsoft.Extensions.Logging.Abstractions.dll".
             Se encontr├│ una referencia en la ubicaci├│n de ruta de acceso de b├║squeda "{HintPathFromItem}".
             Esta referencia no es "CopyLocal" porque existe al menos un elemento de origen con "Private" establecido en "false" y ning├║n elemento de origen con "Private" establecido en "true".
         Referencia principal "Microsoft.Extensions.Primitives, Version=8.0.0.0, Culture=neutral, PublicKeyToken=adb9793829ddae60".
             La ruta de acceso del archivo resuelta es "C:\Users\ubf0238\.nuget\packages\microsoft.extensions.primitives\8.0.0\lib\net8.0\Microsoft.Extensions.Primitives.dll".
             Se encontr├│ una referencia en la ubicaci├│n de ruta de acceso de b├║squeda "{HintPathFromItem}".
             Esta referencia no es "CopyLocal" porque existe al menos un elemento de origen con "Private" establecido en "false" y ning├║n elemento de origen con "Private" establecido en "true".
         Referencia principal "System.ClientModel, Version=1.8.0.0, Culture=neutral, PublicKeyToken=92742159e12e44c8".
             La ruta de acceso del archivo resuelta es "C:\Users\ubf0238\.nuget\packages\system.clientmodel\1.8.0\lib\net8.0\System.ClientModel.dll".
             Se encontr├│ una referencia en la ubicaci├│n de ruta de acceso de b├║squeda "{HintPathFromItem}".
             Esta referencia no es "CopyLocal" porque existe al menos un elemento de origen con "Private" establecido en "false" y ning├║n elemento de origen con "Private" establecido en "true".
         Referencia principal "System.IO.Hashing, Version=10.0.0.1, Culture=neutral, PublicKeyToken=cc7b13ffcd2ddd51".
             La ruta de acceso del archivo resuelta es "C:\Users\ubf0238\.nuget\packages\system.io.hashing\10.0.1\lib\net8.0\System.IO.Hashing.dll".
             Se encontr├│ una referencia en la ubicaci├│n de ruta de acceso de b├║squeda "{HintPathFromItem}".
             Esta referencia no es "CopyLocal" porque existe al menos un elemento de origen con "Private" establecido en "false" y ning├║n elemento de origen con "Private" establecido en "true".
         Referencia principal "System.IO.Pipelines, Version=10.0.0.0, Culture=neutral, PublicKeyToken=cc7b13ffcd2ddd51".
             La ruta de acceso del archivo resuelta es "C:\Users\ubf0238\.nuget\packages\system.io.pipelines\10.0.2\lib\net8.0\System.IO.Pipelines.dll".
             Se encontr├│ una referencia en la ubicaci├│n de ruta de acceso de b├║squeda "{HintPathFromItem}".
             Esta referencia no es "CopyLocal" porque existe al menos un elemento de origen con "Private" establecido en "false" y ning├║n elemento de origen con "Private" establecido en "true".
         Referencia principal "System.Memory.Data, Version=8.0.0.1, Culture=neutral, PublicKeyToken=cc7b13ffcd2ddd51".
             La ruta de acceso del archivo resuelta es "C:\Users\ubf0238\.nuget\packages\system.memory.data\8.0.1\lib\net8.0\System.Memory.Data.dll".
             Se encontr├│ una referencia en la ubicaci├│n de ruta de acceso de b├║squeda "{HintPathFromItem}".
             Esta referencia no es "CopyLocal" porque existe al menos un elemento de origen con "Private" establecido en "false" y ning├║n elemento de origen con "Private" establecido en "true".
         Referencia principal "System.Text.Encodings.Web, Version=10.0.0.0, Culture=neutral, PublicKeyToken=cc7b13ffcd2ddd51".
             La ruta de acceso del archivo resuelta es "C:\Users\ubf0238\.nuget\packages\system.text.encodings.web\10.0.2\lib\net8.0\System.Text.Encodings.Web.dll".
             Se encontr├│ una referencia en la ubicaci├│n de ruta de acceso de b├║squeda "{HintPathFromItem}".
             Esta referencia no es "CopyLocal" porque existe al menos un elemento de origen con "Private" establecido en "false" y ning├║n elemento de origen con "Private" establecido en "true".
         Referencia principal "System.Text.Json, Version=10.0.0.0, Culture=neutral, PublicKeyToken=cc7b13ffcd2ddd51".
             La ruta de acceso del archivo resuelta es "C:\Users\ubf0238\.nuget\packages\system.text.json\10.0.2\lib\net8.0\System.Text.Json.dll".
             Se encontr├│ una referencia en la ubicaci├│n de ruta de acceso de b├║squeda "{HintPathFromItem}".
             Esta referencia no es "CopyLocal" porque existe al menos un elemento de origen con "Private" establecido en "false" y ning├║n elemento de origen con "Private" establecido en "true".
         Referencia principal "Microsoft.CSharp, Version=8.0.0.0, Culture=neutral, PublicKeyToken=b03f5f7f11d50a3a".
             La ruta de acceso del archivo resuelta es "C:\Program Files\dotnet\packs\Microsoft.NETCore.App.Ref\8.0.23\ref\net8.0\Microsoft.CSharp.dll".
             Se encontr├│ una referencia en la ubicaci├│n de ruta de acceso de b├║squeda "{RawFileName}".
             Esta referencia no es "CopyLocal" porque existe al menos un elemento de origen con "Private" establecido en "false" y ning├║n elemento de origen con "Private" establecido en "true".
         Referencia principal "Microsoft.VisualBasic.Core, Version=13.0.0.0, Culture=neutral, PublicKeyToken=b03f5f7f11d50a3a".
             La ruta de acceso del archivo resuelta es "C:\Program Files\dotnet\packs\Microsoft.NETCore.App.Ref\8.0.23\ref\net8.0\Microsoft.VisualBasic.Core.dll".
             Se encontr├│ una referencia en la ubicaci├│n de ruta de acceso de b├║squeda "{RawFileName}".
             Esta referencia no es "CopyLocal" porque existe al menos un elemento de origen con "Private" establecido en "false" y ning├║n elemento de origen con "Private" establecido en "true".
         Referencia principal "Microsoft.VisualBasic, Version=10.0.0.0, Culture=neutral, PublicKeyToken=b03f5f7f11d50a3a".
             La ruta de acceso del archivo resuelta es "C:\Program Files\dotnet\packs\Microsoft.NETCore.App.Ref\8.0.23\ref\net8.0\Microsoft.VisualBasic.dll".
             Se encontr├│ una referencia en la ubicaci├│n de ruta de acceso de b├║squeda "{RawFileName}".
             Esta referencia no es "CopyLocal" porque existe al menos un elemento de origen con "Private" establecido en "false" y ning├║n elemento de origen con "Private" establecido en "true".
         Referencia principal "Microsoft.Win32.Primitives, Version=8.0.0.0, Culture=neutral, PublicKeyToken=b03f5f7f11d50a3a".
             La ruta de acceso del archivo resuelta es "C:\Program Files\dotnet\packs\Microsoft.NETCore.App.Ref\8.0.23\ref\net8.0\Microsoft.Win32.Primitives.dll".
             Se encontr├│ una referencia en la ubicaci├│n de ruta de acceso de b├║squeda "{RawFileName}".
             Esta referencia no es "CopyLocal" porque existe al menos un elemento de origen con "Private" establecido en "false" y ning├║n elemento de origen con "Private" establecido en "true".
         Referencia principal "Microsoft.Win32.Registry, Version=8.0.0.0, Culture=neutral, PublicKeyToken=b03f5f7f11d50a3a".
             La ruta de acceso del archivo resuelta es "C:\Program Files\dotnet\packs\Microsoft.NETCore.App.Ref\8.0.23\ref\net8.0\Microsoft.Win32.Registry.dll".
             Se encontr├│ una referencia en la ubicaci├│n de ruta de acceso de b├║squeda "{RawFileName}".
             Esta referencia no es "CopyLocal" porque existe al menos un elemento de origen con "Private" establecido en "false" y ning├║n elemento de origen con "Private" establecido en "true".
         Referencia principal "System.AppContext, Version=8.0.0.0, Culture=neutral, PublicKeyToken=b03f5f7f11d50a3a".
             La ruta de acceso del archivo resuelta es "C:\Program Files\dotnet\packs\Microsoft.NETCore.App.Ref\8.0.23\ref\net8.0\System.AppContext.dll".
             Se encontr├│ una referencia en la ubicaci├│n de ruta de acceso de b├║squeda "{RawFileName}".
             Esta referencia no es "CopyLocal" porque existe al menos un elemento de origen con "Private" establecido en "false" y ning├║n elemento de origen con "Private" establecido en "true".
         Referencia principal "System.Buffers, Version=8.0.0.0, Culture=neutral, PublicKeyToken=cc7b13ffcd2ddd51".
             La ruta de acceso del archivo resuelta es "C:\Program Files\dotnet\packs\Microsoft.NETCore.App.Ref\8.0.23\ref\net8.0\System.Buffers.dll".
             Se encontr├│ una referencia en la ubicaci├│n de ruta de acceso de b├║squeda "{RawFileName}".
             Esta referencia no es "CopyLocal" porque existe al menos un elemento de origen con "Private" establecido en "false" y ning├║n elemento de origen con "Private" establecido en "true".
         Referencia principal "System.Collections.Concurrent, Version=8.0.0.0, Culture=neutral, PublicKeyToken=b03f5f7f11d50a3a".
             La ruta de acceso del archivo resuelta es "C:\Program Files\dotnet\packs\Microsoft.NETCore.App.Ref\8.0.23\ref\net8.0\System.Collections.Concurrent.dll".
             Se encontr├│ una referencia en la ubicaci├│n de ruta de acceso de b├║squeda "{RawFileName}".
             Esta referencia no es "CopyLocal" porque existe al menos un elemento de origen con "Private" establecido en "false" y ning├║n elemento de origen con "Private" establecido en "true".
         Referencia principal "System.Collections.Immutable, Version=8.0.0.0, Culture=neutral, PublicKeyToken=b03f5f7f11d50a3a".
             La ruta de acceso del archivo resuelta es "C:\Program Files\dotnet\packs\Microsoft.NETCore.App.Ref\8.0.23\ref\net8.0\System.Collections.Immutable.dll".
             Se encontr├│ una referencia en la ubicaci├│n de ruta de acceso de b├║squeda "{RawFileName}".
             Esta referencia no es "CopyLocal" porque existe al menos un elemento de origen con "Private" establecido en "false" y ning├║n elemento de origen con "Private" establecido en "true".
         Referencia principal "System.Collections.NonGeneric, Version=8.0.0.0, Culture=neutral, PublicKeyToken=b03f5f7f11d50a3a".
             La ruta de acceso del archivo resuelta es "C:\Program Files\dotnet\packs\Microsoft.NETCore.App.Ref\8.0.23\ref\net8.0\System.Collections.NonGeneric.dll".
             Se encontr├│ una referencia en la ubicaci├│n de ruta de acceso de b├║squeda "{RawFileName}".
             Esta referencia no es "CopyLocal" porque existe al menos un elemento de origen con "Private" establecido en "false" y ning├║n elemento de origen con "Private" establecido en "true".
         Referencia principal "System.Collections.Specialized, Version=8.0.0.0, Culture=neutral, PublicKeyToken=b03f5f7f11d50a3a".
             La ruta de acceso del archivo resuelta es "C:\Program Files\dotnet\packs\Microsoft.NETCore.App.Ref\8.0.23\ref\net8.0\System.Collections.Specialized.dll".
             Se encontr├│ una referencia en la ubicaci├│n de ruta de acceso de b├║squeda "{RawFileName}".
             Esta referencia no es "CopyLocal" porque existe al menos un elemento de origen con "Private" establecido en "false" y ning├║n elemento de origen con "Private" establecido en "true".
         Referencia principal "System.Collections, Version=8.0.0.0, Culture=neutral, PublicKeyToken=b03f5f7f11d50a3a".
             La ruta de acceso del archivo resuelta es "C:\Program Files\dotnet\packs\Microsoft.NETCore.App.Ref\8.0.23\ref\net8.0\System.Collections.dll".
             Se encontr├│ una referencia en la ubicaci├│n de ruta de acceso de b├║squeda "{RawFileName}".
             Esta referencia no es "CopyLocal" porque existe al menos un elemento de origen con "Private" establecido en "false" y ning├║n elemento de origen con "Private" establecido en "true".
         Referencia principal "System.ComponentModel.Annotations, Version=8.0.0.0, Culture=neutral, PublicKeyToken=b03f5f7f11d50a3a".
             La ruta de acceso del archivo resuelta es "C:\Program Files\dotnet\packs\Microsoft.NETCore.App.Ref\8.0.23\ref\net8.0\System.ComponentModel.Annotations.dll".
             Se encontr├│ una referencia en la ubicaci├│n de ruta de acceso de b├║squeda "{RawFileName}".
             Esta referencia no es "CopyLocal" porque existe al menos un elemento de origen con "Private" establecido en "false" y ning├║n elemento de origen con "Private" establecido en "true".
         Referencia principal "System.ComponentModel.DataAnnotations, Version=4.0.0.0, Culture=neutral, PublicKeyToken=31bf3856ad364e35".
             La ruta de acceso del archivo resuelta es "C:\Program Files\dotnet\packs\Microsoft.NETCore.App.Ref\8.0.23\ref\net8.0\System.ComponentModel.DataAnnotations.dll".
             Se encontr├│ una referencia en la ubicaci├│n de ruta de acceso de b├║squeda "{RawFileName}".
             Esta referencia no es "CopyLocal" porque existe al menos un elemento de origen con "Private" establecido en "false" y ning├║n elemento de origen con "Private" establecido en "true".
         Referencia principal "System.ComponentModel.EventBasedAsync, Version=8.0.0.0, Culture=neutral, PublicKeyToken=b03f5f7f11d50a3a".
             La ruta de acceso del archivo resuelta es "C:\Program Files\dotnet\packs\Microsoft.NETCore.App.Ref\8.0.23\ref\net8.0\System.ComponentModel.EventBasedAsync.dll".
             Se encontr├│ una referencia en la ubicaci├│n de ruta de acceso de b├║squeda "{RawFileName}".
             Esta referencia no es "CopyLocal" porque existe al menos un elemento de origen con "Private" establecido en "false" y ning├║n elemento de origen con "Private" establecido en "true".
         Referencia principal "System.ComponentModel.Primitives, Version=8.0.0.0, Culture=neutral, PublicKeyToken=b03f5f7f11d50a3a".
             La ruta de acceso del archivo resuelta es "C:\Program Files\dotnet\packs\Microsoft.NETCore.App.Ref\8.0.23\ref\net8.0\System.ComponentModel.Primitives.dll".
             Se encontr├│ una referencia en la ubicaci├│n de ruta de acceso de b├║squeda "{RawFileName}".
             Esta referencia no es "CopyLocal" porque existe al menos un elemento de origen con "Private" establecido en "false" y ning├║n elemento de origen con "Private" establecido en "true".
         Referencia principal "System.ComponentModel.TypeConverter, Version=8.0.0.0, Culture=neutral, PublicKeyToken=b03f5f7f11d50a3a".
             La ruta de acceso del archivo resuelta es "C:\Program Files\dotnet\packs\Microsoft.NETCore.App.Ref\8.0.23\ref\net8.0\System.ComponentModel.TypeConverter.dll".
             Se encontr├│ una referencia en la ubicaci├│n de ruta de acceso de b├║squeda "{RawFileName}".
             Esta referencia no es "CopyLocal" porque existe al menos un elemento de origen con "Private" establecido en "false" y ning├║n elemento de origen con "Private" establecido en "true".
         Referencia principal "System.ComponentModel, Version=8.0.0.0, Culture=neutral, PublicKeyToken=b03f5f7f11d50a3a".
             La ruta de acceso del archivo resuelta es "C:\Program Files\dotnet\packs\Microsoft.NETCore.App.Ref\8.0.23\ref\net8.0\System.ComponentModel.dll".
             Se encontr├│ una referencia en la ubicaci├│n de ruta de acceso de b├║squeda "{RawFileName}".
             Esta referencia no es "CopyLocal" porque existe al menos un elemento de origen con "Private" establecido en "false" y ning├║n elemento de origen con "Private" establecido en "true".
         Referencia principal "System.Configuration, Version=4.0.0.0, Culture=neutral, PublicKeyToken=b03f5f7f11d50a3a".
             La ruta de acceso del archivo resuelta es "C:\Program Files\dotnet\packs\Microsoft.NETCore.App.Ref\8.0.23\ref\net8.0\System.Configuration.dll".
             Se encontr├│ una referencia en la ubicaci├│n de ruta de acceso de b├║squeda "{RawFileName}".
             Esta referencia no es "CopyLocal" porque existe al menos un elemento de origen con "Private" establecido en "false" y ning├║n elemento de origen con "Private" establecido en "true".
         Referencia principal "System.Console, Version=8.0.0.0, Culture=neutral, PublicKeyToken=b03f5f7f11d50a3a".
             La ruta de acceso del archivo resuelta es "C:\Program Files\dotnet\packs\Microsoft.NETCore.App.Ref\8.0.23\ref\net8.0\System.Console.dll".
             Se encontr├│ una referencia en la ubicaci├│n de ruta de acceso de b├║squeda "{RawFileName}".
             Esta referencia no es "CopyLocal" porque existe al menos un elemento de origen con "Private" establecido en "false" y ning├║n elemento de origen con "Private" establecido en "true".
         Referencia principal "System.Core, Version=4.0.0.0, Culture=neutral, PublicKeyToken=b77a5c561934e089".
             La ruta de acceso del archivo resuelta es "C:\Program Files\dotnet\packs\Microsoft.NETCore.App.Ref\8.0.23\ref\net8.0\System.Core.dll".
             Se encontr├│ una referencia en la ubicaci├│n de ruta de acceso de b├║squeda "{RawFileName}".
             Esta referencia no es "CopyLocal" porque existe al menos un elemento de origen con "Private" establecido en "false" y ning├║n elemento de origen con "Private" establecido en "true".
         Referencia principal "System.Data.Common, Version=8.0.0.0, Culture=neutral, PublicKeyToken=b03f5f7f11d50a3a".
             La ruta de acceso del archivo resuelta es "C:\Program Files\dotnet\packs\Microsoft.NETCore.App.Ref\8.0.23\ref\net8.0\System.Data.Common.dll".
             Se encontr├│ una referencia en la ubicaci├│n de ruta de acceso de b├║squeda "{RawFileName}".
             Esta referencia no es "CopyLocal" porque existe al menos un elemento de origen con "Private" establecido en "false" y ning├║n elemento de origen con "Private" establecido en "true".
         Referencia principal "System.Data.DataSetExtensions, Version=8.0.0.0, Culture=neutral, PublicKeyToken=b77a5c561934e089".
             La ruta de acceso del archivo resuelta es "C:\Program Files\dotnet\packs\Microsoft.NETCore.App.Ref\8.0.23\ref\net8.0\System.Data.DataSetExtensions.dll".
             Se encontr├│ una referencia en la ubicaci├│n de ruta de acceso de b├║squeda "{RawFileName}".
             Esta referencia no es "CopyLocal" porque existe al menos un elemento de origen con "Private" establecido en "false" y ning├║n elemento de origen con "Private" establecido en "true".
         Referencia principal "System.Data, Version=4.0.0.0, Culture=neutral, PublicKeyToken=b77a5c561934e089".
             La ruta de acceso del archivo resuelta es "C:\Program Files\dotnet\packs\Microsoft.NETCore.App.Ref\8.0.23\ref\net8.0\System.Data.dll".
             Se encontr├│ una referencia en la ubicaci├│n de ruta de acceso de b├║squeda "{RawFileName}".
             Esta referencia no es "CopyLocal" porque existe al menos un elemento de origen con "Private" establecido en "false" y ning├║n elemento de origen con "Private" establecido en "true".
         Referencia principal "System.Diagnostics.Contracts, Version=8.0.0.0, Culture=neutral, PublicKeyToken=b03f5f7f11d50a3a".
             La ruta de acceso del archivo resuelta es "C:\Program Files\dotnet\packs\Microsoft.NETCore.App.Ref\8.0.23\ref\net8.0\System.Diagnostics.Contracts.dll".
             Se encontr├│ una referencia en la ubicaci├│n de ruta de acceso de b├║squeda "{RawFileName}".
             Esta referencia no es "CopyLocal" porque existe al menos un elemento de origen con "Private" establecido en "false" y ning├║n elemento de origen con "Private" establecido en "true".
         Referencia principal "System.Diagnostics.Debug, Version=8.0.0.0, Culture=neutral, PublicKeyToken=b03f5f7f11d50a3a".
             La ruta de acceso del archivo resuelta es "C:\Program Files\dotnet\packs\Microsoft.NETCore.App.Ref\8.0.23\ref\net8.0\System.Diagnostics.Debug.dll".
             Se encontr├│ una referencia en la ubicaci├│n de ruta de acceso de b├║squeda "{RawFileName}".
             Esta referencia no es "CopyLocal" porque existe al menos un elemento de origen con "Private" establecido en "false" y ning├║n elemento de origen con "Private" establecido en "true".
         Referencia principal "System.Diagnostics.DiagnosticSource, Version=8.0.0.0, Culture=neutral, PublicKeyToken=cc7b13ffcd2ddd51".
             La ruta de acceso del archivo resuelta es "C:\Program Files\dotnet\packs\Microsoft.NETCore.App.Ref\8.0.23\ref\net8.0\System.Diagnostics.DiagnosticSource.dll".
             Se encontr├│ una referencia en la ubicaci├│n de ruta de acceso de b├║squeda "{RawFileName}".
             Esta referencia no es "CopyLocal" porque existe al menos un elemento de origen con "Private" establecido en "false" y ning├║n elemento de origen con "Private" establecido en "true".
         Referencia principal "System.Diagnostics.FileVersionInfo, Version=8.0.0.0, Culture=neutral, PublicKeyToken=b03f5f7f11d50a3a".
             La ruta de acceso del archivo resuelta es "C:\Program Files\dotnet\packs\Microsoft.NETCore.App.Ref\8.0.23\ref\net8.0\System.Diagnostics.FileVersionInfo.dll".
             Se encontr├│ una referencia en la ubicaci├│n de ruta de acceso de b├║squeda "{RawFileName}".
             Esta referencia no es "CopyLocal" porque existe al menos un elemento de origen con "Private" establecido en "false" y ning├║n elemento de origen con "Private" establecido en "true".
         Referencia principal "System.Diagnostics.Process, Version=8.0.0.0, Culture=neutral, PublicKeyToken=b03f5f7f11d50a3a".
             La ruta de acceso del archivo resuelta es "C:\Program Files\dotnet\packs\Microsoft.NETCore.App.Ref\8.0.23\ref\net8.0\System.Diagnostics.Process.dll".
             Se encontr├│ una referencia en la ubicaci├│n de ruta de acceso de b├║squeda "{RawFileName}".
             Esta referencia no es "CopyLocal" porque existe al menos un elemento de origen con "Private" establecido en "false" y ning├║n elemento de origen con "Private" establecido en "true".
         Referencia principal "System.Diagnostics.StackTrace, Version=8.0.0.0, Culture=neutral, PublicKeyToken=b03f5f7f11d50a3a".
             La ruta de acceso del archivo resuelta es "C:\Program Files\dotnet\packs\Microsoft.NETCore.App.Ref\8.0.23\ref\net8.0\System.Diagnostics.StackTrace.dll".
             Se encontr├│ una referencia en la ubicaci├│n de ruta de acceso de b├║squeda "{RawFileName}".
             Esta referencia no es "CopyLocal" porque existe al menos un elemento de origen con "Private" establecido en "false" y ning├║n elemento de origen con "Private" establecido en "true".
         Referencia principal "System.Diagnostics.TextWriterTraceListener, Version=8.0.0.0, Culture=neutral, PublicKeyToken=b03f5f7f11d50a3a".
             La ruta de acceso del archivo resuelta es "C:\Program Files\dotnet\packs\Microsoft.NETCore.App.Ref\8.0.23\ref\net8.0\System.Diagnostics.TextWriterTraceListener.dll".
             Se encontr├│ una referencia en la ubicaci├│n de ruta de acceso de b├║squeda "{RawFileName}".
             Esta referencia no es "CopyLocal" porque existe al menos un elemento de origen con "Private" establecido en "false" y ning├║n elemento de origen con "Private" establecido en "true".
         Referencia principal "System.Diagnostics.Tools, Version=8.0.0.0, Culture=neutral, PublicKeyToken=b03f5f7f11d50a3a".
             La ruta de acceso del archivo resuelta es "C:\Program Files\dotnet\packs\Microsoft.NETCore.App.Ref\8.0.23\ref\net8.0\System.Diagnostics.Tools.dll".
             Se encontr├│ una referencia en la ubicaci├│n de ruta de acceso de b├║squeda "{RawFileName}".
             Esta referencia no es "CopyLocal" porque existe al menos un elemento de origen con "Private" establecido en "false" y ning├║n elemento de origen con "Private" establecido en "true".
         Referencia principal "System.Diagnostics.TraceSource, Version=8.0.0.0, Culture=neutral, PublicKeyToken=b03f5f7f11d50a3a".
             La ruta de acceso del archivo resuelta es "C:\Program Files\dotnet\packs\Microsoft.NETCore.App.Ref\8.0.23\ref\net8.0\System.Diagnostics.TraceSource.dll".
             Se encontr├│ una referencia en la ubicaci├│n de ruta de acceso de b├║squeda "{RawFileName}".
             Esta referencia no es "CopyLocal" porque existe al menos un elemento de origen con "Private" establecido en "false" y ning├║n elemento de origen con "Private" establecido en "true".
         Referencia principal "System.Diagnostics.Tracing, Version=8.0.0.0, Culture=neutral, PublicKeyToken=b03f5f7f11d50a3a".
             La ruta de acceso del archivo resuelta es "C:\Program Files\dotnet\packs\Microsoft.NETCore.App.Ref\8.0.23\ref\net8.0\System.Diagnostics.Tracing.dll".
             Se encontr├│ una referencia en la ubicaci├│n de ruta de acceso de b├║squeda "{RawFileName}".
             Esta referencia no es "CopyLocal" porque existe al menos un elemento de origen con "Private" establecido en "false" y ning├║n elemento de origen con "Private" establecido en "true".
         Referencia principal "System.Drawing.Primitives, Version=8.0.0.0, Culture=neutral, PublicKeyToken=b03f5f7f11d50a3a".
             La ruta de acceso del archivo resuelta es "C:\Program Files\dotnet\packs\Microsoft.NETCore.App.Ref\8.0.23\ref\net8.0\System.Drawing.Primitives.dll".
             Se encontr├│ una referencia en la ubicaci├│n de ruta de acceso de b├║squeda "{RawFileName}".
             Esta referencia no es "CopyLocal" porque existe al menos un elemento de origen con "Private" establecido en "false" y ning├║n elemento de origen con "Private" establecido en "true".
         Referencia principal "System.Drawing, Version=4.0.0.0, Culture=neutral, PublicKeyToken=b03f5f7f11d50a3a".
             La ruta de acceso del archivo resuelta es "C:\Program Files\dotnet\packs\Microsoft.NETCore.App.Ref\8.0.23\ref\net8.0\System.Drawing.dll".
             Se encontr├│ una referencia en la ubicaci├│n de ruta de acceso de b├║squeda "{RawFileName}".
             Esta referencia no es "CopyLocal" porque existe al menos un elemento de origen con "Private" establecido en "false" y ning├║n elemento de origen con "Private" establecido en "true".
         Referencia principal "System.Dynamic.Runtime, Version=8.0.0.0, Culture=neutral, PublicKeyToken=b03f5f7f11d50a3a".
             La ruta de acceso del archivo resuelta es "C:\Program Files\dotnet\packs\Microsoft.NETCore.App.Ref\8.0.23\ref\net8.0\System.Dynamic.Runtime.dll".
             Se encontr├│ una referencia en la ubicaci├│n de ruta de acceso de b├║squeda "{RawFileName}".
             Esta referencia no es "CopyLocal" porque existe al menos un elemento de origen con "Private" establecido en "false" y ning├║n elemento de origen con "Private" establecido en "true".
         Referencia principal "System.Formats.Asn1, Version=8.0.0.0, Culture=neutral, PublicKeyToken=cc7b13ffcd2ddd51".
             La ruta de acceso del archivo resuelta es "C:\Program Files\dotnet\packs\Microsoft.NETCore.App.Ref\8.0.23\ref\net8.0\System.Formats.Asn1.dll".
             Se encontr├│ una referencia en la ubicaci├│n de ruta de acceso de b├║squeda "{RawFileName}".
             Esta referencia no es "CopyLocal" porque existe al menos un elemento de origen con "Private" establecido en "false" y ning├║n elemento de origen con "Private" establecido en "true".
         Referencia principal "System.Formats.Tar, Version=8.0.0.0, Culture=neutral, PublicKeyToken=cc7b13ffcd2ddd51".
             La ruta de acceso del archivo resuelta es "C:\Program Files\dotnet\packs\Microsoft.NETCore.App.Ref\8.0.23\ref\net8.0\System.Formats.Tar.dll".
             Se encontr├│ una referencia en la ubicaci├│n de ruta de acceso de b├║squeda "{RawFileName}".
             Esta referencia no es "CopyLocal" porque existe al menos un elemento de origen con "Private" establecido en "false" y ning├║n elemento de origen con "Private" establecido en "true".
         Referencia principal "System.Globalization.Calendars, Version=8.0.0.0, Culture=neutral, PublicKeyToken=b03f5f7f11d50a3a".
             La ruta de acceso del archivo resuelta es "C:\Program Files\dotnet\packs\Microsoft.NETCore.App.Ref\8.0.23\ref\net8.0\System.Globalization.Calendars.dll".
             Se encontr├│ una referencia en la ubicaci├│n de ruta de acceso de b├║squeda "{RawFileName}".
             Esta referencia no es "CopyLocal" porque existe al menos un elemento de origen con "Private" establecido en "false" y ning├║n elemento de origen con "Private" establecido en "true".
         Referencia principal "System.Globalization.Extensions, Version=8.0.0.0, Culture=neutral, PublicKeyToken=b03f5f7f11d50a3a".
             La ruta de acceso del archivo resuelta es "C:\Program Files\dotnet\packs\Microsoft.NETCore.App.Ref\8.0.23\ref\net8.0\System.Globalization.Extensions.dll".
             Se encontr├│ una referencia en la ubicaci├│n de ruta de acceso de b├║squeda "{RawFileName}".
             Esta referencia no es "CopyLocal" porque existe al menos un elemento de origen con "Private" establecido en "false" y ning├║n elemento de origen con "Private" establecido en "true".
         Referencia principal "System.Globalization, Version=8.0.0.0, Culture=neutral, PublicKeyToken=b03f5f7f11d50a3a".
             La ruta de acceso del archivo resuelta es "C:\Program Files\dotnet\packs\Microsoft.NETCore.App.Ref\8.0.23\ref\net8.0\System.Globalization.dll".
             Se encontr├│ una referencia en la ubicaci├│n de ruta de acceso de b├║squeda "{RawFileName}".
             Esta referencia no es "CopyLocal" porque existe al menos un elemento de origen con "Private" establecido en "false" y ning├║n elemento de origen con "Private" establecido en "true".
         Referencia principal "System.IO.Compression.Brotli, Version=8.0.0.0, Culture=neutral, PublicKeyToken=b77a5c561934e089".
             La ruta de acceso del archivo resuelta es "C:\Program Files\dotnet\packs\Microsoft.NETCore.App.Ref\8.0.23\ref\net8.0\System.IO.Compression.Brotli.dll".
             Se encontr├│ una referencia en la ubicaci├│n de ruta de acceso de b├║squeda "{RawFileName}".
             Esta referencia no es "CopyLocal" porque existe al menos un elemento de origen con "Private" establecido en "false" y ning├║n elemento de origen con "Private" establecido en "true".
         Referencia principal "System.IO.Compression.FileSystem, Version=4.0.0.0, Culture=neutral, PublicKeyToken=b77a5c561934e089".
             La ruta de acceso del archivo resuelta es "C:\Program Files\dotnet\packs\Microsoft.NETCore.App.Ref\8.0.23\ref\net8.0\System.IO.Compression.FileSystem.dll".
             Se encontr├│ una referencia en la ubicaci├│n de ruta de acceso de b├║squeda "{RawFileName}".
             Esta referencia no es "CopyLocal" porque existe al menos un elemento de origen con "Private" establecido en "false" y ning├║n elemento de origen con "Private" establecido en "true".
         Referencia principal "System.IO.Compression.ZipFile, Version=8.0.0.0, Culture=neutral, PublicKeyToken=b77a5c561934e089".
             La ruta de acceso del archivo resuelta es "C:\Program Files\dotnet\packs\Microsoft.NETCore.App.Ref\8.0.23\ref\net8.0\System.IO.Compression.ZipFile.dll".
             Se encontr├│ una referencia en la ubicaci├│n de ruta de acceso de b├║squeda "{RawFileName}".
             Esta referencia no es "CopyLocal" porque existe al menos un elemento de origen con "Private" establecido en "false" y ning├║n elemento de origen con "Private" establecido en "true".
         Referencia principal "System.IO.Compression, Version=8.0.0.0, Culture=neutral, PublicKeyToken=b77a5c561934e089".
             La ruta de acceso del archivo resuelta es "C:\Program Files\dotnet\packs\Microsoft.NETCore.App.Ref\8.0.23\ref\net8.0\System.IO.Compression.dll".
             Se encontr├│ una referencia en la ubicaci├│n de ruta de acceso de b├║squeda "{RawFileName}".
             Esta referencia no es "CopyLocal" porque existe al menos un elemento de origen con "Private" establecido en "false" y ning├║n elemento de origen con "Private" establecido en "true".
         Referencia principal "System.IO.FileSystem.AccessControl, Version=8.0.0.0, Culture=neutral, PublicKeyToken=b03f5f7f11d50a3a".
             La ruta de acceso del archivo resuelta es "C:\Program Files\dotnet\packs\Microsoft.NETCore.App.Ref\8.0.23\ref\net8.0\System.IO.FileSystem.AccessControl.dll".
             Se encontr├│ una referencia en la ubicaci├│n de ruta de acceso de b├║squeda "{RawFileName}".
             Esta referencia no es "CopyLocal" porque existe al menos un elemento de origen con "Private" establecido en "false" y ning├║n elemento de origen con "Private" establecido en "true".
         Referencia principal "System.IO.FileSystem.DriveInfo, Version=8.0.0.0, Culture=neutral, PublicKeyToken=b03f5f7f11d50a3a".
             La ruta de acceso del archivo resuelta es "C:\Program Files\dotnet\packs\Microsoft.NETCore.App.Ref\8.0.23\ref\net8.0\System.IO.FileSystem.DriveInfo.dll".
             Se encontr├│ una referencia en la ubicaci├│n de ruta de acceso de b├║squeda "{RawFileName}".
             Esta referencia no es "CopyLocal" porque existe al menos un elemento de origen con "Private" establecido en "false" y ning├║n elemento de origen con "Private" establecido en "true".
         Referencia principal "System.IO.FileSystem.Primitives, Version=8.0.0.0, Culture=neutral, PublicKeyToken=b03f5f7f11d50a3a".
             La ruta de acceso del archivo resuelta es "C:\Program Files\dotnet\packs\Microsoft.NETCore.App.Ref\8.0.23\ref\net8.0\System.IO.FileSystem.Primitives.dll".
             Se encontr├│ una referencia en la ubicaci├│n de ruta de acceso de b├║squeda "{RawFileName}".
             Esta referencia no es "CopyLocal" porque existe al menos un elemento de origen con "Private" establecido en "false" y ning├║n elemento de origen con "Private" establecido en "true".
         Referencia principal "System.IO.FileSystem.Watcher, Version=8.0.0.0, Culture=neutral, PublicKeyToken=b03f5f7f11d50a3a".
             La ruta de acceso del archivo resuelta es "C:\Program Files\dotnet\packs\Microsoft.NETCore.App.Ref\8.0.23\ref\net8.0\System.IO.FileSystem.Watcher.dll".
             Se encontr├│ una referencia en la ubicaci├│n de ruta de acceso de b├║squeda "{RawFileName}".
             Esta referencia no es "CopyLocal" porque existe al menos un elemento de origen con "Private" establecido en "false" y ning├║n elemento de origen con "Private" establecido en "true".
         Referencia principal "System.IO.FileSystem, Version=8.0.0.0, Culture=neutral, PublicKeyToken=b03f5f7f11d50a3a".
             La ruta de acceso del archivo resuelta es "C:\Program Files\dotnet\packs\Microsoft.NETCore.App.Ref\8.0.23\ref\net8.0\System.IO.FileSystem.dll".
             Se encontr├│ una referencia en la ubicaci├│n de ruta de acceso de b├║squeda "{RawFileName}".
             Esta referencia no es "CopyLocal" porque existe al menos un elemento de origen con "Private" establecido en "false" y ning├║n elemento de origen con "Private" establecido en "true".
         Referencia principal "System.IO.IsolatedStorage, Version=8.0.0.0, Culture=neutral, PublicKeyToken=b03f5f7f11d50a3a".
             La ruta de acceso del archivo resuelta es "C:\Program Files\dotnet\packs\Microsoft.NETCore.App.Ref\8.0.23\ref\net8.0\System.IO.IsolatedStorage.dll".
             Se encontr├│ una referencia en la ubicaci├│n de ruta de acceso de b├║squeda "{RawFileName}".
             Esta referencia no es "CopyLocal" porque existe al menos un elemento de origen con "Private" establecido en "false" y ning├║n elemento de origen con "Private" establecido en "true".
         Referencia principal "System.IO.MemoryMappedFiles, Version=8.0.0.0, Culture=neutral, PublicKeyToken=b03f5f7f11d50a3a".
             La ruta de acceso del archivo resuelta es "C:\Program Files\dotnet\packs\Microsoft.NETCore.App.Ref\8.0.23\ref\net8.0\System.IO.MemoryMappedFiles.dll".
             Se encontr├│ una referencia en la ubicaci├│n de ruta de acceso de b├║squeda "{RawFileName}".
             Esta referencia no es "CopyLocal" porque existe al menos un elemento de origen con "Private" establecido en "false" y ning├║n elemento de origen con "Private" establecido en "true".
         Referencia principal "System.IO.Pipes.AccessControl, Version=8.0.0.0, Culture=neutral, PublicKeyToken=b03f5f7f11d50a3a".
             La ruta de acceso del archivo resuelta es "C:\Program Files\dotnet\packs\Microsoft.NETCore.App.Ref\8.0.23\ref\net8.0\System.IO.Pipes.AccessControl.dll".
             Se encontr├│ una referencia en la ubicaci├│n de ruta de acceso de b├║squeda "{RawFileName}".
             Esta referencia no es "CopyLocal" porque existe al menos un elemento de origen con "Private" establecido en "false" y ning├║n elemento de origen con "Private" establecido en "true".
         Referencia principal "System.IO.Pipes, Version=8.0.0.0, Culture=neutral, PublicKeyToken=b03f5f7f11d50a3a".
             La ruta de acceso del archivo resuelta es "C:\Program Files\dotnet\packs\Microsoft.NETCore.App.Ref\8.0.23\ref\net8.0\System.IO.Pipes.dll".
             Se encontr├│ una referencia en la ubicaci├│n de ruta de acceso de b├║squeda "{RawFileName}".
             Esta referencia no es "CopyLocal" porque existe al menos un elemento de origen con "Private" establecido en "false" y ning├║n elemento de origen con "Private" establecido en "true".
         Referencia principal "System.IO.UnmanagedMemoryStream, Version=8.0.0.0, Culture=neutral, PublicKeyToken=b03f5f7f11d50a3a".
             La ruta de acceso del archivo resuelta es "C:\Program Files\dotnet\packs\Microsoft.NETCore.App.Ref\8.0.23\ref\net8.0\System.IO.UnmanagedMemoryStream.dll".
             Se encontr├│ una referencia en la ubicaci├│n de ruta de acceso de b├║squeda "{RawFileName}".
             Esta referencia no es "CopyLocal" porque existe al menos un elemento de origen con "Private" establecido en "false" y ning├║n elemento de origen con "Private" establecido en "true".
         Referencia principal "System.IO, Version=8.0.0.0, Culture=neutral, PublicKeyToken=b03f5f7f11d50a3a".
             La ruta de acceso del archivo resuelta es "C:\Program Files\dotnet\packs\Microsoft.NETCore.App.Ref\8.0.23\ref\net8.0\System.IO.dll".
             Se encontr├│ una referencia en la ubicaci├│n de ruta de acceso de b├║squeda "{RawFileName}".
             Esta referencia no es "CopyLocal" porque existe al menos un elemento de origen con "Private" establecido en "false" y ning├║n elemento de origen con "Private" establecido en "true".
         Referencia principal "System.Linq.Expressions, Version=8.0.0.0, Culture=neutral, PublicKeyToken=b03f5f7f11d50a3a".
             La ruta de acceso del archivo resuelta es "C:\Program Files\dotnet\packs\Microsoft.NETCore.App.Ref\8.0.23\ref\net8.0\System.Linq.Expressions.dll".
             Se encontr├│ una referencia en la ubicaci├│n de ruta de acceso de b├║squeda "{RawFileName}".
             Esta referencia no es "CopyLocal" porque existe al menos un elemento de origen con "Private" establecido en "false" y ning├║n elemento de origen con "Private" establecido en "true".
         Referencia principal "System.Linq.Parallel, Version=8.0.0.0, Culture=neutral, PublicKeyToken=b03f5f7f11d50a3a".
             La ruta de acceso del archivo resuelta es "C:\Program Files\dotnet\packs\Microsoft.NETCore.App.Ref\8.0.23\ref\net8.0\System.Linq.Parallel.dll".
             Se encontr├│ una referencia en la ubicaci├│n de ruta de acceso de b├║squeda "{RawFileName}".
             Esta referencia no es "CopyLocal" porque existe al menos un elemento de origen con "Private" establecido en "false" y ning├║n elemento de origen con "Private" establecido en "true".
         Referencia principal "System.Linq.Queryable, Version=8.0.0.0, Culture=neutral, PublicKeyToken=b03f5f7f11d50a3a".
             La ruta de acceso del archivo resuelta es "C:\Program Files\dotnet\packs\Microsoft.NETCore.App.Ref\8.0.23\ref\net8.0\System.Linq.Queryable.dll".
             Se encontr├│ una referencia en la ubicaci├│n de ruta de acceso de b├║squeda "{RawFileName}".
             Esta referencia no es "CopyLocal" porque existe al menos un elemento de origen con "Private" establecido en "false" y ning├║n elemento de origen con "Private" establecido en "true".
         Referencia principal "System.Linq, Version=8.0.0.0, Culture=neutral, PublicKeyToken=b03f5f7f11d50a3a".
             La ruta de acceso del archivo resuelta es "C:\Program Files\dotnet\packs\Microsoft.NETCore.App.Ref\8.0.23\ref\net8.0\System.Linq.dll".
             Se encontr├│ una referencia en la ubicaci├│n de ruta de acceso de b├║squeda "{RawFileName}".
             Esta referencia no es "CopyLocal" porque existe al menos un elemento de origen con "Private" establecido en "false" y ning├║n elemento de origen con "Private" establecido en "true".
         Referencia principal "System.Memory, Version=8.0.0.0, Culture=neutral, PublicKeyToken=cc7b13ffcd2ddd51".
             La ruta de acceso del archivo resuelta es "C:\Program Files\dotnet\packs\Microsoft.NETCore.App.Ref\8.0.23\ref\net8.0\System.Memory.dll".
             Se encontr├│ una referencia en la ubicaci├│n de ruta de acceso de b├║squeda "{RawFileName}".
             Esta referencia no es "CopyLocal" porque existe al menos un elemento de origen con "Private" establecido en "false" y ning├║n elemento de origen con "Private" establecido en "true".
         Referencia principal "System.Net.Http.Json, Version=8.0.0.0, Culture=neutral, PublicKeyToken=cc7b13ffcd2ddd51".
             La ruta de acceso del archivo resuelta es "C:\Program Files\dotnet\packs\Microsoft.NETCore.App.Ref\8.0.23\ref\net8.0\System.Net.Http.Json.dll".
             Se encontr├│ una referencia en la ubicaci├│n de ruta de acceso de b├║squeda "{RawFileName}".
             Esta referencia no es "CopyLocal" porque existe al menos un elemento de origen con "Private" establecido en "false" y ning├║n elemento de origen con "Private" establecido en "true".
         Referencia principal "System.Net.Http, Version=8.0.0.0, Culture=neutral, PublicKeyToken=b03f5f7f11d50a3a".
             La ruta de acceso del archivo resuelta es "C:\Program Files\dotnet\packs\Microsoft.NETCore.App.Ref\8.0.23\ref\net8.0\System.Net.Http.dll".
             Se encontr├│ una referencia en la ubicaci├│n de ruta de acceso de b├║squeda "{RawFileName}".
             Esta referencia no es "CopyLocal" porque existe al menos un elemento de origen con "Private" establecido en "false" y ning├║n elemento de origen con "Private" establecido en "true".
         Referencia principal "System.Net.HttpListener, Version=8.0.0.0, Culture=neutral, PublicKeyToken=cc7b13ffcd2ddd51".
             La ruta de acceso del archivo resuelta es "C:\Program Files\dotnet\packs\Microsoft.NETCore.App.Ref\8.0.23\ref\net8.0\System.Net.HttpListener.dll".
             Se encontr├│ una referencia en la ubicaci├│n de ruta de acceso de b├║squeda "{RawFileName}".
             Esta referencia no es "CopyLocal" porque existe al menos un elemento de origen con "Private" establecido en "false" y ning├║n elemento de origen con "Private" establecido en "true".
         Referencia principal "System.Net.Mail, Version=8.0.0.0, Culture=neutral, PublicKeyToken=cc7b13ffcd2ddd51".
             La ruta de acceso del archivo resuelta es "C:\Program Files\dotnet\packs\Microsoft.NETCore.App.Ref\8.0.23\ref\net8.0\System.Net.Mail.dll".
             Se encontr├│ una referencia en la ubicaci├│n de ruta de acceso de b├║squeda "{RawFileName}".
             Esta referencia no es "CopyLocal" porque existe al menos un elemento de origen con "Private" establecido en "false" y ning├║n elemento de origen con "Private" establecido en "true".
         Referencia principal "System.Net.NameResolution, Version=8.0.0.0, Culture=neutral, PublicKeyToken=b03f5f7f11d50a3a".
             La ruta de acceso del archivo resuelta es "C:\Program Files\dotnet\packs\Microsoft.NETCore.App.Ref\8.0.23\ref\net8.0\System.Net.NameResolution.dll".
             Se encontr├│ una referencia en la ubicaci├│n de ruta de acceso de b├║squeda "{RawFileName}".
             Esta referencia no es "CopyLocal" porque existe al menos un elemento de origen con "Private" establecido en "false" y ning├║n elemento de origen con "Private" establecido en "true".
         Referencia principal "System.Net.NetworkInformation, Version=8.0.0.0, Culture=neutral, PublicKeyToken=b03f5f7f11d50a3a".
             La ruta de acceso del archivo resuelta es "C:\Program Files\dotnet\packs\Microsoft.NETCore.App.Ref\8.0.23\ref\net8.0\System.Net.NetworkInformation.dll".
             Se encontr├│ una referencia en la ubicaci├│n de ruta de acceso de b├║squeda "{RawFileName}".
             Esta referencia no es "CopyLocal" porque existe al menos un elemento de origen con "Private" establecido en "false" y ning├║n elemento de origen con "Private" establecido en "true".
         Referencia principal "System.Net.Ping, Version=8.0.0.0, Culture=neutral, PublicKeyToken=b03f5f7f11d50a3a".
             La ruta de acceso del archivo resuelta es "C:\Program Files\dotnet\packs\Microsoft.NETCore.App.Ref\8.0.23\ref\net8.0\System.Net.Ping.dll".
             Se encontr├│ una referencia en la ubicaci├│n de ruta de acceso de b├║squeda "{RawFileName}".
             Esta referencia no es "CopyLocal" porque existe al menos un elemento de origen con "Private" establecido en "false" y ning├║n elemento de origen con "Private" establecido en "true".
         Referencia principal "System.Net.Primitives, Version=8.0.0.0, Culture=neutral, PublicKeyToken=b03f5f7f11d50a3a".
             La ruta de acceso del archivo resuelta es "C:\Program Files\dotnet\packs\Microsoft.NETCore.App.Ref\8.0.23\ref\net8.0\System.Net.Primitives.dll".
             Se encontr├│ una referencia en la ubicaci├│n de ruta de acceso de b├║squeda "{RawFileName}".
             Esta referencia no es "CopyLocal" porque existe al menos un elemento de origen con "Private" establecido en "false" y ning├║n elemento de origen con "Private" establecido en "true".
         Referencia principal "System.Net.Quic, Version=8.0.0.0, Culture=neutral, PublicKeyToken=b03f5f7f11d50a3a".
             La ruta de acceso del archivo resuelta es "C:\Program Files\dotnet\packs\Microsoft.NETCore.App.Ref\8.0.23\ref\net8.0\System.Net.Quic.dll".
             Se encontr├│ una referencia en la ubicaci├│n de ruta de acceso de b├║squeda "{RawFileName}".
             Esta referencia no es "CopyLocal" porque existe al menos un elemento de origen con "Private" establecido en "false" y ning├║n elemento de origen con "Private" establecido en "true".
         Referencia principal "System.Net.Requests, Version=8.0.0.0, Culture=neutral, PublicKeyToken=b03f5f7f11d50a3a".
             La ruta de acceso del archivo resuelta es "C:\Program Files\dotnet\packs\Microsoft.NETCore.App.Ref\8.0.23\ref\net8.0\System.Net.Requests.dll".
             Se encontr├│ una referencia en la ubicaci├│n de ruta de acceso de b├║squeda "{RawFileName}".
             Esta referencia no es "CopyLocal" porque existe al menos un elemento de origen con "Private" establecido en "false" y ning├║n elemento de origen con "Private" establecido en "true".
         Referencia principal "System.Net.Security, Version=8.0.0.0, Culture=neutral, PublicKeyToken=b03f5f7f11d50a3a".
             La ruta de acceso del archivo resuelta es "C:\Program Files\dotnet\packs\Microsoft.NETCore.App.Ref\8.0.23\ref\net8.0\System.Net.Security.dll".
             Se encontr├│ una referencia en la ubicaci├│n de ruta de acceso de b├║squeda "{RawFileName}".
             Esta referencia no es "CopyLocal" porque existe al menos un elemento de origen con "Private" establecido en "false" y ning├║n elemento de origen con "Private" establecido en "true".
         Referencia principal "System.Net.ServicePoint, Version=8.0.0.0, Culture=neutral, PublicKeyToken=cc7b13ffcd2ddd51".
             La ruta de acceso del archivo resuelta es "C:\Program Files\dotnet\packs\Microsoft.NETCore.App.Ref\8.0.23\ref\net8.0\System.Net.ServicePoint.dll".
             Se encontr├│ una referencia en la ubicaci├│n de ruta de acceso de b├║squeda "{RawFileName}".
             Esta referencia no es "CopyLocal" porque existe al menos un elemento de origen con "Private" establecido en "false" y ning├║n elemento de origen con "Private" establecido en "true".
         Referencia principal "System.Net.Sockets, Version=8.0.0.0, Culture=neutral, PublicKeyToken=b03f5f7f11d50a3a".
             La ruta de acceso del archivo resuelta es "C:\Program Files\dotnet\packs\Microsoft.NETCore.App.Ref\8.0.23\ref\net8.0\System.Net.Sockets.dll".
             Se encontr├│ una referencia en la ubicaci├│n de ruta de acceso de b├║squeda "{RawFileName}".
             Esta referencia no es "CopyLocal" porque existe al menos un elemento de origen con "Private" establecido en "false" y ning├║n elemento de origen con "Private" establecido en "true".
         Referencia principal "System.Net.WebClient, Version=8.0.0.0, Culture=neutral, PublicKeyToken=cc7b13ffcd2ddd51".
             La ruta de acceso del archivo resuelta es "C:\Program Files\dotnet\packs\Microsoft.NETCore.App.Ref\8.0.23\ref\net8.0\System.Net.WebClient.dll".
             Se encontr├│ una referencia en la ubicaci├│n de ruta de acceso de b├║squeda "{RawFileName}".
             Esta referencia no es "CopyLocal" porque existe al menos un elemento de origen con "Private" establecido en "false" y ning├║n elemento de origen con "Private" establecido en "true".
         Referencia principal "System.Net.WebHeaderCollection, Version=8.0.0.0, Culture=neutral, PublicKeyToken=b03f5f7f11d50a3a".
             La ruta de acceso del archivo resuelta es "C:\Program Files\dotnet\packs\Microsoft.NETCore.App.Ref\8.0.23\ref\net8.0\System.Net.WebHeaderCollection.dll".
             Se encontr├│ una referencia en la ubicaci├│n de ruta de acceso de b├║squeda "{RawFileName}".
             Esta referencia no es "CopyLocal" porque existe al menos un elemento de origen con "Private" establecido en "false" y ning├║n elemento de origen con "Private" establecido en "true".
         Referencia principal "System.Net.WebProxy, Version=8.0.0.0, Culture=neutral, PublicKeyToken=cc7b13ffcd2ddd51".
             La ruta de acceso del archivo resuelta es "C:\Program Files\dotnet\packs\Microsoft.NETCore.App.Ref\8.0.23\ref\net8.0\System.Net.WebProxy.dll".
             Se encontr├│ una referencia en la ubicaci├│n de ruta de acceso de b├║squeda "{RawFileName}".
             Esta referencia no es "CopyLocal" porque existe al menos un elemento de origen con "Private" establecido en "false" y ning├║n elemento de origen con "Private" establecido en "true".
         Referencia principal "System.Net.WebSockets.Client, Version=8.0.0.0, Culture=neutral, PublicKeyToken=b03f5f7f11d50a3a".
             La ruta de acceso del archivo resuelta es "C:\Program Files\dotnet\packs\Microsoft.NETCore.App.Ref\8.0.23\ref\net8.0\System.Net.WebSockets.Client.dll".
             Se encontr├│ una referencia en la ubicaci├│n de ruta de acceso de b├║squeda "{RawFileName}".
             Esta referencia no es "CopyLocal" porque existe al menos un elemento de origen con "Private" establecido en "false" y ning├║n elemento de origen con "Private" establecido en "true".
         Referencia principal "System.Net.WebSockets, Version=8.0.0.0, Culture=neutral, PublicKeyToken=b03f5f7f11d50a3a".
             La ruta de acceso del archivo resuelta es "C:\Program Files\dotnet\packs\Microsoft.NETCore.App.Ref\8.0.23\ref\net8.0\System.Net.WebSockets.dll".
             Se encontr├│ una referencia en la ubicaci├│n de ruta de acceso de b├║squeda "{RawFileName}".
             Esta referencia no es "CopyLocal" porque existe al menos un elemento de origen con "Private" establecido en "false" y ning├║n elemento de origen con "Private" establecido en "true".
         Referencia principal "System.Net, Version=4.0.0.0, Culture=neutral, PublicKeyToken=b03f5f7f11d50a3a".
             La ruta de acceso del archivo resuelta es "C:\Program Files\dotnet\packs\Microsoft.NETCore.App.Ref\8.0.23\ref\net8.0\System.Net.dll".
             Se encontr├│ una referencia en la ubicaci├│n de ruta de acceso de b├║squeda "{RawFileName}".
             Esta referencia no es "CopyLocal" porque existe al menos un elemento de origen con "Private" establecido en "false" y ning├║n elemento de origen con "Private" establecido en "true".
         Referencia principal "System.Numerics.Vectors, Version=8.0.0.0, Culture=neutral, PublicKeyToken=b03f5f7f11d50a3a".
             La ruta de acceso del archivo resuelta es "C:\Program Files\dotnet\packs\Microsoft.NETCore.App.Ref\8.0.23\ref\net8.0\System.Numerics.Vectors.dll".
             Se encontr├│ una referencia en la ubicaci├│n de ruta de acceso de b├║squeda "{RawFileName}".
             Esta referencia no es "CopyLocal" porque existe al menos un elemento de origen con "Private" establecido en "false" y ning├║n elemento de origen con "Private" establecido en "true".
         Referencia principal "System.Numerics, Version=4.0.0.0, Culture=neutral, PublicKeyToken=b77a5c561934e089".
             La ruta de acceso del archivo resuelta es "C:\Program Files\dotnet\packs\Microsoft.NETCore.App.Ref\8.0.23\ref\net8.0\System.Numerics.dll".
             Se encontr├│ una referencia en la ubicaci├│n de ruta de acceso de b├║squeda "{RawFileName}".
             Esta referencia no es "CopyLocal" porque existe al menos un elemento de origen con "Private" establecido en "false" y ning├║n elemento de origen con "Private" establecido en "true".
         Referencia principal "System.ObjectModel, Version=8.0.0.0, Culture=neutral, PublicKeyToken=b03f5f7f11d50a3a".
             La ruta de acceso del archivo resuelta es "C:\Program Files\dotnet\packs\Microsoft.NETCore.App.Ref\8.0.23\ref\net8.0\System.ObjectModel.dll".
             Se encontr├│ una referencia en la ubicaci├│n de ruta de acceso de b├║squeda "{RawFileName}".
             Esta referencia no es "CopyLocal" porque existe al menos un elemento de origen con "Private" establecido en "false" y ning├║n elemento de origen con "Private" establecido en "true".
         Referencia principal "System.Reflection.DispatchProxy, Version=8.0.0.0, Culture=neutral, PublicKeyToken=b03f5f7f11d50a3a".
             La ruta de acceso del archivo resuelta es "C:\Program Files\dotnet\packs\Microsoft.NETCore.App.Ref\8.0.23\ref\net8.0\System.Reflection.DispatchProxy.dll".
             Se encontr├│ una referencia en la ubicaci├│n de ruta de acceso de b├║squeda "{RawFileName}".
             Esta referencia no es "CopyLocal" porque existe al menos un elemento de origen con "Private" establecido en "false" y ning├║n elemento de origen con "Private" establecido en "true".
         Referencia principal "System.Reflection.Emit.ILGeneration, Version=8.0.0.0, Culture=neutral, PublicKeyToken=b03f5f7f11d50a3a".
             La ruta de acceso del archivo resuelta es "C:\Program Files\dotnet\packs\Microsoft.NETCore.App.Ref\8.0.23\ref\net8.0\System.Reflection.Emit.ILGeneration.dll".
             Se encontr├│ una referencia en la ubicaci├│n de ruta de acceso de b├║squeda "{RawFileName}".
             Esta referencia no es "CopyLocal" porque existe al menos un elemento de origen con "Private" establecido en "false" y ning├║n elemento de origen con "Private" establecido en "true".
         Referencia principal "System.Reflection.Emit.Lightweight, Version=8.0.0.0, Culture=neutral, PublicKeyToken=b03f5f7f11d50a3a".
             La ruta de acceso del archivo resuelta es "C:\Program Files\dotnet\packs\Microsoft.NETCore.App.Ref\8.0.23\ref\net8.0\System.Reflection.Emit.Lightweight.dll".
             Se encontr├│ una referencia en la ubicaci├│n de ruta de acceso de b├║squeda "{RawFileName}".
             Esta referencia no es "CopyLocal" porque existe al menos un elemento de origen con "Private" establecido en "false" y ning├║n elemento de origen con "Private" establecido en "true".
         Referencia principal "System.Reflection.Emit, Version=8.0.0.0, Culture=neutral, PublicKeyToken=b03f5f7f11d50a3a".
             La ruta de acceso del archivo resuelta es "C:\Program Files\dotnet\packs\Microsoft.NETCore.App.Ref\8.0.23\ref\net8.0\System.Reflection.Emit.dll".
             Se encontr├│ una referencia en la ubicaci├│n de ruta de acceso de b├║squeda "{RawFileName}".
             Esta referencia no es "CopyLocal" porque existe al menos un elemento de origen con "Private" establecido en "false" y ning├║n elemento de origen con "Private" establecido en "true".
         Referencia principal "System.Reflection.Extensions, Version=8.0.0.0, Culture=neutral, PublicKeyToken=b03f5f7f11d50a3a".
             La ruta de acceso del archivo resuelta es "C:\Program Files\dotnet\packs\Microsoft.NETCore.App.Ref\8.0.23\ref\net8.0\System.Reflection.Extensions.dll".
             Se encontr├│ una referencia en la ubicaci├│n de ruta de acceso de b├║squeda "{RawFileName}".
             Esta referencia no es "CopyLocal" porque existe al menos un elemento de origen con "Private" establecido en "false" y ning├║n elemento de origen con "Private" establecido en "true".
         Referencia principal "System.Reflection.Metadata, Version=8.0.0.0, Culture=neutral, PublicKeyToken=b03f5f7f11d50a3a".
             La ruta de acceso del archivo resuelta es "C:\Program Files\dotnet\packs\Microsoft.NETCore.App.Ref\8.0.23\ref\net8.0\System.Reflection.Metadata.dll".
             Se encontr├│ una referencia en la ubicaci├│n de ruta de acceso de b├║squeda "{RawFileName}".
             Esta referencia no es "CopyLocal" porque existe al menos un elemento de origen con "Private" establecido en "false" y ning├║n elemento de origen con "Private" establecido en "true".
         Referencia principal "System.Reflection.Primitives, Version=8.0.0.0, Culture=neutral, PublicKeyToken=b03f5f7f11d50a3a".
             La ruta de acceso del archivo resuelta es "C:\Program Files\dotnet\packs\Microsoft.NETCore.App.Ref\8.0.23\ref\net8.0\System.Reflection.Primitives.dll".
             Se encontr├│ una referencia en la ubicaci├│n de ruta de acceso de b├║squeda "{RawFileName}".
             Esta referencia no es "CopyLocal" porque existe al menos un elemento de origen con "Private" establecido en "false" y ning├║n elemento de origen con "Private" establecido en "true".
         Referencia principal "System.Reflection.TypeExtensions, Version=8.0.0.0, Culture=neutral, PublicKeyToken=b03f5f7f11d50a3a".
             La ruta de acceso del archivo resuelta es "C:\Program Files\dotnet\packs\Microsoft.NETCore.App.Ref\8.0.23\ref\net8.0\System.Reflection.TypeExtensions.dll".
             Se encontr├│ una referencia en la ubicaci├│n de ruta de acceso de b├║squeda "{RawFileName}".
             Esta referencia no es "CopyLocal" porque existe al menos un elemento de origen con "Private" establecido en "false" y ning├║n elemento de origen con "Private" establecido en "true".
         Referencia principal "System.Reflection, Version=8.0.0.0, Culture=neutral, PublicKeyToken=b03f5f7f11d50a3a".
             La ruta de acceso del archivo resuelta es "C:\Program Files\dotnet\packs\Microsoft.NETCore.App.Ref\8.0.23\ref\net8.0\System.Reflection.dll".
             Se encontr├│ una referencia en la ubicaci├│n de ruta de acceso de b├║squeda "{RawFileName}".
             Esta referencia no es "CopyLocal" porque existe al menos un elemento de origen con "Private" establecido en "false" y ning├║n elemento de origen con "Private" establecido en "true".
         Referencia principal "System.Resources.Reader, Version=8.0.0.0, Culture=neutral, PublicKeyToken=b03f5f7f11d50a3a".
             La ruta de acceso del archivo resuelta es "C:\Program Files\dotnet\packs\Microsoft.NETCore.App.Ref\8.0.23\ref\net8.0\System.Resources.Reader.dll".
             Se encontr├│ una referencia en la ubicaci├│n de ruta de acceso de b├║squeda "{RawFileName}".
             Esta referencia no es "CopyLocal" porque existe al menos un elemento de origen con "Private" establecido en "false" y ning├║n elemento de origen con "Private" establecido en "true".
         Referencia principal "System.Resources.ResourceManager, Version=8.0.0.0, Culture=neutral, PublicKeyToken=b03f5f7f11d50a3a".
             La ruta de acceso del archivo resuelta es "C:\Program Files\dotnet\packs\Microsoft.NETCore.App.Ref\8.0.23\ref\net8.0\System.Resources.ResourceManager.dll".
             Se encontr├│ una referencia en la ubicaci├│n de ruta de acceso de b├║squeda "{RawFileName}".
             Esta referencia no es "CopyLocal" porque existe al menos un elemento de origen con "Private" establecido en "false" y ning├║n elemento de origen con "Private" establecido en "true".
         Referencia principal "System.Resources.Writer, Version=8.0.0.0, Culture=neutral, PublicKeyToken=b03f5f7f11d50a3a".
             La ruta de acceso del archivo resuelta es "C:\Program Files\dotnet\packs\Microsoft.NETCore.App.Ref\8.0.23\ref\net8.0\System.Resources.Writer.dll".
             Se encontr├│ una referencia en la ubicaci├│n de ruta de acceso de b├║squeda "{RawFileName}".
             Esta referencia no es "CopyLocal" porque existe al menos un elemento de origen con "Private" establecido en "false" y ning├║n elemento de origen con "Private" establecido en "true".
         Referencia principal "System.Runtime.CompilerServices.Unsafe, Version=8.0.0.0, Culture=neutral, PublicKeyToken=b03f5f7f11d50a3a".
             La ruta de acceso del archivo resuelta es "C:\Program Files\dotnet\packs\Microsoft.NETCore.App.Ref\8.0.23\ref\net8.0\System.Runtime.CompilerServices.Unsafe.dll".
             Se encontr├│ una referencia en la ubicaci├│n de ruta de acceso de b├║squeda "{RawFileName}".
             Esta referencia no es "CopyLocal" porque existe al menos un elemento de origen con "Private" establecido en "false" y ning├║n elemento de origen con "Private" establecido en "true".
         Referencia principal "System.Runtime.CompilerServices.VisualC, Version=8.0.0.0, Culture=neutral, PublicKeyToken=b03f5f7f11d50a3a".
             La ruta de acceso del archivo resuelta es "C:\Program Files\dotnet\packs\Microsoft.NETCore.App.Ref\8.0.23\ref\net8.0\System.Runtime.CompilerServices.VisualC.dll".
             Se encontr├│ una referencia en la ubicaci├│n de ruta de acceso de b├║squeda "{RawFileName}".
             Esta referencia no es "CopyLocal" porque existe al menos un elemento de origen con "Private" establecido en "false" y ning├║n elemento de origen con "Private" establecido en "true".
         Referencia principal "System.Runtime.Extensions, Version=8.0.0.0, Culture=neutral, PublicKeyToken=b03f5f7f11d50a3a".
             La ruta de acceso del archivo resuelta es "C:\Program Files\dotnet\packs\Microsoft.NETCore.App.Ref\8.0.23\ref\net8.0\System.Runtime.Extensions.dll".
             Se encontr├│ una referencia en la ubicaci├│n de ruta de acceso de b├║squeda "{RawFileName}".
             Esta referencia no es "CopyLocal" porque existe al menos un elemento de origen con "Private" establecido en "false" y ning├║n elemento de origen con "Private" establecido en "true".
         Referencia principal "System.Runtime.Handles, Version=8.0.0.0, Culture=neutral, PublicKeyToken=b03f5f7f11d50a3a".
             La ruta de acceso del archivo resuelta es "C:\Program Files\dotnet\packs\Microsoft.NETCore.App.Ref\8.0.23\ref\net8.0\System.Runtime.Handles.dll".
             Se encontr├│ una referencia en la ubicaci├│n de ruta de acceso de b├║squeda "{RawFileName}".
             Esta referencia no es "CopyLocal" porque existe al menos un elemento de origen con "Private" establecido en "false" y ning├║n elemento de origen con "Private" establecido en "true".
         Referencia principal "System.Runtime.InteropServices.JavaScript, Version=8.0.0.0, Culture=neutral, PublicKeyToken=b03f5f7f11d50a3a".
             La ruta de acceso del archivo resuelta es "C:\Program Files\dotnet\packs\Microsoft.NETCore.App.Ref\8.0.23\ref\net8.0\System.Runtime.InteropServices.JavaScript.dll".
             Se encontr├│ una referencia en la ubicaci├│n de ruta de acceso de b├║squeda "{RawFileName}".
             Esta referencia no es "CopyLocal" porque existe al menos un elemento de origen con "Private" establecido en "false" y ning├║n elemento de origen con "Private" establecido en "true".
         Referencia principal "System.Runtime.InteropServices.RuntimeInformation, Version=8.0.0.0, Culture=neutral, PublicKeyToken=b03f5f7f11d50a3a".
             La ruta de acceso del archivo resuelta es "C:\Program Files\dotnet\packs\Microsoft.NETCore.App.Ref\8.0.23\ref\net8.0\System.Runtime.InteropServices.RuntimeInformation.dll".
             Se encontr├│ una referencia en la ubicaci├│n de ruta de acceso de b├║squeda "{RawFileName}".
             Esta referencia no es "CopyLocal" porque existe al menos un elemento de origen con "Private" establecido en "false" y ning├║n elemento de origen con "Private" establecido en "true".
         Referencia principal "System.Runtime.InteropServices, Version=8.0.0.0, Culture=neutral, PublicKeyToken=b03f5f7f11d50a3a".
             La ruta de acceso del archivo resuelta es "C:\Program Files\dotnet\packs\Microsoft.NETCore.App.Ref\8.0.23\ref\net8.0\System.Runtime.InteropServices.dll".
             Se encontr├│ una referencia en la ubicaci├│n de ruta de acceso de b├║squeda "{RawFileName}".
             Esta referencia no es "CopyLocal" porque existe al menos un elemento de origen con "Private" establecido en "false" y ning├║n elemento de origen con "Private" establecido en "true".
         Referencia principal "System.Runtime.Intrinsics, Version=8.0.0.0, Culture=neutral, PublicKeyToken=cc7b13ffcd2ddd51".
             La ruta de acceso del archivo resuelta es "C:\Program Files\dotnet\packs\Microsoft.NETCore.App.Ref\8.0.23\ref\net8.0\System.Runtime.Intrinsics.dll".
             Se encontr├│ una referencia en la ubicaci├│n de ruta de acceso de b├║squeda "{RawFileName}".
             Esta referencia no es "CopyLocal" porque existe al menos un elemento de origen con "Private" establecido en "false" y ning├║n elemento de origen con "Private" establecido en "true".
         Referencia principal "System.Runtime.Loader, Version=8.0.0.0, Culture=neutral, PublicKeyToken=b03f5f7f11d50a3a".
             La ruta de acceso del archivo resuelta es "C:\Program Files\dotnet\packs\Microsoft.NETCore.App.Ref\8.0.23\ref\net8.0\System.Runtime.Loader.dll".
             Se encontr├│ una referencia en la ubicaci├│n de ruta de acceso de b├║squeda "{RawFileName}".
             Esta referencia no es "CopyLocal" porque existe al menos un elemento de origen con "Private" establecido en "false" y ning├║n elemento de origen con "Private" establecido en "true".
         Referencia principal "System.Runtime.Numerics, Version=8.0.0.0, Culture=neutral, PublicKeyToken=b03f5f7f11d50a3a".
             La ruta de acceso del archivo resuelta es "C:\Program Files\dotnet\packs\Microsoft.NETCore.App.Ref\8.0.23\ref\net8.0\System.Runtime.Numerics.dll".
             Se encontr├│ una referencia en la ubicaci├│n de ruta de acceso de b├║squeda "{RawFileName}".
             Esta referencia no es "CopyLocal" porque existe al menos un elemento de origen con "Private" establecido en "false" y ning├║n elemento de origen con "Private" establecido en "true".
         Referencia principal "System.Runtime.Serialization.Formatters, Version=8.0.0.0, Culture=neutral, PublicKeyToken=b03f5f7f11d50a3a".
             La ruta de acceso del archivo resuelta es "C:\Program Files\dotnet\packs\Microsoft.NETCore.App.Ref\8.0.23\ref\net8.0\System.Runtime.Serialization.Formatters.dll".
             Se encontr├│ una referencia en la ubicaci├│n de ruta de acceso de b├║squeda "{RawFileName}".
             Esta referencia no es "CopyLocal" porque existe al menos un elemento de origen con "Private" establecido en "false" y ning├║n elemento de origen con "Private" establecido en "true".
         Referencia principal "System.Runtime.Serialization.Json, Version=8.0.0.0, Culture=neutral, PublicKeyToken=b03f5f7f11d50a3a".
             La ruta de acceso del archivo resuelta es "C:\Program Files\dotnet\packs\Microsoft.NETCore.App.Ref\8.0.23\ref\net8.0\System.Runtime.Serialization.Json.dll".
             Se encontr├│ una referencia en la ubicaci├│n de ruta de acceso de b├║squeda "{RawFileName}".
             Esta referencia no es "CopyLocal" porque existe al menos un elemento de origen con "Private" establecido en "false" y ning├║n elemento de origen con "Private" establecido en "true".
         Referencia principal "System.Runtime.Serialization.Primitives, Version=8.0.0.0, Culture=neutral, PublicKeyToken=b03f5f7f11d50a3a".
             La ruta de acceso del archivo resuelta es "C:\Program Files\dotnet\packs\Microsoft.NETCore.App.Ref\8.0.23\ref\net8.0\System.Runtime.Serialization.Primitives.dll".
             Se encontr├│ una referencia en la ubicaci├│n de ruta de acceso de b├║squeda "{RawFileName}".
             Esta referencia no es "CopyLocal" porque existe al menos un elemento de origen con "Private" establecido en "false" y ning├║n elemento de origen con "Private" establecido en "true".
         Referencia principal "System.Runtime.Serialization.Xml, Version=8.0.0.0, Culture=neutral, PublicKeyToken=b03f5f7f11d50a3a".
             La ruta de acceso del archivo resuelta es "C:\Program Files\dotnet\packs\Microsoft.NETCore.App.Ref\8.0.23\ref\net8.0\System.Runtime.Serialization.Xml.dll".
             Se encontr├│ una referencia en la ubicaci├│n de ruta de acceso de b├║squeda "{RawFileName}".
             Esta referencia no es "CopyLocal" porque existe al menos un elemento de origen con "Private" establecido en "false" y ning├║n elemento de origen con "Private" establecido en "true".
         Referencia principal "System.Runtime.Serialization, Version=4.0.0.0, Culture=neutral, PublicKeyToken=b77a5c561934e089".
             La ruta de acceso del archivo resuelta es "C:\Program Files\dotnet\packs\Microsoft.NETCore.App.Ref\8.0.23\ref\net8.0\System.Runtime.Serialization.dll".
             Se encontr├│ una referencia en la ubicaci├│n de ruta de acceso de b├║squeda "{RawFileName}".
             Esta referencia no es "CopyLocal" porque existe al menos un elemento de origen con "Private" establecido en "false" y ning├║n elemento de origen con "Private" establecido en "true".
         Referencia principal "System.Runtime, Version=8.0.0.0, Culture=neutral, PublicKeyToken=b03f5f7f11d50a3a".
             La ruta de acceso del archivo resuelta es "C:\Program Files\dotnet\packs\Microsoft.NETCore.App.Ref\8.0.23\ref\net8.0\System.Runtime.dll".
             Se encontr├│ una referencia en la ubicaci├│n de ruta de acceso de b├║squeda "{RawFileName}".
             Esta referencia no es "CopyLocal" porque existe al menos un elemento de origen con "Private" establecido en "false" y ning├║n elemento de origen con "Private" establecido en "true".
         Referencia principal "System.Security.AccessControl, Version=8.0.0.0, Culture=neutral, PublicKeyToken=b03f5f7f11d50a3a".
             La ruta de acceso del archivo resuelta es "C:\Program Files\dotnet\packs\Microsoft.NETCore.App.Ref\8.0.23\ref\net8.0\System.Security.AccessControl.dll".
             Se encontr├│ una referencia en la ubicaci├│n de ruta de acceso de b├║squeda "{RawFileName}".
             Esta referencia no es "CopyLocal" porque existe al menos un elemento de origen con "Private" establecido en "false" y ning├║n elemento de origen con "Private" establecido en "true".
         Referencia principal "System.Security.Claims, Version=8.0.0.0, Culture=neutral, PublicKeyToken=b03f5f7f11d50a3a".
             La ruta de acceso del archivo resuelta es "C:\Program Files\dotnet\packs\Microsoft.NETCore.App.Ref\8.0.23\ref\net8.0\System.Security.Claims.dll".
             Se encontr├│ una referencia en la ubicaci├│n de ruta de acceso de b├║squeda "{RawFileName}".
             Esta referencia no es "CopyLocal" porque existe al menos un elemento de origen con "Private" establecido en "false" y ning├║n elemento de origen con "Private" establecido en "true".
         Referencia principal "System.Security.Cryptography.Algorithms, Version=8.0.0.0, Culture=neutral, PublicKeyToken=b03f5f7f11d50a3a".
             La ruta de acceso del archivo resuelta es "C:\Program Files\dotnet\packs\Microsoft.NETCore.App.Ref\8.0.23\ref\net8.0\System.Security.Cryptography.Algorithms.dll".
             Se encontr├│ una referencia en la ubicaci├│n de ruta de acceso de b├║squeda "{RawFileName}".
             Esta referencia no es "CopyLocal" porque existe al menos un elemento de origen con "Private" establecido en "false" y ning├║n elemento de origen con "Private" establecido en "true".
         Referencia principal "System.Security.Cryptography.Cng, Version=8.0.0.0, Culture=neutral, PublicKeyToken=b03f5f7f11d50a3a".
             La ruta de acceso del archivo resuelta es "C:\Program Files\dotnet\packs\Microsoft.NETCore.App.Ref\8.0.23\ref\net8.0\System.Security.Cryptography.Cng.dll".
             Se encontr├│ una referencia en la ubicaci├│n de ruta de acceso de b├║squeda "{RawFileName}".
             Esta referencia no es "CopyLocal" porque existe al menos un elemento de origen con "Private" establecido en "false" y ning├║n elemento de origen con "Private" establecido en "true".
         Referencia principal "System.Security.Cryptography.Csp, Version=8.0.0.0, Culture=neutral, PublicKeyToken=b03f5f7f11d50a3a".
             La ruta de acceso del archivo resuelta es "C:\Program Files\dotnet\packs\Microsoft.NETCore.App.Ref\8.0.23\ref\net8.0\System.Security.Cryptography.Csp.dll".
             Se encontr├│ una referencia en la ubicaci├│n de ruta de acceso de b├║squeda "{RawFileName}".
             Esta referencia no es "CopyLocal" porque existe al menos un elemento de origen con "Private" establecido en "false" y ning├║n elemento de origen con "Private" establecido en "true".
         Referencia principal "System.Security.Cryptography.Encoding, Version=8.0.0.0, Culture=neutral, PublicKeyToken=b03f5f7f11d50a3a".
             La ruta de acceso del archivo resuelta es "C:\Program Files\dotnet\packs\Microsoft.NETCore.App.Ref\8.0.23\ref\net8.0\System.Security.Cryptography.Encoding.dll".
             Se encontr├│ una referencia en la ubicaci├│n de ruta de acceso de b├║squeda "{RawFileName}".
             Esta referencia no es "CopyLocal" porque existe al menos un elemento de origen con "Private" establecido en "false" y ning├║n elemento de origen con "Private" establecido en "true".
         Referencia principal "System.Security.Cryptography.OpenSsl, Version=8.0.0.0, Culture=neutral, PublicKeyToken=b03f5f7f11d50a3a".
             La ruta de acceso del archivo resuelta es "C:\Program Files\dotnet\packs\Microsoft.NETCore.App.Ref\8.0.23\ref\net8.0\System.Security.Cryptography.OpenSsl.dll".
             Se encontr├│ una referencia en la ubicaci├│n de ruta de acceso de b├║squeda "{RawFileName}".
             Esta referencia no es "CopyLocal" porque existe al menos un elemento de origen con "Private" establecido en "false" y ning├║n elemento de origen con "Private" establecido en "true".
         Referencia principal "System.Security.Cryptography.Primitives, Version=8.0.0.0, Culture=neutral, PublicKeyToken=b03f5f7f11d50a3a".
             La ruta de acceso del archivo resuelta es "C:\Program Files\dotnet\packs\Microsoft.NETCore.App.Ref\8.0.23\ref\net8.0\System.Security.Cryptography.Primitives.dll".
             Se encontr├│ una referencia en la ubicaci├│n de ruta de acceso de b├║squeda "{RawFileName}".
             Esta referencia no es "CopyLocal" porque existe al menos un elemento de origen con "Private" establecido en "false" y ning├║n elemento de origen con "Private" establecido en "true".
         Referencia principal "System.Security.Cryptography.X509Certificates, Version=8.0.0.0, Culture=neutral, PublicKeyToken=b03f5f7f11d50a3a".
             La ruta de acceso del archivo resuelta es "C:\Program Files\dotnet\packs\Microsoft.NETCore.App.Ref\8.0.23\ref\net8.0\System.Security.Cryptography.X509Certificates.dll".
             Se encontr├│ una referencia en la ubicaci├│n de ruta de acceso de b├║squeda "{RawFileName}".
             Esta referencia no es "CopyLocal" porque existe al menos un elemento de origen con "Private" establecido en "false" y ning├║n elemento de origen con "Private" establecido en "true".
         Referencia principal "System.Security.Cryptography, Version=8.0.0.0, Culture=neutral, PublicKeyToken=b03f5f7f11d50a3a".
             La ruta de acceso del archivo resuelta es "C:\Program Files\dotnet\packs\Microsoft.NETCore.App.Ref\8.0.23\ref\net8.0\System.Security.Cryptography.dll".
             Se encontr├│ una referencia en la ubicaci├│n de ruta de acceso de b├║squeda "{RawFileName}".
             Esta referencia no es "CopyLocal" porque existe al menos un elemento de origen con "Private" establecido en "false" y ning├║n elemento de origen con "Private" establecido en "true".
         Referencia principal "System.Security.Principal.Windows, Version=8.0.0.0, Culture=neutral, PublicKeyToken=b03f5f7f11d50a3a".
             La ruta de acceso del archivo resuelta es "C:\Program Files\dotnet\packs\Microsoft.NETCore.App.Ref\8.0.23\ref\net8.0\System.Security.Principal.Windows.dll".
             Se encontr├│ una referencia en la ubicaci├│n de ruta de acceso de b├║squeda "{RawFileName}".
             Esta referencia no es "CopyLocal" porque existe al menos un elemento de origen con "Private" establecido en "false" y ning├║n elemento de origen con "Private" establecido en "true".
         Referencia principal "System.Security.Principal, Version=8.0.0.0, Culture=neutral, PublicKeyToken=b03f5f7f11d50a3a".
             La ruta de acceso del archivo resuelta es "C:\Program Files\dotnet\packs\Microsoft.NETCore.App.Ref\8.0.23\ref\net8.0\System.Security.Principal.dll".
             Se encontr├│ una referencia en la ubicaci├│n de ruta de acceso de b├║squeda "{RawFileName}".
             Esta referencia no es "CopyLocal" porque existe al menos un elemento de origen con "Private" establecido en "false" y ning├║n elemento de origen con "Private" establecido en "true".
         Referencia principal "System.Security.SecureString, Version=8.0.0.0, Culture=neutral, PublicKeyToken=b03f5f7f11d50a3a".
             La ruta de acceso del archivo resuelta es "C:\Program Files\dotnet\packs\Microsoft.NETCore.App.Ref\8.0.23\ref\net8.0\System.Security.SecureString.dll".
             Se encontr├│ una referencia en la ubicaci├│n de ruta de acceso de b├║squeda "{RawFileName}".
             Esta referencia no es "CopyLocal" porque existe al menos un elemento de origen con "Private" establecido en "false" y ning├║n elemento de origen con "Private" establecido en "true".
         Referencia principal "System.Security, Version=4.0.0.0, Culture=neutral, PublicKeyToken=b03f5f7f11d50a3a".
             La ruta de acceso del archivo resuelta es "C:\Program Files\dotnet\packs\Microsoft.NETCore.App.Ref\8.0.23\ref\net8.0\System.Security.dll".
             Se encontr├│ una referencia en la ubicaci├│n de ruta de acceso de b├║squeda "{RawFileName}".
             Esta referencia no es "CopyLocal" porque existe al menos un elemento de origen con "Private" establecido en "false" y ning├║n elemento de origen con "Private" establecido en "true".
         Referencia principal "System.ServiceModel.Web, Version=4.0.0.0, Culture=neutral, PublicKeyToken=31bf3856ad364e35".
             La ruta de acceso del archivo resuelta es "C:\Program Files\dotnet\packs\Microsoft.NETCore.App.Ref\8.0.23\ref\net8.0\System.ServiceModel.Web.dll".
             Se encontr├│ una referencia en la ubicaci├│n de ruta de acceso de b├║squeda "{RawFileName}".
             Esta referencia no es "CopyLocal" porque existe al menos un elemento de origen con "Private" establecido en "false" y ning├║n elemento de origen con "Private" establecido en "true".
         Referencia principal "System.ServiceProcess, Version=4.0.0.0, Culture=neutral, PublicKeyToken=b03f5f7f11d50a3a".
             La ruta de acceso del archivo resuelta es "C:\Program Files\dotnet\packs\Microsoft.NETCore.App.Ref\8.0.23\ref\net8.0\System.ServiceProcess.dll".
             Se encontr├│ una referencia en la ubicaci├│n de ruta de acceso de b├║squeda "{RawFileName}".
             Esta referencia no es "CopyLocal" porque existe al menos un elemento de origen con "Private" establecido en "false" y ning├║n elemento de origen con "Private" establecido en "true".
         Referencia principal "System.Text.Encoding.CodePages, Version=8.0.0.0, Culture=neutral, PublicKeyToken=b03f5f7f11d50a3a".
             La ruta de acceso del archivo resuelta es "C:\Program Files\dotnet\packs\Microsoft.NETCore.App.Ref\8.0.23\ref\net8.0\System.Text.Encoding.CodePages.dll".
             Se encontr├│ una referencia en la ubicaci├│n de ruta de acceso de b├║squeda "{RawFileName}".
             Esta referencia no es "CopyLocal" porque existe al menos un elemento de origen con "Private" establecido en "false" y ning├║n elemento de origen con "Private" establecido en "true".
         Referencia principal "System.Text.Encoding.Extensions, Version=8.0.0.0, Culture=neutral, PublicKeyToken=b03f5f7f11d50a3a".
             La ruta de acceso del archivo resuelta es "C:\Program Files\dotnet\packs\Microsoft.NETCore.App.Ref\8.0.23\ref\net8.0\System.Text.Encoding.Extensions.dll".
             Se encontr├│ una referencia en la ubicaci├│n de ruta de acceso de b├║squeda "{RawFileName}".
             Esta referencia no es "CopyLocal" porque existe al menos un elemento de origen con "Private" establecido en "false" y ning├║n elemento de origen con "Private" establecido en "true".
         Referencia principal "System.Text.Encoding, Version=8.0.0.0, Culture=neutral, PublicKeyToken=b03f5f7f11d50a3a".
             La ruta de acceso del archivo resuelta es "C:\Program Files\dotnet\packs\Microsoft.NETCore.App.Ref\8.0.23\ref\net8.0\System.Text.Encoding.dll".
             Se encontr├│ una referencia en la ubicaci├│n de ruta de acceso de b├║squeda "{RawFileName}".
             Esta referencia no es "CopyLocal" porque existe al menos un elemento de origen con "Private" establecido en "false" y ning├║n elemento de origen con "Private" establecido en "true".
         Referencia principal "System.Text.RegularExpressions, Version=8.0.0.0, Culture=neutral, PublicKeyToken=b03f5f7f11d50a3a".
             La ruta de acceso del archivo resuelta es "C:\Program Files\dotnet\packs\Microsoft.NETCore.App.Ref\8.0.23\ref\net8.0\System.Text.RegularExpressions.dll".
             Se encontr├│ una referencia en la ubicaci├│n de ruta de acceso de b├║squeda "{RawFileName}".
             Esta referencia no es "CopyLocal" porque existe al menos un elemento de origen con "Private" establecido en "false" y ning├║n elemento de origen con "Private" establecido en "true".
         Referencia principal "System.Threading.Channels, Version=8.0.0.0, Culture=neutral, PublicKeyToken=cc7b13ffcd2ddd51".
             La ruta de acceso del archivo resuelta es "C:\Program Files\dotnet\packs\Microsoft.NETCore.App.Ref\8.0.23\ref\net8.0\System.Threading.Channels.dll".
             Se encontr├│ una referencia en la ubicaci├│n de ruta de acceso de b├║squeda "{RawFileName}".
             Esta referencia no es "CopyLocal" porque existe al menos un elemento de origen con "Private" establecido en "false" y ning├║n elemento de origen con "Private" establecido en "true".
         Referencia principal "System.Threading.Overlapped, Version=8.0.0.0, Culture=neutral, PublicKeyToken=b03f5f7f11d50a3a".
             La ruta de acceso del archivo resuelta es "C:\Program Files\dotnet\packs\Microsoft.NETCore.App.Ref\8.0.23\ref\net8.0\System.Threading.Overlapped.dll".
             Se encontr├│ una referencia en la ubicaci├│n de ruta de acceso de b├║squeda "{RawFileName}".
             Esta referencia no es "CopyLocal" porque existe al menos un elemento de origen con "Private" establecido en "false" y ning├║n elemento de origen con "Private" establecido en "true".
         Referencia principal "System.Threading.Tasks.Dataflow, Version=8.0.0.0, Culture=neutral, PublicKeyToken=b03f5f7f11d50a3a".
             La ruta de acceso del archivo resuelta es "C:\Program Files\dotnet\packs\Microsoft.NETCore.App.Ref\8.0.23\ref\net8.0\System.Threading.Tasks.Dataflow.dll".
             Se encontr├│ una referencia en la ubicaci├│n de ruta de acceso de b├║squeda "{RawFileName}".
             Esta referencia no es "CopyLocal" porque existe al menos un elemento de origen con "Private" establecido en "false" y ning├║n elemento de origen con "Private" establecido en "true".
         Referencia principal "System.Threading.Tasks.Extensions, Version=8.0.0.0, Culture=neutral, PublicKeyToken=cc7b13ffcd2ddd51".
             La ruta de acceso del archivo resuelta es "C:\Program Files\dotnet\packs\Microsoft.NETCore.App.Ref\8.0.23\ref\net8.0\System.Threading.Tasks.Extensions.dll".
             Se encontr├│ una referencia en la ubicaci├│n de ruta de acceso de b├║squeda "{RawFileName}".
             Esta referencia no es "CopyLocal" porque existe al menos un elemento de origen con "Private" establecido en "false" y ning├║n elemento de origen con "Private" establecido en "true".
         Referencia principal "System.Threading.Tasks.Parallel, Version=8.0.0.0, Culture=neutral, PublicKeyToken=b03f5f7f11d50a3a".
             La ruta de acceso del archivo resuelta es "C:\Program Files\dotnet\packs\Microsoft.NETCore.App.Ref\8.0.23\ref\net8.0\System.Threading.Tasks.Parallel.dll".
             Se encontr├│ una referencia en la ubicaci├│n de ruta de acceso de b├║squeda "{RawFileName}".
             Esta referencia no es "CopyLocal" porque existe al menos un elemento de origen con "Private" establecido en "false" y ning├║n elemento de origen con "Private" establecido en "true".
         Referencia principal "System.Threading.Tasks, Version=8.0.0.0, Culture=neutral, PublicKeyToken=b03f5f7f11d50a3a".
             La ruta de acceso del archivo resuelta es "C:\Program Files\dotnet\packs\Microsoft.NETCore.App.Ref\8.0.23\ref\net8.0\System.Threading.Tasks.dll".
             Se encontr├│ una referencia en la ubicaci├│n de ruta de acceso de b├║squeda "{RawFileName}".
             Esta referencia no es "CopyLocal" porque existe al menos un elemento de origen con "Private" establecido en "false" y ning├║n elemento de origen con "Private" establecido en "true".
         Referencia principal "System.Threading.Thread, Version=8.0.0.0, Culture=neutral, PublicKeyToken=b03f5f7f11d50a3a".
             La ruta de acceso del archivo resuelta es "C:\Program Files\dotnet\packs\Microsoft.NETCore.App.Ref\8.0.23\ref\net8.0\System.Threading.Thread.dll".
             Se encontr├│ una referencia en la ubicaci├│n de ruta de acceso de b├║squeda "{RawFileName}".
             Esta referencia no es "CopyLocal" porque existe al menos un elemento de origen con "Private" establecido en "false" y ning├║n elemento de origen con "Private" establecido en "true".
         Referencia principal "System.Threading.ThreadPool, Version=8.0.0.0, Culture=neutral, PublicKeyToken=b03f5f7f11d50a3a".
             La ruta de acceso del archivo resuelta es "C:\Program Files\dotnet\packs\Microsoft.NETCore.App.Ref\8.0.23\ref\net8.0\System.Threading.ThreadPool.dll".
             Se encontr├│ una referencia en la ubicaci├│n de ruta de acceso de b├║squeda "{RawFileName}".
             Esta referencia no es "CopyLocal" porque existe al menos un elemento de origen con "Private" establecido en "false" y ning├║n elemento de origen con "Private" establecido en "true".
         Referencia principal "System.Threading.Timer, Version=8.0.0.0, Culture=neutral, PublicKeyToken=b03f5f7f11d50a3a".
             La ruta de acceso del archivo resuelta es "C:\Program Files\dotnet\packs\Microsoft.NETCore.App.Ref\8.0.23\ref\net8.0\System.Threading.Timer.dll".
             Se encontr├│ una referencia en la ubicaci├│n de ruta de acceso de b├║squeda "{RawFileName}".
             Esta referencia no es "CopyLocal" porque existe al menos un elemento de origen con "Private" establecido en "false" y ning├║n elemento de origen con "Private" establecido en "true".
         Referencia principal "System.Threading, Version=8.0.0.0, Culture=neutral, PublicKeyToken=b03f5f7f11d50a3a".
             La ruta de acceso del archivo resuelta es "C:\Program Files\dotnet\packs\Microsoft.NETCore.App.Ref\8.0.23\ref\net8.0\System.Threading.dll".
             Se encontr├│ una referencia en la ubicaci├│n de ruta de acceso de b├║squeda "{RawFileName}".
             Esta referencia no es "CopyLocal" porque existe al menos un elemento de origen con "Private" establecido en "false" y ning├║n elemento de origen con "Private" establecido en "true".
         Referencia principal "System.Transactions.Local, Version=8.0.0.0, Culture=neutral, PublicKeyToken=cc7b13ffcd2ddd51".
             La ruta de acceso del archivo resuelta es "C:\Program Files\dotnet\packs\Microsoft.NETCore.App.Ref\8.0.23\ref\net8.0\System.Transactions.Local.dll".
             Se encontr├│ una referencia en la ubicaci├│n de ruta de acceso de b├║squeda "{RawFileName}".
             Esta referencia no es "CopyLocal" porque existe al menos un elemento de origen con "Private" establecido en "false" y ning├║n elemento de origen con "Private" establecido en "true".
         Referencia principal "System.Transactions, Version=4.0.0.0, Culture=neutral, PublicKeyToken=b77a5c561934e089".
             La ruta de acceso del archivo resuelta es "C:\Program Files\dotnet\packs\Microsoft.NETCore.App.Ref\8.0.23\ref\net8.0\System.Transactions.dll".
             Se encontr├│ una referencia en la ubicaci├│n de ruta de acceso de b├║squeda "{RawFileName}".
             Esta referencia no es "CopyLocal" porque existe al menos un elemento de origen con "Private" establecido en "false" y ning├║n elemento de origen con "Private" establecido en "true".
         Referencia principal "System.ValueTuple, Version=8.0.0.0, Culture=neutral, PublicKeyToken=cc7b13ffcd2ddd51".
             La ruta de acceso del archivo resuelta es "C:\Program Files\dotnet\packs\Microsoft.NETCore.App.Ref\8.0.23\ref\net8.0\System.ValueTuple.dll".
             Se encontr├│ una referencia en la ubicaci├│n de ruta de acceso de b├║squeda "{RawFileName}".
             Esta referencia no es "CopyLocal" porque existe al menos un elemento de origen con "Private" establecido en "false" y ning├║n elemento de origen con "Private" establecido en "true".
         Referencia principal "System.Web.HttpUtility, Version=8.0.0.0, Culture=neutral, PublicKeyToken=cc7b13ffcd2ddd51".
             La ruta de acceso del archivo resuelta es "C:\Program Files\dotnet\packs\Microsoft.NETCore.App.Ref\8.0.23\ref\net8.0\System.Web.HttpUtility.dll".
             Se encontr├│ una referencia en la ubicaci├│n de ruta de acceso de b├║squeda "{RawFileName}".
             Esta referencia no es "CopyLocal" porque existe al menos un elemento de origen con "Private" establecido en "false" y ning├║n elemento de origen con "Private" establecido en "true".
         Referencia principal "System.Web, Version=4.0.0.0, Culture=neutral, PublicKeyToken=b03f5f7f11d50a3a".
             La ruta de acceso del archivo resuelta es "C:\Program Files\dotnet\packs\Microsoft.NETCore.App.Ref\8.0.23\ref\net8.0\System.Web.dll".
             Se encontr├│ una referencia en la ubicaci├│n de ruta de acceso de b├║squeda "{RawFileName}".
             Esta referencia no es "CopyLocal" porque existe al menos un elemento de origen con "Private" establecido en "false" y ning├║n elemento de origen con "Private" establecido en "true".
         Referencia principal "System.Windows, Version=4.0.0.0, Culture=neutral, PublicKeyToken=b03f5f7f11d50a3a".
             La ruta de acceso del archivo resuelta es "C:\Program Files\dotnet\packs\Microsoft.NETCore.App.Ref\8.0.23\ref\net8.0\System.Windows.dll".
             Se encontr├│ una referencia en la ubicaci├│n de ruta de acceso de b├║squeda "{RawFileName}".
             Esta referencia no es "CopyLocal" porque existe al menos un elemento de origen con "Private" establecido en "false" y ning├║n elemento de origen con "Private" establecido en "true".
         Referencia principal "System.Xml.Linq, Version=4.0.0.0, Culture=neutral, PublicKeyToken=b77a5c561934e089".
             La ruta de acceso del archivo resuelta es "C:\Program Files\dotnet\packs\Microsoft.NETCore.App.Ref\8.0.23\ref\net8.0\System.Xml.Linq.dll".
             Se encontr├│ una referencia en la ubicaci├│n de ruta de acceso de b├║squeda "{RawFileName}".
             Esta referencia no es "CopyLocal" porque existe al menos un elemento de origen con "Private" establecido en "false" y ning├║n elemento de origen con "Private" establecido en "true".
         Referencia principal "System.Xml.ReaderWriter, Version=8.0.0.0, Culture=neutral, PublicKeyToken=b03f5f7f11d50a3a".
             La ruta de acceso del archivo resuelta es "C:\Program Files\dotnet\packs\Microsoft.NETCore.App.Ref\8.0.23\ref\net8.0\System.Xml.ReaderWriter.dll".
             Se encontr├│ una referencia en la ubicaci├│n de ruta de acceso de b├║squeda "{RawFileName}".
             Esta referencia no es "CopyLocal" porque existe al menos un elemento de origen con "Private" establecido en "false" y ning├║n elemento de origen con "Private" establecido en "true".
         Referencia principal "System.Xml.Serialization, Version=4.0.0.0, Culture=neutral, PublicKeyToken=b77a5c561934e089".
             La ruta de acceso del archivo resuelta es "C:\Program Files\dotnet\packs\Microsoft.NETCore.App.Ref\8.0.23\ref\net8.0\System.Xml.Serialization.dll".
             Se encontr├│ una referencia en la ubicaci├│n de ruta de acceso de b├║squeda "{RawFileName}".
             Esta referencia no es "CopyLocal" porque existe al menos un elemento de origen con "Private" establecido en "false" y ning├║n elemento de origen con "Private" establecido en "true".
         Referencia principal "System.Xml.XDocument, Version=8.0.0.0, Culture=neutral, PublicKeyToken=b03f5f7f11d50a3a".
             La ruta de acceso del archivo resuelta es "C:\Program Files\dotnet\packs\Microsoft.NETCore.App.Ref\8.0.23\ref\net8.0\System.Xml.XDocument.dll".
             Se encontr├│ una referencia en la ubicaci├│n de ruta de acceso de b├║squeda "{RawFileName}".
             Esta referencia no es "CopyLocal" porque existe al menos un elemento de origen con "Private" establecido en "false" y ning├║n elemento de origen con "Private" establecido en "true".
         Referencia principal "System.Xml.XPath.XDocument, Version=8.0.0.0, Culture=neutral, PublicKeyToken=b03f5f7f11d50a3a".
             La ruta de acceso del archivo resuelta es "C:\Program Files\dotnet\packs\Microsoft.NETCore.App.Ref\8.0.23\ref\net8.0\System.Xml.XPath.XDocument.dll".
             Se encontr├│ una referencia en la ubicaci├│n de ruta de acceso de b├║squeda "{RawFileName}".
             Esta referencia no es "CopyLocal" porque existe al menos un elemento de origen con "Private" establecido en "false" y ning├║n elemento de origen con "Private" establecido en "true".
         Referencia principal "System.Xml.XPath, Version=8.0.0.0, Culture=neutral, PublicKeyToken=b03f5f7f11d50a3a".
             La ruta de acceso del archivo resuelta es "C:\Program Files\dotnet\packs\Microsoft.NETCore.App.Ref\8.0.23\ref\net8.0\System.Xml.XPath.dll".
             Se encontr├│ una referencia en la ubicaci├│n de ruta de acceso de b├║squeda "{RawFileName}".
             Esta referencia no es "CopyLocal" porque existe al menos un elemento de origen con "Private" establecido en "false" y ning├║n elemento de origen con "Private" establecido en "true".
         Referencia principal "System.Xml.XmlDocument, Version=8.0.0.0, Culture=neutral, PublicKeyToken=b03f5f7f11d50a3a".
             La ruta de acceso del archivo resuelta es "C:\Program Files\dotnet\packs\Microsoft.NETCore.App.Ref\8.0.23\ref\net8.0\System.Xml.XmlDocument.dll".
             Se encontr├│ una referencia en la ubicaci├│n de ruta de acceso de b├║squeda "{RawFileName}".
             Esta referencia no es "CopyLocal" porque existe al menos un elemento de origen con "Private" establecido en "false" y ning├║n elemento de origen con "Private" establecido en "true".
         Referencia principal "System.Xml.XmlSerializer, Version=8.0.0.0, Culture=neutral, PublicKeyToken=b03f5f7f11d50a3a".
             La ruta de acceso del archivo resuelta es "C:\Program Files\dotnet\packs\Microsoft.NETCore.App.Ref\8.0.23\ref\net8.0\System.Xml.XmlSerializer.dll".
             Se encontr├│ una referencia en la ubicaci├│n de ruta de acceso de b├║squeda "{RawFileName}".
             Esta referencia no es "CopyLocal" porque existe al menos un elemento de origen con "Private" establecido en "false" y ning├║n elemento de origen con "Private" establecido en "true".
         Referencia principal "System.Xml, Version=4.0.0.0, Culture=neutral, PublicKeyToken=b77a5c561934e089".
             La ruta de acceso del archivo resuelta es "C:\Program Files\dotnet\packs\Microsoft.NETCore.App.Ref\8.0.23\ref\net8.0\System.Xml.dll".
             Se encontr├│ una referencia en la ubicaci├│n de ruta de acceso de b├║squeda "{RawFileName}".
             Esta referencia no es "CopyLocal" porque existe al menos un elemento de origen con "Private" establecido en "false" y ning├║n elemento de origen con "Private" establecido en "true".
         Referencia principal "System, Version=4.0.0.0, Culture=neutral, PublicKeyToken=b77a5c561934e089".
             La ruta de acceso del archivo resuelta es "C:\Program Files\dotnet\packs\Microsoft.NETCore.App.Ref\8.0.23\ref\net8.0\System.dll".
             Se encontr├│ una referencia en la ubicaci├│n de ruta de acceso de b├║squeda "{RawFileName}".
             Esta referencia no es "CopyLocal" porque existe al menos un elemento de origen con "Private" establecido en "false" y ning├║n elemento de origen con "Private" establecido en "true".
         Referencia principal "WindowsBase, Version=4.0.0.0, Culture=neutral, PublicKeyToken=31bf3856ad364e35".
             La ruta de acceso del archivo resuelta es "C:\Program Files\dotnet\packs\Microsoft.NETCore.App.Ref\8.0.23\ref\net8.0\WindowsBase.dll".
             Se encontr├│ una referencia en la ubicaci├│n de ruta de acceso de b├║squeda "{RawFileName}".
             Esta referencia no es "CopyLocal" porque existe al menos un elemento de origen con "Private" establecido en "false" y ning├║n elemento de origen con "Private" establecido en "true".
         Referencia principal "mscorlib, Version=4.0.0.0, Culture=neutral, PublicKeyToken=b77a5c561934e089".
             La ruta de acceso del archivo resuelta es "C:\Program Files\dotnet\packs\Microsoft.NETCore.App.Ref\8.0.23\ref\net8.0\mscorlib.dll".
             Se encontr├│ una referencia en la ubicaci├│n de ruta de acceso de b├║squeda "{RawFileName}".
             Esta referencia no es "CopyLocal" porque existe al menos un elemento de origen con "Private" establecido en "false" y ning├║n elemento de origen con "Private" establecido en "true".
         Referencia principal "netstandard, Version=2.1.0.0, Culture=neutral, PublicKeyToken=cc7b13ffcd2ddd51".
             La ruta de acceso del archivo resuelta es "C:\Program Files\dotnet\packs\Microsoft.NETCore.App.Ref\8.0.23\ref\net8.0\netstandard.dll".
             Se encontr├│ una referencia en la ubicaci├│n de ruta de acceso de b├║squeda "{RawFileName}".
             Esta referencia no es "CopyLocal" porque existe al menos un elemento de origen con "Private" establecido en "false" y ning├║n elemento de origen con "Private" establecido en "true".
       Ejecuci├│n de la tarea "ResolveAssemblyReference" terminada.
   2:6>Compilaci├│n terminada del destino "ResolveAssemblyReferences" en el proyecto "DocumentIA.Core.csproj".
       Se omiti├│ el destino "GenerateBindingRedirects" debido a una condici├│n falsa (False); ('$(AutoGenerateBindingRedirects)' == 'true' and '$(GenerateBindingRedirectsOutputType)' == 'true' and '@(SuggestedBindingRedirects)' != '' and '$(DesignTimeBuild)' != 'true' and '$(BuildingProject)' == 'true') se evalu├│ como ('' == 'true' and '' == 'true' and '' != '' and '' != 'true' and 'true' == 'true').
       Se omiti├│ el destino "GenerateSupportedRuntime" debido a una condici├│n falsa (False); ('$(GenerateSupportedRuntime)' != 'false' and '$(TargetFrameworkIdentifier)' == '.NETFramework' and '$(HasRuntimeOutput)' == 'true') se evalu├│ como ('' != 'false' and '.NETCoreApp' == '.NETFramework' and '' == 'true').
       Se omiti├│ el destino "GenerateBindingRedirectsUpdateAppConfig" debido a una condici├│n falsa (False); ('$(AutoGenerateBindingRedirects)' == 'true' and '$(GenerateBindingRedirectsOutputType)' == 'true') se evalu├│ como ('' == 'true' and '' == 'true').
       Se omiti├│ el destino "ResolveComReferences" debido a una condici├│n falsa (False); ('@(COMReference)'!='' or '@(COMFileReference)'!='') se evalu├│ como (''!='' or ''!='').
   2:6>Destino "AfterResolveReferences" en el archivo "C:\Program Files\dotnet\sdk\9.0.310\Microsoft.Common.CurrentVersion.targets" del proyecto "C:\temp\MVP\documento-ia-clasificacion-mvp\src\backend\DocumentIA.Core\DocumentIA.Core.csproj" (el destino "ResolveReferences" depende de ├®l):
   2:6>Compilaci├│n terminada del destino "AfterResolveReferences" en el proyecto "DocumentIA.Core.csproj".
   2:6>Destino "ResolveReferences" en el archivo "C:\Program Files\dotnet\sdk\9.0.310\Microsoft.Common.CurrentVersion.targets" del proyecto "C:\temp\MVP\documento-ia-clasificacion-mvp\src\backend\DocumentIA.Core\DocumentIA.Core.csproj" (el destino "_BlockWinMDsOnUnsupportedTFMs" depende de ├®l):
   2:6>Compilaci├│n terminada del destino "ResolveReferences" en el proyecto "DocumentIA.Core.csproj".
   2:6>Destino "_BlockWinMDsOnUnsupportedTFMs" en el archivo "C:\Program Files\dotnet\sdk\9.0.310\Sdks\Microsoft.NET.Sdk\targets\Microsoft.NET.Sdk.targets" del proyecto "C:\temp\MVP\documento-ia-clasificacion-mvp\src\backend\DocumentIA.Core\DocumentIA.Core.csproj" (el destino "CoreBuild" depende de ├®l):
       Usando la tarea "CheckForUnsupportedWinMDReferences" del ensamblado "C:\Program Files\dotnet\sdk\9.0.310\Sdks\Microsoft.NET.Sdk\targets\..\tools\net9.0\Microsoft.NET.Build.Tasks.dll".
       Tarea "CheckForUnsupportedWinMDReferences"
       Ejecuci├│n de la tarea "CheckForUnsupportedWinMDReferences" terminada.
       Se omiti├│ la tarea "NETSdkError" debido a una condici├│n falsa (False); ('$(OutputType)' == 'winmdobj') se evalu├│ como ('Library' == 'winmdobj').
   2:6>Compilaci├│n terminada del destino "_BlockWinMDsOnUnsupportedTFMs" en el proyecto "DocumentIA.Core.csproj".
       Se omiti├│ el destino "ResolveReferences". Compilado previamente de forma correcta.
       Se omiti├│ el destino "ResolvePackageDependenciesForBuild". Compilado previamente de forma correcta.
       Se omiti├│ el destino "_HandlePackageFileConflicts". Compilado previamente de forma correcta.
   2:6>Destino "CopyAdditionalFiles" en el archivo "C:\Program Files\dotnet\sdk\9.0.310\Roslyn\Microsoft.Managed.Core.targets" del proyecto "C:\temp\MVP\documento-ia-clasificacion-mvp\src\backend\DocumentIA.Core\DocumentIA.Core.csproj" (el destino "AssignTargetPaths" depende de ├®l):
   2:6>Compilaci├│n terminada del destino "CopyAdditionalFiles" en el proyecto "DocumentIA.Core.csproj".
       Se omiti├│ el destino "_GetAppHostPaths" debido a una condici├│n falsa (False); ('$(UseAppHost)' == 'true' and '$(_IsExecutable)' == 'true') se evalu├│ como ('' == 'true' and '' == 'true').
       Se omiti├│ el destino "_GetAppHostCreationConfiguration" debido a una condici├│n falsa (False); ('$(UseAppHost)' == 'true' and '$(_IsExecutable)' == 'true') se evalu├│ como ('' == 'true' and '' == 'true').
       Se omiti├│ el destino "_GetComHostPaths" debido a una condici├│n falsa (False); ('$(EnableComHosting)' == 'true' and '$(_IsExecutable)' != 'true') se evalu├│ como ('' == 'true' and '' != 'true').
       Se omiti├│ el destino "_GetIjwHostPaths" debido a una condici├│n falsa (False); ('$(UseIJWHost)' == 'true') se evalu├│ como ('' == 'true').
   2:6>Destino "_ComputeNETCoreBuildOutputFiles" en el archivo "C:\Program Files\dotnet\sdk\9.0.310\Sdks\Microsoft.NET.Sdk\targets\Microsoft.NET.Sdk.targets" del proyecto "C:\temp\MVP\documento-ia-clasificacion-mvp\src\backend\DocumentIA.Core\DocumentIA.Core.csproj" (el destino "AssignTargetPaths" depende de ├®l):
   2:6>Compilaci├│n terminada del destino "_ComputeNETCoreBuildOutputFiles" en el proyecto "DocumentIA.Core.csproj".
   2:6>Destino "AssignTargetPaths" en el archivo "C:\Program Files\dotnet\sdk\9.0.310\Microsoft.Common.CurrentVersion.targets" del proyecto "C:\temp\MVP\documento-ia-clasificacion-mvp\src\backend\DocumentIA.Core\DocumentIA.Core.csproj" (el destino "PrepareResourceNames" depende de ├®l):
       Usando la tarea "AssignTargetPath" del ensamblado "Microsoft.Build.Tasks.Core, Version=15.1.0.0, Culture=neutral, PublicKeyToken=b03f5f7f11d50a3a".
       Tarea "AssignTargetPath"
       Ejecuci├│n de la tarea "AssignTargetPath" terminada.
       Tarea "AssignTargetPath"
       Ejecuci├│n de la tarea "AssignTargetPath" terminada.
       Tarea "AssignTargetPath"
       Ejecuci├│n de la tarea "AssignTargetPath" terminada.
       Tarea "AssignTargetPath"
       Ejecuci├│n de la tarea "AssignTargetPath" terminada.
       Se omiti├│ la tarea "AssignTargetPath" debido a una condici├│n falsa (False); ('@(_DeploymentBaseManifestWithTargetPath)'=='' and '%(None.Extension)'=='.manifest') se evalu├│ como (''=='' and ''=='.manifest').
   2:6>Compilaci├│n terminada del destino "AssignTargetPaths" en el proyecto "DocumentIA.Core.csproj".
       Se omiti├│ el destino "AssignTargetPaths". Compilado previamente de forma correcta.
   2:6>Destino "SplitResourcesByCulture" en el archivo "C:\Program Files\dotnet\sdk\9.0.310\Microsoft.Common.CurrentVersion.targets" del proyecto "C:\temp\MVP\documento-ia-clasificacion-mvp\src\backend\DocumentIA.Core\DocumentIA.Core.csproj" (el destino "PrepareResourceNames" depende de ├®l):
       Se omiti├│ la tarea "MSBuildInternalMessage" debido a una condici├│n falsa (False); ('@(ResxWithNoCulture)'!='') se evalu├│ como (''!='').
       Se omiti├│ la tarea "MSBuildInternalMessage" debido a una condici├│n falsa (False); ('@(ResxWithCulture)'!='') se evalu├│ como (''!='').
       Se omiti├│ la tarea "MSBuildInternalMessage" debido a una condici├│n falsa (False); ('@(NonResxWithCulture)'!='') se evalu├│ como (''!='').
       Se omiti├│ la tarea "MSBuildInternalMessage" debido a una condici├│n falsa (False); ('@(NonResxWithNoCulture)'!='') se evalu├│ como (''!='').
       Usando la tarea "AssignCulture" del ensamblado "Microsoft.Build.Tasks.Core, Version=15.1.0.0, Culture=neutral, PublicKeyToken=b03f5f7f11d50a3a".
       Tarea "AssignCulture"
       Ejecuci├│n de la tarea "AssignCulture" terminada.
   2:6>Compilaci├│n terminada del destino "SplitResourcesByCulture" en el proyecto "DocumentIA.Core.csproj".
       Se omiti├│ el destino "CreateManifestResourceNames" debido a una condici├│n falsa (False); ('@(EmbeddedResource)' != '') se evalu├│ como ('' != '').
   2:6>Destino "CreateCustomManifestResourceNames" en el archivo "C:\Program Files\dotnet\sdk\9.0.310\Microsoft.Common.CurrentVersion.targets" del proyecto "C:\temp\MVP\documento-ia-clasificacion-mvp\src\backend\DocumentIA.Core\DocumentIA.Core.csproj" (el destino "PrepareResourceNames" depende de ├®l):
   2:6>Compilaci├│n terminada del destino "CreateCustomManifestResourceNames" en el proyecto "DocumentIA.Core.csproj".
   2:6>Destino "PrepareResourceNames" en el archivo "C:\Program Files\dotnet\sdk\9.0.310\Microsoft.Common.CurrentVersion.targets" del proyecto "C:\temp\MVP\documento-ia-clasificacion-mvp\src\backend\DocumentIA.Core\DocumentIA.Core.csproj" (el destino "PrepareResources" depende de ├®l):
   2:6>Compilaci├│n terminada del destino "PrepareResourceNames" en el proyecto "DocumentIA.Core.csproj".
       Se omiti├│ el destino "ResolveAssemblyReferences". Compilado previamente de forma correcta.
       Se omiti├│ el destino "SplitResourcesByCulture". Compilado previamente de forma correcta.
   2:6>Destino "BeforeResGen" en el archivo "C:\Program Files\dotnet\sdk\9.0.310\Microsoft.Common.CurrentVersion.targets" del proyecto "C:\temp\MVP\documento-ia-clasificacion-mvp\src\backend\DocumentIA.Core\DocumentIA.Core.csproj" (el destino "ResGen" depende de ├®l):
   2:6>Compilaci├│n terminada del destino "BeforeResGen" en el proyecto "DocumentIA.Core.csproj".
       Se omiti├│ el destino "ResolveReferences". Compilado previamente de forma correcta.
   2:6>Destino "FindReferenceAssembliesForReferences" en el archivo "C:\Program Files\dotnet\sdk\9.0.310\Microsoft.Common.CurrentVersion.targets" del proyecto "C:\temp\MVP\documento-ia-clasificacion-mvp\src\backend\DocumentIA.Core\DocumentIA.Core.csproj" (el destino "CoreResGen" depende de ├®l):
   2:6>Compilaci├│n terminada del destino "FindReferenceAssembliesForReferences" en el proyecto "DocumentIA.Core.csproj".
   2:6>Destino "CoreResGen" en el archivo "C:\Program Files\dotnet\sdk\9.0.310\Microsoft.Common.CurrentVersion.targets" del proyecto "C:\temp\MVP\documento-ia-clasificacion-mvp\src\backend\DocumentIA.Core\DocumentIA.Core.csproj" (el destino "ResGen" depende de ├®l):
       Se omiti├│ la tarea "GenerateResource" debido a una condici├│n falsa (False); ('%(EmbeddedResource.Type)' == 'Resx' and '%(EmbeddedResource.GenerateResource)' != 'false' and '$(GenerateResourceMSBuildRuntime)' != 'CLR2') se evalu├│ como ('' == 'Resx' and '' != 'false' and 'CurrentRuntime' != 'CLR2').
       Se omiti├│ la tarea "GenerateResource" debido a una condici├│n falsa (False); ('%(EmbeddedResource.Type)' == 'Resx' and '%(EmbeddedResource.GenerateResource)' != 'false' and '$(GenerateResourceMSBuildRuntime)' == 'CLR2') se evalu├│ como ('' == 'Resx' and '' != 'false' and 'CurrentRuntime' == 'CLR2').
   2:6>Compilaci├│n terminada del destino "CoreResGen" en el proyecto "DocumentIA.Core.csproj".
   2:6>Destino "AfterResGen" en el archivo "C:\Program Files\dotnet\sdk\9.0.310\Microsoft.Common.CurrentVersion.targets" del proyecto "C:\temp\MVP\documento-ia-clasificacion-mvp\src\backend\DocumentIA.Core\DocumentIA.Core.csproj" (el destino "ResGen" depende de ├®l):
   2:6>Compilaci├│n terminada del destino "AfterResGen" en el proyecto "DocumentIA.Core.csproj".
   2:6>Destino "ResGen" en el archivo "C:\Program Files\dotnet\sdk\9.0.310\Microsoft.Common.CurrentVersion.targets" del proyecto "C:\temp\MVP\documento-ia-clasificacion-mvp\src\backend\DocumentIA.Core\DocumentIA.Core.csproj" (el destino "PrepareResources" depende de ├®l):
   2:6>Compilaci├│n terminada del destino "ResGen" en el proyecto "DocumentIA.Core.csproj".
       Se omiti├│ el destino "CompileLicxFiles" debido a una condici├│n falsa (False); ('@(_LicxFile)'!='') se evalu├│ como (''!='').
   2:6>Destino "PrepareResources" en el archivo "C:\Program Files\dotnet\sdk\9.0.310\Microsoft.Common.CurrentVersion.targets" del proyecto "C:\temp\MVP\documento-ia-clasificacion-mvp\src\backend\DocumentIA.Core\DocumentIA.Core.csproj" (el destino "CoreBuild" depende de ├®l):
   2:6>Compilaci├│n terminada del destino "PrepareResources" en el proyecto "DocumentIA.Core.csproj".
       Se omiti├│ el destino "ResolveKeySource" debido a una condici├│n falsa (False); ($(SignManifests) == 'true' or $(SignAssembly) == 'true') se evalu├│ como ( == 'true' or false == 'true').
       Se omiti├│ el destino "ResolveReferences". Compilado previamente de forma correcta.
       Se omiti├│ el destino "ResolveKeySource" debido a una condici├│n falsa (False); ($(SignManifests) == 'true' or $(SignAssembly) == 'true') se evalu├│ como ( == 'true' or false == 'true').
       Se omiti├│ el destino "ResolveComReferences" debido a una condici├│n falsa (False); ('@(COMReference)'!='' or '@(COMFileReference)'!='') se evalu├│ como (''!='' or ''!='').
       Se omiti├│ el destino "ResolveNativeReferences" debido a una condici├│n falsa (False); ('@(NativeReference)'!='') se evalu├│ como (''!='').
       Se omiti├│ el destino "_SetExternalWin32ManifestProperties" debido a una condici├│n falsa (False); ('$(GenerateClickOnceManifests)'=='true' or '@(NativeReference)'!='' or '@(ResolvedIsolatedComModules)'!='') se evalu├│ como (''=='true' or ''!='' or ''!='').
   2:6>Destino "_SetEmbeddedWin32ManifestProperties" en el archivo "C:\Program Files\dotnet\sdk\9.0.310\Microsoft.Common.CurrentVersion.targets" del proyecto "C:\temp\MVP\documento-ia-clasificacion-mvp\src\backend\DocumentIA.Core\DocumentIA.Core.csproj" (el destino "SetWin32ManifestProperties" depende de ├®l):
       Usando la tarea "GetFrameworkPath" del ensamblado "Microsoft.Build.Tasks.Core, Version=15.1.0.0, Culture=neutral, PublicKeyToken=b03f5f7f11d50a3a".
       Tarea "GetFrameworkPath"
       Ejecuci├│n de la tarea "GetFrameworkPath" terminada.
   2:6>Compilaci├│n terminada del destino "_SetEmbeddedWin32ManifestProperties" en el proyecto "DocumentIA.Core.csproj".
   2:6>Destino "SetWin32ManifestProperties" en el archivo "C:\Program Files\dotnet\sdk\9.0.310\Microsoft.Common.CurrentVersion.targets" del proyecto "C:\temp\MVP\documento-ia-clasificacion-mvp\src\backend\DocumentIA.Core\DocumentIA.Core.csproj" (el destino "Compile" depende de ├®l):
   2:6>Compilaci├│n terminada del destino "SetWin32ManifestProperties" en el proyecto "DocumentIA.Core.csproj".
       Se omiti├│ el destino "_SetPreferNativeArm64Win32ManifestProperties" debido a una condici├│n falsa (False); ( '$(PreferNativeArm64)'=='true' and '$(NoWin32Manifest)'!='true') se evalu├│ como ( 'false'=='true' and ''!='true').
       Se omiti├│ el destino "FindReferenceAssembliesForReferences". Compilado previamente de forma correcta.
   2:6>Destino "_GenerateCompileInputs" en el archivo "C:\Program Files\dotnet\sdk\9.0.310\Microsoft.Common.CurrentVersion.targets" del proyecto "C:\temp\MVP\documento-ia-clasificacion-mvp\src\backend\DocumentIA.Core\DocumentIA.Core.csproj" (el destino "Compile" depende de ├®l):
       Se omiti├│ la tarea "MSBuildInternalMessage" debido a una condici├│n falsa (False); ('@(ManifestResourceWithNoCulture)'!='' and '%(ManifestResourceWithNoCulture.EmittedForCompatibilityOnly)'=='') se evalu├│ como (''!='' and ''=='').
       Se omiti├│ la tarea "MSBuildInternalMessage" debido a una condici├│n falsa (False); ('@(ManifestNonResxWithNoCultureOnDisk)'!='' and '%(ManifestNonResxWithNoCultureOnDisk.EmittedForCompatibilityOnly)'=='') se evalu├│ como (''!='' and ''=='').
   2:6>Compilaci├│n terminada del destino "_GenerateCompileInputs" en el proyecto "DocumentIA.Core.csproj".
       Se omiti├│ el destino "PrepareForBuild". Compilado previamente de forma correcta.
   2:6>Destino "GenerateMSBuildEditorConfigFileShouldRun" en el archivo "C:\Program Files\dotnet\sdk\9.0.310\Roslyn\Microsoft.Managed.Core.targets" del proyecto "C:\temp\MVP\documento-ia-clasificacion-mvp\src\backend\DocumentIA.Core\DocumentIA.Core.csproj" (el destino "GenerateMSBuildEditorConfigFile" depende de ├®l):
   2:6>Compilaci├│n terminada del destino "GenerateMSBuildEditorConfigFileShouldRun" en el proyecto "DocumentIA.Core.csproj".
   2:6>Destino "AddGlobalAnalyzerConfigForPackage_MicrosoftCodeAnalysisCSharpCodeStyle" en el archivo "C:\Program Files\dotnet\sdk\9.0.310\Sdks\Microsoft.NET.Sdk\codestyle\cs\build\Microsoft.CodeAnalysis.CSharp.CodeStyle.targets" del proyecto "C:\temp\MVP\documento-ia-clasificacion-mvp\src\backend\DocumentIA.Core\DocumentIA.Core.csproj" (el destino "GenerateMSBuildEditorConfigFileCore" depende de ├®l):
   2:6>Compilaci├│n terminada del destino "AddGlobalAnalyzerConfigForPackage_MicrosoftCodeAnalysisCSharpCodeStyle" en el proyecto "DocumentIA.Core.csproj".
   2:6>Destino "GenerateMSBuildEditorConfigFileCore" en el archivo "C:\Program Files\dotnet\sdk\9.0.310\Roslyn\Microsoft.Managed.Core.targets" del proyecto "C:\temp\MVP\documento-ia-clasificacion-mvp\src\backend\DocumentIA.Core\DocumentIA.Core.csproj" (el destino "GenerateMSBuildEditorConfigFile" depende de ├®l):
       Compilando completamente el destino "GenerateMSBuildEditorConfigFileCore".
       No se especificaron archivos de entrada.
       Usando la tarea "GenerateMSBuildEditorConfig" del ensamblado "C:\Program Files\dotnet\sdk\9.0.310\Roslyn\Microsoft.Build.Tasks.CodeAnalysis.dll".
       Tarea "GenerateMSBuildEditorConfig"
       Ejecuci├│n de la tarea "GenerateMSBuildEditorConfig" terminada.
   2:6>Compilaci├│n terminada del destino "GenerateMSBuildEditorConfigFileCore" en el proyecto "DocumentIA.Core.csproj".
   2:6>Destino "GenerateMSBuildEditorConfigFile" en el archivo "C:\Program Files\dotnet\sdk\9.0.310\Roslyn\Microsoft.Managed.Core.targets" del proyecto "C:\temp\MVP\documento-ia-clasificacion-mvp\src\backend\DocumentIA.Core\DocumentIA.Core.csproj" (el destino "BeforeCompile" depende de ├®l):
   2:6>Compilaci├│n terminada del destino "GenerateMSBuildEditorConfigFile" en el proyecto "DocumentIA.Core.csproj".
       Se omiti├│ el destino "PrepareForBuild". Compilado previamente de forma correcta.
       Se omiti├│ el destino "GetReferenceAssemblyPaths". Compilado previamente de forma correcta.
   2:6>Destino "_SetTargetFrameworkMonikerAttribute" en el archivo "C:\Program Files\dotnet\sdk\9.0.310\Microsoft.CSharp.CurrentVersion.targets" del proyecto "C:\temp\MVP\documento-ia-clasificacion-mvp\src\backend\DocumentIA.Core\DocumentIA.Core.csproj" (el destino "GenerateTargetFrameworkMonikerAttribute" depende de ├®l):
   2:6>Compilaci├│n terminada del destino "_SetTargetFrameworkMonikerAttribute" en el proyecto "DocumentIA.Core.csproj".
   2:6>Destino "GenerateTargetFrameworkMonikerAttribute" en el archivo "C:\Program Files\dotnet\sdk\9.0.310\Microsoft.Common.CurrentVersion.targets" del proyecto "C:\temp\MVP\documento-ia-clasificacion-mvp\src\backend\DocumentIA.Core\DocumentIA.Core.csproj" (el destino "BeforeCompile" depende de ├®l):
       Se omitir├í el destino "GenerateTargetFrameworkMonikerAttribute" porque todos los archivos de salida est├ín actualizados respecto a los archivos de entrada.
       Archivos de entrada: C:\Program Files\dotnet\sdk\9.0.310\Microsoft.Common.targets
       Archivos de salida: obj\Debug\net8.0\.NETCoreApp,Version=v8.0.AssemblyAttributes.cs
   2:6>Compilaci├│n terminada del destino "GenerateTargetFrameworkMonikerAttribute" en el proyecto "DocumentIA.Core.csproj".
       Se omiti├│ el destino "GenerateAdditionalSources" debido a una condici├│n falsa (False); ('@(AssemblyAttributes)' != '' and '$(GenerateAdditionalSources)' == 'true') se evalu├│ como ('' != '' and '' == 'true').
       Se omiti├│ el destino "PrepareForBuild". Compilado previamente de forma correcta.
   2:6>Destino "GetAssemblyVersion" en el archivo "C:\Program Files\dotnet\sdk\9.0.310\Sdks\Microsoft.NET.Sdk\targets\Microsoft.NET.GenerateAssemblyInfo.targets" del proyecto "C:\temp\MVP\documento-ia-clasificacion-mvp\src\backend\DocumentIA.Core\DocumentIA.Core.csproj" (el destino "GetAssemblyAttributes" depende de ├®l):
       Usando la tarea "GetAssemblyVersion" del ensamblado "C:\Program Files\dotnet\sdk\9.0.310\Sdks\Microsoft.NET.Sdk\targets\..\tools\net9.0\Microsoft.NET.Build.Tasks.dll".
       Tarea "GetAssemblyVersion"
       Ejecuci├│n de la tarea "GetAssemblyVersion" terminada.
   2:6>Compilaci├│n terminada del destino "GetAssemblyVersion" en el proyecto "DocumentIA.Core.csproj".
   2:6>Destino "InitializeSourceControlInformationFromSourceControlManager" en el archivo "C:\Program Files\dotnet\sdk\9.0.310\Sdks\Microsoft.Build.Tasks.Git\build\Microsoft.Build.Tasks.Git.targets" del proyecto "C:\temp\MVP\documento-ia-clasificacion-mvp\src\backend\DocumentIA.Core\DocumentIA.Core.csproj" (el destino "_InitializeSourceControlInformationFromSourceControlManager" depende de ├®l):
       Usando la tarea "Microsoft.Build.Tasks.Git.LocateRepository" del ensamblado "C:\Program Files\dotnet\sdk\9.0.310\Sdks\Microsoft.Build.Tasks.Git\build\..\tools\core\Microsoft.Build.Tasks.Git.dll".
       Tarea "Microsoft.Build.Tasks.Git.LocateRepository"
         SourceLink: Repository instance not found in cache: '*:C:\temp\MVP\documento-ia-clasificacion-mvp\.git'
       Ejecuci├│n de la tarea "Microsoft.Build.Tasks.Git.LocateRepository" terminada.
   2:6>Compilaci├│n terminada del destino "InitializeSourceControlInformationFromSourceControlManager" en el proyecto "DocumentIA.Core.csproj".
   2:6>Destino "_SourceLinkHasSingleProvider" en el archivo "C:\Program Files\dotnet\sdk\9.0.310\Sdks\Microsoft.SourceLink.Common\build\InitializeSourceControlInformation.targets" del proyecto "C:\temp\MVP\documento-ia-clasificacion-mvp\src\backend\DocumentIA.Core\DocumentIA.Core.csproj" (el destino "_InitializeSourceControlInformationFromSourceControlManager" depende de ├®l):
       Ensamblado cargado durante TaskRun: Microsoft.SourceLink.Common, Version=9.0.13.6405, Culture=neutral, PublicKeyToken=31bf3856ad364e35(ubicaci├│n: C:\Program Files\dotnet\sdk\9.0.310\Sdks\Microsoft.SourceLink.Common\tools\core\Microsoft.SourceLink.Common.dll, MVID: b737e86a-ca3c-4b45-bf24-9dcece2da902, AssemblyLoadContext: MSBuild plugin C:\Program Files\dotnet\sdk\9.0.310\Sdks\Microsoft.SourceLink.Common\tools\core\Microsoft.SourceLink.Common.dll)
       Usando la tarea "Microsoft.SourceLink.Common.SourceLinkHasSingleProvider" del ensamblado "C:\Program Files\dotnet\sdk\9.0.310\Sdks\Microsoft.SourceLink.Common\build\..\tools\core\Microsoft.SourceLink.Common.dll".
       Tarea "Microsoft.SourceLink.Common.SourceLinkHasSingleProvider"
       Ejecuci├│n de la tarea "Microsoft.SourceLink.Common.SourceLinkHasSingleProvider" terminada.
   2:6>Compilaci├│n terminada del destino "_SourceLinkHasSingleProvider" en el proyecto "DocumentIA.Core.csproj".
   2:6>Destino "TranslateGitHubUrlsInSourceControlInformation" en el archivo "C:\Program Files\dotnet\sdk\9.0.310\Sdks\Microsoft.SourceLink.GitHub\build\Microsoft.SourceLink.GitHub.targets" del proyecto "C:\temp\MVP\documento-ia-clasificacion-mvp\src\backend\DocumentIA.Core\DocumentIA.Core.csproj" (el destino "_InitializeSourceControlInformationFromSourceControlManager" depende de ├®l):
       Ensamblado cargado durante TaskRun: Microsoft.SourceLink.GitHub, Version=9.0.13.6405, Culture=neutral, PublicKeyToken=31bf3856ad364e35(ubicaci├│n: C:\Program Files\dotnet\sdk\9.0.310\Sdks\Microsoft.SourceLink.GitHub\tools\core\Microsoft.SourceLink.GitHub.dll, MVID: dcfcc76f-2801-4749-a196-3261e0b82328, AssemblyLoadContext: MSBuild plugin C:\Program Files\dotnet\sdk\9.0.310\Sdks\Microsoft.SourceLink.GitHub\tools\core\Microsoft.SourceLink.GitHub.dll)
       Usando la tarea "Microsoft.SourceLink.GitHub.TranslateRepositoryUrls" del ensamblado "C:\Program Files\dotnet\sdk\9.0.310\Sdks\Microsoft.SourceLink.GitHub\build\..\tools\core\Microsoft.SourceLink.GitHub.dll".
       Tarea "Microsoft.SourceLink.GitHub.TranslateRepositoryUrls"
       C:\Program Files\dotnet\sdk\9.0.310\Sdks\Microsoft.SourceLink.GitHub\build\Microsoft.SourceLink.GitHub.targets(56,7): message : Reasignaci├│n de propiedad: $(ScmRepositoryUrl)="https://sareb.visualstudio.com/AI%2520DocClassExt/_git/AI%2520DocClassExt" (valor anterior: "https://sareb.visualstudio.com/AI%20DocClassExt/_git/AI%20DocClassExt") en C:\Program Files\dotnet\sdk\9.0.310\Sdks\Microsoft.SourceLink.GitHub\build\Microsoft.SourceLink.GitHub.targets (56,7) [C:\temp\MVP\documento-ia-clasificacion-mvp\src\backend\DocumentIA.Core\DocumentIA.Core.csproj]
       Ejecuci├│n de la tarea "Microsoft.SourceLink.GitHub.TranslateRepositoryUrls" terminada.
   2:6>Compilaci├│n terminada del destino "TranslateGitHubUrlsInSourceControlInformation" en el proyecto "DocumentIA.Core.csproj".
   2:6>Destino "TranslateGitLabUrlsInSourceControlInformation" en el archivo "C:\Program Files\dotnet\sdk\9.0.310\Sdks\Microsoft.SourceLink.GitLab\build\Microsoft.SourceLink.GitLab.targets" del proyecto "C:\temp\MVP\documento-ia-clasificacion-mvp\src\backend\DocumentIA.Core\DocumentIA.Core.csproj" (el destino "_InitializeSourceControlInformationFromSourceControlManager" depende de ├®l):
       Ensamblado cargado durante TaskRun: Microsoft.SourceLink.GitLab, Version=9.0.13.6405, Culture=neutral, PublicKeyToken=31bf3856ad364e35(ubicaci├│n: C:\Program Files\dotnet\sdk\9.0.310\Sdks\Microsoft.SourceLink.GitLab\tools\core\Microsoft.SourceLink.GitLab.dll, MVID: 71803912-a96a-40e8-89cc-8ab80b4d8780, AssemblyLoadContext: MSBuild plugin C:\Program Files\dotnet\sdk\9.0.310\Sdks\Microsoft.SourceLink.GitLab\tools\core\Microsoft.SourceLink.GitLab.dll)
       Usando la tarea "Microsoft.SourceLink.GitLab.TranslateRepositoryUrls" del ensamblado "C:\Program Files\dotnet\sdk\9.0.310\Sdks\Microsoft.SourceLink.GitLab\build\..\tools\core\Microsoft.SourceLink.GitLab.dll".
       Tarea "Microsoft.SourceLink.GitLab.TranslateRepositoryUrls"
       C:\Program Files\dotnet\sdk\9.0.310\Sdks\Microsoft.SourceLink.GitLab\build\Microsoft.SourceLink.GitLab.targets(56,7): message : Reasignaci├│n de propiedad: $(ScmRepositoryUrl)="https://sareb.visualstudio.com/AI%2520DocClassExt/_git/AI%2520DocClassExt" (valor anterior: "https://sareb.visualstudio.com/AI%20DocClassExt/_git/AI%20DocClassExt") en C:\Program Files\dotnet\sdk\9.0.310\Sdks\Microsoft.SourceLink.GitLab\build\Microsoft.SourceLink.GitLab.targets (56,7) [C:\temp\MVP\documento-ia-clasificacion-mvp\src\backend\DocumentIA.Core\DocumentIA.Core.csproj]
       Ejecuci├│n de la tarea "Microsoft.SourceLink.GitLab.TranslateRepositoryUrls" terminada.
   2:6>Compilaci├│n terminada del destino "TranslateGitLabUrlsInSourceControlInformation" en el proyecto "DocumentIA.Core.csproj".
   2:6>Destino "TranslateAzureReposGitUrlsInSourceControlInformation" en el archivo "C:\Program Files\dotnet\sdk\9.0.310\Sdks\Microsoft.SourceLink.AzureRepos.Git\build\Microsoft.SourceLink.AzureRepos.Git.targets" del proyecto "C:\temp\MVP\documento-ia-clasificacion-mvp\src\backend\DocumentIA.Core\DocumentIA.Core.csproj" (el destino "_InitializeSourceControlInformationFromSourceControlManager" depende de ├®l):
       Ensamblado cargado durante TaskRun: Microsoft.SourceLink.AzureRepos.Git, Version=9.0.13.6405, Culture=neutral, PublicKeyToken=31bf3856ad364e35(ubicaci├│n: C:\Program Files\dotnet\sdk\9.0.310\Sdks\Microsoft.SourceLink.AzureRepos.Git\tools\core\Microsoft.SourceLink.AzureRepos.Git.dll, MVID: cf8da110-31ff-4488-a59f-daf0972c92fd, AssemblyLoadContext: MSBuild plugin C:\Program Files\dotnet\sdk\9.0.310\Sdks\Microsoft.SourceLink.AzureRepos.Git\tools\core\Microsoft.SourceLink.AzureRepos.Git.dll)
       Usando la tarea "Microsoft.SourceLink.AzureRepos.Git.TranslateRepositoryUrls" del ensamblado "C:\Program Files\dotnet\sdk\9.0.310\Sdks\Microsoft.SourceLink.AzureRepos.Git\build\..\tools\core\Microsoft.SourceLink.AzureRepos.Git.dll".
       Tarea "Microsoft.SourceLink.AzureRepos.Git.TranslateRepositoryUrls"
       C:\Program Files\dotnet\sdk\9.0.310\Sdks\Microsoft.SourceLink.AzureRepos.Git\build\Microsoft.SourceLink.AzureRepos.Git.targets(48,7): message : Reasignaci├│n de propiedad: $(ScmRepositoryUrl)="https://sareb.visualstudio.com/AI DocClassExt/_git/AI DocClassExt" (valor anterior: "https://sareb.visualstudio.com/AI%20DocClassExt/_git/AI%20DocClassExt") en C:\Program Files\dotnet\sdk\9.0.310\Sdks\Microsoft.SourceLink.AzureRepos.Git\build\Microsoft.SourceLink.AzureRepos.Git.targets (48,7) [C:\temp\MVP\documento-ia-clasificacion-mvp\src\backend\DocumentIA.Core\DocumentIA.Core.csproj]
       Ejecuci├│n de la tarea "Microsoft.SourceLink.AzureRepos.Git.TranslateRepositoryUrls" terminada.
   2:6>Compilaci├│n terminada del destino "TranslateAzureReposGitUrlsInSourceControlInformation" en el proyecto "DocumentIA.Core.csproj".
   2:6>Destino "TranslateBitbucketGitUrlsInSourceControlInformation" en el archivo "C:\Program Files\dotnet\sdk\9.0.310\Sdks\Microsoft.SourceLink.Bitbucket.Git\build\Microsoft.SourceLink.Bitbucket.Git.targets" del proyecto "C:\temp\MVP\documento-ia-clasificacion-mvp\src\backend\DocumentIA.Core\DocumentIA.Core.csproj" (el destino "_InitializeSourceControlInformationFromSourceControlManager" depende de ├®l):
       Ensamblado cargado durante TaskRun: Microsoft.SourceLink.Bitbucket.Git, Version=9.0.13.6405, Culture=neutral, PublicKeyToken=31bf3856ad364e35(ubicaci├│n: C:\Program Files\dotnet\sdk\9.0.310\Sdks\Microsoft.SourceLink.Bitbucket.Git\tools\core\Microsoft.SourceLink.Bitbucket.Git.dll, MVID: e344109e-dfc0-47ba-8843-e4aca636aaaa, AssemblyLoadContext: MSBuild plugin C:\Program Files\dotnet\sdk\9.0.310\Sdks\Microsoft.SourceLink.Bitbucket.Git\tools\core\Microsoft.SourceLink.Bitbucket.Git.dll)
       Usando la tarea "Microsoft.SourceLink.Bitbucket.Git.TranslateRepositoryUrls" del ensamblado "C:\Program Files\dotnet\sdk\9.0.310\Sdks\Microsoft.SourceLink.Bitbucket.Git\build\..\tools\core\Microsoft.SourceLink.Bitbucket.Git.dll".
       Tarea "Microsoft.SourceLink.Bitbucket.Git.TranslateRepositoryUrls"
       Ejecuci├│n de la tarea "Microsoft.SourceLink.Bitbucket.Git.TranslateRepositoryUrls" terminada.
   2:6>Compilaci├│n terminada del destino "TranslateBitbucketGitUrlsInSourceControlInformation" en el proyecto "DocumentIA.Core.csproj".
   2:6>Destino "SourceControlManagerPublishTranslatedUrls" en el archivo "C:\Program Files\dotnet\sdk\9.0.310\Sdks\Microsoft.SourceLink.Common\build\InitializeSourceControlInformation.targets" del proyecto "C:\temp\MVP\documento-ia-clasificacion-mvp\src\backend\DocumentIA.Core\DocumentIA.Core.csproj" (el destino "_InitializeSourceControlInformationFromSourceControlManager" depende de ├®l):
   2:6>Compilaci├│n terminada del destino "SourceControlManagerPublishTranslatedUrls" en el proyecto "DocumentIA.Core.csproj".
   2:6>Destino "_InitializeSourceControlInformationFromSourceControlManager" en el archivo "C:\Program Files\dotnet\sdk\9.0.310\Sdks\Microsoft.SourceLink.Common\build\InitializeSourceControlInformation.targets" del proyecto "C:\temp\MVP\documento-ia-clasificacion-mvp\src\backend\DocumentIA.Core\DocumentIA.Core.csproj" (el destino "InitializeSourceControlInformation" depende de ├®l):
   2:6>Compilaci├│n terminada del destino "_InitializeSourceControlInformationFromSourceControlManager" en el proyecto "DocumentIA.Core.csproj".
   2:6>Destino "InitializeSourceControlInformation" en el archivo "C:\Program Files\dotnet\sdk\9.0.310\Microsoft.Common.CurrentVersion.targets" del proyecto "C:\temp\MVP\documento-ia-clasificacion-mvp\src\backend\DocumentIA.Core\DocumentIA.Core.csproj" (el destino "GetAssemblyAttributes" depende de ├®l):
   2:6>Compilaci├│n terminada del destino "InitializeSourceControlInformation" en el proyecto "DocumentIA.Core.csproj".
       Se omiti├│ el destino "GetAssemblyVersion". Compilado previamente de forma correcta.
       Se omiti├│ el destino "InitializeSourceControlInformation". Compilado previamente de forma correcta.
   2:6>Destino "AddSourceRevisionToInformationalVersion" en el archivo "C:\Program Files\dotnet\sdk\9.0.310\Sdks\Microsoft.NET.Sdk\targets\Microsoft.NET.GenerateAssemblyInfo.targets" del proyecto "C:\temp\MVP\documento-ia-clasificacion-mvp\src\backend\DocumentIA.Core\DocumentIA.Core.csproj" (el destino "GetAssemblyAttributes" depende de ├®l):
       C:\Program Files\dotnet\sdk\9.0.310\Sdks\Microsoft.NET.Sdk\targets\Microsoft.NET.GenerateAssemblyInfo.targets(70,7): message : Reasignaci├│n de propiedad: $(InformationalVersion)="1.0.0+4b1d49c2e1d1494cdbad4ae06c6ebcf291c2fdb8" (valor anterior: "1.0.0") en C:\Program Files\dotnet\sdk\9.0.310\Sdks\Microsoft.NET.Sdk\targets\Microsoft.NET.GenerateAssemblyInfo.targets (70,7) [C:\temp\MVP\documento-ia-clasificacion-mvp\src\backend\DocumentIA.Core\DocumentIA.Core.csproj]
   2:6>Compilaci├│n terminada del destino "AddSourceRevisionToInformationalVersion" en el proyecto "DocumentIA.Core.csproj".
       Se omiti├│ el destino "_GetUserSecretsAssemblyAttribute" debido a una condici├│n falsa (False); ( '$(UserSecretsId)' != '' AND '$(GenerateUserSecretsAttribute)' != 'false' AND '$(GeneratedUserSecretsAttributeFile)' == '' ) se evalu├│ como ( '' != '' AND '' != 'false' AND '' == '' ).
   2:6>Destino "GetAssemblyAttributes" en el archivo "C:\Program Files\dotnet\sdk\9.0.310\Sdks\Microsoft.NET.Sdk\targets\Microsoft.NET.GenerateAssemblyInfo.targets" del proyecto "C:\temp\MVP\documento-ia-clasificacion-mvp\src\backend\DocumentIA.Core\DocumentIA.Core.csproj" (el destino "CreateGeneratedAssemblyInfoInputsCacheFile" depende de ├®l):
   2:6>Compilaci├│n terminada del destino "GetAssemblyAttributes" en el proyecto "DocumentIA.Core.csproj".
   2:6>Destino "CreateGeneratedAssemblyInfoInputsCacheFile" en el archivo "C:\Program Files\dotnet\sdk\9.0.310\Sdks\Microsoft.NET.Sdk\targets\Microsoft.NET.GenerateAssemblyInfo.targets" del proyecto "C:\temp\MVP\documento-ia-clasificacion-mvp\src\backend\DocumentIA.Core\DocumentIA.Core.csproj" (el destino "CoreGenerateAssemblyInfo" depende de ├®l):
       Usando la tarea "Hash" del ensamblado "Microsoft.Build.Tasks.Core, Version=15.1.0.0, Culture=neutral, PublicKeyToken=b03f5f7f11d50a3a".
       Tarea "Hash"
       Ejecuci├│n de la tarea "Hash" terminada.
       Tarea "WriteLinesToFile"
         Omitiendo la escritura en el archivo "obj\Debug\net8.0\DocumentIA.Core.AssemblyInfoInputs.cache" porque el contenido no cambiar├í.
       Ejecuci├│n de la tarea "WriteLinesToFile" terminada.
   2:6>Compilaci├│n terminada del destino "CreateGeneratedAssemblyInfoInputsCacheFile" en el proyecto "DocumentIA.Core.csproj".
   2:6>Destino "CoreGenerateAssemblyInfo" en el archivo "C:\Program Files\dotnet\sdk\9.0.310\Sdks\Microsoft.NET.Sdk\targets\Microsoft.NET.GenerateAssemblyInfo.targets" del proyecto "C:\temp\MVP\documento-ia-clasificacion-mvp\src\backend\DocumentIA.Core\DocumentIA.Core.csproj" (el destino "GenerateAssemblyInfo" depende de ├®l):
       Se omitir├í el destino "CoreGenerateAssemblyInfo" porque todos los archivos de salida est├ín actualizados respecto a los archivos de entrada.
       Archivos de entrada: obj\Debug\net8.0\DocumentIA.Core.AssemblyInfoInputs.cache
       Archivos de salida: obj\Debug\net8.0\DocumentIA.Core.AssemblyInfo.cs
   2:6>Compilaci├│n terminada del destino "CoreGenerateAssemblyInfo" en el proyecto "DocumentIA.Core.csproj".
   2:6>Destino "GenerateAssemblyInfo" en el archivo "C:\Program Files\dotnet\sdk\9.0.310\Sdks\Microsoft.NET.Sdk\targets\Microsoft.NET.GenerateAssemblyInfo.targets" del proyecto "C:\temp\MVP\documento-ia-clasificacion-mvp\src\backend\DocumentIA.Core\DocumentIA.Core.csproj" (el destino "BeforeCompile" depende de ├®l):
   2:6>Compilaci├│n terminada del destino "GenerateAssemblyInfo" en el proyecto "DocumentIA.Core.csproj".
   2:6>Destino "BeforeCompile" en el archivo "C:\Program Files\dotnet\sdk\9.0.310\Microsoft.Common.CurrentVersion.targets" del proyecto "C:\temp\MVP\documento-ia-clasificacion-mvp\src\backend\DocumentIA.Core\DocumentIA.Core.csproj" (el destino "Compile" depende de ├®l):
   2:6>Compilaci├│n terminada del destino "BeforeCompile" en el proyecto "DocumentIA.Core.csproj".
       Se omiti├│ el destino "_TimeStampBeforeCompile" debido a una condici├│n falsa (False); ('$(RunPostBuildEvent)'=='OnOutputUpdated' or ('$(RegisterForComInterop)'=='true' and '$(OutputType)'=='library')) se evalu├│ como (''=='OnOutputUpdated' or (''=='true' and 'Library'=='library')).
       Se omiti├│ el destino "ResolveAssemblyReferences". Compilado previamente de forma correcta.
       Se omiti├│ el destino "_GenerateCompileInputs". Compilado previamente de forma correcta.
   2:6>Destino "_GenerateCompileDependencyCache" en el archivo "C:\Program Files\dotnet\sdk\9.0.310\Microsoft.Common.CurrentVersion.targets" del proyecto "C:\temp\MVP\documento-ia-clasificacion-mvp\src\backend\DocumentIA.Core\DocumentIA.Core.csproj" (el destino "Compile" depende de ├®l):
       Tarea "Hash"
       Ejecuci├│n de la tarea "Hash" terminada.
       Tarea "WriteLinesToFile"
         Omitiendo la escritura en el archivo "obj\Debug\net8.0\DocumentIA.Core.csproj.CoreCompileInputs.cache" porque el contenido no cambiar├í.
       Ejecuci├│n de la tarea "WriteLinesToFile" terminada.
   2:6>Compilaci├│n terminada del destino "_GenerateCompileDependencyCache" en el proyecto "DocumentIA.Core.csproj".
       Se omiti├│ el destino "_ComputeNonExistentFileProperty" debido a una condici├│n falsa (False); (('$(BuildingInsideVisualStudio)' == 'true') and ('$(BuildingOutOfProcess)' != 'true') and (('$(BuildingProject)' == 'false') or ('$(UseHostCompilerIfAvailable)' == 'true'))) se evalu├│ como (('' == 'true') and ('' != 'true') and (('true' == 'false') or ('true' == 'true'))).
       Se omiti├│ el destino "ResolveCodeAnalysisRuleSet" debido a una condici├│n falsa (False); ('$(CodeAnalysisRuleSet)' != '') se evalu├│ como ('' != '').
       Se omiti├│ el destino "ShimReferencePathsWhenCommonTargetsDoesNotUnderstandReferenceAssemblies" debido a una condici├│n falsa (False); ('@(ReferencePathWithRefAssemblies)' == '') se evalu├│ como ('C:\Users\ubf0238\.nuget\packages\azure.core\1.50.0\lib\net8.0\Azure.Core.dll;C:\Users\ubf0238\.nuget\packages\azure.storage.blobs\12.27.0\lib\net8.0\Azure.Storage.Blobs.dll;C:\Users\ubf0238\.nuget\packages\azure.storage.common\12.26.0\lib\net8.0\Azure.Storage.Common.dll;...' == '').
   2:6>Destino "_BeforeVBCSCoreCompile" en el archivo "C:\Program Files\dotnet\sdk\9.0.310\Roslyn\Microsoft.Managed.Core.targets" del proyecto "C:\temp\MVP\documento-ia-clasificacion-mvp\src\backend\DocumentIA.Core\DocumentIA.Core.csproj" (el destino "CoreCompile" depende de ├®l):
   2:6>Compilaci├│n terminada del destino "_BeforeVBCSCoreCompile" en el proyecto "DocumentIA.Core.csproj".
       Se omiti├│ el destino "AdjustDefaultPlatformTargetForNetFrameworkExeWithNoNativeCopyLocalItems" debido a una condici├│n falsa (False); ('$(_UsingDefaultPlatformTarget)' == 'true' and
                            '$(_UsingDefaultRuntimeIdentifier)' == 'true') se evalu├│ como ('true' == 'true' and
                            '' == 'true').
       Se omiti├│ el destino "_DisableDiagnosticTracing" debido a una condici├│n falsa (False); ('$(DisableDiagnosticTracing)' == 'true') se evalu├│ como ('' == 'true').
       Se omiti├│ el destino "ShimReferencePathsWhenCommonTargetsDoesNotUnderstandReferenceAssemblies" debido a una condici├│n falsa (False); ('@(ReferencePathWithRefAssemblies)' == '') se evalu├│ como ('C:\Users\ubf0238\.nuget\packages\azure.core\1.50.0\lib\net8.0\Azure.Core.dll;C:\Users\ubf0238\.nuget\packages\azure.storage.blobs\12.27.0\lib\net8.0\Azure.Storage.Blobs.dll;C:\Users\ubf0238\.nuget\packages\azure.storage.common\12.26.0\lib\net8.0\Azure.Storage.Common.dll;...' == '').
   2:6>Destino "_ComputeSkipAnalyzers" en el archivo "C:\Program Files\dotnet\sdk\9.0.310\Roslyn\Microsoft.Managed.Core.targets" del proyecto "C:\temp\MVP\documento-ia-clasificacion-mvp\src\backend\DocumentIA.Core\DocumentIA.Core.csproj" (el destino "CoreCompile" depende de ├®l):
       Se omiti├│ la tarea "ShowMessageForImplicitlySkipAnalyzers" debido a una condici├│n falsa (False); ('$(_ImplicitlySkipAnalyzers)' == 'true') se evalu├│ como ('' == 'true').
   2:6>Compilaci├│n terminada del destino "_ComputeSkipAnalyzers" en el proyecto "DocumentIA.Core.csproj".
       Se omiti├│ el destino "_SetPathMapFromSourceRoots" debido a una condici├│n falsa (False); ('$(DeterministicSourcePaths)' == 'true') se evalu├│ como ('' == 'true').
       Se omiti├│ el destino "CreateCompilerGeneratedFilesOutputPath" debido a una condici├│n falsa (False); ('$(EmitCompilerGeneratedFiles)' == 'true' and !('$(DesignTimeBuild)' == 'true' OR '$(BuildingProject)' != 'true')) se evalu├│ como ('false' == 'true' and !('' == 'true' OR 'true' != 'true')).
       Se omiti├│ el destino "_CheckMicrosoftNetSdkCompilersToolsetPackageExists" debido a una condici├│n falsa (False); ('$(_NeedToDownloadMicrosoftNetSdkCompilersToolsetPackage)' == 'true' and '$(DesignTimeBuild)' != 'true') se evalu├│ como ('' == 'true' and '' != 'true').
       Se omiti├│ el destino "BeforeCompile". Compilado previamente de forma correcta.
       Se omiti├│ el destino "InitializeSourceControlInformationFromSourceControlManager". Compilado previamente de forma correcta.
   2:6>Destino "SetEmbeddedFilesFromSourceControlManagerUntrackedFiles" en el archivo "C:\Program Files\dotnet\sdk\9.0.310\Sdks\Microsoft.Build.Tasks.Git\build\Microsoft.Build.Tasks.Git.targets" del proyecto "C:\temp\MVP\documento-ia-clasificacion-mvp\src\backend\DocumentIA.Core\DocumentIA.Core.csproj" (el destino "_SetEmbeddedFilesFromSourceControlManagerUntrackedFiles" depende de ├®l):
       Usando la tarea "Microsoft.Build.Tasks.Git.GetUntrackedFiles" del ensamblado "C:\Program Files\dotnet\sdk\9.0.310\Sdks\Microsoft.Build.Tasks.Git\build\..\tools\core\Microsoft.Build.Tasks.Git.dll".
       Tarea "Microsoft.Build.Tasks.Git.GetUntrackedFiles"
         SourceLink: Reusing cached git repository information.
       Ejecuci├│n de la tarea "Microsoft.Build.Tasks.Git.GetUntrackedFiles" terminada.
   2:6>Compilaci├│n terminada del destino "SetEmbeddedFilesFromSourceControlManagerUntrackedFiles" en el proyecto "DocumentIA.Core.csproj".
   2:6>Destino "_SetEmbeddedFilesFromSourceControlManagerUntrackedFiles" en el archivo "C:\Program Files\dotnet\sdk\9.0.310\Sdks\Microsoft.SourceLink.Common\build\Microsoft.SourceLink.Common.targets" del proyecto "C:\temp\MVP\documento-ia-clasificacion-mvp\src\backend\DocumentIA.Core\DocumentIA.Core.csproj" (el destino "CoreCompile" depende de ├®l):
   2:6>Compilaci├│n terminada del destino "_SetEmbeddedFilesFromSourceControlManagerUntrackedFiles" en el proyecto "DocumentIA.Core.csproj".
       Se omiti├│ el destino "InitializeSourceControlInformation". Compilado previamente de forma correcta.
   2:6>Destino "_SetSourceLinkFilePath" en el archivo "C:\Program Files\dotnet\sdk\9.0.310\Sdks\Microsoft.SourceLink.Common\build\Microsoft.SourceLink.Common.targets" del proyecto "C:\temp\MVP\documento-ia-clasificacion-mvp\src\backend\DocumentIA.Core\DocumentIA.Core.csproj" (el destino "_GenerateSourceLinkFile" depende de ├®l):
   2:6>Compilaci├│n terminada del destino "_SetSourceLinkFilePath" en el proyecto "DocumentIA.Core.csproj".
       Se omiti├│ el destino "InitializeSourceControlInformation". Compilado previamente de forma correcta.
   2:6>Destino "_InitializeSourceRootMappedPathsFromSourceControl" en el archivo "C:\Program Files\dotnet\sdk\9.0.310\Roslyn\Microsoft.Managed.Core.targets" del proyecto "C:\temp\MVP\documento-ia-clasificacion-mvp\src\backend\DocumentIA.Core\DocumentIA.Core.csproj" (el destino "InitializeSourceRootMappedPaths" depende de ├®l):
   2:6>Compilaci├│n terminada del destino "_InitializeSourceRootMappedPathsFromSourceControl" en el proyecto "DocumentIA.Core.csproj".
   2:6>Destino "InitializeSourceRootMappedPaths" en el archivo "C:\Program Files\dotnet\sdk\9.0.310\Roslyn\Microsoft.Managed.Core.targets" del proyecto "C:\temp\MVP\documento-ia-clasificacion-mvp\src\backend\DocumentIA.Core\DocumentIA.Core.csproj" (el destino "_InitializeSourceRootMappedPathsOpt" depende de ├®l):
       Usando la tarea "Microsoft.CodeAnalysis.BuildTasks.MapSourceRoots" del ensamblado "C:\Program Files\dotnet\sdk\9.0.310\Roslyn\Microsoft.Build.Tasks.CodeAnalysis.dll".
       Tarea "Microsoft.CodeAnalysis.BuildTasks.MapSourceRoots"
       Ejecuci├│n de la tarea "Microsoft.CodeAnalysis.BuildTasks.MapSourceRoots" terminada.
   2:6>Compilaci├│n terminada del destino "InitializeSourceRootMappedPaths" en el proyecto "DocumentIA.Core.csproj".
   2:6>Destino "_InitializeSourceRootMappedPathsOpt" en el archivo "C:\Program Files\dotnet\sdk\9.0.310\Sdks\Microsoft.SourceLink.Common\build\Microsoft.SourceLink.Common.targets" del proyecto "C:\temp\MVP\documento-ia-clasificacion-mvp\src\backend\DocumentIA.Core\DocumentIA.Core.csproj" (el destino "_GenerateSourceLinkFile" depende de ├®l):
   2:6>Compilaci├│n terminada del destino "_InitializeSourceRootMappedPathsOpt" en el proyecto "DocumentIA.Core.csproj".
   2:6>Destino "_InitializeGitHubSourceLinkUrl" en el archivo "C:\Program Files\dotnet\sdk\9.0.310\Sdks\Microsoft.SourceLink.GitHub\build\Microsoft.SourceLink.GitHub.targets" del proyecto "C:\temp\MVP\documento-ia-clasificacion-mvp\src\backend\DocumentIA.Core\DocumentIA.Core.csproj" (el destino "_GenerateSourceLinkFile" depende de ├®l):
       Compilando completamente el destino "_InitializeGitHubSourceLinkUrl".
       No se especificaron archivos de entrada.
       Usando la tarea "Microsoft.SourceLink.GitHub.GetSourceLinkUrl" del ensamblado "C:\Program Files\dotnet\sdk\9.0.310\Sdks\Microsoft.SourceLink.GitHub\build\..\tools\core\Microsoft.SourceLink.GitHub.dll".
       Tarea "Microsoft.SourceLink.GitHub.GetSourceLinkUrl"
       Ejecuci├│n de la tarea "Microsoft.SourceLink.GitHub.GetSourceLinkUrl" terminada.
   2:6>Compilaci├│n terminada del destino "_InitializeGitHubSourceLinkUrl" en el proyecto "DocumentIA.Core.csproj".
   2:6>Destino "_InitializeGitHubSourceLinkUrl" en el archivo "C:\Program Files\dotnet\sdk\9.0.310\Sdks\Microsoft.SourceLink.GitHub\build\Microsoft.SourceLink.GitHub.targets" del proyecto "C:\temp\MVP\documento-ia-clasificacion-mvp\src\backend\DocumentIA.Core\DocumentIA.Core.csproj" (el destino "_GenerateSourceLinkFile" depende de ├®l):
       Compilando completamente el destino "_InitializeGitHubSourceLinkUrl".
       No se especificaron archivos de entrada.
       Tarea "Microsoft.SourceLink.GitHub.GetSourceLinkUrl"
       Ejecuci├│n de la tarea "Microsoft.SourceLink.GitHub.GetSourceLinkUrl" terminada.
   2:6>Compilaci├│n terminada del destino "_InitializeGitHubSourceLinkUrl" en el proyecto "DocumentIA.Core.csproj".
   2:6>Destino "_InitializeGitHubSourceLinkUrl" en el archivo "C:\Program Files\dotnet\sdk\9.0.310\Sdks\Microsoft.SourceLink.GitHub\build\Microsoft.SourceLink.GitHub.targets" del proyecto "C:\temp\MVP\documento-ia-clasificacion-mvp\src\backend\DocumentIA.Core\DocumentIA.Core.csproj" (el destino "_GenerateSourceLinkFile" depende de ├®l):
       Compilando completamente el destino "_InitializeGitHubSourceLinkUrl".
       No se especificaron archivos de entrada.
       Tarea "Microsoft.SourceLink.GitHub.GetSourceLinkUrl"
       Ejecuci├│n de la tarea "Microsoft.SourceLink.GitHub.GetSourceLinkUrl" terminada.
   2:6>Compilaci├│n terminada del destino "_InitializeGitHubSourceLinkUrl" en el proyecto "DocumentIA.Core.csproj".
   2:6>Destino "_InitializeGitLabSourceLinkUrl" en el archivo "C:\Program Files\dotnet\sdk\9.0.310\Sdks\Microsoft.SourceLink.GitLab\build\Microsoft.SourceLink.GitLab.targets" del proyecto "C:\temp\MVP\documento-ia-clasificacion-mvp\src\backend\DocumentIA.Core\DocumentIA.Core.csproj" (el destino "_GenerateSourceLinkFile" depende de ├®l):
       Compilando completamente el destino "_InitializeGitLabSourceLinkUrl".
       No se especificaron archivos de entrada.
       Usando la tarea "Microsoft.SourceLink.GitLab.GetSourceLinkUrl" del ensamblado "C:\Program Files\dotnet\sdk\9.0.310\Sdks\Microsoft.SourceLink.GitLab\build\..\tools\core\Microsoft.SourceLink.GitLab.dll".
       Tarea "Microsoft.SourceLink.GitLab.GetSourceLinkUrl"
       Ejecuci├│n de la tarea "Microsoft.SourceLink.GitLab.GetSourceLinkUrl" terminada.
   2:6>Compilaci├│n terminada del destino "_InitializeGitLabSourceLinkUrl" en el proyecto "DocumentIA.Core.csproj".
   2:6>Destino "_InitializeGitLabSourceLinkUrl" en el archivo "C:\Program Files\dotnet\sdk\9.0.310\Sdks\Microsoft.SourceLink.GitLab\build\Microsoft.SourceLink.GitLab.targets" del proyecto "C:\temp\MVP\documento-ia-clasificacion-mvp\src\backend\DocumentIA.Core\DocumentIA.Core.csproj" (el destino "_GenerateSourceLinkFile" depende de ├®l):
       Compilando completamente el destino "_InitializeGitLabSourceLinkUrl".
       No se especificaron archivos de entrada.
       Tarea "Microsoft.SourceLink.GitLab.GetSourceLinkUrl"
       Ejecuci├│n de la tarea "Microsoft.SourceLink.GitLab.GetSourceLinkUrl" terminada.
   2:6>Compilaci├│n terminada del destino "_InitializeGitLabSourceLinkUrl" en el proyecto "DocumentIA.Core.csproj".
   2:6>Destino "_InitializeGitLabSourceLinkUrl" en el archivo "C:\Program Files\dotnet\sdk\9.0.310\Sdks\Microsoft.SourceLink.GitLab\build\Microsoft.SourceLink.GitLab.targets" del proyecto "C:\temp\MVP\documento-ia-clasificacion-mvp\src\backend\DocumentIA.Core\DocumentIA.Core.csproj" (el destino "_GenerateSourceLinkFile" depende de ├®l):
       Compilando completamente el destino "_InitializeGitLabSourceLinkUrl".
       No se especificaron archivos de entrada.
       Tarea "Microsoft.SourceLink.GitLab.GetSourceLinkUrl"
       Ejecuci├│n de la tarea "Microsoft.SourceLink.GitLab.GetSourceLinkUrl" terminada.
   2:6>Compilaci├│n terminada del destino "_InitializeGitLabSourceLinkUrl" en el proyecto "DocumentIA.Core.csproj".
   2:6>Destino "_InitializeAzureReposGitSourceLinkUrl" en el archivo "C:\Program Files\dotnet\sdk\9.0.310\Sdks\Microsoft.SourceLink.AzureRepos.Git\build\Microsoft.SourceLink.AzureRepos.Git.targets" del proyecto "C:\temp\MVP\documento-ia-clasificacion-mvp\src\backend\DocumentIA.Core\DocumentIA.Core.csproj" (el destino "_GenerateSourceLinkFile" depende de ├®l):
       Compilando completamente el destino "_InitializeAzureReposGitSourceLinkUrl".
       No se especificaron archivos de entrada.
       Usando la tarea "Microsoft.SourceLink.AzureRepos.Git.GetSourceLinkUrl" del ensamblado "C:\Program Files\dotnet\sdk\9.0.310\Sdks\Microsoft.SourceLink.AzureRepos.Git\build\..\tools\core\Microsoft.SourceLink.AzureRepos.Git.dll".
       Tarea "Microsoft.SourceLink.AzureRepos.Git.GetSourceLinkUrl"
       Ejecuci├│n de la tarea "Microsoft.SourceLink.AzureRepos.Git.GetSourceLinkUrl" terminada.
   2:6>Compilaci├│n terminada del destino "_InitializeAzureReposGitSourceLinkUrl" en el proyecto "DocumentIA.Core.csproj".
   2:6>Destino "_InitializeAzureReposGitSourceLinkUrl" en el archivo "C:\Program Files\dotnet\sdk\9.0.310\Sdks\Microsoft.SourceLink.AzureRepos.Git\build\Microsoft.SourceLink.AzureRepos.Git.targets" del proyecto "C:\temp\MVP\documento-ia-clasificacion-mvp\src\backend\DocumentIA.Core\DocumentIA.Core.csproj" (el destino "_GenerateSourceLinkFile" depende de ├®l):
       Compilando completamente el destino "_InitializeAzureReposGitSourceLinkUrl".
       No se especificaron archivos de entrada.
       Tarea "Microsoft.SourceLink.AzureRepos.Git.GetSourceLinkUrl"
       Ejecuci├│n de la tarea "Microsoft.SourceLink.AzureRepos.Git.GetSourceLinkUrl" terminada.
   2:6>Compilaci├│n terminada del destino "_InitializeAzureReposGitSourceLinkUrl" en el proyecto "DocumentIA.Core.csproj".
   2:6>Destino "_InitializeAzureReposGitSourceLinkUrl" en el archivo "C:\Program Files\dotnet\sdk\9.0.310\Sdks\Microsoft.SourceLink.AzureRepos.Git\build\Microsoft.SourceLink.AzureRepos.Git.targets" del proyecto "C:\temp\MVP\documento-ia-clasificacion-mvp\src\backend\DocumentIA.Core\DocumentIA.Core.csproj" (el destino "_GenerateSourceLinkFile" depende de ├®l):
       Compilando completamente el destino "_InitializeAzureReposGitSourceLinkUrl".
       No se especificaron archivos de entrada.
       Tarea "Microsoft.SourceLink.AzureRepos.Git.GetSourceLinkUrl"
       C:\Program Files\dotnet\sdk\9.0.310\Sdks\Microsoft.SourceLink.AzureRepos.Git\build\Microsoft.SourceLink.AzureRepos.Git.targets(29,7): message : Reasignaci├│n de propiedad: $(_SourceLinkUrlToUpdate)="https://sareb.visualstudio.com/AI DocClassExt/_apis/git/repositories/AI DocClassExt/items%3fapi-version=1.0&versionType=commit&version=4b1d49c2e1d1494cdbad4ae06c6ebcf291c2fdb8&path=/%2a" (valor anterior: "N/A") en C:\Program Files\dotnet\sdk\9.0.310\Sdks\Microsoft.SourceLink.AzureRepos.Git\build\Microsoft.SourceLink.AzureRepos.Git.targets (29,7) [C:\temp\MVP\documento-ia-clasificacion-mvp\src\backend\DocumentIA.Core\DocumentIA.Core.csproj]
       Ejecuci├│n de la tarea "Microsoft.SourceLink.AzureRepos.Git.GetSourceLinkUrl" terminada.
   2:6>Compilaci├│n terminada del destino "_InitializeAzureReposGitSourceLinkUrl" en el proyecto "DocumentIA.Core.csproj".
   2:6>Destino "_InitializeBitbucketGitSourceLinkUrl" en el archivo "C:\Program Files\dotnet\sdk\9.0.310\Sdks\Microsoft.SourceLink.Bitbucket.Git\build\Microsoft.SourceLink.Bitbucket.Git.targets" del proyecto "C:\temp\MVP\documento-ia-clasificacion-mvp\src\backend\DocumentIA.Core\DocumentIA.Core.csproj" (el destino "_GenerateSourceLinkFile" depende de ├®l):
       Compilando completamente el destino "_InitializeBitbucketGitSourceLinkUrl".
       No se especificaron archivos de entrada.
       Usando la tarea "Microsoft.SourceLink.Bitbucket.Git.GetSourceLinkUrl" del ensamblado "C:\Program Files\dotnet\sdk\9.0.310\Sdks\Microsoft.SourceLink.Bitbucket.Git\build\..\tools\core\Microsoft.SourceLink.Bitbucket.Git.dll".
       Tarea "Microsoft.SourceLink.Bitbucket.Git.GetSourceLinkUrl"
       C:\Program Files\dotnet\sdk\9.0.310\Sdks\Microsoft.SourceLink.Bitbucket.Git\build\Microsoft.SourceLink.Bitbucket.Git.targets(37,7): message : Reasignaci├│n de propiedad: $(_SourceLinkUrlToUpdate)="N/A" (valor anterior: "https://sareb.visualstudio.com/AI DocClassExt/_apis/git/repositories/AI DocClassExt/items?api-version=1.0&versionType=commit&version=4b1d49c2e1d1494cdbad4ae06c6ebcf291c2fdb8&path=/*") en C:\Program Files\dotnet\sdk\9.0.310\Sdks\Microsoft.SourceLink.Bitbucket.Git\build\Microsoft.SourceLink.Bitbucket.Git.targets (37,7) [C:\temp\MVP\documento-ia-clasificacion-mvp\src\backend\DocumentIA.Core\DocumentIA.Core.csproj]
       Ejecuci├│n de la tarea "Microsoft.SourceLink.Bitbucket.Git.GetSourceLinkUrl" terminada.
   2:6>Compilaci├│n terminada del destino "_InitializeBitbucketGitSourceLinkUrl" en el proyecto "DocumentIA.Core.csproj".
   2:6>Destino "_InitializeBitbucketGitSourceLinkUrl" en el archivo "C:\Program Files\dotnet\sdk\9.0.310\Sdks\Microsoft.SourceLink.Bitbucket.Git\build\Microsoft.SourceLink.Bitbucket.Git.targets" del proyecto "C:\temp\MVP\documento-ia-clasificacion-mvp\src\backend\DocumentIA.Core\DocumentIA.Core.csproj" (el destino "_GenerateSourceLinkFile" depende de ├®l):
       Compilando completamente el destino "_InitializeBitbucketGitSourceLinkUrl".
       No se especificaron archivos de entrada.
       Tarea "Microsoft.SourceLink.Bitbucket.Git.GetSourceLinkUrl"
       C:\Program Files\dotnet\sdk\9.0.310\Sdks\Microsoft.SourceLink.Bitbucket.Git\build\Microsoft.SourceLink.Bitbucket.Git.targets(37,7): message : Reasignaci├│n de propiedad: $(_SourceLinkUrlToUpdate)="N/A" (valor anterior: "https://sareb.visualstudio.com/AI DocClassExt/_apis/git/repositories/AI DocClassExt/items?api-version=1.0&versionType=commit&version=4b1d49c2e1d1494cdbad4ae06c6ebcf291c2fdb8&path=/*") en C:\Program Files\dotnet\sdk\9.0.310\Sdks\Microsoft.SourceLink.Bitbucket.Git\build\Microsoft.SourceLink.Bitbucket.Git.targets (37,7) [C:\temp\MVP\documento-ia-clasificacion-mvp\src\backend\DocumentIA.Core\DocumentIA.Core.csproj]
       Ejecuci├│n de la tarea "Microsoft.SourceLink.Bitbucket.Git.GetSourceLinkUrl" terminada.
   2:6>Compilaci├│n terminada del destino "_InitializeBitbucketGitSourceLinkUrl" en el proyecto "DocumentIA.Core.csproj".
   2:6>Destino "_InitializeBitbucketGitSourceLinkUrl" en el archivo "C:\Program Files\dotnet\sdk\9.0.310\Sdks\Microsoft.SourceLink.Bitbucket.Git\build\Microsoft.SourceLink.Bitbucket.Git.targets" del proyecto "C:\temp\MVP\documento-ia-clasificacion-mvp\src\backend\DocumentIA.Core\DocumentIA.Core.csproj" (el destino "_GenerateSourceLinkFile" depende de ├®l):
       Compilando completamente el destino "_InitializeBitbucketGitSourceLinkUrl".
       No se especificaron archivos de entrada.
       Tarea "Microsoft.SourceLink.Bitbucket.Git.GetSourceLinkUrl"
       C:\Program Files\dotnet\sdk\9.0.310\Sdks\Microsoft.SourceLink.Bitbucket.Git\build\Microsoft.SourceLink.Bitbucket.Git.targets(37,7): message : Reasignaci├│n de propiedad: $(_SourceLinkUrlToUpdate)="N/A" (valor anterior: "https://sareb.visualstudio.com/AI DocClassExt/_apis/git/repositories/AI DocClassExt/items?api-version=1.0&versionType=commit&version=4b1d49c2e1d1494cdbad4ae06c6ebcf291c2fdb8&path=/*") en C:\Program Files\dotnet\sdk\9.0.310\Sdks\Microsoft.SourceLink.Bitbucket.Git\build\Microsoft.SourceLink.Bitbucket.Git.targets (37,7) [C:\temp\MVP\documento-ia-clasificacion-mvp\src\backend\DocumentIA.Core\DocumentIA.Core.csproj]
       Ejecuci├│n de la tarea "Microsoft.SourceLink.Bitbucket.Git.GetSourceLinkUrl" terminada.
   2:6>Compilaci├│n terminada del destino "_InitializeBitbucketGitSourceLinkUrl" en el proyecto "DocumentIA.Core.csproj".
   2:6>Destino "_GenerateSourceLinkFile" en el archivo "C:\Program Files\dotnet\sdk\9.0.310\Sdks\Microsoft.SourceLink.Common\build\Microsoft.SourceLink.Common.targets" del proyecto "C:\temp\MVP\documento-ia-clasificacion-mvp\src\backend\DocumentIA.Core\DocumentIA.Core.csproj" (el destino "GenerateSourceLinkFile" depende de ├®l):
       Compilando completamente el destino "_GenerateSourceLinkFile".
       No se especificaron archivos de entrada.
       Usando la tarea "Microsoft.SourceLink.Common.GenerateSourceLinkFile" del ensamblado "C:\Program Files\dotnet\sdk\9.0.310\Sdks\Microsoft.SourceLink.Common\build\..\tools\core\Microsoft.SourceLink.Common.dll".
       Tarea "Microsoft.SourceLink.Common.GenerateSourceLinkFile"
         Ensamblado cargado durante TaskRun (Microsoft.SourceLink.Common.GenerateSourceLinkFile): Microsoft.SourceLink.Common.resources, Version=9.0.13.6405, Culture=es, PublicKeyToken=31bf3856ad364e35(ubicaci├│n: C:\Program Files\dotnet\sdk\9.0.310\Sdks\Microsoft.SourceLink.Common\tools\core\es\Microsoft.SourceLink.Common.resources.dll, MVID: 643ec9b8-00cd-4ada-a6fc-910786552432, AssemblyLoadContext: MSBuild plugin C:\Program Files\dotnet\sdk\9.0.310\Sdks\Microsoft.SourceLink.Common\tools\core\Microsoft.SourceLink.Common.dll)
         El archivo de Source Link 'obj\Debug\net8.0\DocumentIA.Core.sourcelink.json' est├í actualizado.
       Ejecuci├│n de la tarea "Microsoft.SourceLink.Common.GenerateSourceLinkFile" terminada.
   2:6>Compilaci├│n terminada del destino "_GenerateSourceLinkFile" en el proyecto "DocumentIA.Core.csproj".
   2:6>Destino "GenerateSourceLinkFile" en el archivo "C:\Program Files\dotnet\sdk\9.0.310\Sdks\Microsoft.SourceLink.Common\build\Microsoft.SourceLink.Common.targets" del proyecto "C:\temp\MVP\documento-ia-clasificacion-mvp\src\backend\DocumentIA.Core\DocumentIA.Core.csproj" (el destino "CoreCompile" depende de ├®l):
   2:6>Compilaci├│n terminada del destino "GenerateSourceLinkFile" en el proyecto "DocumentIA.Core.csproj".
   2:6>Destino "AddGlobalAnalyzerConfigForPackage_MicrosoftCodeAnalysisNetAnalyzers" en el archivo "C:\Program Files\dotnet\sdk\9.0.310\Sdks\Microsoft.NET.Sdk\analyzers\build\Microsoft.CodeAnalysis.NetAnalyzers.targets" del proyecto "C:\temp\MVP\documento-ia-clasificacion-mvp\src\backend\DocumentIA.Core\DocumentIA.Core.csproj" (el destino "CoreCompile" depende de ├®l):
   2:6>Compilaci├│n terminada del destino "AddGlobalAnalyzerConfigForPackage_MicrosoftCodeAnalysisNetAnalyzers" en el proyecto "DocumentIA.Core.csproj".
       Se omiti├│ el destino "AddGlobalAnalyzerConfigForPackage_MicrosoftCodeAnalysisNetAnalyzersDesign" debido a una condici├│n falsa (False); ('$(SkipGlobalAnalyzerConfigForPackage)' != 'true' and ('$(AnalysisLevelDesign)' != '' or '$(AnalysisModeDesign)' != '')) se evalu├│ como ('' != 'true' and ('' != '' or '' != '')).
       Se omiti├│ el destino "AddGlobalAnalyzerConfigForPackage_MicrosoftCodeAnalysisNetAnalyzersDocumentation" debido a una condici├│n falsa (False); ('$(SkipGlobalAnalyzerConfigForPackage)' != 'true' and ('$(AnalysisLevelDocumentation)' != '' or '$(AnalysisModeDocumentation)' != '')) se evalu├│ como ('' != 'true' and ('' != '' or '' != '')).
       Se omiti├│ el destino "AddGlobalAnalyzerConfigForPackage_MicrosoftCodeAnalysisNetAnalyzersGlobalization" debido a una condici├│n falsa (False); ('$(SkipGlobalAnalyzerConfigForPackage)' != 'true' and ('$(AnalysisLevelGlobalization)' != '' or '$(AnalysisModeGlobalization)' != '')) se evalu├│ como ('' != 'true' and ('' != '' or '' != '')).
       Se omiti├│ el destino "AddGlobalAnalyzerConfigForPackage_MicrosoftCodeAnalysisNetAnalyzersInteroperability" debido a una condici├│n falsa (False); ('$(SkipGlobalAnalyzerConfigForPackage)' != 'true' and ('$(AnalysisLevelInteroperability)' != '' or '$(AnalysisModeInteroperability)' != '')) se evalu├│ como ('' != 'true' and ('' != '' or '' != '')).
       Se omiti├│ el destino "AddGlobalAnalyzerConfigForPackage_MicrosoftCodeAnalysisNetAnalyzersMaintainability" debido a una condici├│n falsa (False); ('$(SkipGlobalAnalyzerConfigForPackage)' != 'true' and ('$(AnalysisLevelMaintainability)' != '' or '$(AnalysisModeMaintainability)' != '')) se evalu├│ como ('' != 'true' and ('' != '' or '' != '')).
       Se omiti├│ el destino "AddGlobalAnalyzerConfigForPackage_MicrosoftCodeAnalysisNetAnalyzersNaming" debido a una condici├│n falsa (False); ('$(SkipGlobalAnalyzerConfigForPackage)' != 'true' and ('$(AnalysisLevelNaming)' != '' or '$(AnalysisModeNaming)' != '')) se evalu├│ como ('' != 'true' and ('' != '' or '' != '')).
       Se omiti├│ el destino "AddGlobalAnalyzerConfigForPackage_MicrosoftCodeAnalysisNetAnalyzersPerformance" debido a una condici├│n falsa (False); ('$(SkipGlobalAnalyzerConfigForPackage)' != 'true' and ('$(AnalysisLevelPerformance)' != '' or '$(AnalysisModePerformance)' != '')) se evalu├│ como ('' != 'true' and ('' != '' or '' != '')).
       Se omiti├│ el destino "AddGlobalAnalyzerConfigForPackage_MicrosoftCodeAnalysisNetAnalyzersReliability" debido a una condici├│n falsa (False); ('$(SkipGlobalAnalyzerConfigForPackage)' != 'true' and ('$(AnalysisLevelReliability)' != '' or '$(AnalysisModeReliability)' != '')) se evalu├│ como ('' != 'true' and ('' != '' or '' != '')).
       Se omiti├│ el destino "AddGlobalAnalyzerConfigForPackage_MicrosoftCodeAnalysisNetAnalyzersSecurity" debido a una condici├│n falsa (False); ('$(SkipGlobalAnalyzerConfigForPackage)' != 'true' and ('$(AnalysisLevelSecurity)' != '' or '$(AnalysisModeSecurity)' != '')) se evalu├│ como ('' != 'true' and ('' != '' or '' != '')).
       Se omiti├│ el destino "AddGlobalAnalyzerConfigForPackage_MicrosoftCodeAnalysisNetAnalyzersUsage" debido a una condici├│n falsa (False); ('$(SkipGlobalAnalyzerConfigForPackage)' != 'true' and ('$(AnalysisLevelUsage)' != '' or '$(AnalysisModeUsage)' != '')) se evalu├│ como ('' != 'true' and ('' != '' or '' != '')).
       Se omiti├│ el destino "_CodeAnalysisTreatWarningsAsErrors" debido a una condici├│n falsa (False); ('$(DesignTimeBuild)' == 'true' OR '$(BuildingProject)' != 'true') se evalu├│ como ('' == 'true' OR 'true' != 'true').
   2:6>Destino "CoreCompile" en el archivo "C:\Program Files\dotnet\sdk\9.0.310\Roslyn\Microsoft.CSharp.Core.targets" del proyecto "C:\temp\MVP\documento-ia-clasificacion-mvp\src\backend\DocumentIA.Core\DocumentIA.Core.csproj" (el destino "Compile" depende de ├®l):
       Compilando completamente el destino "CoreCompile".
       El archivo de entrada "Validation\Rules\NifValidator.cs" es m├ís reciente que el archivo de salida "obj\Debug\net8.0\DocumentIA.Core.pdb".
       C:\Program Files\dotnet\sdk\9.0.310\Roslyn\Microsoft.CSharp.Core.targets(66,7): message : Reasignaci├│n de propiedad: $(NoWarn)="1701;1702;1701;1702" (valor anterior: "1701;1702") en C:\Program Files\dotnet\sdk\9.0.310\Roslyn\Microsoft.CSharp.Core.targets (66,7) [C:\temp\MVP\documento-ia-clasificacion-mvp\src\backend\DocumentIA.Core\DocumentIA.Core.csproj]
       Usando la tarea "Csc" del ensamblado "C:\Program Files\dotnet\sdk\9.0.310\Roslyn\Microsoft.Build.Tasks.CodeAnalysis.dll".
       Tarea "Csc"
         C:\Program Files\dotnet\dotnet.exe exec "C:\Program Files\dotnet\sdk\9.0.310\Roslyn\bincore\csc.dll" /noconfig /unsafe- /checked- /nowarn:1701,1702,1701,1702 /fullpaths /nostdlib+ /errorreport:prompt /warn:8 /define:TRACE;DEBUG;NET;NET8_0;NETCOREAPP;NET5_0_OR_GREATER;NET6_0_OR_GREATER;NET7_0_OR_GREATER;NET8_0_OR_GREATER;NETCOREAPP1_0_OR_GREATER;NETCOREAPP1_1_OR_GREATER;NETCOREAPP2_0_OR_GREATER;NETCOREAPP2_1_OR_GREATER;NETCOREAPP2_2_OR_GREATER;NETCOREAPP3_0_OR_GREATER;NETCOREAPP3_1_OR_GREATER /highentropyva+ /nullable:enable /reference:C:\Users\ubf0238\.nuget\packages\azure.core\1.50.0\lib\net8.0\Azure.Core.dll /reference:C:\Users\ubf0238\.nuget\packages\azure.storage.blobs\12.27.0\lib\net8.0\Azure.Storage.Blobs.dll /reference:C:\Users\ubf0238\.nuget\packages\azure.storage.common\12.26.0\lib\net8.0\Azure.Storage.Common.dll /reference:C:\Users\ubf0238\.nuget\packages\fluentvalidation\12.1.1\lib\net8.0\FluentValidation.dll /reference:C:\Users\ubf0238\.nuget\packages\microsoft.bcl.asyncinterfaces\8.0.0\lib\netstandard2.1\Microsoft.Bcl.AsyncInterfaces.dll /reference:"C:\Program Files\dotnet\packs\Microsoft.NETCore.App.Ref\8.0.23\ref\net8.0\Microsoft.CSharp.dll" /reference:C:\Users\ubf0238\.nuget\packages\microsoft.extensions.configuration.abstractions\8.0.0\lib\net8.0\Microsoft.Extensions.Configuration.Abstractions.dll /reference:C:\Users\ubf0238\.nuget\packages\microsoft.extensions.dependencyinjection.abstractions\8.0.2\lib\net8.0\Microsoft.Extensions.DependencyInjection.Abstractions.dll /reference:C:\Users\ubf0238\.nuget\packages\microsoft.extensions.logging.abstractions\8.0.3\lib\net8.0\Microsoft.Extensions.Logging.Abstractions.dll /reference:C:\Users\ubf0238\.nuget\packages\microsoft.extensions.primitives\8.0.0\lib\net8.0\Microsoft.Extensions.Primitives.dll /reference:"C:\Program Files\dotnet\packs\Microsoft.NETCore.App.Ref\8.0.23\ref\net8.0\Microsoft.VisualBasic.Core.dll" /reference:"C:\Program Files\dotnet\packs\Microsoft.NETCore.App.Ref\8.0.23\ref\net8.0\Microsoft.VisualBasic.dll" /reference:"C:\Program Files\dotnet\packs\Microsoft.NETCore.App.Ref\8.0.23\ref\net8.0\Microsoft.Win32.Primitives.dll" /reference:"C:\Program Files\dotnet\packs\Microsoft.NETCore.App.Ref\8.0.23\ref\net8.0\Microsoft.Win32.Registry.dll" /reference:"C:\Program Files\dotnet\packs\Microsoft.NETCore.App.Ref\8.0.23\ref\net8.0\mscorlib.dll" /reference:"C:\Program Files\dotnet\packs\Microsoft.NETCore.App.Ref\8.0.23\ref\net8.0\netstandard.dll" /reference:"C:\Program Files\dotnet\packs\Microsoft.NETCore.App.Ref\8.0.23\ref\net8.0\System.AppContext.dll" /reference:"C:\Program Files\dotnet\packs\Microsoft.NETCore.App.Ref\8.0.23\ref\net8.0\System.Buffers.dll" /reference:C:\Users\ubf0238\.nuget\packages\system.clientmodel\1.8.0\lib\net8.0\System.ClientModel.dll /reference:"C:\Program Files\dotnet\packs\Microsoft.NETCore.App.Ref\8.0.23\ref\net8.0\System.Collections.Concurrent.dll" /reference:"C:\Program Files\dotnet\packs\Microsoft.NETCore.App.Ref\8.0.23\ref\net8.0\System.Collections.dll" /reference:"C:\Program Files\dotnet\packs\Microsoft.NETCore.App.Ref\8.0.23\ref\net8.0\System.Collections.Immutable.dll" /reference:"C:\Program Files\dotnet\packs\Microsoft.NETCore.App.Ref\8.0.23\ref\net8.0\System.Collections.NonGeneric.dll" /reference:"C:\Program Files\dotnet\packs\Microsoft.NETCore.App.Ref\8.0.23\ref\net8.0\System.Collections.Specialized.dll" /reference:"C:\Program Files\dotnet\packs\Microsoft.NETCore.App.Ref\8.0.23\ref\net8.0\System.ComponentModel.Annotations.dll" /reference:"C:\Program Files\dotnet\packs\Microsoft.NETCore.App.Ref\8.0.23\ref\net8.0\System.ComponentModel.DataAnnotations.dll" /reference:"C:\Program Files\dotnet\packs\Microsoft.NETCore.App.Ref\8.0.23\ref\net8.0\System.ComponentModel.dll" /reference:"C:\Program Files\dotnet\packs\Microsoft.NETCore.App.Ref\8.0.23\ref\net8.0\System.ComponentModel.EventBasedAsync.dll" /reference:"C:\Program Files\dotnet\packs\Microsoft.NETCore.App.Ref\8.0.23\ref\net8.0\System.ComponentModel.Primitives.dll" /reference:"C:\Program Files\dotnet\packs\Microsoft.NETCore.App.Ref\8.0.23\ref\net8.0\System.ComponentModel.TypeConverter.dll" /reference:"C:\Program Files\dotnet\packs\Microsoft.NETCore.App.Ref\8.0.23\ref\net8.0\System.Configuration.dll" /reference:"C:\Program Files\dotnet\packs\Microsoft.NETCore.App.Ref\8.0.23\ref\net8.0\System.Console.dll" /reference:"C:\Program Files\dotnet\packs\Microsoft.NETCore.App.Ref\8.0.23\ref\net8.0\System.Core.dll" /reference:"C:\Program Files\dotnet\packs\Microsoft.NETCore.App.Ref\8.0.23\ref\net8.0\System.Data.Common.dll" /reference:"C:\Program Files\dotnet\packs\Microsoft.NETCore.App.Ref\8.0.23\ref\net8.0\System.Data.DataSetExtensions.dll" /reference:"C:\Program Files\dotnet\packs\Microsoft.NETCore.App.Ref\8.0.23\ref\net8.0\System.Data.dll" /reference:"C:\Program Files\dotnet\packs\Microsoft.NETCore.App.Ref\8.0.23\ref\net8.0\System.Diagnostics.Contracts.dll" /reference:"C:\Program Files\dotnet\packs\Microsoft.NETCore.App.Ref\8.0.23\ref\net8.0\System.Diagnostics.Debug.dll" /reference:"C:\Program Files\dotnet\packs\Microsoft.NETCore.App.Ref\8.0.23\ref\net8.0\System.Diagnostics.DiagnosticSource.dll" /reference:"C:\Program Files\dotnet\packs\Microsoft.NETCore.App.Ref\8.0.23\ref\net8.0\System.Diagnostics.FileVersionInfo.dll" /reference:"C:\Program Files\dotnet\packs\Microsoft.NETCore.App.Ref\8.0.23\ref\net8.0\System.Diagnostics.Process.dll" /reference:"C:\Program Files\dotnet\packs\Microsoft.NETCore.App.Ref\8.0.23\ref\net8.0\System.Diagnostics.StackTrace.dll" /reference:"C:\Program Files\dotnet\packs\Microsoft.NETCore.App.Ref\8.0.23\ref\net8.0\System.Diagnostics.TextWriterTraceListener.dll" /reference:"C:\Program Files\dotnet\packs\Microsoft.NETCore.App.Ref\8.0.23\ref\net8.0\System.Diagnostics.Tools.dll" /reference:"C:\Program Files\dotnet\packs\Microsoft.NETCore.App.Ref\8.0.23\ref\net8.0\System.Diagnostics.TraceSource.dll" /reference:"C:\Program Files\dotnet\packs\Microsoft.NETCore.App.Ref\8.0.23\ref\net8.0\System.Diagnostics.Tracing.dll" /reference:"C:\Program Files\dotnet\packs\Microsoft.NETCore.App.Ref\8.0.23\ref\net8.0\System.dll" /reference:"C:\Program Files\dotnet\packs\Microsoft.NETCore.App.Ref\8.0.23\ref\net8.0\System.Drawing.dll" /reference:"C:\Program Files\dotnet\packs\Microsoft.NETCore.App.Ref\8.0.23\ref\net8.0\System.Drawing.Primitives.dll" /reference:"C:\Program Files\dotnet\packs\Microsoft.NETCore.App.Ref\8.0.23\ref\net8.0\System.Dynamic.Runtime.dll" /reference:"C:\Program Files\dotnet\packs\Microsoft.NETCore.App.Ref\8.0.23\ref\net8.0\System.Formats.Asn1.dll" /reference:"C:\Program Files\dotnet\packs\Microsoft.NETCore.App.Ref\8.0.23\ref\net8.0\System.Formats.Tar.dll" /reference:"C:\Program Files\dotnet\packs\Microsoft.NETCore.App.Ref\8.0.23\ref\net8.0\System.Globalization.Calendars.dll" /reference:"C:\Program Files\dotnet\packs\Microsoft.NETCore.App.Ref\8.0.23\ref\net8.0\System.Globalization.dll" /reference:"C:\Program Files\dotnet\packs\Microsoft.NETCore.App.Ref\8.0.23\ref\net8.0\System.Globalization.Extensions.dll" /reference:"C:\Program Files\dotnet\packs\Microsoft.NETCore.App.Ref\8.0.23\ref\net8.0\System.IO.Compression.Brotli.dll" /reference:"C:\Program Files\dotnet\packs\Microsoft.NETCore.App.Ref\8.0.23\ref\net8.0\System.IO.Compression.dll" /reference:"C:\Program Files\dotnet\packs\Microsoft.NETCore.App.Ref\8.0.23\ref\net8.0\System.IO.Compression.FileSystem.dll" /reference:"C:\Program Files\dotnet\packs\Microsoft.NETCore.App.Ref\8.0.23\ref\net8.0\System.IO.Compression.ZipFile.dll" /reference:"C:\Program Files\dotnet\packs\Microsoft.NETCore.App.Ref\8.0.23\ref\net8.0\System.IO.dll" /reference:"C:\Program Files\dotnet\packs\Microsoft.NETCore.App.Ref\8.0.23\ref\net8.0\System.IO.FileSystem.AccessControl.dll" /reference:"C:\Program Files\dotnet\packs\Microsoft.NETCore.App.Ref\8.0.23\ref\net8.0\System.IO.FileSystem.dll" /reference:"C:\Program Files\dotnet\packs\Microsoft.NETCore.App.Ref\8.0.23\ref\net8.0\System.IO.FileSystem.DriveInfo.dll" /reference:"C:\Program Files\dotnet\packs\Microsoft.NETCore.App.Ref\8.0.23\ref\net8.0\System.IO.FileSystem.Primitives.dll" /reference:"C:\Program Files\dotnet\packs\Microsoft.NETCore.App.Ref\8.0.23\ref\net8.0\System.IO.FileSystem.Watcher.dll" /reference:C:\Users\ubf0238\.nuget\packages\system.io.hashing\10.0.1\lib\net8.0\System.IO.Hashing.dll /reference:"C:\Program Files\dotnet\packs\Microsoft.NETCore.App.Ref\8.0.23\ref\net8.0\System.IO.IsolatedStorage.dll" /reference:"C:\Program Files\dotnet\packs\Microsoft.NETCore.App.Ref\8.0.23\ref\net8.0\System.IO.MemoryMappedFiles.dll" /reference:C:\Users\ubf0238\.nuget\packages\system.io.pipelines\10.0.2\lib\net8.0\System.IO.Pipelines.dll /reference:"C:\Program Files\dotnet\packs\Microsoft.NETCore.App.Ref\8.0.23\ref\net8.0\System.IO.Pipes.AccessControl.dll" /reference:"C:\Program Files\dotnet\packs\Microsoft.NETCore.App.Ref\8.0.23\ref\net8.0\System.IO.Pipes.dll" /reference:"C:\Program Files\dotnet\packs\Microsoft.NETCore.App.Ref\8.0.23\ref\net8.0\System.IO.UnmanagedMemoryStream.dll" /reference:"C:\Program Files\dotnet\packs\Microsoft.NETCore.App.Ref\8.0.23\ref\net8.0\System.Linq.dll" /reference:"C:\Program Files\dotnet\packs\Microsoft.NETCore.App.Ref\8.0.23\ref\net8.0\System.Linq.Expressions.dll" /reference:"C:\Program Files\dotnet\packs\Microsoft.NETCore.App.Ref\8.0.23\ref\net8.0\System.Linq.Parallel.dll" /reference:"C:\Program Files\dotnet\packs\Microsoft.NETCore.App.Ref\8.0.23\ref\net8.0\System.Linq.Queryable.dll" /reference:C:\Users\ubf0238\.nuget\packages\system.memory.data\8.0.1\lib\net8.0\System.Memory.Data.dll /reference:"C:\Program Files\dotnet\packs\Microsoft.NETCore.App.Ref\8.0.23\ref\net8.0\System.Memory.dll" /reference:"C:\Program Files\dotnet\packs\Microsoft.NETCore.App.Ref\8.0.23\ref\net8.0\System.Net.dll" /reference:"C:\Program Files\dotnet\packs\Microsoft.NETCore.App.Ref\8.0.23\ref\net8.0\System.Net.Http.dll" /reference:"C:\Program Files\dotnet\packs\Microsoft.NETCore.App.Ref\8.0.23\ref\net8.0\System.Net.Http.Json.dll" /reference:"C:\Program Files\dotnet\packs\Microsoft.NETCore.App.Ref\8.0.23\ref\net8.0\System.Net.HttpListener.dll" /reference:"C:\Program Files\dotnet\packs\Microsoft.NETCore.App.Ref\8.0.23\ref\net8.0\System.Net.Mail.dll" /reference:"C:\Program Files\dotnet\packs\Microsoft.NETCore.App.Ref\8.0.23\ref\net8.0\System.Net.NameResolution.dll" /reference:"C:\Program Files\dotnet\packs\Microsoft.NETCore.App.Ref\8.0.23\ref\net8.0\System.Net.NetworkInformation.dll" /reference:"C:\Program Files\dotnet\packs\Microsoft.NETCore.App.Ref\8.0.23\ref\net8.0\System.Net.Ping.dll" /reference:"C:\Program Files\dotnet\packs\Microsoft.NETCore.App.Ref\8.0.23\ref\net8.0\System.Net.Primitives.dll" /reference:"C:\Program Files\dotnet\packs\Microsoft.NETCore.App.Ref\8.0.23\ref\net8.0\System.Net.Quic.dll" /reference:"C:\Program Files\dotnet\packs\Microsoft.NETCore.App.Ref\8.0.23\ref\net8.0\System.Net.Requests.dll" /reference:"C:\Program Files\dotnet\packs\Microsoft.NETCore.App.Ref\8.0.23\ref\net8.0\System.Net.Security.dll" /reference:"C:\Program Files\dotnet\packs\Microsoft.NETCore.App.Ref\8.0.23\ref\net8.0\System.Net.ServicePoint.dll" /reference:"C:\Program Files\dotnet\packs\Microsoft.NETCore.App.Ref\8.0.23\ref\net8.0\System.Net.Sockets.dll" /reference:"C:\Program Files\dotnet\packs\Microsoft.NETCore.App.Ref\8.0.23\ref\net8.0\System.Net.WebClient.dll" /reference:"C:\Program Files\dotnet\packs\Microsoft.NETCore.App.Ref\8.0.23\ref\net8.0\System.Net.WebHeaderCollection.dll" /reference:"C:\Program Files\dotnet\packs\Microsoft.NETCore.App.Ref\8.0.23\ref\net8.0\System.Net.WebProxy.dll" /reference:"C:\Program Files\dotnet\packs\Microsoft.NETCore.App.Ref\8.0.23\ref\net8.0\System.Net.WebSockets.Client.dll" /reference:"C:\Program Files\dotnet\packs\Microsoft.NETCore.App.Ref\8.0.23\ref\net8.0\System.Net.WebSockets.dll" /reference:"C:\Program Files\dotnet\packs\Microsoft.NETCore.App.Ref\8.0.23\ref\net8.0\System.Numerics.dll" /reference:"C:\Program Files\dotnet\packs\Microsoft.NETCore.App.Ref\8.0.23\ref\net8.0\System.Numerics.Vectors.dll" /reference:"C:\Program Files\dotnet\packs\Microsoft.NETCore.App.Ref\8.0.23\ref\net8.0\System.ObjectModel.dll" /reference:"C:\Program Files\dotnet\packs\Microsoft.NETCore.App.Ref\8.0.23\ref\net8.0\System.Reflection.DispatchProxy.dll" /reference:"C:\Program Files\dotnet\packs\Microsoft.NETCore.App.Ref\8.0.23\ref\net8.0\System.Reflection.dll" /reference:"C:\Program Files\dotnet\packs\Microsoft.NETCore.App.Ref\8.0.23\ref\net8.0\System.Reflection.Emit.dll" /reference:"C:\Program Files\dotnet\packs\Microsoft.NETCore.App.Ref\8.0.23\ref\net8.0\System.Reflection.Emit.ILGeneration.dll" /reference:"C:\Program Files\dotnet\packs\Microsoft.NETCore.App.Ref\8.0.23\ref\net8.0\System.Reflection.Emit.Lightweight.dll" /reference:"C:\Program Files\dotnet\packs\Microsoft.NETCore.App.Ref\8.0.23\ref\net8.0\System.Reflection.Extensions.dll" /reference:"C:\Program Files\dotnet\packs\Microsoft.NETCore.App.Ref\8.0.23\ref\net8.0\System.Reflection.Metadata.dll" /reference:"C:\Program Files\dotnet\packs\Microsoft.NETCore.App.Ref\8.0.23\ref\net8.0\System.Reflection.Primitives.dll" /reference:"C:\Program Files\dotnet\packs\Microsoft.NETCore.App.Ref\8.0.23\ref\net8.0\System.Reflection.TypeExtensions.dll" /reference:"C:\Program Files\dotnet\packs\Microsoft.NETCore.App.Ref\8.0.23\ref\net8.0\System.Resources.Reader.dll" /reference:"C:\Program Files\dotnet\packs\Microsoft.NETCore.App.Ref\8.0.23\ref\net8.0\System.Resources.ResourceManager.dll" /reference:"C:\Program Files\dotnet\packs\Microsoft.NETCore.App.Ref\8.0.23\ref\net8.0\System.Resources.Writer.dll" /reference:"C:\Program Files\dotnet\packs\Microsoft.NETCore.App.Ref\8.0.23\ref\net8.0\System.Runtime.CompilerServices.Unsafe.dll" /reference:"C:\Program Files\dotnet\packs\Microsoft.NETCore.App.Ref\8.0.23\ref\net8.0\System.Runtime.CompilerServices.VisualC.dll" /reference:"C:\Program Files\dotnet\packs\Microsoft.NETCore.App.Ref\8.0.23\ref\net8.0\System.Runtime.dll" /reference:"C:\Program Files\dotnet\packs\Microsoft.NETCore.App.Ref\8.0.23\ref\net8.0\System.Runtime.Extensions.dll" /reference:"C:\Program Files\dotnet\packs\Microsoft.NETCore.App.Ref\8.0.23\ref\net8.0\System.Runtime.Handles.dll" /reference:"C:\Program Files\dotnet\packs\Microsoft.NETCore.App.Ref\8.0.23\ref\net8.0\System.Runtime.InteropServices.dll" /reference:"C:\Program Files\dotnet\packs\Microsoft.NETCore.App.Ref\8.0.23\ref\net8.0\System.Runtime.InteropServices.JavaScript.dll" /reference:"C:\Program Files\dotnet\packs\Microsoft.NETCore.App.Ref\8.0.23\ref\net8.0\System.Runtime.InteropServices.RuntimeInformation.dll" /reference:"C:\Program Files\dotnet\packs\Microsoft.NETCore.App.Ref\8.0.23\ref\net8.0\System.Runtime.Intrinsics.dll" /reference:"C:\Program Files\dotnet\packs\Microsoft.NETCore.App.Ref\8.0.23\ref\net8.0\System.Runtime.Loader.dll" /reference:"C:\Program Files\dotnet\packs\Microsoft.NETCore.App.Ref\8.0.23\ref\net8.0\System.Runtime.Numerics.dll" /reference:"C:\Program Files\dotnet\packs\Microsoft.NETCore.App.Ref\8.0.23\ref\net8.0\System.Runtime.Serialization.dll" /reference:"C:\Program Files\dotnet\packs\Microsoft.NETCore.App.Ref\8.0.23\ref\net8.0\System.Runtime.Serialization.Formatters.dll" /reference:"C:\Program Files\dotnet\packs\Microsoft.NETCore.App.Ref\8.0.23\ref\net8.0\System.Runtime.Serialization.Json.dll" /reference:"C:\Program Files\dotnet\packs\Microsoft.NETCore.App.Ref\8.0.23\ref\net8.0\System.Runtime.Serialization.Primitives.dll" /reference:"C:\Program Files\dotnet\packs\Microsoft.NETCore.App.Ref\8.0.23\ref\net8.0\System.Runtime.Serialization.Xml.dll" /reference:"C:\Program Files\dotnet\packs\Microsoft.NETCore.App.Ref\8.0.23\ref\net8.0\System.Security.AccessControl.dll" /reference:"C:\Program Files\dotnet\packs\Microsoft.NETCore.App.Ref\8.0.23\ref\net8.0\System.Security.Claims.dll" /reference:"C:\Program Files\dotnet\packs\Microsoft.NETCore.App.Ref\8.0.23\ref\net8.0\System.Security.Cryptography.Algorithms.dll" /reference:"C:\Program Files\dotnet\packs\Microsoft.NETCore.App.Ref\8.0.23\ref\net8.0\System.Security.Cryptography.Cng.dll" /reference:"C:\Program Files\dotnet\packs\Microsoft.NETCore.App.Ref\8.0.23\ref\net8.0\System.Security.Cryptography.Csp.dll" /reference:"C:\Program Files\dotnet\packs\Microsoft.NETCore.App.Ref\8.0.23\ref\net8.0\System.Security.Cryptography.dll" /reference:"C:\Program Files\dotnet\packs\Microsoft.NETCore.App.Ref\8.0.23\ref\net8.0\System.Security.Cryptography.Encoding.dll" /reference:"C:\Program Files\dotnet\packs\Microsoft.NETCore.App.Ref\8.0.23\ref\net8.0\System.Security.Cryptography.OpenSsl.dll" /reference:"C:\Program Files\dotnet\packs\Microsoft.NETCore.App.Ref\8.0.23\ref\net8.0\System.Security.Cryptography.Primitives.dll" /reference:"C:\Program Files\dotnet\packs\Microsoft.NETCore.App.Ref\8.0.23\ref\net8.0\System.Security.Cryptography.X509Certificates.dll" /reference:"C:\Program Files\dotnet\packs\Microsoft.NETCore.App.Ref\8.0.23\ref\net8.0\System.Security.dll" /reference:"C:\Program Files\dotnet\packs\Microsoft.NETCore.App.Ref\8.0.23\ref\net8.0\System.Security.Principal.dll" /reference:"C:\Program Files\dotnet\packs\Microsoft.NETCore.App.Ref\8.0.23\ref\net8.0\System.Security.Principal.Windows.dll" /reference:"C:\Program Files\dotnet\packs\Microsoft.NETCore.App.Ref\8.0.23\ref\net8.0\System.Security.SecureString.dll" /reference:"C:\Program Files\dotnet\packs\Microsoft.NETCore.App.Ref\8.0.23\ref\net8.0\System.ServiceModel.Web.dll" /reference:"C:\Program Files\dotnet\packs\Microsoft.NETCore.App.Ref\8.0.23\ref\net8.0\System.ServiceProcess.dll" /reference:"C:\Program Files\dotnet\packs\Microsoft.NETCore.App.Ref\8.0.23\ref\net8.0\System.Text.Encoding.CodePages.dll" /reference:"C:\Program Files\dotnet\packs\Microsoft.NETCore.App.Ref\8.0.23\ref\net8.0\System.Text.Encoding.dll" /reference:"C:\Program Files\dotnet\packs\Microsoft.NETCore.App.Ref\8.0.23\ref\net8.0\System.Text.Encoding.Extensions.dll" /reference:C:\Users\ubf0238\.nuget\packages\system.text.encodings.web\10.0.2\lib\net8.0\System.Text.Encodings.Web.dll /reference:C:\Users\ubf0238\.nuget\packages\system.text.json\10.0.2\lib\net8.0\System.Text.Json.dll /reference:"C:\Program Files\dotnet\packs\Microsoft.NETCore.App.Ref\8.0.23\ref\net8.0\System.Text.RegularExpressions.dll" /reference:"C:\Program Files\dotnet\packs\Microsoft.NETCore.App.Ref\8.0.23\ref\net8.0\System.Threading.Channels.dll" /reference:"C:\Program Files\dotnet\packs\Microsoft.NETCore.App.Ref\8.0.23\ref\net8.0\System.Threading.dll" /reference:"C:\Program Files\dotnet\packs\Microsoft.NETCore.App.Ref\8.0.23\ref\net8.0\System.Threading.Overlapped.dll" /reference:"C:\Program Files\dotnet\packs\Microsoft.NETCore.App.Ref\8.0.23\ref\net8.0\System.Threading.Tasks.Dataflow.dll" /reference:"C:\Program Files\dotnet\packs\Microsoft.NETCore.App.Ref\8.0.23\ref\net8.0\System.Threading.Tasks.dll" /reference:"C:\Program Files\dotnet\packs\Microsoft.NETCore.App.Ref\8.0.23\ref\net8.0\System.Threading.Tasks.Extensions.dll" /reference:"C:\Program Files\dotnet\packs\Microsoft.NETCore.App.Ref\8.0.23\ref\net8.0\System.Threading.Tasks.Parallel.dll" /reference:"C:\Program Files\dotnet\packs\Microsoft.NETCore.App.Ref\8.0.23\ref\net8.0\System.Threading.Thread.dll" /reference:"C:\Program Files\dotnet\packs\Microsoft.NETCore.App.Ref\8.0.23\ref\net8.0\System.Threading.ThreadPool.dll" /reference:"C:\Program Files\dotnet\packs\Microsoft.NETCore.App.Ref\8.0.23\ref\net8.0\System.Threading.Timer.dll" /reference:"C:\Program Files\dotnet\packs\Microsoft.NETCore.App.Ref\8.0.23\ref\net8.0\System.Transactions.dll" /reference:"C:\Program Files\dotnet\packs\Microsoft.NETCore.App.Ref\8.0.23\ref\net8.0\System.Transactions.Local.dll" /reference:"C:\Program Files\dotnet\packs\Microsoft.NETCore.App.Ref\8.0.23\ref\net8.0\System.ValueTuple.dll" /reference:"C:\Program Files\dotnet\packs\Microsoft.NETCore.App.Ref\8.0.23\ref\net8.0\System.Web.dll" /reference:"C:\Program Files\dotnet\packs\Microsoft.NETCore.App.Ref\8.0.23\ref\net8.0\System.Web.HttpUtility.dll" /reference:"C:\Program Files\dotnet\packs\Microsoft.NETCore.App.Ref\8.0.23\ref\net8.0\System.Windows.dll" /reference:"C:\Program Files\dotnet\packs\Microsoft.NETCore.App.Ref\8.0.23\ref\net8.0\System.Xml.dll" /reference:"C:\Program Files\dotnet\packs\Microsoft.NETCore.App.Ref\8.0.23\ref\net8.0\System.Xml.Linq.dll" /reference:"C:\Program Files\dotnet\packs\Microsoft.NETCore.App.Ref\8.0.23\ref\net8.0\System.Xml.ReaderWriter.dll" /reference:"C:\Program Files\dotnet\packs\Microsoft.NETCore.App.Ref\8.0.23\ref\net8.0\System.Xml.Serialization.dll" /reference:"C:\Program Files\dotnet\packs\Microsoft.NETCore.App.Ref\8.0.23\ref\net8.0\System.Xml.XDocument.dll" /reference:"C:\Program Files\dotnet\packs\Microsoft.NETCore.App.Ref\8.0.23\ref\net8.0\System.Xml.XmlDocument.dll" /reference:"C:\Program Files\dotnet\packs\Microsoft.NETCore.App.Ref\8.0.23\ref\net8.0\System.Xml.XmlSerializer.dll" /reference:"C:\Program Files\dotnet\packs\Microsoft.NETCore.App.Ref\8.0.23\ref\net8.0\System.Xml.XPath.dll" /reference:"C:\Program Files\dotnet\packs\Microsoft.NETCore.App.Ref\8.0.23\ref\net8.0\System.Xml.XPath.XDocument.dll" /reference:"C:\Program Files\dotnet\packs\Microsoft.NETCore.App.Ref\8.0.23\ref\net8.0\WindowsBase.dll" /debug+ /debug:portable /filealign:512 /optimize- /out:obj\Debug\net8.0\DocumentIA.Core.dll /refout:obj\Debug\net8.0\refint\DocumentIA.Core.dll /target:library /warnaserror- /utf8output /deterministic+ /sourcelink:obj\Debug\net8.0\DocumentIA.Core.sourcelink.json /langversion:12.0 /embed:obj\Debug\net8.0\DocumentIA.Core.GlobalUsings.g.cs /embed:"obj\Debug\net8.0\.NETCoreApp,Version=v8.0.AssemblyAttributes.cs" /embed:obj\Debug\net8.0\DocumentIA.Core.AssemblyInfo.cs /analyzerconfig:obj\Debug\net8.0\DocumentIA.Core.GeneratedMSBuildEditorConfig.editorconfig /analyzerconfig:"C:\Program Files\dotnet\sdk\9.0.310\Sdks\Microsoft.NET.Sdk\analyzers\build\config\analysislevel_8_default.globalconfig" /analyzer:"C:\Program Files\dotnet\sdk\9.0.310\Sdks\Microsoft.NET.Sdk\targets\..\analyzers\Microsoft.CodeAnalysis.CSharp.NetAnalyzers.dll" /analyzer:"C:\Program Files\dotnet\sdk\9.0.310\Sdks\Microsoft.NET.Sdk\targets\..\analyzers\Microsoft.CodeAnalysis.NetAnalyzers.dll" /analyzer:C:\Users\ubf0238\.nuget\packages\microsoft.extensions.logging.abstractions\8.0.3\analyzers\dotnet\roslyn4.4\cs\Microsoft.Extensions.Logging.Generators.dll /analyzer:C:\Users\ubf0238\.nuget\packages\system.clientmodel\1.8.0\analyzers\dotnet\cs\System.ClientModel.SourceGeneration.dll /analyzer:C:\Users\ubf0238\.nuget\packages\system.text.json\10.0.2\analyzers\dotnet\roslyn4.4\cs\System.Text.Json.SourceGeneration.dll /analyzer:"C:\Program Files\dotnet\packs\Microsoft.NETCore.App.Ref\8.0.23\analyzers/dotnet/cs/Microsoft.Interop.ComInterfaceGenerator.dll" /analyzer:"C:\Program Files\dotnet\packs\Microsoft.NETCore.App.Ref\8.0.23\analyzers/dotnet/cs/Microsoft.Interop.JavaScript.JSImportGenerator.dll" /analyzer:"C:\Program Files\dotnet\packs\Microsoft.NETCore.App.Ref\8.0.23\analyzers/dotnet/cs/Microsoft.Interop.LibraryImportGenerator.dll" /analyzer:"C:\Program Files\dotnet\packs\Microsoft.NETCore.App.Ref\8.0.23\analyzers/dotnet/cs/Microsoft.Interop.SourceGeneration.dll" /analyzer:"C:\Program Files\dotnet\packs\Microsoft.NETCore.App.Ref\8.0.23\analyzers/dotnet/cs/System.Text.RegularExpressions.Generator.dll" Class1.cs Configuration\TipologiaConfigLoader.cs Configuration\TipologiaValidationConfig.cs Models\ContratoEntrada.cs Models\ContratoSalida.cs Services\BlobStorageService.cs Services\IBlobStorageService.cs Validation\IValidationRule.cs Validation\Models\ValidationResult.cs Validation\Rules\CatastralReferenceValidator.cs Validation\Rules\DateFormatValidator.cs Validation\Rules\NifValidator.cs Validation\Rules\RangeValidator.cs Validation\Rules\RequiredFieldValidator.cs Validation\ValidationEngine.cs obj\Debug\net8.0\DocumentIA.Core.GlobalUsings.g.cs "obj\Debug\net8.0\.NETCoreApp,Version=v8.0.AssemblyAttributes.cs" obj\Debug\net8.0\DocumentIA.Core.AssemblyInfo.cs /warnaserror+:NU1605,SYSLIB0011
         Ensamblado cargado durante TaskRun (Microsoft.CodeAnalysis.BuildTasks.Csc): System.IO.Pipes, Version=9.0.0.0, Culture=neutral, PublicKeyToken=b03f5f7f11d50a3a(ubicaci├│n: C:\Program Files\dotnet\shared\Microsoft.NETCore.App\9.0.12\System.IO.Pipes.dll, MVID: b6155d69-6cf1-4fd5-b204-cb8ab3385adf, AssemblyLoadContext: Default)
         Ensamblado cargado durante TaskRun (Microsoft.CodeAnalysis.BuildTasks.Csc): System.Security.AccessControl, Version=9.0.0.0, Culture=neutral, PublicKeyToken=b03f5f7f11d50a3a(ubicaci├│n: C:\Program Files\dotnet\shared\Microsoft.NETCore.App\9.0.12\System.Security.AccessControl.dll, MVID: c6d81a9d-7faa-4bf3-ad1b-f910bb484e1d, AssemblyLoadContext: Default)
         Compilador de Microsoft (R) Visual C# versi├│n 4.14.0-3.26064.1 (450493a9)
         Copyright (C) Microsoft Corporation. Todos los derechos reservados.
   2:6>C:\temp\MVP\documento-ia-clasificacion-mvp\src\backend\DocumentIA.Core\Validation\IValidationRule.cs(21,104): warning CS8625: No se puede convertir un literal NULL en un tipo de referencia que no acepta valores NULL. [C:\temp\MVP\documento-ia-clasificacion-mvp\src\backend\DocumentIA.Core\DocumentIA.Core.csproj]
   2:6>C:\temp\MVP\documento-ia-clasificacion-mvp\src\backend\DocumentIA.Core\Configuration\TipologiaConfigLoader.cs(101,103): warning CS8601: Posible asignaci├│n de referencia nula. [C:\temp\MVP\documento-ia-clasificacion-mvp\src\backend\DocumentIA.Core\DocumentIA.Core.csproj]
   2:6>C:\temp\MVP\documento-ia-clasificacion-mvp\src\backend\DocumentIA.Core\Validation\IValidationRule.cs(32,120): warning CS8625: No se puede convertir un literal NULL en un tipo de referencia que no acepta valores NULL. [C:\temp\MVP\documento-ia-clasificacion-mvp\src\backend\DocumentIA.Core\DocumentIA.Core.csproj]
   2:6>C:\temp\MVP\documento-ia-clasificacion-mvp\src\backend\DocumentIA.Core\Validation\IValidationRule.cs(44,110): warning CS8625: No se puede convertir un literal NULL en un tipo de referencia que no acepta valores NULL. [C:\temp\MVP\documento-ia-clasificacion-mvp\src\backend\DocumentIA.Core\DocumentIA.Core.csproj]
   2:6>C:\temp\MVP\documento-ia-clasificacion-mvp\src\backend\DocumentIA.Core\Validation\Rules\CatastralReferenceValidator.cs(18,120): warning CS8625: No se puede convertir un literal NULL en un tipo de referencia que no acepta valores NULL. [C:\temp\MVP\documento-ia-clasificacion-mvp\src\backend\DocumentIA.Core\DocumentIA.Core.csproj]
   2:6>C:\temp\MVP\documento-ia-clasificacion-mvp\src\backend\DocumentIA.Core\Validation\ValidationEngine.cs(26,129): warning CS8625: No se puede convertir un literal NULL en un tipo de referencia que no acepta valores NULL. [C:\temp\MVP\documento-ia-clasificacion-mvp\src\backend\DocumentIA.Core\DocumentIA.Core.csproj]
   2:6>C:\temp\MVP\documento-ia-clasificacion-mvp\src\backend\DocumentIA.Core\Validation\Rules\RangeValidator.cs(22,120): warning CS8625: No se puede convertir un literal NULL en un tipo de referencia que no acepta valores NULL. [C:\temp\MVP\documento-ia-clasificacion-mvp\src\backend\DocumentIA.Core\DocumentIA.Core.csproj]
   2:6>C:\temp\MVP\documento-ia-clasificacion-mvp\src\backend\DocumentIA.Core\Validation\Rules\RequiredFieldValidator.cs(13,120): warning CS8625: No se puede convertir un literal NULL en un tipo de referencia que no acepta valores NULL. [C:\temp\MVP\documento-ia-clasificacion-mvp\src\backend\DocumentIA.Core\DocumentIA.Core.csproj]
   2:6>C:\temp\MVP\documento-ia-clasificacion-mvp\src\backend\DocumentIA.Core\Validation\Rules\NifValidator.cs(17,120): warning CS8625: No se puede convertir un literal NULL en un tipo de referencia que no acepta valores NULL. [C:\temp\MVP\documento-ia-clasificacion-mvp\src\backend\DocumentIA.Core\DocumentIA.Core.csproj]
   2:6>C:\temp\MVP\documento-ia-clasificacion-mvp\src\backend\DocumentIA.Core\Validation\Rules\DateFormatValidator.cs(19,40): warning CS8625: No se puede convertir un literal NULL en un tipo de referencia que no acepta valores NULL. [C:\temp\MVP\documento-ia-clasificacion-mvp\src\backend\DocumentIA.Core\DocumentIA.Core.csproj]
   2:6>C:\temp\MVP\documento-ia-clasificacion-mvp\src\backend\DocumentIA.Core\Validation\Rules\DateFormatValidator.cs(34,120): warning CS8625: No se puede convertir un literal NULL en un tipo de referencia que no acepta valores NULL. [C:\temp\MVP\documento-ia-clasificacion-mvp\src\backend\DocumentIA.Core\DocumentIA.Core.csproj]
   2:6>C:\temp\MVP\documento-ia-clasificacion-mvp\src\backend\DocumentIA.Core\Configuration\TipologiaValidationConfig.cs(24,16): warning CS8618: El elemento propiedad "Name" que no acepta valores NULL debe contener un valor distinto de NULL al salir del constructor. Considere la posibilidad de agregar el modificador "required'"o declarar el propiedad como un valor que acepta valores NULL. [C:\temp\MVP\documento-ia-clasificacion-mvp\src\backend\DocumentIA.Core\DocumentIA.Core.csproj]
   2:6>C:\temp\MVP\documento-ia-clasificacion-mvp\src\backend\DocumentIA.Core\Configuration\TipologiaValidationConfig.cs(24,16): warning CS8618: El elemento propiedad "Type" que no acepta valores NULL debe contener un valor distinto de NULL al salir del constructor. Considere la posibilidad de agregar el modificador "required'"o declarar el propiedad como un valor que acepta valores NULL. [C:\temp\MVP\documento-ia-clasificacion-mvp\src\backend\DocumentIA.Core\DocumentIA.Core.csproj]
   2:6>C:\temp\MVP\documento-ia-clasificacion-mvp\src\backend\DocumentIA.Core\Configuration\TipologiaValidationConfig.cs(36,16): warning CS8618: El elemento propiedad "RuleType" que no acepta valores NULL debe contener un valor distinto de NULL al salir del constructor. Considere la posibilidad de agregar el modificador "required'"o declarar el propiedad como un valor que acepta valores NULL. [C:\temp\MVP\documento-ia-clasificacion-mvp\src\backend\DocumentIA.Core\DocumentIA.Core.csproj]
   2:6>C:\temp\MVP\documento-ia-clasificacion-mvp\src\backend\DocumentIA.Core\Configuration\TipologiaValidationConfig.cs(36,16): warning CS8618: El elemento propiedad "Severity" que no acepta valores NULL debe contener un valor distinto de NULL al salir del constructor. Considere la posibilidad de agregar el modificador "required'"o declarar el propiedad como un valor que acepta valores NULL. [C:\temp\MVP\documento-ia-clasificacion-mvp\src\backend\DocumentIA.Core\DocumentIA.Core.csproj]
   2:6>C:\temp\MVP\documento-ia-clasificacion-mvp\src\backend\DocumentIA.Core\Configuration\TipologiaValidationConfig.cs(11,16): warning CS8618: El elemento propiedad "TipologiaId" que no acepta valores NULL debe contener un valor distinto de NULL al salir del constructor. Considere la posibilidad de agregar el modificador "required'"o declarar el propiedad como un valor que acepta valores NULL. [C:\temp\MVP\documento-ia-clasificacion-mvp\src\backend\DocumentIA.Core\DocumentIA.Core.csproj]
   2:6>C:\temp\MVP\documento-ia-clasificacion-mvp\src\backend\DocumentIA.Core\Configuration\TipologiaValidationConfig.cs(11,16): warning CS8618: El elemento propiedad "TipologiaNombre" que no acepta valores NULL debe contener un valor distinto de NULL al salir del constructor. Considere la posibilidad de agregar el modificador "required'"o declarar el propiedad como un valor que acepta valores NULL. [C:\temp\MVP\documento-ia-clasificacion-mvp\src\backend\DocumentIA.Core\DocumentIA.Core.csproj]
   2:6>C:\temp\MVP\documento-ia-clasificacion-mvp\src\backend\DocumentIA.Core\Configuration\TipologiaValidationConfig.cs(11,16): warning CS8618: El elemento propiedad "Version" que no acepta valores NULL debe contener un valor distinto de NULL al salir del constructor. Considere la posibilidad de agregar el modificador "required'"o declarar el propiedad como un valor que acepta valores NULL. [C:\temp\MVP\documento-ia-clasificacion-mvp\src\backend\DocumentIA.Core\DocumentIA.Core.csproj]
   2:6>C:\temp\MVP\documento-ia-clasificacion-mvp\src\backend\DocumentIA.Core\Validation\Models\ValidationResult.cs(12,16): warning CS8618: El elemento propiedad "Message" que no acepta valores NULL debe contener un valor distinto de NULL al salir del constructor. Considere la posibilidad de agregar el modificador "required'"o declarar el propiedad como un valor que acepta valores NULL. [C:\temp\MVP\documento-ia-clasificacion-mvp\src\backend\DocumentIA.Core\DocumentIA.Core.csproj]
   2:6>C:\temp\MVP\documento-ia-clasificacion-mvp\src\backend\DocumentIA.Core\Validation\Models\ValidationResult.cs(12,16): warning CS8618: El elemento propiedad "FieldName" que no acepta valores NULL debe contener un valor distinto de NULL al salir del constructor. Considere la posibilidad de agregar el modificador "required'"o declarar el propiedad como un valor que acepta valores NULL. [C:\temp\MVP\documento-ia-clasificacion-mvp\src\backend\DocumentIA.Core\DocumentIA.Core.csproj]
   2:6>C:\temp\MVP\documento-ia-clasificacion-mvp\src\backend\DocumentIA.Core\Validation\Models\ValidationResult.cs(12,16): warning CS8618: El elemento propiedad "SuggestionString" que no acepta valores NULL debe contener un valor distinto de NULL al salir del constructor. Considere la posibilidad de agregar el modificador "required'"o declarar el propiedad como un valor que acepta valores NULL. [C:\temp\MVP\documento-ia-clasificacion-mvp\src\backend\DocumentIA.Core\DocumentIA.Core.csproj]
   2:6>C:\temp\MVP\documento-ia-clasificacion-mvp\src\backend\DocumentIA.Core\Configuration\TipologiaConfigLoader.cs(38,20): warning CS8603: Posible tipo de valor devuelto de referencia nulo. [C:\temp\MVP\documento-ia-clasificacion-mvp\src\backend\DocumentIA.Core\DocumentIA.Core.csproj]
   2:6>C:\temp\MVP\documento-ia-clasificacion-mvp\src\backend\DocumentIA.Core\Validation\Rules\CatastralReferenceValidator.cs(25,35): warning CS8602: Desreferencia de una referencia posiblemente NULL. [C:\temp\MVP\documento-ia-clasificacion-mvp\src\backend\DocumentIA.Core\DocumentIA.Core.csproj]
   2:6>C:\temp\MVP\documento-ia-clasificacion-mvp\src\backend\DocumentIA.Core\Validation\Rules\NifValidator.cs(24,31): warning CS8602: Desreferencia de una referencia posiblemente NULL. [C:\temp\MVP\documento-ia-clasificacion-mvp\src\backend\DocumentIA.Core\DocumentIA.Core.csproj]
   2:6>C:\temp\MVP\documento-ia-clasificacion-mvp\src\backend\DocumentIA.Core\Validation\Rules\DateFormatValidator.cs(41,33): warning CS8602: Desreferencia de una referencia posiblemente NULL. [C:\temp\MVP\documento-ia-clasificacion-mvp\src\backend\DocumentIA.Core\DocumentIA.Core.csproj]
   2:6>C:\temp\MVP\documento-ia-clasificacion-mvp\src\backend\DocumentIA.Core\Configuration\TipologiaConfigLoader.cs(109,28): warning CS8603: Posible tipo de valor devuelto de referencia nulo. [C:\temp\MVP\documento-ia-clasificacion-mvp\src\backend\DocumentIA.Core\DocumentIA.Core.csproj]
   2:6>C:\temp\MVP\documento-ia-clasificacion-mvp\src\backend\DocumentIA.Core\Validation\ValidationEngine.cs(35,37): warning CS8600: Se va a convertir un literal nulo o un posible valor nulo en un tipo que no acepta valores NULL [C:\temp\MVP\documento-ia-clasificacion-mvp\src\backend\DocumentIA.Core\DocumentIA.Core.csproj]
   2:6>C:\temp\MVP\documento-ia-clasificacion-mvp\src\backend\DocumentIA.Core\Validation\ValidationEngine.cs(41,59): warning CS8604: Posible argumento de referencia nulo para el par├ímetro "value" en "ValidationResult IValidationRule.Validate(string fieldName, object value, Dictionary<string, object> context = null)". [C:\temp\MVP\documento-ia-clasificacion-mvp\src\backend\DocumentIA.Core\DocumentIA.Core.csproj]
         CompilerServer: server - server processed compilation - DocumentIA.Core (net8.0)
       Ejecuci├│n de la tarea "Csc" terminada.
       Se omiti├│ la tarea "CallTarget" debido a una condici├│n falsa (False); ('$(TargetsTriggeredByCompilation)' != '') se evalu├│ como ('' != '').
   2:6>Compilaci├│n terminada del destino "CoreCompile" en el proyecto "DocumentIA.Core.csproj".
       Se omiti├│ el destino "_TouchLastBuildWithSkipAnalyzers" debido a una condici├│n falsa (False); ('$(_SkipAnalyzers)' == 'true') se evalu├│ como ('' == 'true').
       Se omiti├│ el destino "_TimeStampAfterCompile" debido a una condici├│n falsa (False); ('$(RunPostBuildEvent)'=='OnOutputUpdated' or ('$(RegisterForComInterop)'=='true' and '$(OutputType)'=='library')) se evalu├│ como (''=='OnOutputUpdated' or (''=='true' and 'Library'=='library')).
   2:6>Destino "AfterCompile" en el archivo "C:\Program Files\dotnet\sdk\9.0.310\Microsoft.Common.CurrentVersion.targets" del proyecto "C:\temp\MVP\documento-ia-clasificacion-mvp\src\backend\DocumentIA.Core\DocumentIA.Core.csproj" (el destino "Compile" depende de ├®l):
   2:6>Compilaci├│n terminada del destino "AfterCompile" en el proyecto "DocumentIA.Core.csproj".
       Se omiti├│ el destino "_CreateAppHost" debido a una condici├│n falsa (False); ('$(ComputeNETCoreBuildOutputFiles)' == 'true' and
                            '$(AppHostSourcePath)' != '' and
                            Exists('@(IntermediateAssembly)') and
                            Exists('$(AppHostSourcePath)')) se evalu├│ como ('true' == 'true' and
                            '' != '' and
                            Exists('obj\Debug\net8.0\DocumentIA.Core.dll') and
                            Exists('')).
       Se omiti├│ el destino "_CreateComHost" debido a una condici├│n falsa (False); ('$(ComputeNETCoreBuildOutputFiles)' == 'true' and
                            '$(ComHostIntermediatePath)' != '' and
                            Exists('@(IntermediateAssembly)') and
                            Exists('$(ComHostSourcePath)')) se evalu├│ como ('true' == 'true' and
                            '' != '' and
                            Exists('obj\Debug\net8.0\DocumentIA.Core.dll') and
                            Exists('')).
       Se omiti├│ el destino "_GetIjwHostPaths" debido a una condici├│n falsa (False); ('$(UseIJWHost)' == 'true') se evalu├│ como ('' == 'true').
   2:6>Destino "Compile" en el archivo "C:\Program Files\dotnet\sdk\9.0.310\Microsoft.Common.CurrentVersion.targets" del proyecto "C:\temp\MVP\documento-ia-clasificacion-mvp\src\backend\DocumentIA.Core\DocumentIA.Core.csproj" (el destino "CoreBuild" depende de ├®l):
   2:6>Compilaci├│n terminada del destino "Compile" en el proyecto "DocumentIA.Core.csproj".
       Se omiti├│ el destino "ExportWindowsMDFile" debido a una condici├│n falsa (False); ('$(ExportWinMDFile)' == 'true') se evalu├│ como ('' == 'true').
       Se omiti├│ el destino "UnmanagedUnregistration" debido a una condici├│n falsa (False); ((('$(_AssemblyTimestampBeforeCompile)' != '$(_AssemblyTimestampAfterCompile)' or '$(RegisterForComInterop)' != 'true' or '$(OutputType)' != 'library') or
                           ('$(_AssemblyTimestampBeforeCompile)' == '')) and
                          Exists('@(_UnmanagedRegistrationCache)')) se evalu├│ como ((('' != '' or '' != 'true' or 'Library' != 'library') or
                           ('' == '')) and
                          Exists('obj\DocumentIA.Core.csproj.UnmanagedRegistration.cache')).
       Se omiti├│ el destino "GenerateSerializationAssemblies" debido a una condici├│n falsa (False); ('$(_SGenGenerateSerializationAssembliesConfig)' == 'On' or ('@(WebReferenceUrl)'!='' and '$(_SGenGenerateSerializationAssembliesConfig)' == 'Auto')) se evalu├│ como ('Off' == 'On' or (''!='' and 'Off' == 'Auto')).
   2:6>Destino "_GenerateSatelliteAssemblyInputs" en el archivo "C:\Program Files\dotnet\sdk\9.0.310\Microsoft.Common.CurrentVersion.targets" del proyecto "C:\temp\MVP\documento-ia-clasificacion-mvp\src\backend\DocumentIA.Core\DocumentIA.Core.csproj" (el destino "CreateSatelliteAssemblies" depende de ├®l):
       Se omiti├│ la tarea "MSBuildInternalMessage" debido a una condici├│n falsa (False); ('@(ManifestResourceWithCulture)'!='' and '%(ManifestResourceWithCulture.EmittedForCompatibilityOnly)'=='') se evalu├│ como (''!='' and ''=='').
       Se omiti├│ la tarea "MSBuildInternalMessage" debido a una condici├│n falsa (False); ('@(ManifestNonResxWithCultureOnDisk)'!='' and '%(ManifestNonResxWithCultureOnDisk.EmittedForCompatibilityOnly)'=='') se evalu├│ como (''!='' and ''=='').
   2:6>Compilaci├│n terminada del destino "_GenerateSatelliteAssemblyInputs" en el proyecto "DocumentIA.Core.csproj".
       Se omiti├│ el destino "ComputeIntermediateSatelliteAssemblies" debido a una condici├│n falsa (False); (@(EmbeddedResource->'%(WithCulture)') != '') se evalu├│ como ( != '').
       Se omiti├│ el destino "GenerateSatelliteAssemblies" debido a una condici├│n falsa (False); ('@(_SatelliteAssemblyResourceInputs)' != '' and '$(GenerateSatelliteAssembliesForCore)' != 'true') se evalu├│ como ('' != '' and 'true' != 'true').
       Se omiti├│ el destino "CoreGenerateSatelliteAssemblies" debido a una condici├│n falsa (False); ('@(_SatelliteAssemblyResourceInputs)' != ''  and '$(GenerateSatelliteAssembliesForCore)' == 'true' ) se evalu├│ como ('' != ''  and 'true' == 'true' ).
   2:6>Destino "CreateSatelliteAssemblies" en el archivo "C:\Program Files\dotnet\sdk\9.0.310\Microsoft.Common.CurrentVersion.targets" del proyecto "C:\temp\MVP\documento-ia-clasificacion-mvp\src\backend\DocumentIA.Core\DocumentIA.Core.csproj" (el destino "CoreBuild" depende de ├®l):
   2:6>Compilaci├│n terminada del destino "CreateSatelliteAssemblies" en el proyecto "DocumentIA.Core.csproj".
       Se omiti├│ el destino "GenerateManifests" debido a una condici├│n falsa (False); ('$(GenerateClickOnceManifests)'=='true' or '@(NativeReference)'!='' or '@(ResolvedIsolatedComModules)'!='' or '$(GenerateAppxManifest)' == 'true') se evalu├│ como (''=='true' or ''!='' or ''!='' or '' == 'true').
   2:6>Destino "GetTargetPathWithTargetPlatformMoniker" en el archivo "C:\Program Files\dotnet\sdk\9.0.310\Microsoft.Common.CurrentVersion.targets" del proyecto "C:\temp\MVP\documento-ia-clasificacion-mvp\src\backend\DocumentIA.Core\DocumentIA.Core.csproj" (el destino "GetTargetPath" depende de ├®l):
   2:6>Compilaci├│n terminada del destino "GetTargetPathWithTargetPlatformMoniker" en el proyecto "DocumentIA.Core.csproj".
   2:6>Destino "GetTargetPath" en el archivo "C:\Program Files\dotnet\sdk\9.0.310\Microsoft.Common.CurrentVersion.targets" del proyecto "C:\temp\MVP\documento-ia-clasificacion-mvp\src\backend\DocumentIA.Core\DocumentIA.Core.csproj" (el destino "CoreBuild" depende de ├®l):
   2:6>Compilaci├│n terminada del destino "GetTargetPath" en el proyecto "DocumentIA.Core.csproj".
       Se omiti├│ el destino "ComputeIntermediateSatelliteAssemblies" debido a una condici├│n falsa (False); (@(EmbeddedResource->'%(WithCulture)') != '') se evalu├│ como ( != '').
       Se omiti├│ el destino "_CopyFilesMarkedCopyLocal" debido a una condici├│n falsa (False); ('@(ReferenceCopyLocalPaths)' != '') se evalu├│ como ('' != '').
       Se omiti├│ el destino "AssignTargetPaths". Compilado previamente de forma correcta.
       Se omiti├│ el destino "AssignProjectConfiguration" debido a una condici├│n falsa (False); ('$(CurrentSolutionConfigurationContents)' != '' or '@(ProjectReference)'!='') se evalu├│ como ('' != '' or ''!='').
       Se omiti├│ el destino "_SplitProjectReferencesByFileExistence". Compilado previamente de forma correcta.
       Se omiti├│ el destino "_GetProjectReferenceTargetFrameworkProperties". Compilado previamente de forma correcta.
   2:6>Destino "_PopulateCommonStateForGetCopyToOutputDirectoryItems" en el archivo "C:\Program Files\dotnet\sdk\9.0.310\Microsoft.Common.CurrentVersion.targets" del proyecto "C:\temp\MVP\documento-ia-clasificacion-mvp\src\backend\DocumentIA.Core\DocumentIA.Core.csproj" (el destino "GetCopyToOutputDirectoryItems" depende de ├®l):
   2:6>Compilaci├│n terminada del destino "_PopulateCommonStateForGetCopyToOutputDirectoryItems" en el proyecto "DocumentIA.Core.csproj".
       Se omiti├│ el destino "AddDepsJsonAndRuntimeConfigToCopyItemsForReferencingProjects" debido a una condici├│n falsa (False); ('$(HasRuntimeOutput)' == 'true') se evalu├│ como ('' == 'true').
   2:6>Destino "GetCopyToOutputDirectoryItems" en el archivo "C:\Program Files\dotnet\sdk\9.0.310\Microsoft.Common.CurrentVersion.targets" del proyecto "C:\temp\MVP\documento-ia-clasificacion-mvp\src\backend\DocumentIA.Core\DocumentIA.Core.csproj" (el destino "_CopySourceItemsToOutputDirectory" depende de ├®l):
       Tarea "CallTarget"
       Se omiti├│ el destino "_PopulateCommonStateForGetCopyToOutputDirectoryItems". Compilado previamente de forma correcta.
       Se omiti├│ el destino "_AddOutputPathToGlobalPropertiesToRemove". Compilado previamente de forma correcta.
   2:6>Destino "_GetCopyToOutputDirectoryItemsFromTransitiveProjectReferences" en el archivo "C:\Program Files\dotnet\sdk\9.0.310\Microsoft.Common.CurrentVersion.targets" del proyecto "C:\temp\MVP\documento-ia-clasificacion-mvp\src\backend\DocumentIA.Core\DocumentIA.Core.csproj" (el destino "GetCopyToOutputDirectoryItems" depende de ├®l):
       Se omiti├│ la tarea "MSBuild" debido a una condici├│n falsa (False); ('@(_MSBuildProjectReferenceExistent)' != '' and '$(_GetChildProjectCopyToOutputDirectoryItems)' == 'true' and '%(_MSBuildProjectReferenceExistent.Private)' != 'false' and '$(UseCommonOutputDirectory)' != 'true') se evalu├│ como ('' != '' and 'true' == 'true' and '' != 'false' and 'false' != 'true').
       Tarea "AssignTargetPath"
       Ejecuci├│n de la tarea "AssignTargetPath" terminada.
   2:6>Compilaci├│n terminada del destino "_GetCopyToOutputDirectoryItemsFromTransitiveProjectReferences" en el proyecto "DocumentIA.Core.csproj".
       Ejecuci├│n de la tarea "CallTarget" terminada.
       Tarea "CallTarget"
       Se omiti├│ el destino "AssignTargetPaths". Compilado previamente de forma correcta.
       Se omiti├│ el destino "_PopulateCommonStateForGetCopyToOutputDirectoryItems". Compilado previamente de forma correcta.
       Se omiti├│ el destino "AddDepsJsonAndRuntimeConfigToCopyItemsForReferencingProjects" debido a una condici├│n falsa (False); ('$(HasRuntimeOutput)' == 'true') se evalu├│ como ('' == 'true').
   2:6>Destino "_GetCopyToOutputDirectoryItemsFromThisProject" en el archivo "C:\Program Files\dotnet\sdk\9.0.310\Microsoft.Common.CurrentVersion.targets" del proyecto "C:\temp\MVP\documento-ia-clasificacion-mvp\src\backend\DocumentIA.Core\DocumentIA.Core.csproj" (el destino "GetCopyToOutputDirectoryItems" depende de ├®l):
       Tarea "AssignTargetPath"
       Ejecuci├│n de la tarea "AssignTargetPath" terminada.
   2:6>Compilaci├│n terminada del destino "_GetCopyToOutputDirectoryItemsFromThisProject" en el proyecto "DocumentIA.Core.csproj".
       Ejecuci├│n de la tarea "CallTarget" terminada.
   2:6>Compilaci├│n terminada del destino "GetCopyToOutputDirectoryItems" en el proyecto "DocumentIA.Core.csproj".
       Se omiti├│ el destino "_CopyOutOfDateSourceItemsToOutputDirectory" debido a una condici├│n falsa (False); ( '@(_SourceItemsToCopyToOutputDirectory)' != '' ) se evalu├│ como ( '' != '' ).
       Se omiti├│ el destino "_CopyOutOfDateSourceItemsToOutputDirectoryAlways" debido a una condici├│n falsa (False); ( '@(_SourceItemsToCopyToOutputDirectoryAlways)' != '' ) se evalu├│ como ( '' != '' ).
       Se omiti├│ el destino "_CopyDifferingSourceItemsToOutputDirectory" debido a una condici├│n falsa (False); ( '@(_SourceItemsToCopyToOutputDirectoryIfDifferent)' != '' ) se evalu├│ como ( '' != '' ).
   2:6>Destino "_CopySourceItemsToOutputDirectory" en el archivo "C:\Program Files\dotnet\sdk\9.0.310\Microsoft.Common.CurrentVersion.targets" del proyecto "C:\temp\MVP\documento-ia-clasificacion-mvp\src\backend\DocumentIA.Core\DocumentIA.Core.csproj" (el destino "CopyFilesToOutputDirectory" depende de ├®l):
   2:6>Compilaci├│n terminada del destino "_CopySourceItemsToOutputDirectory" en el proyecto "DocumentIA.Core.csproj".
       Se omiti├│ el destino "_CopyAppConfigFile" debido a una condici├│n falsa (False); ( '@(AppConfigWithTargetPath)' != '' ) se evalu├│ como ( '' != '' ).
       Se omiti├│ el destino "_CopyManifestFiles" debido a una condici├│n falsa (False); ( '$(_DeploymentCopyApplicationManifest)'=='true' or '$(GenerateClickOnceManifests)'=='true' ) se evalu├│ como ( ''=='true' or ''=='true' ).
   2:6>Destino "_CheckForCompileOutputs" en el archivo "C:\Program Files\dotnet\sdk\9.0.310\Microsoft.Common.CurrentVersion.targets" del proyecto "C:\temp\MVP\documento-ia-clasificacion-mvp\src\backend\DocumentIA.Core\DocumentIA.Core.csproj" (el destino "CopyFilesToOutputDirectory" depende de ├®l):
   2:6>Compilaci├│n terminada del destino "_CheckForCompileOutputs" en el proyecto "DocumentIA.Core.csproj".
       Se omiti├│ el destino "_SGenCheckForOutputs" debido a una condici├│n falsa (False); ('$(_SGenGenerateSerializationAssembliesConfig)' == 'On' or ('@(WebReferenceUrl)'!='' and '$(_SGenGenerateSerializationAssembliesConfig)' == 'Auto')) se evalu├│ como ('Off' == 'On' or (''!='' and 'Off' == 'Auto')).
       Se omiti├│ el destino "_DefaultMicrosoftNETPlatformLibrary". Compilado previamente de forma correcta.
       Se omiti├│ el destino "_HandlePackageFileConflicts". Compilado previamente de forma correcta.
       Se omiti├│ el destino "ResolveAssemblyReferences". Compilado previamente de forma correcta.
   2:6>Destino "_ComputeReferenceAssemblies" en el archivo "C:\Program Files\dotnet\sdk\9.0.310\Sdks\Microsoft.NET.Sdk\targets\Microsoft.NET.Sdk.targets" del proyecto "C:\temp\MVP\documento-ia-clasificacion-mvp\src\backend\DocumentIA.Core\DocumentIA.Core.csproj" (el destino "GenerateBuildDependencyFile" depende de ├®l):
   2:6>Compilaci├│n terminada del destino "_ComputeReferenceAssemblies" en el proyecto "DocumentIA.Core.csproj".
   2:6>Destino "_ComputeUserRuntimeAssemblies" en el archivo "C:\Program Files\dotnet\sdk\9.0.310\Sdks\Microsoft.NET.Sdk\targets\Microsoft.NET.Sdk.targets" del proyecto "C:\temp\MVP\documento-ia-clasificacion-mvp\src\backend\DocumentIA.Core\DocumentIA.Core.csproj" (el destino "GenerateBuildDependencyFile" depende de ├®l):
   2:6>Compilaci├│n terminada del destino "_ComputeUserRuntimeAssemblies" en el proyecto "DocumentIA.Core.csproj".
       Se omiti├│ el destino "ResolveRuntimePackAssets" debido a una condici├│n falsa (False); ('@(RuntimePack)' != '') se evalu├│ como ('' != '').
       Se omiti├│ el destino "_ComputePackageReferencePublish". Compilado previamente de forma correcta.
       Se omiti├│ el destino "ComputeDependencyFileCompilerOptions" debido a una condici├│n falsa (False); ('$(PreserveCompilationContext)' == 'true') se evalu├│ como ('' == 'true').
   2:6>Destino "GenerateBuildDependencyFile" en el archivo "C:\Program Files\dotnet\sdk\9.0.310\Sdks\Microsoft.NET.Sdk\targets\Microsoft.NET.Sdk.targets" del proyecto "C:\temp\MVP\documento-ia-clasificacion-mvp\src\backend\DocumentIA.Core\DocumentIA.Core.csproj" (el destino "CopyFilesToOutputDirectory" depende de ├®l):
       Se omitir├í el destino "GenerateBuildDependencyFile" porque todos los archivos de salida est├ín actualizados respecto a los archivos de entrada.
       Archivos de entrada: 
           C:\temp\MVP\documento-ia-clasificacion-mvp\src\backend\DocumentIA.Core\obj\project.assets.json
           C:\temp\MVP\documento-ia-clasificacion-mvp\src\backend\DocumentIA.Core\obj\Debug\net8.0\DocumentIA.Core.assets.cache
           C:\temp\MVP\documento-ia-clasificacion-mvp\src\backend\DocumentIA.Core\obj\DocumentIA.Core.csproj.nuget.g.targets
           C:\Program Files\dotnet\sdk\9.0.310\Current\Microsoft.Common.targets\ImportAfter\Microsoft.TestPlatform.ImportAfter.targets
       Archivos de salida: C:\temp\MVP\documento-ia-clasificacion-mvp\src\backend\DocumentIA.Core\bin\Debug\net8.0\DocumentIA.Core.deps.json
   2:6>Compilaci├│n terminada del destino "GenerateBuildDependencyFile" en el proyecto "DocumentIA.Core.csproj".
       Se omiti├│ el destino "GenerateBuildRuntimeConfigurationFiles" debido a una condici├│n falsa (False); ( '$(GenerateRuntimeConfigurationFiles)' == 'true') se evalu├│ como ( '' == 'true').
       Se omiti├│ el destino "GenerateShimsAssets" debido a una condici├│n falsa (False); ('$(PackAsTool)' == 'true' and $(PackAsToolShimRuntimeIdentifiers) != '' ) se evalu├│ como ('' == 'true' and  != '' ).
   2:6>Destino "CopyFilesToOutputDirectory" en el archivo "C:\Program Files\dotnet\sdk\9.0.310\Microsoft.Common.CurrentVersion.targets" del proyecto "C:\temp\MVP\documento-ia-clasificacion-mvp\src\backend\DocumentIA.Core\DocumentIA.Core.csproj" (el destino "PrepareForRun" depende de ├®l):
       Usando la tarea "Copy" del ensamblado "Microsoft.Build.Tasks.Core, Version=15.1.0.0, Culture=neutral, PublicKeyToken=b03f5f7f11d50a3a".
       Tarea "Copy"
         Copiando el archivo de "C:\temp\MVP\documento-ia-clasificacion-mvp\src\backend\DocumentIA.Core\obj\Debug\net8.0\DocumentIA.Core.dll" en "C:\temp\MVP\documento-ia-clasificacion-mvp\src\backend\DocumentIA.Core\bin\Debug\net8.0\DocumentIA.Core.dll".
       Ejecuci├│n de la tarea "Copy" terminada.
       Usando la tarea "CopyRefAssembly" del ensamblado "C:\Program Files\dotnet\sdk\9.0.310\Roslyn\Microsoft.Build.Tasks.CodeAnalysis.dll".
       Tarea "CopyRefAssembly"
         Ensamblado cargado durante TaskRun (Microsoft.CodeAnalysis.BuildTasks.CopyRefAssembly): Microsoft.Build.Tasks.CodeAnalysis.resources, Version=4.14.14.6401, Culture=es, PublicKeyToken=31bf3856ad364e35(ubicaci├│n: C:\Program Files\dotnet\sdk\9.0.310\Roslyn\es\Microsoft.Build.Tasks.CodeAnalysis.resources.dll, MVID: e69aa4a7-f4ae-4efa-9a9c-6853c8285fcb, AssemblyLoadContext: MSBuild plugin C:\Program Files\dotnet\sdk\9.0.310\Roslyn\Microsoft.Build.Tasks.CodeAnalysis.dll)
         El ensamblado de referencia "C:\temp\MVP\documento-ia-clasificacion-mvp\src\backend\DocumentIA.Core\obj\Debug\net8.0\ref\DocumentIA.Core.dll" ya tiene la informaci├│n m├ís reciente. Se dejar├í como est├í.
       Ejecuci├│n de la tarea "CopyRefAssembly" terminada.
       Tarea "Message"
         DocumentIA.Core -> C:\temp\MVP\documento-ia-clasificacion-mvp\src\backend\DocumentIA.Core\bin\Debug\net8.0\DocumentIA.Core.dll
       Ejecuci├│n de la tarea "Message" terminada.
       Se omiti├│ la tarea "Copy" debido a una condici├│n falsa (False); ('@(AddModules)' != '') se evalu├│ como ('' != '').
       Se omiti├│ la tarea "Copy" debido a una condici├│n falsa (False); ('$(_SGenDllCreated)'=='true') se evalu├│ como ('false'=='true').
       Tarea "Copy"
         Copiando el archivo de "C:\temp\MVP\documento-ia-clasificacion-mvp\src\backend\DocumentIA.Core\obj\Debug\net8.0\DocumentIA.Core.pdb" en "C:\temp\MVP\documento-ia-clasificacion-mvp\src\backend\DocumentIA.Core\bin\Debug\net8.0\DocumentIA.Core.pdb".
       Ejecuci├│n de la tarea "Copy" terminada.
       Se omiti├│ la tarea "Copy" debido a una condici├│n falsa (False); ('$(_DocumentationFileProduced)'=='true' and '$(CopyDocumentationFileToOutputDirectory)'=='true') se evalu├│ como ('false'=='true' and 'true'=='true').
       Se omiti├│ la tarea "Copy" debido a una condici├│n falsa (False); ('@(IntermediateSatelliteAssembliesWithTargetPath)' != '') se evalu├│ como ('' != '').
       Se omiti├│ la tarea "Copy" debido a una condici├│n falsa (False); ('@(ReferenceComWrappersToCopyLocal)' != '' or '@(ResolvedIsolatedComModules)' != '' or '@(_DeploymentLooseManifestFile)' != '' or '@(NativeReferenceFile)' != '' ) se evalu├│ como ('' != '' or '' != '' or '' != '' or '' != '' ).
       Se omiti├│ la tarea "Copy" debido a una condici├│n falsa (False); ('$(SkipCopyWinMDArtifact)' != 'true' and '@(WinMDExpArtifacts)' != '') se evalu├│ como ('' != 'true' and '' != '').
       Se omiti├│ la tarea "Message" debido a una condici├│n falsa (False); ('$(SkipCopyWinMDArtifact)' != 'true' and '$(_WindowsMetadataOutputPath)' != '') se evalu├│ como ('' != 'true' and '' != '').
   2:6>Compilaci├│n terminada del destino "CopyFilesToOutputDirectory" en el proyecto "DocumentIA.Core.csproj".
       Se omiti├│ el destino "_CopyReferenceOnlyAssembliesForBuild" debido a una condici├│n falsa (False); ('$(PreserveCompilationReferences)' == 'true') se evalu├│ como ('' == 'true').
   2:6>Destino "PrepareForRun" en el archivo "C:\Program Files\dotnet\sdk\9.0.310\Microsoft.Common.CurrentVersion.targets" del proyecto "C:\temp\MVP\documento-ia-clasificacion-mvp\src\backend\DocumentIA.Core\DocumentIA.Core.csproj" (el destino "CoreBuild" depende de ├®l):
   2:6>Compilaci├│n terminada del destino "PrepareForRun" en el proyecto "DocumentIA.Core.csproj".
       Se omiti├│ el destino "UnmanagedRegistration" debido a una condici├│n falsa (False); ('$(RegisterForComInterop)'=='true' and '$(OutputType)'=='library') se evalu├│ como (''=='true' and 'Library'=='library').
       Se omiti├│ el destino "_CheckForCompileOutputs". Compilado previamente de forma correcta.
       Se omiti├│ el destino "_SGenCheckForOutputs" debido a una condici├│n falsa (False); ('$(_SGenGenerateSerializationAssembliesConfig)' == 'On' or ('@(WebReferenceUrl)'!='' and '$(_SGenGenerateSerializationAssembliesConfig)' == 'Auto')) se evalu├│ como ('Off' == 'On' or (''!='' and 'Off' == 'Auto')).
   2:6>Destino "_CleanGetCurrentAndPriorFileWrites" en el archivo "C:\Program Files\dotnet\sdk\9.0.310\Microsoft.Common.CurrentVersion.targets" del proyecto "C:\temp\MVP\documento-ia-clasificacion-mvp\src\backend\DocumentIA.Core\DocumentIA.Core.csproj" (el destino "IncrementalClean" depende de ├®l):
       Usando la tarea "ReadLinesFromFile" del ensamblado "Microsoft.Build.Tasks.Core, Version=15.1.0.0, Culture=neutral, PublicKeyToken=b03f5f7f11d50a3a".
       Tarea "ReadLinesFromFile"
       Ejecuci├│n de la tarea "ReadLinesFromFile" terminada.
       Tarea "ConvertToAbsolutePath"
       Ejecuci├│n de la tarea "ConvertToAbsolutePath" terminada.
       Usando la tarea "FindUnderPath" del ensamblado "Microsoft.Build.Tasks.Core, Version=15.1.0.0, Culture=neutral, PublicKeyToken=b03f5f7f11d50a3a".
       Tarea "FindUnderPath"
         La ruta de comparaci├│n es "C:\temp\MVP\documento-ia-clasificacion-mvp\src\backend\DocumentIA.Core".
       Ejecuci├│n de la tarea "FindUnderPath" terminada.
       Tarea "FindUnderPath"
         La ruta de comparaci├│n es "bin\Debug\net8.0\".
       Ejecuci├│n de la tarea "FindUnderPath" terminada.
       Tarea "FindUnderPath"
         La ruta de comparaci├│n es "obj\Debug\net8.0\".
       Ejecuci├│n de la tarea "FindUnderPath" terminada.
       Tarea "RemoveDuplicates"
       Ejecuci├│n de la tarea "RemoveDuplicates" terminada.
   2:6>Compilaci├│n terminada del destino "_CleanGetCurrentAndPriorFileWrites" en el proyecto "DocumentIA.Core.csproj".
   2:6>Destino "IncrementalClean" en el archivo "C:\Program Files\dotnet\sdk\9.0.310\Microsoft.Common.CurrentVersion.targets" del proyecto "C:\temp\MVP\documento-ia-clasificacion-mvp\src\backend\DocumentIA.Core\DocumentIA.Core.csproj" (el destino "CoreBuild" depende de ├®l):
       Tarea "FindUnderPath"
         La ruta de comparaci├│n es "bin\Debug\net8.0\".
       Ejecuci├│n de la tarea "FindUnderPath" terminada.
       Tarea "FindUnderPath"
         La ruta de comparaci├│n es "obj\Debug\net8.0\".
       Ejecuci├│n de la tarea "FindUnderPath" terminada.
       Usando la tarea "Delete" del ensamblado "Microsoft.Build.Tasks.Core, Version=15.1.0.0, Culture=neutral, PublicKeyToken=b03f5f7f11d50a3a".
       Tarea "Delete"
       Ejecuci├│n de la tarea "Delete" terminada.
       Tarea "RemoveDuplicates"
       Ejecuci├│n de la tarea "RemoveDuplicates" terminada.
       Se omiti├│ la tarea "WriteLinesToFile" debido a una condici├│n falsa (False); ('@(_CleanUnfilteredPriorFileWrites)'!='@(_CleanUniqueRemainingFileWritesAfterIncrementalClean)') se evalu├│ como ('C:\temp\MVP\documento-ia-clasificacion-mvp\src\backend\DocumentIA.Functions\bin\output\DocumentIA.Core.deps.json;C:\temp\MVP\documento-ia-clasificacion-mvp\src\backend\DocumentIA.Functions\bin\output\DocumentIA.Core.dll;C:\temp\MVP\documento-ia-clasificacion-mvp\src\backend\DocumentIA.Functions\bin\output\DocumentIA.Core.pdb;...'!='C:\temp\MVP\documento-ia-clasificacion-mvp\src\backend\DocumentIA.Functions\bin\output\DocumentIA.Core.deps.json;C:\temp\MVP\documento-ia-clasificacion-mvp\src\backend\DocumentIA.Functions\bin\output\DocumentIA.Core.dll;C:\temp\MVP\documento-ia-clasificacion-mvp\src\backend\DocumentIA.Functions\bin\output\DocumentIA.Core.pdb;...').
   2:6>Compilaci├│n terminada del destino "IncrementalClean" en el proyecto "DocumentIA.Core.csproj".
       Se omiti├│ el destino "PostBuildEvent" debido a una condici├│n falsa (False); ('$(PostBuildEvent)' != '' and ('$(RunPostBuildEvent)' != 'OnOutputUpdated' or '$(_AssemblyTimestampBeforeCompile)' != '$(_AssemblyTimestampAfterCompile)')) se evalu├│ como ('' != '' and ('' != 'OnOutputUpdated' or '' != '')).
       Se omiti├│ el destino "GenerateBuildDependencyFile". Compilado previamente de forma correcta.
       Se omiti├│ el destino "GenerateBuildRuntimeConfigurationFiles" debido a una condici├│n falsa (False); ( '$(GenerateRuntimeConfigurationFiles)' == 'true') se evalu├│ como ( '' == 'true').
   2:6>Destino "CoreBuild" en el archivo "C:\Program Files\dotnet\sdk\9.0.310\Microsoft.Common.CurrentVersion.targets" del proyecto "C:\temp\MVP\documento-ia-clasificacion-mvp\src\backend\DocumentIA.Core\DocumentIA.Core.csproj" (el destino "Build" depende de ├®l):
   2:6>Compilaci├│n terminada del destino "CoreBuild" en el proyecto "DocumentIA.Core.csproj".
   2:6>Destino "AfterBuild" en el archivo "C:\Program Files\dotnet\sdk\9.0.310\Microsoft.Common.CurrentVersion.targets" del proyecto "C:\temp\MVP\documento-ia-clasificacion-mvp\src\backend\DocumentIA.Core\DocumentIA.Core.csproj" (el destino "Build" depende de ├®l):
   2:6>Compilaci├│n terminada del destino "AfterBuild" en el proyecto "DocumentIA.Core.csproj".
       Se omiti├│ el destino "_CheckBrowserWorkloadNeededButNotAvailable" debido a una condici├│n falsa (False); ('$(RuntimeIdentifier)' == 'browser-wasm' and '$(_BrowserWorkloadDisabled)' != 'true' and '$(WasmNativeWorkloadAvailable)' != 'true') se evalu├│ como ('' == 'browser-wasm' and '' != 'true' and '' != 'true').
       Se omiti├│ el destino "_ErrorWorkloadDisabledForTFMLessThan6" debido a una condici├│n falsa (False); ('$(_BrowserWorkloadNotSupportedForTFM)' == 'true') se evalu├│ como ('' == 'true').
       Se omiti├│ el destino "_ErrorDualWasmThreadPropsOn7" debido a una condici├│n falsa (False); ('$(TargetsNet7)' == 'true' and '$(RuntimeIdentifier)' == 'browser-wasm' and
           '$(BrowserWorkloadDisabled)' != 'true' and '$(WasmEnableThreads)' == 'true' and '$(WasmEnablePerfTrace)' == 'true') se evalu├│ como ('' == 'true' and '' == 'browser-wasm' and
           '' != 'true' and '' == 'true' and '' == 'true').
       Se omiti├│ el destino "_CheckForInvalidConfigurationAndPlatform". Compilado previamente de forma correcta.
       Se omiti├│ el destino "_CheckForInvalidConfigurationAndPlatform". Compilado previamente de forma correcta.
   2:6>Destino "Build" en el archivo "C:\Program Files\dotnet\sdk\9.0.310\Microsoft.Common.CurrentVersion.targets" del proyecto "C:\temp\MVP\documento-ia-clasificacion-mvp\src\backend\DocumentIA.Core\DocumentIA.Core.csproj" (punto de entrada):
   2:6>Compilaci├│n terminada del destino "Build" en el proyecto "DocumentIA.Core.csproj".
       Se omiti├│ el destino "_PackAsBuildAfterTarget" debido a una condici├│n falsa (False); ('$(GeneratePackageOnBuild)' == 'true' AND '$(IsInnerBuild)' != 'true') se evalu├│ como ('false' == 'true' AND '' != 'true').
   2:6>Destino "_CheckContainersPackage" en el archivo "C:\Program Files\dotnet\sdk\9.0.310\Containers\build\Microsoft.NET.Build.Containers.targets" del proyecto "C:\temp\MVP\documento-ia-clasificacion-mvp\src\backend\DocumentIA.Core\DocumentIA.Core.csproj" (punto de entrada):
       Se omiti├│ la tarea "Warning" debido a una condici├│n falsa (False); ($(_ContainerPackageIsPresent)
               and (
                 ($(_SdkCanPublishWeb) and $(_IsWebProject)) or
                 ($(_SdkCanPublishWorker) and $(_IsWorkerProject)) or
                 ($(_SdkCanPublishConsole) and '$(EnableSdkContainerSupport)' == 'true')
               )) se evalu├│ como (false
               and (
                 (True and false) or
                 (True and false) or
                 (True and '' == 'true')
               )).
   2:6>Compilaci├│n terminada del destino "_CheckContainersPackage" en el proyecto "DocumentIA.Core.csproj".
   2:6>Compilaci├│n del proyecto terminada "C:\temp\MVP\documento-ia-clasificacion-mvp\src\backend\DocumentIA.Core\DocumentIA.Core.csproj" (destinos predeterminados).
   1:8>Ejecuci├│n de la tarea "MSBuild" terminada.
       Tarea "MSBuild"
         Quitando propiedades del proyecto "..\DocumentIA.Core\DocumentIA.Core.csproj":
           TargetFramework
           RuntimeIdentifier
           SelfContained
   1:8>El proyecto "C:\temp\MVP\documento-ia-clasificacion-mvp\src\backend\DocumentIA.Tests.Unit\DocumentIA.Tests.Unit.csproj" (1:8) est├í compilando "C:\temp\MVP\documento-ia-clasificacion-mvp\src\backend\DocumentIA.Core\DocumentIA.Core.csproj" (2:7) en el nodo 1 (GetNativeManifest destinos).
   2:7>Destino "GetNativeManifest" en el archivo "C:\Program Files\dotnet\sdk\9.0.310\Microsoft.Common.CurrentVersion.targets" del proyecto "C:\temp\MVP\documento-ia-clasificacion-mvp\src\backend\DocumentIA.Core\DocumentIA.Core.csproj" (punto de entrada):
   2:7>Compilaci├│n terminada del destino "GetNativeManifest" en el proyecto "DocumentIA.Core.csproj".
   2:7>Compilaci├│n del proyecto terminada "C:\temp\MVP\documento-ia-clasificacion-mvp\src\backend\DocumentIA.Core\DocumentIA.Core.csproj" (GetNativeManifest destinos).
   1:8>Ejecuci├│n de la tarea "MSBuild" terminada.
       Se omiti├│ la tarea "MSBuildInternalMessage" debido a una condici├│n falsa (False); ('$(_NonExistentProjectReferenceSeverity)' != '') se evalu├│ como ('' != '').
   1:8>Compilaci├│n terminada del destino "ResolveProjectReferences" en el proyecto "DocumentIA.Tests.Unit.csproj".
       Se omiti├│ el destino "FindInvalidProjectReferences" debido a una condici├│n falsa (False); ('$(FindInvalidProjectReferences)' == 'true') se evalu├│ como ('' == 'true').
       Se omiti├│ el destino "ResolveNativeReferences" debido a una condici├│n falsa (False); ('@(NativeReference)'!='') se evalu├│ como (''!='').
       Se omiti├│ el destino "ResolveProjectReferences". Compilado previamente de forma correcta.
       Se omiti├│ el destino "FindInvalidProjectReferences" debido a una condici├│n falsa (False); ('$(FindInvalidProjectReferences)' == 'true') se evalu├│ como ('' == 'true').
       Se omiti├│ el destino "GetFrameworkPaths". Compilado previamente de forma correcta.
       Se omiti├│ el destino "GetReferenceAssemblyPaths". Compilado previamente de forma correcta.
       Se omiti├│ el destino "PrepareForBuild". Compilado previamente de forma correcta.
       Se omiti├│ el destino "GetInstalledSDKLocations" debido a una condici├│n falsa (False); ('@(SDKReference)' != '') se evalu├│ como ('' != '').
   1:8>Destino "ResolveSDKReferences" en el archivo "C:\Program Files\dotnet\sdk\9.0.310\Microsoft.Common.CurrentVersion.targets" del proyecto "C:\temp\MVP\documento-ia-clasificacion-mvp\src\backend\DocumentIA.Tests.Unit\DocumentIA.Tests.Unit.csproj" (el destino "ResolveAssemblyReferences" depende de ├®l):
       Se omiti├│ la tarea "ResolveSDKReference" debido a una condici├│n falsa (False); ('@(SDKReference)'!='') se evalu├│ como (''!='').
   1:8>Compilaci├│n terminada del destino "ResolveSDKReferences" en el proyecto "DocumentIA.Tests.Unit.csproj".
       Se omiti├│ el destino "ResolveSDKReferences". Compilado previamente de forma correcta.
   1:8>Destino "ExpandSDKReferences" en el archivo "C:\Program Files\dotnet\sdk\9.0.310\Microsoft.Common.CurrentVersion.targets" del proyecto "C:\temp\MVP\documento-ia-clasificacion-mvp\src\backend\DocumentIA.Tests.Unit\DocumentIA.Tests.Unit.csproj" (el destino "ResolveAssemblyReferences" depende de ├®l):
       Se omiti├│ la tarea "GetSDKReferenceFiles" debido a una condici├│n falsa (False); ('@(ResolvedSDKReference)'!='') se evalu├│ como (''!='').
   1:8>Compilaci├│n terminada del destino "ExpandSDKReferences" en el proyecto "DocumentIA.Tests.Unit.csproj".
       Se omiti├│ el destino "ResolvePackageDependenciesForBuild". Compilado previamente de forma correcta.
       Se omiti├│ el destino "GetFrameworkPaths". Compilado previamente de forma correcta.
       Se omiti├│ el destino "GetReferenceAssemblyPaths". Compilado previamente de forma correcta.
       Se omiti├│ el destino "ProcessFrameworkReferences". Compilado previamente de forma correcta.
       Se omiti├│ el destino "ResolvePackageAssets". Compilado previamente de forma correcta.
   1:8>Destino "ResolveFrameworkReferences" en el archivo "C:\Program Files\dotnet\sdk\9.0.310\Sdks\Microsoft.NET.Sdk\targets\Microsoft.NET.Sdk.FrameworkReferenceResolution.targets" del proyecto "C:\temp\MVP\documento-ia-clasificacion-mvp\src\backend\DocumentIA.Tests.Unit\DocumentIA.Tests.Unit.csproj" (el destino "ResolveTargetingPackAssets" depende de ├®l):
       Usando la tarea "GetPackageDirectory" del ensamblado "C:\Program Files\dotnet\sdk\9.0.310\Sdks\Microsoft.NET.Sdk\targets\..\tools\net9.0\Microsoft.NET.Build.Tasks.dll".
       Tarea "GetPackageDirectory"
       Ejecuci├│n de la tarea "GetPackageDirectory" terminada.
       Tarea "GetPackageDirectory"
       Ejecuci├│n de la tarea "GetPackageDirectory" terminada.
       Tarea "GetPackageDirectory"
       Ejecuci├│n de la tarea "GetPackageDirectory" terminada.
       Tarea "GetPackageDirectory"
       Ejecuci├│n de la tarea "GetPackageDirectory" terminada.
       Tarea "GetPackageDirectory"
       Ejecuci├│n de la tarea "GetPackageDirectory" terminada.
       Tarea "GetPackageDirectory"
       Ejecuci├│n de la tarea "GetPackageDirectory" terminada.
       Tarea "GetPackageDirectory"
       Ejecuci├│n de la tarea "GetPackageDirectory" terminada.
       Tarea "GetPackageDirectory"
       Ejecuci├│n de la tarea "GetPackageDirectory" terminada.
       Tarea "GetPackageDirectory"
       Ejecuci├│n de la tarea "GetPackageDirectory" terminada.
       Tarea "GetPackageDirectory"
       Ejecuci├│n de la tarea "GetPackageDirectory" terminada.
       Usando la tarea "ResolveFrameworkReferences" del ensamblado "C:\Program Files\dotnet\sdk\9.0.310\Sdks\Microsoft.NET.Sdk\targets\..\tools\net9.0\Microsoft.NET.Build.Tasks.dll".
       Tarea "ResolveFrameworkReferences"
       Ejecuci├│n de la tarea "ResolveFrameworkReferences" terminada.
   1:8>Compilaci├│n terminada del destino "ResolveFrameworkReferences" en el proyecto "DocumentIA.Tests.Unit.csproj".
   1:8>Destino "ResolveTargetingPackAssets" en el archivo "C:\Program Files\dotnet\sdk\9.0.310\Sdks\Microsoft.NET.Sdk\targets\Microsoft.NET.Sdk.FrameworkReferenceResolution.targets" del proyecto "C:\temp\MVP\documento-ia-clasificacion-mvp\src\backend\DocumentIA.Tests.Unit\DocumentIA.Tests.Unit.csproj" (el destino "_HandlePackageFileConflicts" depende de ├®l):
       Usando la tarea "ResolveTargetingPackAssets" del ensamblado "C:\Program Files\dotnet\sdk\9.0.310\Sdks\Microsoft.NET.Sdk\targets\..\tools\net9.0\Microsoft.NET.Build.Tasks.dll".
       Tarea "ResolveTargetingPackAssets"
       Ejecuci├│n de la tarea "ResolveTargetingPackAssets" terminada.
   1:8>Compilaci├│n terminada del destino "ResolveTargetingPackAssets" en el proyecto "DocumentIA.Tests.Unit.csproj".
   1:8>Destino "ResolveOffByDefaultAnalyzers" en el archivo "C:\Program Files\dotnet\sdk\9.0.310\Sdks\Microsoft.NET.Sdk\targets\Microsoft.NET.Sdk.FrameworkReferenceResolution.targets" del proyecto "C:\temp\MVP\documento-ia-clasificacion-mvp\src\backend\DocumentIA.Tests.Unit\DocumentIA.Tests.Unit.csproj" (el destino "_HandlePackageFileConflicts" depende de ├®l):
   1:8>Compilaci├│n terminada del destino "ResolveOffByDefaultAnalyzers" en el proyecto "DocumentIA.Tests.Unit.csproj".
   1:8>Destino "_HandlePackageFileConflicts" en el archivo "C:\Program Files\dotnet\sdk\9.0.310\Sdks\Microsoft.NET.Sdk\targets\Microsoft.NET.ConflictResolution.targets" del proyecto "C:\temp\MVP\documento-ia-clasificacion-mvp\src\backend\DocumentIA.Tests.Unit\DocumentIA.Tests.Unit.csproj" (el destino "ResolveAssemblyReferences" depende de ├®l):
       Usando la tarea "ResolvePackageFileConflicts" del ensamblado "C:\Program Files\dotnet\sdk\9.0.310\Sdks\Microsoft.NET.Sdk\targets\..\tools\net9.0\Microsoft.NET.Build.Tasks.dll".
       Tarea "ResolvePackageFileConflicts"
         Se encontr├│ un conflicto entre "Reference:C:\Users\ubf0238\.nuget\packages\system.io.pipelines\10.0.2\lib\net9.0\System.IO.Pipelines.dll" y "Reference:C:\Program Files\dotnet\packs\Microsoft.NETCore.App.Ref\9.0.12\ref/net9.0/System.IO.Pipelines.dll". Se elegir├í "Reference:C:\Users\ubf0238\.nuget\packages\system.io.pipelines\10.0.2\lib\net9.0\System.IO.Pipelines.dll" porque AssemblyVersion "10.0.0.0" es mayor que "9.0.0.0".
         Se encontr├│ un conflicto entre "Reference:C:\Users\ubf0238\.nuget\packages\system.text.encodings.web\10.0.2\lib\net9.0\System.Text.Encodings.Web.dll" y "Reference:C:\Program Files\dotnet\packs\Microsoft.NETCore.App.Ref\9.0.12\ref/net9.0/System.Text.Encodings.Web.dll". Se elegir├í "Reference:C:\Users\ubf0238\.nuget\packages\system.text.encodings.web\10.0.2\lib\net9.0\System.Text.Encodings.Web.dll" porque AssemblyVersion "10.0.0.0" es mayor que "9.0.0.0".
         Se encontr├│ un conflicto entre "Reference:C:\Users\ubf0238\.nuget\packages\system.text.json\10.0.2\lib\net9.0\System.Text.Json.dll" y "Reference:C:\Program Files\dotnet\packs\Microsoft.NETCore.App.Ref\9.0.12\ref/net9.0/System.Text.Json.dll". Se elegir├í "Reference:C:\Users\ubf0238\.nuget\packages\system.text.json\10.0.2\lib\net9.0\System.Text.Json.dll" porque AssemblyVersion "10.0.0.0" es mayor que "9.0.0.0".
         Se encontr├│ un conflicto entre "Reference:C:\Users\ubf0238\.nuget\packages\microsoft.testplatform.objectmodel\17.12.0\lib\netcoreapp3.1\Microsoft.TestPlatform.CoreUtilities.dll" y "Reference:C:\Users\ubf0238\.nuget\packages\microsoft.testplatform.testhost\17.12.0\lib\netcoreapp3.1\Microsoft.TestPlatform.CoreUtilities.dll". No se pudo determinar el ganador porque las versiones de archivo y ensamblado son iguales.
         Se encontr├│ un conflicto entre "Reference:C:\Users\ubf0238\.nuget\packages\microsoft.testplatform.objectmodel\17.12.0\lib\netcoreapp3.1\Microsoft.TestPlatform.PlatformAbstractions.dll" y "Reference:C:\Users\ubf0238\.nuget\packages\microsoft.testplatform.testhost\17.12.0\lib\netcoreapp3.1\Microsoft.TestPlatform.PlatformAbstractions.dll". No se pudo determinar el ganador porque las versiones de archivo y ensamblado son iguales.
         Se encontr├│ un conflicto entre "Reference:C:\Users\ubf0238\.nuget\packages\microsoft.testplatform.objectmodel\17.12.0\lib\netcoreapp3.1\Microsoft.VisualStudio.TestPlatform.ObjectModel.dll" y "Reference:C:\Users\ubf0238\.nuget\packages\microsoft.testplatform.testhost\17.12.0\lib\netcoreapp3.1\Microsoft.VisualStudio.TestPlatform.ObjectModel.dll". No se pudo determinar el ganador porque las versiones de archivo y ensamblado son iguales.
         Se encontr├│ un conflicto entre "Analyzer:C:\Users\ubf0238\.nuget\packages\system.text.json\10.0.2\analyzers\dotnet\roslyn4.4\cs\System.Text.Json.SourceGeneration.dll" y "Analyzer:C:\Program Files\dotnet\packs\Microsoft.NETCore.App.Ref\9.0.12\analyzers/dotnet/cs/System.Text.Json.SourceGeneration.dll". Se elegir├í "Analyzer:C:\Users\ubf0238\.nuget\packages\system.text.json\10.0.2\analyzers\dotnet\roslyn4.4\cs\System.Text.Json.SourceGeneration.dll" porque AssemblyVersion "10.0.13.11305" es mayor que "9.0.13.10609".
         Se encontr├│ un conflicto entre "CopyLocal:C:\Users\ubf0238\.nuget\packages\microsoft.testplatform.objectmodel\17.12.0\lib\netcoreapp3.1\Microsoft.TestPlatform.CoreUtilities.dll" y "CopyLocal:C:\Users\ubf0238\.nuget\packages\microsoft.testplatform.testhost\17.12.0\lib\netcoreapp3.1\Microsoft.TestPlatform.CoreUtilities.dll". Se elige "CopyLocal:C:\Users\ubf0238\.nuget\packages\microsoft.testplatform.objectmodel\17.12.0\lib\netcoreapp3.1\Microsoft.TestPlatform.CoreUtilities.dll" arbitrariamente, ya que ambos elementos son una copia local y tienen la misma versi├│n de archivo y de ensamblado.
         Se encontr├│ un conflicto entre "CopyLocal:C:\Users\ubf0238\.nuget\packages\microsoft.testplatform.objectmodel\17.12.0\lib\netcoreapp3.1\Microsoft.TestPlatform.PlatformAbstractions.dll" y "CopyLocal:C:\Users\ubf0238\.nuget\packages\microsoft.testplatform.testhost\17.12.0\lib\netcoreapp3.1\Microsoft.TestPlatform.PlatformAbstractions.dll". Se elige "CopyLocal:C:\Users\ubf0238\.nuget\packages\microsoft.testplatform.objectmodel\17.12.0\lib\netcoreapp3.1\Microsoft.TestPlatform.PlatformAbstractions.dll" arbitrariamente, ya que ambos elementos son una copia local y tienen la misma versi├│n de archivo y de ensamblado.
         Se encontr├│ un conflicto entre "CopyLocal:C:\Users\ubf0238\.nuget\packages\microsoft.testplatform.objectmodel\17.12.0\lib\netcoreapp3.1\Microsoft.VisualStudio.TestPlatform.ObjectModel.dll" y "CopyLocal:C:\Users\ubf0238\.nuget\packages\microsoft.testplatform.testhost\17.12.0\lib\netcoreapp3.1\Microsoft.VisualStudio.TestPlatform.ObjectModel.dll". Se elige "CopyLocal:C:\Users\ubf0238\.nuget\packages\microsoft.testplatform.objectmodel\17.12.0\lib\netcoreapp3.1\Microsoft.VisualStudio.TestPlatform.ObjectModel.dll" arbitrariamente, ya que ambos elementos son una copia local y tienen la misma versi├│n de archivo y de ensamblado.
         Se encontr├│ un conflicto entre "Platform:System.IO.Pipelines.dll" y "CopyLocal:C:\Users\ubf0238\.nuget\packages\system.io.pipelines\10.0.2\lib\net9.0\System.IO.Pipelines.dll". Se elegir├í "CopyLocal:C:\Users\ubf0238\.nuget\packages\system.io.pipelines\10.0.2\lib\net9.0\System.IO.Pipelines.dll" porque AssemblyVersion "10.0.0.0" es mayor que "9.0.0.0".
         Se encontr├│ un conflicto entre "Platform:System.Text.Encodings.Web.dll" y "CopyLocal:C:\Users\ubf0238\.nuget\packages\system.text.encodings.web\10.0.2\lib\net9.0\System.Text.Encodings.Web.dll". Se elegir├í "CopyLocal:C:\Users\ubf0238\.nuget\packages\system.text.encodings.web\10.0.2\lib\net9.0\System.Text.Encodings.Web.dll" porque AssemblyVersion "10.0.0.0" es mayor que "9.0.0.0".
         Se encontr├│ un conflicto entre "Platform:System.Text.Json.dll" y "CopyLocal:C:\Users\ubf0238\.nuget\packages\system.text.json\10.0.2\lib\net9.0\System.Text.Json.dll". Se elegir├í "CopyLocal:C:\Users\ubf0238\.nuget\packages\system.text.json\10.0.2\lib\net9.0\System.Text.Json.dll" porque AssemblyVersion "10.0.0.0" es mayor que "9.0.0.0".
         Se encontr├│ un conflicto entre "Platform:mscorlib.dll" y "Platform:mscorlib.dll". No se pudo determinar el ganador porque las versiones de archivo y ensamblado son iguales.
         Se encontr├│ un conflicto entre "Platform:Microsoft.VisualBasic.dll" y "Platform:Microsoft.VisualBasic.dll". No se pudo determinar el ganador porque las versiones de archivo y ensamblado son iguales.
         Se encontr├│ un conflicto entre "Platform:System.dll" y "Platform:System.dll". No se pudo determinar el ganador porque las versiones de archivo y ensamblado son iguales.
         Se encontr├│ un conflicto entre "Platform:System.ComponentModel.DataAnnotations.dll" y "Platform:System.ComponentModel.DataAnnotations.dll". No se pudo determinar el ganador porque las versiones de archivo y ensamblado son iguales.
         Se encontr├│ un conflicto entre "Platform:System.Configuration.dll" y "Platform:System.Configuration.dll". No se pudo determinar el ganador porque las versiones de archivo y ensamblado son iguales.
         Se encontr├│ un conflicto entre "Platform:System.Core.dll" y "Platform:System.Core.dll". No se pudo determinar el ganador porque las versiones de archivo y ensamblado son iguales.
         Se encontr├│ un conflicto entre "Platform:System.Data.dll" y "Platform:System.Data.dll". No se pudo determinar el ganador porque las versiones de archivo y ensamblado son iguales.
         Se encontr├│ un conflicto entre "Platform:System.Drawing.dll" y "Platform:System.Drawing.dll". No se pudo determinar el ganador porque las versiones de archivo y ensamblado son iguales.
         Se encontr├│ un conflicto entre "Platform:System.IO.Compression.FileSystem.dll" y "Platform:System.IO.Compression.FileSystem.dll". No se pudo determinar el ganador porque las versiones de archivo y ensamblado son iguales.
         Se encontr├│ un conflicto entre "Platform:System.Net.dll" y "Platform:System.Net.dll". No se pudo determinar el ganador porque las versiones de archivo y ensamblado son iguales.
         Se encontr├│ un conflicto entre "Platform:System.Numerics.dll" y "Platform:System.Numerics.dll". No se pudo determinar el ganador porque las versiones de archivo y ensamblado son iguales.
         Se encontr├│ un conflicto entre "Platform:System.Runtime.Serialization.dll" y "Platform:System.Runtime.Serialization.dll". No se pudo determinar el ganador porque las versiones de archivo y ensamblado son iguales.
         Se encontr├│ un conflicto entre "Platform:System.Security.dll" y "Platform:System.Security.dll". No se pudo determinar el ganador porque las versiones de archivo y ensamblado son iguales.
         Se encontr├│ un conflicto entre "Platform:System.ServiceProcess.dll" y "Platform:System.ServiceProcess.dll". No se pudo determinar el ganador porque las versiones de archivo y ensamblado son iguales.
         Se encontr├│ un conflicto entre "Platform:System.ServiceModel.Web.dll" y "Platform:System.ServiceModel.Web.dll". No se pudo determinar el ganador porque las versiones de archivo y ensamblado son iguales.
         Se encontr├│ un conflicto entre "Platform:System.Transactions.dll" y "Platform:System.Transactions.dll". No se pudo determinar el ganador porque las versiones de archivo y ensamblado son iguales.
         Se encontr├│ un conflicto entre "Platform:System.Web.dll" y "Platform:System.Web.dll". No se pudo determinar el ganador porque las versiones de archivo y ensamblado son iguales.
         Se encontr├│ un conflicto entre "Platform:System.Windows.dll" y "Platform:System.Windows.dll". No se pudo determinar el ganador porque las versiones de archivo y ensamblado son iguales.
         Se encontr├│ un conflicto entre "Platform:System.Xml.dll" y "Platform:System.Xml.dll". No se pudo determinar el ganador porque las versiones de archivo y ensamblado son iguales.
         Se encontr├│ un conflicto entre "Platform:System.Xml.Serialization.dll" y "Platform:System.Xml.Serialization.dll". No se pudo determinar el ganador porque las versiones de archivo y ensamblado son iguales.
         Se encontr├│ un conflicto entre "Platform:System.Xml.Linq.dll" y "Platform:System.Xml.Linq.dll". No se pudo determinar el ganador porque las versiones de archivo y ensamblado son iguales.
         Se encontr├│ un conflicto entre "Platform:WindowsBase.dll" y "Platform:WindowsBase.dll". No se pudo determinar el ganador porque las versiones de archivo y ensamblado son iguales.
         Se encontr├│ un conflicto entre "Platform:netstandard.dll" y "Platform:netstandard.dll". No se pudo determinar el ganador porque las versiones de archivo y ensamblado son iguales.
         Se encontr├│ un conflicto entre "Platform:System.Private.CoreLib.dll" y "Platform:System.Private.CoreLib.dll". No se pudo determinar el ganador porque las versiones de archivo y ensamblado son iguales.
         Se encontr├│ un conflicto entre "Platform:System.Private.DataContractSerialization.dll" y "Platform:System.Private.DataContractSerialization.dll". No se pudo determinar el ganador porque las versiones de archivo y ensamblado son iguales.
         Se encontr├│ un conflicto entre "Platform:System.Private.Uri.dll" y "Platform:System.Private.Uri.dll". No se pudo determinar el ganador porque las versiones de archivo y ensamblado son iguales.
         Se encontr├│ un conflicto entre "Platform:System.Private.Xml.dll" y "Platform:System.Private.Xml.dll". No se pudo determinar el ganador porque las versiones de archivo y ensamblado son iguales.
         Se encontr├│ un conflicto entre "Platform:System.Private.Xml.Linq.dll" y "Platform:System.Private.Xml.Linq.dll". No se pudo determinar el ganador porque las versiones de archivo y ensamblado son iguales.
         Se encontr├│ un conflicto entre "Platform:mscordaccore_amd64_amd64_9.0.1225.60609.dll" y "Platform:mscordaccore_amd64_amd64_9.0.1225.60609.dll". No se pudo determinar el ganador porque las versiones de archivo y ensamblado son iguales.
       Ejecuci├│n de la tarea "ResolvePackageFileConflicts" terminada.
   1:8>Compilaci├│n terminada del destino "_HandlePackageFileConflicts" en el proyecto "DocumentIA.Tests.Unit.csproj".
       Se omiti├│ el destino "ResolveTargetingPackAssets". Compilado previamente de forma correcta.
   1:8>Destino "ResolveAssemblyReferences" en el archivo "C:\Program Files\dotnet\sdk\9.0.310\Microsoft.Common.CurrentVersion.targets" del proyecto "C:\temp\MVP\documento-ia-clasificacion-mvp\src\backend\DocumentIA.Tests.Unit\DocumentIA.Tests.Unit.csproj" (el destino "ResolveReferences" depende de ├®l):
       Tarea "ResolveAssemblyReference"
         TargetFrameworkMoniker:
             .NETCoreApp,Version=v9.0
         TargetFrameworkMonikerDisplayName:
             .NET 9.0
         TargetedRuntimeVersion:
             
         Assemblies:
             C:\Users\ubf0238\.nuget\packages\azure.core\1.50.0\lib\net8.0\Azure.Core.dll
                 Private = 'false'
                 HintPath = 'C:\Users\ubf0238\.nuget\packages\azure.core\1.50.0\lib\net8.0\Azure.Core.dll'
             C:\Users\ubf0238\.nuget\packages\azure.storage.blobs\12.27.0\lib\net8.0\Azure.Storage.Blobs.dll
                 Private = 'false'
                 HintPath = 'C:\Users\ubf0238\.nuget\packages\azure.storage.blobs\12.27.0\lib\net8.0\Azure.Storage.Blobs.dll'
             C:\Users\ubf0238\.nuget\packages\azure.storage.common\12.26.0\lib\net8.0\Azure.Storage.Common.dll
                 Private = 'false'
                 HintPath = 'C:\Users\ubf0238\.nuget\packages\azure.storage.common\12.26.0\lib\net8.0\Azure.Storage.Common.dll'
             C:\Users\ubf0238\.nuget\packages\castle.core\5.1.1\lib\net6.0\Castle.Core.dll
                 Private = 'false'
                 HintPath = 'C:\Users\ubf0238\.nuget\packages\castle.core\5.1.1\lib\net6.0\Castle.Core.dll'
             C:\Users\ubf0238\.nuget\packages\fluentassertions\6.12.0\lib\net6.0\FluentAssertions.dll
                 Private = 'false'
                 HintPath = 'C:\Users\ubf0238\.nuget\packages\fluentassertions\6.12.0\lib\net6.0\FluentAssertions.dll'
             C:\Users\ubf0238\.nuget\packages\fluentvalidation\12.1.1\lib\net8.0\FluentValidation.dll
                 Private = 'false'
                 HintPath = 'C:\Users\ubf0238\.nuget\packages\fluentvalidation\12.1.1\lib\net8.0\FluentValidation.dll'
             C:\Users\ubf0238\.nuget\packages\microsoft.bcl.asyncinterfaces\8.0.0\lib\netstandard2.1\Microsoft.Bcl.AsyncInterfaces.dll
                 Private = 'false'
                 HintPath = 'C:\Users\ubf0238\.nuget\packages\microsoft.bcl.asyncinterfaces\8.0.0\lib\netstandard2.1\Microsoft.Bcl.AsyncInterfaces.dll'
             C:\Users\ubf0238\.nuget\packages\microsoft.codecoverage\17.12.0\lib\netcoreapp3.1\Microsoft.VisualStudio.CodeCoverage.Shim.dll
                 Private = 'false'
                 HintPath = 'C:\Users\ubf0238\.nuget\packages\microsoft.codecoverage\17.12.0\lib\netcoreapp3.1\Microsoft.VisualStudio.CodeCoverage.Shim.dll'
             C:\Users\ubf0238\.nuget\packages\microsoft.extensions.configuration.abstractions\8.0.0\lib\net8.0\Microsoft.Extensions.Configuration.Abstractions.dll
                 Private = 'false'
                 HintPath = 'C:\Users\ubf0238\.nuget\packages\microsoft.extensions.configuration.abstractions\8.0.0\lib\net8.0\Microsoft.Extensions.Configuration.Abstractions.dll'
             C:\Users\ubf0238\.nuget\packages\microsoft.extensions.dependencyinjection.abstractions\8.0.2\lib\net8.0\Microsoft.Extensions.DependencyInjection.Abstractions.dll
                 Private = 'false'
                 HintPath = 'C:\Users\ubf0238\.nuget\packages\microsoft.extensions.dependencyinjection.abstractions\8.0.2\lib\net8.0\Microsoft.Extensions.DependencyInjection.Abstractions.dll'
             C:\Users\ubf0238\.nuget\packages\microsoft.extensions.logging.abstractions\8.0.3\lib\net8.0\Microsoft.Extensions.Logging.Abstractions.dll
                 Private = 'false'
                 HintPath = 'C:\Users\ubf0238\.nuget\packages\microsoft.extensions.logging.abstractions\8.0.3\lib\net8.0\Microsoft.Extensions.Logging.Abstractions.dll'
             C:\Users\ubf0238\.nuget\packages\microsoft.extensions.primitives\8.0.0\lib\net8.0\Microsoft.Extensions.Primitives.dll
                 Private = 'false'
                 HintPath = 'C:\Users\ubf0238\.nuget\packages\microsoft.extensions.primitives\8.0.0\lib\net8.0\Microsoft.Extensions.Primitives.dll'
             C:\Users\ubf0238\.nuget\packages\microsoft.testplatform.objectmodel\17.12.0\lib\netcoreapp3.1\Microsoft.TestPlatform.CoreUtilities.dll
                 Private = 'false'
                 HintPath = 'C:\Users\ubf0238\.nuget\packages\microsoft.testplatform.objectmodel\17.12.0\lib\netcoreapp3.1\Microsoft.TestPlatform.CoreUtilities.dll'
             C:\Users\ubf0238\.nuget\packages\microsoft.testplatform.objectmodel\17.12.0\lib\netcoreapp3.1\Microsoft.TestPlatform.PlatformAbstractions.dll
                 Private = 'false'
                 HintPath = 'C:\Users\ubf0238\.nuget\packages\microsoft.testplatform.objectmodel\17.12.0\lib\netcoreapp3.1\Microsoft.TestPlatform.PlatformAbstractions.dll'
             C:\Users\ubf0238\.nuget\packages\microsoft.testplatform.objectmodel\17.12.0\lib\netcoreapp3.1\Microsoft.VisualStudio.TestPlatform.ObjectModel.dll
                 Private = 'false'
                 HintPath = 'C:\Users\ubf0238\.nuget\packages\microsoft.testplatform.objectmodel\17.12.0\lib\netcoreapp3.1\Microsoft.VisualStudio.TestPlatform.ObjectModel.dll'
             C:\Users\ubf0238\.nuget\packages\microsoft.testplatform.testhost\17.12.0\lib\netcoreapp3.1\Microsoft.TestPlatform.CommunicationUtilities.dll
                 Private = 'false'
                 HintPath = 'C:\Users\ubf0238\.nuget\packages\microsoft.testplatform.testhost\17.12.0\lib\netcoreapp3.1\Microsoft.TestPlatform.CommunicationUtilities.dll'
             C:\Users\ubf0238\.nuget\packages\microsoft.testplatform.testhost\17.12.0\lib\netcoreapp3.1\Microsoft.TestPlatform.CoreUtilities.dll
                 Private = 'false'
                 HintPath = 'C:\Users\ubf0238\.nuget\packages\microsoft.testplatform.testhost\17.12.0\lib\netcoreapp3.1\Microsoft.TestPlatform.CoreUtilities.dll'
             C:\Users\ubf0238\.nuget\packages\microsoft.testplatform.testhost\17.12.0\lib\netcoreapp3.1\Microsoft.TestPlatform.CrossPlatEngine.dll
                 Private = 'false'
                 HintPath = 'C:\Users\ubf0238\.nuget\packages\microsoft.testplatform.testhost\17.12.0\lib\netcoreapp3.1\Microsoft.TestPlatform.CrossPlatEngine.dll'
             C:\Users\ubf0238\.nuget\packages\microsoft.testplatform.testhost\17.12.0\lib\netcoreapp3.1\Microsoft.TestPlatform.PlatformAbstractions.dll
                 Private = 'false'
                 HintPath = 'C:\Users\ubf0238\.nuget\packages\microsoft.testplatform.testhost\17.12.0\lib\netcoreapp3.1\Microsoft.TestPlatform.PlatformAbstractions.dll'
             C:\Users\ubf0238\.nuget\packages\microsoft.testplatform.testhost\17.12.0\lib\netcoreapp3.1\Microsoft.TestPlatform.Utilities.dll
                 Private = 'false'
                 HintPath = 'C:\Users\ubf0238\.nuget\packages\microsoft.testplatform.testhost\17.12.0\lib\netcoreapp3.1\Microsoft.TestPlatform.Utilities.dll'
             C:\Users\ubf0238\.nuget\packages\microsoft.testplatform.testhost\17.12.0\lib\netcoreapp3.1\Microsoft.VisualStudio.TestPlatform.Common.dll
                 Private = 'false'
                 HintPath = 'C:\Users\ubf0238\.nuget\packages\microsoft.testplatform.testhost\17.12.0\lib\netcoreapp3.1\Microsoft.VisualStudio.TestPlatform.Common.dll'
             C:\Users\ubf0238\.nuget\packages\microsoft.testplatform.testhost\17.12.0\lib\netcoreapp3.1\Microsoft.VisualStudio.TestPlatform.ObjectModel.dll
                 Private = 'false'
                 HintPath = 'C:\Users\ubf0238\.nuget\packages\microsoft.testplatform.testhost\17.12.0\lib\netcoreapp3.1\Microsoft.VisualStudio.TestPlatform.ObjectModel.dll'
             C:\Users\ubf0238\.nuget\packages\microsoft.testplatform.testhost\17.12.0\lib\netcoreapp3.1\testhost.dll
                 Private = 'false'
                 HintPath = 'C:\Users\ubf0238\.nuget\packages\microsoft.testplatform.testhost\17.12.0\lib\netcoreapp3.1\testhost.dll'
             C:\Users\ubf0238\.nuget\packages\moq\4.20.70\lib\net6.0\Moq.dll
                 Private = 'false'
                 HintPath = 'C:\Users\ubf0238\.nuget\packages\moq\4.20.70\lib\net6.0\Moq.dll'
             C:\Users\ubf0238\.nuget\packages\newtonsoft.json\13.0.1\lib\netstandard2.0\Newtonsoft.Json.dll
                 Private = 'false'
                 HintPath = 'C:\Users\ubf0238\.nuget\packages\newtonsoft.json\13.0.1\lib\netstandard2.0\Newtonsoft.Json.dll'
             C:\Users\ubf0238\.nuget\packages\system.clientmodel\1.8.0\lib\net9.0\System.ClientModel.dll
                 Private = 'false'
                 HintPath = 'C:\Users\ubf0238\.nuget\packages\system.clientmodel\1.8.0\lib\net9.0\System.ClientModel.dll'
             C:\Users\ubf0238\.nuget\packages\system.configuration.configurationmanager\4.4.0\ref\netstandard2.0\System.Configuration.ConfigurationManager.dll
                 Private = 'false'
                 HintPath = 'C:\Users\ubf0238\.nuget\packages\system.configuration.configurationmanager\4.4.0\ref\netstandard2.0\System.Configuration.ConfigurationManager.dll'
             C:\Users\ubf0238\.nuget\packages\system.diagnostics.eventlog\6.0.0\lib\net6.0\System.Diagnostics.EventLog.dll
                 Private = 'false'
                 HintPath = 'C:\Users\ubf0238\.nuget\packages\system.diagnostics.eventlog\6.0.0\lib\net6.0\System.Diagnostics.EventLog.dll'
             C:\Users\ubf0238\.nuget\packages\system.io.hashing\10.0.1\lib\net9.0\System.IO.Hashing.dll
                 Private = 'false'
                 HintPath = 'C:\Users\ubf0238\.nuget\packages\system.io.hashing\10.0.1\lib\net9.0\System.IO.Hashing.dll'
             C:\Users\ubf0238\.nuget\packages\system.io.pipelines\10.0.2\lib\net9.0\System.IO.Pipelines.dll
                 Private = 'false'
                 HintPath = 'C:\Users\ubf0238\.nuget\packages\system.io.pipelines\10.0.2\lib\net9.0\System.IO.Pipelines.dll'
             C:\Users\ubf0238\.nuget\packages\system.memory.data\8.0.1\lib\net8.0\System.Memory.Data.dll
                 Private = 'false'
                 HintPath = 'C:\Users\ubf0238\.nuget\packages\system.memory.data\8.0.1\lib\net8.0\System.Memory.Data.dll'
             C:\Users\ubf0238\.nuget\packages\system.text.encodings.web\10.0.2\lib\net9.0\System.Text.Encodings.Web.dll
                 Private = 'false'
                 HintPath = 'C:\Users\ubf0238\.nuget\packages\system.text.encodings.web\10.0.2\lib\net9.0\System.Text.Encodings.Web.dll'
             C:\Users\ubf0238\.nuget\packages\system.text.json\10.0.2\lib\net9.0\System.Text.Json.dll
                 Private = 'false'
                 HintPath = 'C:\Users\ubf0238\.nuget\packages\system.text.json\10.0.2\lib\net9.0\System.Text.Json.dll'
             C:\Users\ubf0238\.nuget\packages\xunit.abstractions\2.0.3\lib\netstandard2.0\xunit.abstractions.dll
                 Private = 'false'
                 HintPath = 'C:\Users\ubf0238\.nuget\packages\xunit.abstractions\2.0.3\lib\netstandard2.0\xunit.abstractions.dll'
             C:\Users\ubf0238\.nuget\packages\xunit.assert\2.9.2\lib\net6.0\xunit.assert.dll
                 Private = 'false'
                 HintPath = 'C:\Users\ubf0238\.nuget\packages\xunit.assert\2.9.2\lib\net6.0\xunit.assert.dll'
             C:\Users\ubf0238\.nuget\packages\xunit.extensibility.core\2.9.2\lib\netstandard1.1\xunit.core.dll
                 Private = 'false'
                 HintPath = 'C:\Users\ubf0238\.nuget\packages\xunit.extensibility.core\2.9.2\lib\netstandard1.1\xunit.core.dll'
             C:\Users\ubf0238\.nuget\packages\xunit.extensibility.execution\2.9.2\lib\netstandard1.1\xunit.execution.dotnet.dll
                 Private = 'false'
                 HintPath = 'C:\Users\ubf0238\.nuget\packages\xunit.extensibility.execution\2.9.2\lib\netstandard1.1\xunit.execution.dotnet.dll'
             C:\Program Files\dotnet\packs\Microsoft.NETCore.App.Ref\9.0.12\ref/net9.0/Microsoft.CSharp.dll
                 Private = 'false'
             C:\Program Files\dotnet\packs\Microsoft.NETCore.App.Ref\9.0.12\ref/net9.0/Microsoft.VisualBasic.Core.dll
                 Private = 'false'
             C:\Program Files\dotnet\packs\Microsoft.NETCore.App.Ref\9.0.12\ref/net9.0/Microsoft.VisualBasic.dll
                 Private = 'false'
             C:\Program Files\dotnet\packs\Microsoft.NETCore.App.Ref\9.0.12\ref/net9.0/Microsoft.Win32.Primitives.dll
                 Private = 'false'
             C:\Program Files\dotnet\packs\Microsoft.NETCore.App.Ref\9.0.12\ref/net9.0/Microsoft.Win32.Registry.dll
                 Private = 'false'
             C:\Program Files\dotnet\packs\Microsoft.NETCore.App.Ref\9.0.12\ref/net9.0/System.AppContext.dll
                 Private = 'false'
             C:\Program Files\dotnet\packs\Microsoft.NETCore.App.Ref\9.0.12\ref/net9.0/System.Buffers.dll
                 Private = 'false'
             C:\Program Files\dotnet\packs\Microsoft.NETCore.App.Ref\9.0.12\ref/net9.0/System.Collections.Concurrent.dll
                 Private = 'false'
             C:\Program Files\dotnet\packs\Microsoft.NETCore.App.Ref\9.0.12\ref/net9.0/System.Collections.Immutable.dll
                 Private = 'false'
             C:\Program Files\dotnet\packs\Microsoft.NETCore.App.Ref\9.0.12\ref/net9.0/System.Collections.NonGeneric.dll
                 Private = 'false'
             C:\Program Files\dotnet\packs\Microsoft.NETCore.App.Ref\9.0.12\ref/net9.0/System.Collections.Specialized.dll
                 Private = 'false'
             C:\Program Files\dotnet\packs\Microsoft.NETCore.App.Ref\9.0.12\ref/net9.0/System.Collections.dll
                 Private = 'false'
             C:\Program Files\dotnet\packs\Microsoft.NETCore.App.Ref\9.0.12\ref/net9.0/System.ComponentModel.Annotations.dll
                 Private = 'false'
             C:\Program Files\dotnet\packs\Microsoft.NETCore.App.Ref\9.0.12\ref/net9.0/System.ComponentModel.DataAnnotations.dll
                 Private = 'false'
             C:\Program Files\dotnet\packs\Microsoft.NETCore.App.Ref\9.0.12\ref/net9.0/System.ComponentModel.EventBasedAsync.dll
                 Private = 'false'
             C:\Program Files\dotnet\packs\Microsoft.NETCore.App.Ref\9.0.12\ref/net9.0/System.ComponentModel.Primitives.dll
                 Private = 'false'
             C:\Program Files\dotnet\packs\Microsoft.NETCore.App.Ref\9.0.12\ref/net9.0/System.ComponentModel.TypeConverter.dll
                 Private = 'false'
             C:\Program Files\dotnet\packs\Microsoft.NETCore.App.Ref\9.0.12\ref/net9.0/System.ComponentModel.dll
                 Private = 'false'
             C:\Program Files\dotnet\packs\Microsoft.NETCore.App.Ref\9.0.12\ref/net9.0/System.Configuration.dll
                 Private = 'false'
             C:\Program Files\dotnet\packs\Microsoft.NETCore.App.Ref\9.0.12\ref/net9.0/System.Console.dll
                 Private = 'false'
             C:\Program Files\dotnet\packs\Microsoft.NETCore.App.Ref\9.0.12\ref/net9.0/System.Core.dll
                 Private = 'false'
             C:\Program Files\dotnet\packs\Microsoft.NETCore.App.Ref\9.0.12\ref/net9.0/System.Data.Common.dll
                 Private = 'false'
             C:\Program Files\dotnet\packs\Microsoft.NETCore.App.Ref\9.0.12\ref/net9.0/System.Data.DataSetExtensions.dll
                 Private = 'false'
             C:\Program Files\dotnet\packs\Microsoft.NETCore.App.Ref\9.0.12\ref/net9.0/System.Data.dll
                 Private = 'false'
             C:\Program Files\dotnet\packs\Microsoft.NETCore.App.Ref\9.0.12\ref/net9.0/System.Diagnostics.Contracts.dll
                 Private = 'false'
             C:\Program Files\dotnet\packs\Microsoft.NETCore.App.Ref\9.0.12\ref/net9.0/System.Diagnostics.Debug.dll
                 Private = 'false'
             C:\Program Files\dotnet\packs\Microsoft.NETCore.App.Ref\9.0.12\ref/net9.0/System.Diagnostics.DiagnosticSource.dll
                 Private = 'false'
             C:\Program Files\dotnet\packs\Microsoft.NETCore.App.Ref\9.0.12\ref/net9.0/System.Diagnostics.FileVersionInfo.dll
                 Private = 'false'
             C:\Program Files\dotnet\packs\Microsoft.NETCore.App.Ref\9.0.12\ref/net9.0/System.Diagnostics.Process.dll
                 Private = 'false'
             C:\Program Files\dotnet\packs\Microsoft.NETCore.App.Ref\9.0.12\ref/net9.0/System.Diagnostics.StackTrace.dll
                 Private = 'false'
             C:\Program Files\dotnet\packs\Microsoft.NETCore.App.Ref\9.0.12\ref/net9.0/System.Diagnostics.TextWriterTraceListener.dll
                 Private = 'false'
             C:\Program Files\dotnet\packs\Microsoft.NETCore.App.Ref\9.0.12\ref/net9.0/System.Diagnostics.Tools.dll
                 Private = 'false'
             C:\Program Files\dotnet\packs\Microsoft.NETCore.App.Ref\9.0.12\ref/net9.0/System.Diagnostics.TraceSource.dll
                 Private = 'false'
             C:\Program Files\dotnet\packs\Microsoft.NETCore.App.Ref\9.0.12\ref/net9.0/System.Diagnostics.Tracing.dll
                 Private = 'false'
             C:\Program Files\dotnet\packs\Microsoft.NETCore.App.Ref\9.0.12\ref/net9.0/System.Drawing.Primitives.dll
                 Private = 'false'
             C:\Program Files\dotnet\packs\Microsoft.NETCore.App.Ref\9.0.12\ref/net9.0/System.Drawing.dll
                 Private = 'false'
             C:\Program Files\dotnet\packs\Microsoft.NETCore.App.Ref\9.0.12\ref/net9.0/System.Dynamic.Runtime.dll
                 Private = 'false'
             C:\Program Files\dotnet\packs\Microsoft.NETCore.App.Ref\9.0.12\ref/net9.0/System.Formats.Asn1.dll
                 Private = 'false'
             C:\Program Files\dotnet\packs\Microsoft.NETCore.App.Ref\9.0.12\ref/net9.0/System.Formats.Tar.dll
                 Private = 'false'
             C:\Program Files\dotnet\packs\Microsoft.NETCore.App.Ref\9.0.12\ref/net9.0/System.Globalization.Calendars.dll
                 Private = 'false'
             C:\Program Files\dotnet\packs\Microsoft.NETCore.App.Ref\9.0.12\ref/net9.0/System.Globalization.Extensions.dll
                 Private = 'false'
             C:\Program Files\dotnet\packs\Microsoft.NETCore.App.Ref\9.0.12\ref/net9.0/System.Globalization.dll
                 Private = 'false'
             C:\Program Files\dotnet\packs\Microsoft.NETCore.App.Ref\9.0.12\ref/net9.0/System.IO.Compression.Brotli.dll
                 Private = 'false'
             C:\Program Files\dotnet\packs\Microsoft.NETCore.App.Ref\9.0.12\ref/net9.0/System.IO.Compression.FileSystem.dll
                 Private = 'false'
             C:\Program Files\dotnet\packs\Microsoft.NETCore.App.Ref\9.0.12\ref/net9.0/System.IO.Compression.ZipFile.dll
                 Private = 'false'
             C:\Program Files\dotnet\packs\Microsoft.NETCore.App.Ref\9.0.12\ref/net9.0/System.IO.Compression.dll
                 Private = 'false'
             C:\Program Files\dotnet\packs\Microsoft.NETCore.App.Ref\9.0.12\ref/net9.0/System.IO.FileSystem.AccessControl.dll
                 Private = 'false'
             C:\Program Files\dotnet\packs\Microsoft.NETCore.App.Ref\9.0.12\ref/net9.0/System.IO.FileSystem.DriveInfo.dll
                 Private = 'false'
             C:\Program Files\dotnet\packs\Microsoft.NETCore.App.Ref\9.0.12\ref/net9.0/System.IO.FileSystem.Primitives.dll
                 Private = 'false'
             C:\Program Files\dotnet\packs\Microsoft.NETCore.App.Ref\9.0.12\ref/net9.0/System.IO.FileSystem.Watcher.dll
                 Private = 'false'
             C:\Program Files\dotnet\packs\Microsoft.NETCore.App.Ref\9.0.12\ref/net9.0/System.IO.FileSystem.dll
                 Private = 'false'
             C:\Program Files\dotnet\packs\Microsoft.NETCore.App.Ref\9.0.12\ref/net9.0/System.IO.IsolatedStorage.dll
                 Private = 'false'
             C:\Program Files\dotnet\packs\Microsoft.NETCore.App.Ref\9.0.12\ref/net9.0/System.IO.MemoryMappedFiles.dll
                 Private = 'false'
             C:\Program Files\dotnet\packs\Microsoft.NETCore.App.Ref\9.0.12\ref/net9.0/System.IO.Pipes.AccessControl.dll
                 Private = 'false'
             C:\Program Files\dotnet\packs\Microsoft.NETCore.App.Ref\9.0.12\ref/net9.0/System.IO.Pipes.dll
                 Private = 'false'
             C:\Program Files\dotnet\packs\Microsoft.NETCore.App.Ref\9.0.12\ref/net9.0/System.IO.UnmanagedMemoryStream.dll
                 Private = 'false'
             C:\Program Files\dotnet\packs\Microsoft.NETCore.App.Ref\9.0.12\ref/net9.0/System.IO.dll
                 Private = 'false'
             C:\Program Files\dotnet\packs\Microsoft.NETCore.App.Ref\9.0.12\ref/net9.0/System.Linq.Expressions.dll
                 Private = 'false'
             C:\Program Files\dotnet\packs\Microsoft.NETCore.App.Ref\9.0.12\ref/net9.0/System.Linq.Parallel.dll
                 Private = 'false'
             C:\Program Files\dotnet\packs\Microsoft.NETCore.App.Ref\9.0.12\ref/net9.0/System.Linq.Queryable.dll
                 Private = 'false'
             C:\Program Files\dotnet\packs\Microsoft.NETCore.App.Ref\9.0.12\ref/net9.0/System.Linq.dll
                 Private = 'false'
             C:\Program Files\dotnet\packs\Microsoft.NETCore.App.Ref\9.0.12\ref/net9.0/System.Memory.dll
                 Private = 'false'
             C:\Program Files\dotnet\packs\Microsoft.NETCore.App.Ref\9.0.12\ref/net9.0/System.Net.Http.Json.dll
                 Private = 'false'
             C:\Program Files\dotnet\packs\Microsoft.NETCore.App.Ref\9.0.12\ref/net9.0/System.Net.Http.dll
                 Private = 'false'
             C:\Program Files\dotnet\packs\Microsoft.NETCore.App.Ref\9.0.12\ref/net9.0/System.Net.HttpListener.dll
                 Private = 'false'
             C:\Program Files\dotnet\packs\Microsoft.NETCore.App.Ref\9.0.12\ref/net9.0/System.Net.Mail.dll
                 Private = 'false'
             C:\Program Files\dotnet\packs\Microsoft.NETCore.App.Ref\9.0.12\ref/net9.0/System.Net.NameResolution.dll
                 Private = 'false'
             C:\Program Files\dotnet\packs\Microsoft.NETCore.App.Ref\9.0.12\ref/net9.0/System.Net.NetworkInformation.dll
                 Private = 'false'
             C:\Program Files\dotnet\packs\Microsoft.NETCore.App.Ref\9.0.12\ref/net9.0/System.Net.Ping.dll
                 Private = 'false'
             C:\Program Files\dotnet\packs\Microsoft.NETCore.App.Ref\9.0.12\ref/net9.0/System.Net.Primitives.dll
                 Private = 'false'
             C:\Program Files\dotnet\packs\Microsoft.NETCore.App.Ref\9.0.12\ref/net9.0/System.Net.Quic.dll
                 Private = 'false'
             C:\Program Files\dotnet\packs\Microsoft.NETCore.App.Ref\9.0.12\ref/net9.0/System.Net.Requests.dll
                 Private = 'false'
             C:\Program Files\dotnet\packs\Microsoft.NETCore.App.Ref\9.0.12\ref/net9.0/System.Net.Security.dll
                 Private = 'false'
             C:\Program Files\dotnet\packs\Microsoft.NETCore.App.Ref\9.0.12\ref/net9.0/System.Net.ServicePoint.dll
                 Private = 'false'
             C:\Program Files\dotnet\packs\Microsoft.NETCore.App.Ref\9.0.12\ref/net9.0/System.Net.Sockets.dll
                 Private = 'false'
             C:\Program Files\dotnet\packs\Microsoft.NETCore.App.Ref\9.0.12\ref/net9.0/System.Net.WebClient.dll
                 Private = 'false'
             C:\Program Files\dotnet\packs\Microsoft.NETCore.App.Ref\9.0.12\ref/net9.0/System.Net.WebHeaderCollection.dll
                 Private = 'false'
             C:\Program Files\dotnet\packs\Microsoft.NETCore.App.Ref\9.0.12\ref/net9.0/System.Net.WebProxy.dll
                 Private = 'false'
             C:\Program Files\dotnet\packs\Microsoft.NETCore.App.Ref\9.0.12\ref/net9.0/System.Net.WebSockets.Client.dll
                 Private = 'false'
             C:\Program Files\dotnet\packs\Microsoft.NETCore.App.Ref\9.0.12\ref/net9.0/System.Net.WebSockets.dll
                 Private = 'false'
             C:\Program Files\dotnet\packs\Microsoft.NETCore.App.Ref\9.0.12\ref/net9.0/System.Net.dll
                 Private = 'false'
             C:\Program Files\dotnet\packs\Microsoft.NETCore.App.Ref\9.0.12\ref/net9.0/System.Numerics.Vectors.dll
                 Private = 'false'
             C:\Program Files\dotnet\packs\Microsoft.NETCore.App.Ref\9.0.12\ref/net9.0/System.Numerics.dll
                 Private = 'false'
             C:\Program Files\dotnet\packs\Microsoft.NETCore.App.Ref\9.0.12\ref/net9.0/System.ObjectModel.dll
                 Private = 'false'
             C:\Program Files\dotnet\packs\Microsoft.NETCore.App.Ref\9.0.12\ref/net9.0/System.Reflection.DispatchProxy.dll
                 Private = 'false'
             C:\Program Files\dotnet\packs\Microsoft.NETCore.App.Ref\9.0.12\ref/net9.0/System.Reflection.Emit.ILGeneration.dll
                 Private = 'false'
             C:\Program Files\dotnet\packs\Microsoft.NETCore.App.Ref\9.0.12\ref/net9.0/System.Reflection.Emit.Lightweight.dll
                 Private = 'false'
             C:\Program Files\dotnet\packs\Microsoft.NETCore.App.Ref\9.0.12\ref/net9.0/System.Reflection.Emit.dll
                 Private = 'false'
             C:\Program Files\dotnet\packs\Microsoft.NETCore.App.Ref\9.0.12\ref/net9.0/System.Reflection.Extensions.dll
                 Private = 'false'
             C:\Program Files\dotnet\packs\Microsoft.NETCore.App.Ref\9.0.12\ref/net9.0/System.Reflection.Metadata.dll
                 Private = 'false'
             C:\Program Files\dotnet\packs\Microsoft.NETCore.App.Ref\9.0.12\ref/net9.0/System.Reflection.Primitives.dll
                 Private = 'false'
             C:\Program Files\dotnet\packs\Microsoft.NETCore.App.Ref\9.0.12\ref/net9.0/System.Reflection.TypeExtensions.dll
                 Private = 'false'
             C:\Program Files\dotnet\packs\Microsoft.NETCore.App.Ref\9.0.12\ref/net9.0/System.Reflection.dll
                 Private = 'false'
             C:\Program Files\dotnet\packs\Microsoft.NETCore.App.Ref\9.0.12\ref/net9.0/System.Resources.Reader.dll
                 Private = 'false'
             C:\Program Files\dotnet\packs\Microsoft.NETCore.App.Ref\9.0.12\ref/net9.0/System.Resources.ResourceManager.dll
                 Private = 'false'
             C:\Program Files\dotnet\packs\Microsoft.NETCore.App.Ref\9.0.12\ref/net9.0/System.Resources.Writer.dll
                 Private = 'false'
             C:\Program Files\dotnet\packs\Microsoft.NETCore.App.Ref\9.0.12\ref/net9.0/System.Runtime.CompilerServices.Unsafe.dll
                 Private = 'false'
             C:\Program Files\dotnet\packs\Microsoft.NETCore.App.Ref\9.0.12\ref/net9.0/System.Runtime.CompilerServices.VisualC.dll
                 Private = 'false'
             C:\Program Files\dotnet\packs\Microsoft.NETCore.App.Ref\9.0.12\ref/net9.0/System.Runtime.Extensions.dll
                 Private = 'false'
             C:\Program Files\dotnet\packs\Microsoft.NETCore.App.Ref\9.0.12\ref/net9.0/System.Runtime.Handles.dll
                 Private = 'false'
             C:\Program Files\dotnet\packs\Microsoft.NETCore.App.Ref\9.0.12\ref/net9.0/System.Runtime.InteropServices.JavaScript.dll
                 Private = 'false'
             C:\Program Files\dotnet\packs\Microsoft.NETCore.App.Ref\9.0.12\ref/net9.0/System.Runtime.InteropServices.RuntimeInformation.dll
                 Private = 'false'
             C:\Program Files\dotnet\packs\Microsoft.NETCore.App.Ref\9.0.12\ref/net9.0/System.Runtime.InteropServices.dll
                 Private = 'false'
             C:\Program Files\dotnet\packs\Microsoft.NETCore.App.Ref\9.0.12\ref/net9.0/System.Runtime.Intrinsics.dll
                 Private = 'false'
             C:\Program Files\dotnet\packs\Microsoft.NETCore.App.Ref\9.0.12\ref/net9.0/System.Runtime.Loader.dll
                 Private = 'false'
             C:\Program Files\dotnet\packs\Microsoft.NETCore.App.Ref\9.0.12\ref/net9.0/System.Runtime.Numerics.dll
                 Private = 'false'
             C:\Program Files\dotnet\packs\Microsoft.NETCore.App.Ref\9.0.12\ref/net9.0/System.Runtime.Serialization.Formatters.dll
                 Private = 'false'
             C:\Program Files\dotnet\packs\Microsoft.NETCore.App.Ref\9.0.12\ref/net9.0/System.Runtime.Serialization.Json.dll
                 Private = 'false'
             C:\Program Files\dotnet\packs\Microsoft.NETCore.App.Ref\9.0.12\ref/net9.0/System.Runtime.Serialization.Primitives.dll
                 Private = 'false'
             C:\Program Files\dotnet\packs\Microsoft.NETCore.App.Ref\9.0.12\ref/net9.0/System.Runtime.Serialization.Xml.dll
                 Private = 'false'
             C:\Program Files\dotnet\packs\Microsoft.NETCore.App.Ref\9.0.12\ref/net9.0/System.Runtime.Serialization.dll
                 Private = 'false'
             C:\Program Files\dotnet\packs\Microsoft.NETCore.App.Ref\9.0.12\ref/net9.0/System.Runtime.dll
                 Private = 'false'
             C:\Program Files\dotnet\packs\Microsoft.NETCore.App.Ref\9.0.12\ref/net9.0/System.Security.AccessControl.dll
                 Private = 'false'
             C:\Program Files\dotnet\packs\Microsoft.NETCore.App.Ref\9.0.12\ref/net9.0/System.Security.Claims.dll
                 Private = 'false'
             C:\Program Files\dotnet\packs\Microsoft.NETCore.App.Ref\9.0.12\ref/net9.0/System.Security.Cryptography.Algorithms.dll
                 Private = 'false'
             C:\Program Files\dotnet\packs\Microsoft.NETCore.App.Ref\9.0.12\ref/net9.0/System.Security.Cryptography.Cng.dll
                 Private = 'false'
             C:\Program Files\dotnet\packs\Microsoft.NETCore.App.Ref\9.0.12\ref/net9.0/System.Security.Cryptography.Csp.dll
                 Private = 'false'
             C:\Program Files\dotnet\packs\Microsoft.NETCore.App.Ref\9.0.12\ref/net9.0/System.Security.Cryptography.Encoding.dll
                 Private = 'false'
             C:\Program Files\dotnet\packs\Microsoft.NETCore.App.Ref\9.0.12\ref/net9.0/System.Security.Cryptography.OpenSsl.dll
                 Private = 'false'
             C:\Program Files\dotnet\packs\Microsoft.NETCore.App.Ref\9.0.12\ref/net9.0/System.Security.Cryptography.Primitives.dll
                 Private = 'false'
             C:\Program Files\dotnet\packs\Microsoft.NETCore.App.Ref\9.0.12\ref/net9.0/System.Security.Cryptography.X509Certificates.dll
                 Private = 'false'
             C:\Program Files\dotnet\packs\Microsoft.NETCore.App.Ref\9.0.12\ref/net9.0/System.Security.Cryptography.dll
                 Private = 'false'
             C:\Program Files\dotnet\packs\Microsoft.NETCore.App.Ref\9.0.12\ref/net9.0/System.Security.Principal.Windows.dll
                 Private = 'false'
             C:\Program Files\dotnet\packs\Microsoft.NETCore.App.Ref\9.0.12\ref/net9.0/System.Security.Principal.dll
                 Private = 'false'
             C:\Program Files\dotnet\packs\Microsoft.NETCore.App.Ref\9.0.12\ref/net9.0/System.Security.SecureString.dll
                 Private = 'false'
             C:\Program Files\dotnet\packs\Microsoft.NETCore.App.Ref\9.0.12\ref/net9.0/System.Security.dll
                 Private = 'false'
             C:\Program Files\dotnet\packs\Microsoft.NETCore.App.Ref\9.0.12\ref/net9.0/System.ServiceModel.Web.dll
                 Private = 'false'
             C:\Program Files\dotnet\packs\Microsoft.NETCore.App.Ref\9.0.12\ref/net9.0/System.ServiceProcess.dll
                 Private = 'false'
             C:\Program Files\dotnet\packs\Microsoft.NETCore.App.Ref\9.0.12\ref/net9.0/System.Text.Encoding.CodePages.dll
                 Private = 'false'
             C:\Program Files\dotnet\packs\Microsoft.NETCore.App.Ref\9.0.12\ref/net9.0/System.Text.Encoding.Extensions.dll
                 Private = 'false'
             C:\Program Files\dotnet\packs\Microsoft.NETCore.App.Ref\9.0.12\ref/net9.0/System.Text.Encoding.dll
                 Private = 'false'
             C:\Program Files\dotnet\packs\Microsoft.NETCore.App.Ref\9.0.12\ref/net9.0/System.Text.RegularExpressions.dll
                 Private = 'false'
             C:\Program Files\dotnet\packs\Microsoft.NETCore.App.Ref\9.0.12\ref/net9.0/System.Threading.Channels.dll
                 Private = 'false'
             C:\Program Files\dotnet\packs\Microsoft.NETCore.App.Ref\9.0.12\ref/net9.0/System.Threading.Overlapped.dll
                 Private = 'false'
             C:\Program Files\dotnet\packs\Microsoft.NETCore.App.Ref\9.0.12\ref/net9.0/System.Threading.Tasks.Dataflow.dll
                 Private = 'false'
             C:\Program Files\dotnet\packs\Microsoft.NETCore.App.Ref\9.0.12\ref/net9.0/System.Threading.Tasks.Extensions.dll
                 Private = 'false'
             C:\Program Files\dotnet\packs\Microsoft.NETCore.App.Ref\9.0.12\ref/net9.0/System.Threading.Tasks.Parallel.dll
                 Private = 'false'
             C:\Program Files\dotnet\packs\Microsoft.NETCore.App.Ref\9.0.12\ref/net9.0/System.Threading.Tasks.dll
                 Private = 'false'
             C:\Program Files\dotnet\packs\Microsoft.NETCore.App.Ref\9.0.12\ref/net9.0/System.Threading.Thread.dll
                 Private = 'false'
             C:\Program Files\dotnet\packs\Microsoft.NETCore.App.Ref\9.0.12\ref/net9.0/System.Threading.ThreadPool.dll
                 Private = 'false'
             C:\Program Files\dotnet\packs\Microsoft.NETCore.App.Ref\9.0.12\ref/net9.0/System.Threading.Timer.dll
                 Private = 'false'
             C:\Program Files\dotnet\packs\Microsoft.NETCore.App.Ref\9.0.12\ref/net9.0/System.Threading.dll
                 Private = 'false'
             C:\Program Files\dotnet\packs\Microsoft.NETCore.App.Ref\9.0.12\ref/net9.0/System.Transactions.Local.dll
                 Private = 'false'
             C:\Program Files\dotnet\packs\Microsoft.NETCore.App.Ref\9.0.12\ref/net9.0/System.Transactions.dll
                 Private = 'false'
             C:\Program Files\dotnet\packs\Microsoft.NETCore.App.Ref\9.0.12\ref/net9.0/System.ValueTuple.dll
                 Private = 'false'
             C:\Program Files\dotnet\packs\Microsoft.NETCore.App.Ref\9.0.12\ref/net9.0/System.Web.HttpUtility.dll
                 Private = 'false'
             C:\Program Files\dotnet\packs\Microsoft.NETCore.App.Ref\9.0.12\ref/net9.0/System.Web.dll
                 Private = 'false'
             C:\Program Files\dotnet\packs\Microsoft.NETCore.App.Ref\9.0.12\ref/net9.0/System.Windows.dll
                 Private = 'false'
             C:\Program Files\dotnet\packs\Microsoft.NETCore.App.Ref\9.0.12\ref/net9.0/System.Xml.Linq.dll
                 Private = 'false'
             C:\Program Files\dotnet\packs\Microsoft.NETCore.App.Ref\9.0.12\ref/net9.0/System.Xml.ReaderWriter.dll
                 Private = 'false'
             C:\Program Files\dotnet\packs\Microsoft.NETCore.App.Ref\9.0.12\ref/net9.0/System.Xml.Serialization.dll
                 Private = 'false'
             C:\Program Files\dotnet\packs\Microsoft.NETCore.App.Ref\9.0.12\ref/net9.0/System.Xml.XDocument.dll
                 Private = 'false'
             C:\Program Files\dotnet\packs\Microsoft.NETCore.App.Ref\9.0.12\ref/net9.0/System.Xml.XPath.XDocument.dll
                 Private = 'false'
             C:\Program Files\dotnet\packs\Microsoft.NETCore.App.Ref\9.0.12\ref/net9.0/System.Xml.XPath.dll
                 Private = 'false'
             C:\Program Files\dotnet\packs\Microsoft.NETCore.App.Ref\9.0.12\ref/net9.0/System.Xml.XmlDocument.dll
                 Private = 'false'
             C:\Program Files\dotnet\packs\Microsoft.NETCore.App.Ref\9.0.12\ref/net9.0/System.Xml.XmlSerializer.dll
                 Private = 'false'
             C:\Program Files\dotnet\packs\Microsoft.NETCore.App.Ref\9.0.12\ref/net9.0/System.Xml.dll
                 Private = 'false'
             C:\Program Files\dotnet\packs\Microsoft.NETCore.App.Ref\9.0.12\ref/net9.0/System.dll
                 Private = 'false'
             C:\Program Files\dotnet\packs\Microsoft.NETCore.App.Ref\9.0.12\ref/net9.0/WindowsBase.dll
                 Private = 'false'
             C:\Program Files\dotnet\packs\Microsoft.NETCore.App.Ref\9.0.12\ref/net9.0/mscorlib.dll
                 Private = 'false'
             C:\Program Files\dotnet\packs\Microsoft.NETCore.App.Ref\9.0.12\ref/net9.0/netstandard.dll
                 Private = 'false'
         AssemblyFiles:
             C:\temp\MVP\documento-ia-clasificacion-mvp\src\backend\DocumentIA.Core\bin\Debug\net8.0\DocumentIA.Core.dll
         CandidateAssemblyFiles:
             C:\Users\ubf0238\.nuget\packages\microsoft.testplatform.testhost\17.12.0\build\netcoreapp3.1\x64\testhost.exe
             C:\Users\ubf0238\.nuget\packages\microsoft.testplatform.testhost\17.12.0\build\netcoreapp3.1\x64\testhost.dll
             C:\Users\ubf0238\.nuget\packages\xunit.runner.visualstudio\2.8.2\build\net6.0\xunit.runner.visualstudio.testadapter.dll
             C:\Users\ubf0238\.nuget\packages\xunit.runner.visualstudio\2.8.2\build\net6.0\xunit.runner.reporters.netcoreapp10.dll
             C:\Users\ubf0238\.nuget\packages\xunit.runner.visualstudio\2.8.2\build\net6.0\xunit.runner.utility.netcoreapp10.dll
         TargetFrameworkDirectories:
             
         NonCultureResourceDirectories:
             
         InstalledAssemblyTables:
         IgnoreInstalledAssemblyTable:
             False
         SearchPaths:
             {CandidateAssemblyFiles}
             {HintPathFromItem}
             {TargetFrameworkDirectory}
             {RawFileName}
         AllowedAssemblyExtensions:
             .winmd
             .dll
             .exe
         AllowedRelatedFileExtensions:
             .pdb
             .xml
             .pri
             .dll.config
             .exe.config
         AppConfigFile:
             
         AutoUnify:
             True
         EnableCustomCulture:
             False
         CopyLocalDependenciesWhenParentReferenceInGac:
             True
         FindDependencies:
             True
         TargetProcessorArchitecture:
             msil
         StateFile:
             obj\Debug\net9.0\DocumentIA.Tests.Unit.csproj.AssemblyReference.cache
         InstalledAssemblySubsetTables:
         IgnoreInstalledAssemblySubsetTable:
             False
         TargetFrameworkSubsets:
         FullTargetFrameworkSubsetNames:
             Full
         ProfileName:
             
         FullFrameworkFolders:
         LatestTargetFrameworkDirectories:
         ProfileTablesLocation:
         Referencia principal "DocumentIA.Core, Version=1.0.0.0, Culture=neutral, PublicKeyToken=null".
             La ruta de acceso del archivo resuelta es "C:\temp\MVP\documento-ia-clasificacion-mvp\src\backend\DocumentIA.Core\bin\Debug\net8.0\DocumentIA.Core.dll".
             Se encontr├│ una referencia en la ubicaci├│n de ruta de acceso de b├║squeda "C:\temp\MVP\documento-ia-clasificacion-mvp\src\backend\DocumentIA.Core\bin\Debug\net8.0\DocumentIA.Core.dll".
             Se encontr├│ el archivo "C:\temp\MVP\documento-ia-clasificacion-mvp\src\backend\DocumentIA.Core\bin\Debug\net8.0\DocumentIA.Core.pdb" relacionado.
         Referencia principal "Azure.Core, Version=1.50.0.0, Culture=neutral, PublicKeyToken=92742159e12e44c8".
             La ruta de acceso del archivo resuelta es "C:\Users\ubf0238\.nuget\packages\azure.core\1.50.0\lib\net8.0\Azure.Core.dll".
             Se encontr├│ una referencia en la ubicaci├│n de ruta de acceso de b├║squeda "{HintPathFromItem}".
             Esta referencia no es "CopyLocal" porque existe al menos un elemento de origen con "Private" establecido en "false" y ning├║n elemento de origen con "Private" establecido en "true".
         Referencia principal "Azure.Storage.Blobs, Version=12.27.0.0, Culture=neutral, PublicKeyToken=92742159e12e44c8".
             La ruta de acceso del archivo resuelta es "C:\Users\ubf0238\.nuget\packages\azure.storage.blobs\12.27.0\lib\net8.0\Azure.Storage.Blobs.dll".
             Se encontr├│ una referencia en la ubicaci├│n de ruta de acceso de b├║squeda "{HintPathFromItem}".
             Esta referencia no es "CopyLocal" porque existe al menos un elemento de origen con "Private" establecido en "false" y ning├║n elemento de origen con "Private" establecido en "true".
         Referencia principal "Azure.Storage.Common, Version=12.26.0.0, Culture=neutral, PublicKeyToken=92742159e12e44c8".
             La ruta de acceso del archivo resuelta es "C:\Users\ubf0238\.nuget\packages\azure.storage.common\12.26.0\lib\net8.0\Azure.Storage.Common.dll".
             Se encontr├│ una referencia en la ubicaci├│n de ruta de acceso de b├║squeda "{HintPathFromItem}".
             Esta referencia no es "CopyLocal" porque existe al menos un elemento de origen con "Private" establecido en "false" y ning├║n elemento de origen con "Private" establecido en "true".
         Referencia principal "Castle.Core, Version=5.0.0.0, Culture=neutral, PublicKeyToken=407dd0808d44fbdc".
             La ruta de acceso del archivo resuelta es "C:\Users\ubf0238\.nuget\packages\castle.core\5.1.1\lib\net6.0\Castle.Core.dll".
             Se encontr├│ una referencia en la ubicaci├│n de ruta de acceso de b├║squeda "{HintPathFromItem}".
             Esta referencia no es "CopyLocal" porque existe al menos un elemento de origen con "Private" establecido en "false" y ning├║n elemento de origen con "Private" establecido en "true".
         Referencia principal "FluentAssertions, Version=6.12.0.0, Culture=neutral, PublicKeyToken=33f2691a05b67b6a".
             La ruta de acceso del archivo resuelta es "C:\Users\ubf0238\.nuget\packages\fluentassertions\6.12.0\lib\net6.0\FluentAssertions.dll".
             Se encontr├│ una referencia en la ubicaci├│n de ruta de acceso de b├║squeda "{HintPathFromItem}".
             Esta referencia no es "CopyLocal" porque existe al menos un elemento de origen con "Private" establecido en "false" y ning├║n elemento de origen con "Private" establecido en "true".
         Referencia principal "FluentValidation, Version=12.0.0.0, Culture=neutral, PublicKeyToken=7de548da2fbae0f0".
             La ruta de acceso del archivo resuelta es "C:\Users\ubf0238\.nuget\packages\fluentvalidation\12.1.1\lib\net8.0\FluentValidation.dll".
             Se encontr├│ una referencia en la ubicaci├│n de ruta de acceso de b├║squeda "{HintPathFromItem}".
             Esta referencia no es "CopyLocal" porque existe al menos un elemento de origen con "Private" establecido en "false" y ning├║n elemento de origen con "Private" establecido en "true".
         Referencia principal "Microsoft.Bcl.AsyncInterfaces, Version=8.0.0.0, Culture=neutral, PublicKeyToken=cc7b13ffcd2ddd51".
             La ruta de acceso del archivo resuelta es "C:\Users\ubf0238\.nuget\packages\microsoft.bcl.asyncinterfaces\8.0.0\lib\netstandard2.1\Microsoft.Bcl.AsyncInterfaces.dll".
             Se encontr├│ una referencia en la ubicaci├│n de ruta de acceso de b├║squeda "{HintPathFromItem}".
             Esta referencia no es "CopyLocal" porque existe al menos un elemento de origen con "Private" establecido en "false" y ning├║n elemento de origen con "Private" establecido en "true".
         Referencia principal "Microsoft.VisualStudio.CodeCoverage.Shim, Version=15.0.0.0, Culture=neutral, PublicKeyToken=b03f5f7f11d50a3a".
             La ruta de acceso del archivo resuelta es "C:\Users\ubf0238\.nuget\packages\microsoft.codecoverage\17.12.0\lib\netcoreapp3.1\Microsoft.VisualStudio.CodeCoverage.Shim.dll".
             Se encontr├│ una referencia en la ubicaci├│n de ruta de acceso de b├║squeda "{HintPathFromItem}".
             Esta referencia no es "CopyLocal" porque existe al menos un elemento de origen con "Private" establecido en "false" y ning├║n elemento de origen con "Private" establecido en "true".
         Referencia principal "Microsoft.Extensions.Configuration.Abstractions, Version=8.0.0.0, Culture=neutral, PublicKeyToken=adb9793829ddae60".
             La ruta de acceso del archivo resuelta es "C:\Users\ubf0238\.nuget\packages\microsoft.extensions.configuration.abstractions\8.0.0\lib\net8.0\Microsoft.Extensions.Configuration.Abstractions.dll".
             Se encontr├│ una referencia en la ubicaci├│n de ruta de acceso de b├║squeda "{HintPathFromItem}".
             Esta referencia no es "CopyLocal" porque existe al menos un elemento de origen con "Private" establecido en "false" y ning├║n elemento de origen con "Private" establecido en "true".
         Referencia principal "Microsoft.Extensions.DependencyInjection.Abstractions, Version=8.0.0.0, Culture=neutral, PublicKeyToken=adb9793829ddae60".
             La ruta de acceso del archivo resuelta es "C:\Users\ubf0238\.nuget\packages\microsoft.extensions.dependencyinjection.abstractions\8.0.2\lib\net8.0\Microsoft.Extensions.DependencyInjection.Abstractions.dll".
             Se encontr├│ una referencia en la ubicaci├│n de ruta de acceso de b├║squeda "{HintPathFromItem}".
             Esta referencia no es "CopyLocal" porque existe al menos un elemento de origen con "Private" establecido en "false" y ning├║n elemento de origen con "Private" establecido en "true".
         Referencia principal "Microsoft.Extensions.Logging.Abstractions, Version=8.0.0.0, Culture=neutral, PublicKeyToken=adb9793829ddae60".
             La ruta de acceso del archivo resuelta es "C:\Users\ubf0238\.nuget\packages\microsoft.extensions.logging.abstractions\8.0.3\lib\net8.0\Microsoft.Extensions.Logging.Abstractions.dll".
             Se encontr├│ una referencia en la ubicaci├│n de ruta de acceso de b├║squeda "{HintPathFromItem}".
             Esta referencia no es "CopyLocal" porque existe al menos un elemento de origen con "Private" establecido en "false" y ning├║n elemento de origen con "Private" establecido en "true".
         Referencia principal "Microsoft.Extensions.Primitives, Version=8.0.0.0, Culture=neutral, PublicKeyToken=adb9793829ddae60".
             La ruta de acceso del archivo resuelta es "C:\Users\ubf0238\.nuget\packages\microsoft.extensions.primitives\8.0.0\lib\net8.0\Microsoft.Extensions.Primitives.dll".
             Se encontr├│ una referencia en la ubicaci├│n de ruta de acceso de b├║squeda "{HintPathFromItem}".
             Esta referencia no es "CopyLocal" porque existe al menos un elemento de origen con "Private" establecido en "false" y ning├║n elemento de origen con "Private" establecido en "true".
         Referencia principal "Microsoft.TestPlatform.CoreUtilities, Version=15.0.0.0, Culture=neutral, PublicKeyToken=b03f5f7f11d50a3a".
             La ruta de acceso del archivo resuelta es "C:\Users\ubf0238\.nuget\packages\microsoft.testplatform.testhost\17.12.0\lib\netcoreapp3.1\Microsoft.TestPlatform.CoreUtilities.dll".
             Se encontr├│ una referencia en la ubicaci├│n de ruta de acceso de b├║squeda "{HintPathFromItem}".
             Esta referencia no es "CopyLocal" porque existe al menos un elemento de origen con "Private" establecido en "false" y ning├║n elemento de origen con "Private" establecido en "true".
         Referencia principal "Microsoft.TestPlatform.PlatformAbstractions, Version=15.0.0.0, Culture=neutral, PublicKeyToken=b03f5f7f11d50a3a".
             La ruta de acceso del archivo resuelta es "C:\Users\ubf0238\.nuget\packages\microsoft.testplatform.testhost\17.12.0\lib\netcoreapp3.1\Microsoft.TestPlatform.PlatformAbstractions.dll".
             Se encontr├│ una referencia en la ubicaci├│n de ruta de acceso de b├║squeda "{HintPathFromItem}".
             Esta referencia no es "CopyLocal" porque existe al menos un elemento de origen con "Private" establecido en "false" y ning├║n elemento de origen con "Private" establecido en "true".
         Referencia principal "Microsoft.VisualStudio.TestPlatform.ObjectModel, Version=15.0.0.0, Culture=neutral, PublicKeyToken=b03f5f7f11d50a3a".
             La ruta de acceso del archivo resuelta es "C:\Users\ubf0238\.nuget\packages\microsoft.testplatform.testhost\17.12.0\lib\netcoreapp3.1\Microsoft.VisualStudio.TestPlatform.ObjectModel.dll".
             Se encontr├│ una referencia en la ubicaci├│n de ruta de acceso de b├║squeda "{HintPathFromItem}".
             Esta referencia no es "CopyLocal" porque existe al menos un elemento de origen con "Private" establecido en "false" y ning├║n elemento de origen con "Private" establecido en "true".
         Referencia principal "Microsoft.TestPlatform.CommunicationUtilities, Version=15.0.0.0, Culture=neutral, PublicKeyToken=b03f5f7f11d50a3a".
             La ruta de acceso del archivo resuelta es "C:\Users\ubf0238\.nuget\packages\microsoft.testplatform.testhost\17.12.0\lib\netcoreapp3.1\Microsoft.TestPlatform.CommunicationUtilities.dll".
             Se encontr├│ una referencia en la ubicaci├│n de ruta de acceso de b├║squeda "{HintPathFromItem}".
             Esta referencia no es "CopyLocal" porque existe al menos un elemento de origen con "Private" establecido en "false" y ning├║n elemento de origen con "Private" establecido en "true".
         Referencia principal "Microsoft.TestPlatform.CrossPlatEngine, Version=15.0.0.0, Culture=neutral, PublicKeyToken=b03f5f7f11d50a3a".
             La ruta de acceso del archivo resuelta es "C:\Users\ubf0238\.nuget\packages\microsoft.testplatform.testhost\17.12.0\lib\netcoreapp3.1\Microsoft.TestPlatform.CrossPlatEngine.dll".
             Se encontr├│ una referencia en la ubicaci├│n de ruta de acceso de b├║squeda "{HintPathFromItem}".
             Esta referencia no es "CopyLocal" porque existe al menos un elemento de origen con "Private" establecido en "false" y ning├║n elemento de origen con "Private" establecido en "true".
         Referencia principal "Microsoft.TestPlatform.Utilities, Version=15.0.0.0, Culture=neutral, PublicKeyToken=b03f5f7f11d50a3a".
             La ruta de acceso del archivo resuelta es "C:\Users\ubf0238\.nuget\packages\microsoft.testplatform.testhost\17.12.0\lib\netcoreapp3.1\Microsoft.TestPlatform.Utilities.dll".
             Se encontr├│ una referencia en la ubicaci├│n de ruta de acceso de b├║squeda "{HintPathFromItem}".
             Esta referencia no es "CopyLocal" porque existe al menos un elemento de origen con "Private" establecido en "false" y ning├║n elemento de origen con "Private" establecido en "true".
         Referencia principal "Microsoft.VisualStudio.TestPlatform.Common, Version=15.0.0.0, Culture=neutral, PublicKeyToken=b03f5f7f11d50a3a".
             La ruta de acceso del archivo resuelta es "C:\Users\ubf0238\.nuget\packages\microsoft.testplatform.testhost\17.12.0\lib\netcoreapp3.1\Microsoft.VisualStudio.TestPlatform.Common.dll".
             Se encontr├│ una referencia en la ubicaci├│n de ruta de acceso de b├║squeda "{HintPathFromItem}".
             Esta referencia no es "CopyLocal" porque existe al menos un elemento de origen con "Private" establecido en "false" y ning├║n elemento de origen con "Private" establecido en "true".
         Referencia principal "testhost, Version=15.0.0.0, Culture=neutral, PublicKeyToken=b03f5f7f11d50a3a".
             La ruta de acceso del archivo resuelta es "C:\Users\ubf0238\.nuget\packages\microsoft.testplatform.testhost\17.12.0\lib\netcoreapp3.1\testhost.dll".
             Se encontr├│ una referencia en la ubicaci├│n de ruta de acceso de b├║squeda "{HintPathFromItem}".
             Esta referencia no es "CopyLocal" porque existe al menos un elemento de origen con "Private" establecido en "false" y ning├║n elemento de origen con "Private" establecido en "true".
         Referencia principal "Moq, Version=4.20.70.0, Culture=neutral, PublicKeyToken=69f491c39445e920".
             La ruta de acceso del archivo resuelta es "C:\Users\ubf0238\.nuget\packages\moq\4.20.70\lib\net6.0\Moq.dll".
             Se encontr├│ una referencia en la ubicaci├│n de ruta de acceso de b├║squeda "{HintPathFromItem}".
             Esta referencia no es "CopyLocal" porque existe al menos un elemento de origen con "Private" establecido en "false" y ning├║n elemento de origen con "Private" establecido en "true".
         Referencia principal "Newtonsoft.Json, Version=13.0.0.0, Culture=neutral, PublicKeyToken=30ad4fe6b2a6aeed".
             La ruta de acceso del archivo resuelta es "C:\Users\ubf0238\.nuget\packages\newtonsoft.json\13.0.1\lib\netstandard2.0\Newtonsoft.Json.dll".
             Se encontr├│ una referencia en la ubicaci├│n de ruta de acceso de b├║squeda "{HintPathFromItem}".
             Esta referencia no es "CopyLocal" porque existe al menos un elemento de origen con "Private" establecido en "false" y ning├║n elemento de origen con "Private" establecido en "true".
         Referencia principal "System.ClientModel, Version=1.8.0.0, Culture=neutral, PublicKeyToken=92742159e12e44c8".
             La ruta de acceso del archivo resuelta es "C:\Users\ubf0238\.nuget\packages\system.clientmodel\1.8.0\lib\net9.0\System.ClientModel.dll".
             Se encontr├│ una referencia en la ubicaci├│n de ruta de acceso de b├║squeda "{HintPathFromItem}".
             Esta referencia no es "CopyLocal" porque existe al menos un elemento de origen con "Private" establecido en "false" y ning├║n elemento de origen con "Private" establecido en "true".
         Referencia principal "System.Configuration.ConfigurationManager, Version=4.0.0.0, Culture=neutral, PublicKeyToken=cc7b13ffcd2ddd51".
             La ruta de acceso del archivo resuelta es "C:\Users\ubf0238\.nuget\packages\system.configuration.configurationmanager\4.4.0\ref\netstandard2.0\System.Configuration.ConfigurationManager.dll".
             Se encontr├│ una referencia en la ubicaci├│n de ruta de acceso de b├║squeda "{HintPathFromItem}".
             Esta referencia no es "CopyLocal" porque existe al menos un elemento de origen con "Private" establecido en "false" y ning├║n elemento de origen con "Private" establecido en "true".
         Referencia principal "System.Diagnostics.EventLog, Version=6.0.0.0, Culture=neutral, PublicKeyToken=cc7b13ffcd2ddd51".
             La ruta de acceso del archivo resuelta es "C:\Users\ubf0238\.nuget\packages\system.diagnostics.eventlog\6.0.0\lib\net6.0\System.Diagnostics.EventLog.dll".
             Se encontr├│ una referencia en la ubicaci├│n de ruta de acceso de b├║squeda "{HintPathFromItem}".
             Esta referencia no es "CopyLocal" porque existe al menos un elemento de origen con "Private" establecido en "false" y ning├║n elemento de origen con "Private" establecido en "true".
         Referencia principal "System.IO.Hashing, Version=10.0.0.1, Culture=neutral, PublicKeyToken=cc7b13ffcd2ddd51".
             La ruta de acceso del archivo resuelta es "C:\Users\ubf0238\.nuget\packages\system.io.hashing\10.0.1\lib\net9.0\System.IO.Hashing.dll".
             Se encontr├│ una referencia en la ubicaci├│n de ruta de acceso de b├║squeda "{HintPathFromItem}".
             Esta referencia no es "CopyLocal" porque existe al menos un elemento de origen con "Private" establecido en "false" y ning├║n elemento de origen con "Private" establecido en "true".
         Referencia principal "System.IO.Pipelines, Version=10.0.0.0, Culture=neutral, PublicKeyToken=cc7b13ffcd2ddd51".
             La ruta de acceso del archivo resuelta es "C:\Users\ubf0238\.nuget\packages\system.io.pipelines\10.0.2\lib\net9.0\System.IO.Pipelines.dll".
             Se encontr├│ una referencia en la ubicaci├│n de ruta de acceso de b├║squeda "{HintPathFromItem}".
             Esta referencia no es "CopyLocal" porque existe al menos un elemento de origen con "Private" establecido en "false" y ning├║n elemento de origen con "Private" establecido en "true".
         Referencia principal "System.Memory.Data, Version=8.0.0.1, Culture=neutral, PublicKeyToken=cc7b13ffcd2ddd51".
             La ruta de acceso del archivo resuelta es "C:\Users\ubf0238\.nuget\packages\system.memory.data\8.0.1\lib\net8.0\System.Memory.Data.dll".
             Se encontr├│ una referencia en la ubicaci├│n de ruta de acceso de b├║squeda "{HintPathFromItem}".
             Esta referencia no es "CopyLocal" porque existe al menos un elemento de origen con "Private" establecido en "false" y ning├║n elemento de origen con "Private" establecido en "true".
         Referencia principal "System.Text.Encodings.Web, Version=10.0.0.0, Culture=neutral, PublicKeyToken=cc7b13ffcd2ddd51".
             La ruta de acceso del archivo resuelta es "C:\Users\ubf0238\.nuget\packages\system.text.encodings.web\10.0.2\lib\net9.0\System.Text.Encodings.Web.dll".
             Se encontr├│ una referencia en la ubicaci├│n de ruta de acceso de b├║squeda "{HintPathFromItem}".
             Esta referencia no es "CopyLocal" porque existe al menos un elemento de origen con "Private" establecido en "false" y ning├║n elemento de origen con "Private" establecido en "true".
         Referencia principal "System.Text.Json, Version=10.0.0.0, Culture=neutral, PublicKeyToken=cc7b13ffcd2ddd51".
             La ruta de acceso del archivo resuelta es "C:\Users\ubf0238\.nuget\packages\system.text.json\10.0.2\lib\net9.0\System.Text.Json.dll".
             Se encontr├│ una referencia en la ubicaci├│n de ruta de acceso de b├║squeda "{HintPathFromItem}".
             Esta referencia no es "CopyLocal" porque existe al menos un elemento de origen con "Private" establecido en "false" y ning├║n elemento de origen con "Private" establecido en "true".
         Referencia principal "xunit.abstractions, Version=2.0.0.0, Culture=neutral, PublicKeyToken=8d05b1bb7a6fdb6c".
             La ruta de acceso del archivo resuelta es "C:\Users\ubf0238\.nuget\packages\xunit.abstractions\2.0.3\lib\netstandard2.0\xunit.abstractions.dll".
             Se encontr├│ una referencia en la ubicaci├│n de ruta de acceso de b├║squeda "{HintPathFromItem}".
             Esta referencia no es "CopyLocal" porque existe al menos un elemento de origen con "Private" establecido en "false" y ning├║n elemento de origen con "Private" establecido en "true".
         Referencia principal "xunit.assert, Version=2.9.2.0, Culture=neutral, PublicKeyToken=8d05b1bb7a6fdb6c".
             La ruta de acceso del archivo resuelta es "C:\Users\ubf0238\.nuget\packages\xunit.assert\2.9.2\lib\net6.0\xunit.assert.dll".
             Se encontr├│ una referencia en la ubicaci├│n de ruta de acceso de b├║squeda "{HintPathFromItem}".
             Esta referencia no es "CopyLocal" porque existe al menos un elemento de origen con "Private" establecido en "false" y ning├║n elemento de origen con "Private" establecido en "true".
         Referencia principal "xunit.core, Version=2.9.2.0, Culture=neutral, PublicKeyToken=8d05b1bb7a6fdb6c".
             La ruta de acceso del archivo resuelta es "C:\Users\ubf0238\.nuget\packages\xunit.extensibility.core\2.9.2\lib\netstandard1.1\xunit.core.dll".
             Se encontr├│ una referencia en la ubicaci├│n de ruta de acceso de b├║squeda "{HintPathFromItem}".
             Esta referencia no es "CopyLocal" porque existe al menos un elemento de origen con "Private" establecido en "false" y ning├║n elemento de origen con "Private" establecido en "true".
         Referencia principal "xunit.execution.dotnet, Version=2.9.2.0, Culture=neutral, PublicKeyToken=8d05b1bb7a6fdb6c".
             La ruta de acceso del archivo resuelta es "C:\Users\ubf0238\.nuget\packages\xunit.extensibility.execution\2.9.2\lib\netstandard1.1\xunit.execution.dotnet.dll".
             Se encontr├│ una referencia en la ubicaci├│n de ruta de acceso de b├║squeda "{HintPathFromItem}".
             Esta referencia no es "CopyLocal" porque existe al menos un elemento de origen con "Private" establecido en "false" y ning├║n elemento de origen con "Private" establecido en "true".
         Referencia principal "Microsoft.CSharp, Version=9.0.0.0, Culture=neutral, PublicKeyToken=b03f5f7f11d50a3a".
             La ruta de acceso del archivo resuelta es "C:\Program Files\dotnet\packs\Microsoft.NETCore.App.Ref\9.0.12\ref\net9.0\Microsoft.CSharp.dll".
             Se encontr├│ una referencia en la ubicaci├│n de ruta de acceso de b├║squeda "{RawFileName}".
             Esta referencia no es "CopyLocal" porque existe al menos un elemento de origen con "Private" establecido en "false" y ning├║n elemento de origen con "Private" establecido en "true".
         Referencia principal "Microsoft.VisualBasic.Core, Version=14.0.0.0, Culture=neutral, PublicKeyToken=b03f5f7f11d50a3a".
             La ruta de acceso del archivo resuelta es "C:\Program Files\dotnet\packs\Microsoft.NETCore.App.Ref\9.0.12\ref\net9.0\Microsoft.VisualBasic.Core.dll".
             Se encontr├│ una referencia en la ubicaci├│n de ruta de acceso de b├║squeda "{RawFileName}".
             Esta referencia no es "CopyLocal" porque existe al menos un elemento de origen con "Private" establecido en "false" y ning├║n elemento de origen con "Private" establecido en "true".
         Referencia principal "Microsoft.VisualBasic, Version=10.0.0.0, Culture=neutral, PublicKeyToken=b03f5f7f11d50a3a".
             La ruta de acceso del archivo resuelta es "C:\Program Files\dotnet\packs\Microsoft.NETCore.App.Ref\9.0.12\ref\net9.0\Microsoft.VisualBasic.dll".
             Se encontr├│ una referencia en la ubicaci├│n de ruta de acceso de b├║squeda "{RawFileName}".
             Esta referencia no es "CopyLocal" porque existe al menos un elemento de origen con "Private" establecido en "false" y ning├║n elemento de origen con "Private" establecido en "true".
         Referencia principal "Microsoft.Win32.Primitives, Version=9.0.0.0, Culture=neutral, PublicKeyToken=b03f5f7f11d50a3a".
             La ruta de acceso del archivo resuelta es "C:\Program Files\dotnet\packs\Microsoft.NETCore.App.Ref\9.0.12\ref\net9.0\Microsoft.Win32.Primitives.dll".
             Se encontr├│ una referencia en la ubicaci├│n de ruta de acceso de b├║squeda "{RawFileName}".
             Esta referencia no es "CopyLocal" porque existe al menos un elemento de origen con "Private" establecido en "false" y ning├║n elemento de origen con "Private" establecido en "true".
         Referencia principal "Microsoft.Win32.Registry, Version=9.0.0.0, Culture=neutral, PublicKeyToken=b03f5f7f11d50a3a".
             La ruta de acceso del archivo resuelta es "C:\Program Files\dotnet\packs\Microsoft.NETCore.App.Ref\9.0.12\ref\net9.0\Microsoft.Win32.Registry.dll".
             Se encontr├│ una referencia en la ubicaci├│n de ruta de acceso de b├║squeda "{RawFileName}".
             Esta referencia no es "CopyLocal" porque existe al menos un elemento de origen con "Private" establecido en "false" y ning├║n elemento de origen con "Private" establecido en "true".
         Referencia principal "System.AppContext, Version=9.0.0.0, Culture=neutral, PublicKeyToken=b03f5f7f11d50a3a".
             La ruta de acceso del archivo resuelta es "C:\Program Files\dotnet\packs\Microsoft.NETCore.App.Ref\9.0.12\ref\net9.0\System.AppContext.dll".
             Se encontr├│ una referencia en la ubicaci├│n de ruta de acceso de b├║squeda "{RawFileName}".
             Esta referencia no es "CopyLocal" porque existe al menos un elemento de origen con "Private" establecido en "false" y ning├║n elemento de origen con "Private" establecido en "true".
         Referencia principal "System.Buffers, Version=9.0.0.0, Culture=neutral, PublicKeyToken=cc7b13ffcd2ddd51".
             La ruta de acceso del archivo resuelta es "C:\Program Files\dotnet\packs\Microsoft.NETCore.App.Ref\9.0.12\ref\net9.0\System.Buffers.dll".
             Se encontr├│ una referencia en la ubicaci├│n de ruta de acceso de b├║squeda "{RawFileName}".
             Esta referencia no es "CopyLocal" porque existe al menos un elemento de origen con "Private" establecido en "false" y ning├║n elemento de origen con "Private" establecido en "true".
         Referencia principal "System.Collections.Concurrent, Version=9.0.0.0, Culture=neutral, PublicKeyToken=b03f5f7f11d50a3a".
             La ruta de acceso del archivo resuelta es "C:\Program Files\dotnet\packs\Microsoft.NETCore.App.Ref\9.0.12\ref\net9.0\System.Collections.Concurrent.dll".
             Se encontr├│ una referencia en la ubicaci├│n de ruta de acceso de b├║squeda "{RawFileName}".
             Esta referencia no es "CopyLocal" porque existe al menos un elemento de origen con "Private" establecido en "false" y ning├║n elemento de origen con "Private" establecido en "true".
         Referencia principal "System.Collections.Immutable, Version=9.0.0.0, Culture=neutral, PublicKeyToken=b03f5f7f11d50a3a".
             La ruta de acceso del archivo resuelta es "C:\Program Files\dotnet\packs\Microsoft.NETCore.App.Ref\9.0.12\ref\net9.0\System.Collections.Immutable.dll".
             Se encontr├│ una referencia en la ubicaci├│n de ruta de acceso de b├║squeda "{RawFileName}".
             Esta referencia no es "CopyLocal" porque existe al menos un elemento de origen con "Private" establecido en "false" y ning├║n elemento de origen con "Private" establecido en "true".
         Referencia principal "System.Collections.NonGeneric, Version=9.0.0.0, Culture=neutral, PublicKeyToken=b03f5f7f11d50a3a".
             La ruta de acceso del archivo resuelta es "C:\Program Files\dotnet\packs\Microsoft.NETCore.App.Ref\9.0.12\ref\net9.0\System.Collections.NonGeneric.dll".
             Se encontr├│ una referencia en la ubicaci├│n de ruta de acceso de b├║squeda "{RawFileName}".
             Esta referencia no es "CopyLocal" porque existe al menos un elemento de origen con "Private" establecido en "false" y ning├║n elemento de origen con "Private" establecido en "true".
         Referencia principal "System.Collections.Specialized, Version=9.0.0.0, Culture=neutral, PublicKeyToken=b03f5f7f11d50a3a".
             La ruta de acceso del archivo resuelta es "C:\Program Files\dotnet\packs\Microsoft.NETCore.App.Ref\9.0.12\ref\net9.0\System.Collections.Specialized.dll".
             Se encontr├│ una referencia en la ubicaci├│n de ruta de acceso de b├║squeda "{RawFileName}".
             Esta referencia no es "CopyLocal" porque existe al menos un elemento de origen con "Private" establecido en "false" y ning├║n elemento de origen con "Private" establecido en "true".
         Referencia principal unificada "System.Collections, Version=9.0.0.0, Culture=neutral, PublicKeyToken=b03f5f7f11d50a3a".
             Se usar├í esta versi├│n en lugar de la versi├│n original "8.0.0.0" en "C:\temp\MVP\documento-ia-clasificacion-mvp\src\backend\DocumentIA.Core\bin\Debug\net8.0\DocumentIA.Core.dll" porque AutoUnify es 'true'.
             La ruta de acceso del archivo resuelta es "C:\Program Files\dotnet\packs\Microsoft.NETCore.App.Ref\9.0.12\ref\net9.0\System.Collections.dll".
             Se encontr├│ una referencia en la ubicaci├│n de ruta de acceso de b├║squeda "{RawFileName}".
             Esta referencia no es "CopyLocal" porque existe al menos un elemento de origen con "Private" establecido en "false" y ning├║n elemento de origen con "Private" establecido en "true".
         Referencia principal "System.ComponentModel.Annotations, Version=9.0.0.0, Culture=neutral, PublicKeyToken=b03f5f7f11d50a3a".
             La ruta de acceso del archivo resuelta es "C:\Program Files\dotnet\packs\Microsoft.NETCore.App.Ref\9.0.12\ref\net9.0\System.ComponentModel.Annotations.dll".
             Se encontr├│ una referencia en la ubicaci├│n de ruta de acceso de b├║squeda "{RawFileName}".
             Esta referencia no es "CopyLocal" porque existe al menos un elemento de origen con "Private" establecido en "false" y ning├║n elemento de origen con "Private" establecido en "true".
         Referencia principal "System.ComponentModel.DataAnnotations, Version=4.0.0.0, Culture=neutral, PublicKeyToken=31bf3856ad364e35".
             La ruta de acceso del archivo resuelta es "C:\Program Files\dotnet\packs\Microsoft.NETCore.App.Ref\9.0.12\ref\net9.0\System.ComponentModel.DataAnnotations.dll".
             Se encontr├│ una referencia en la ubicaci├│n de ruta de acceso de b├║squeda "{RawFileName}".
             Esta referencia no es "CopyLocal" porque existe al menos un elemento de origen con "Private" establecido en "false" y ning├║n elemento de origen con "Private" establecido en "true".
         Referencia principal "System.ComponentModel.EventBasedAsync, Version=9.0.0.0, Culture=neutral, PublicKeyToken=b03f5f7f11d50a3a".
             La ruta de acceso del archivo resuelta es "C:\Program Files\dotnet\packs\Microsoft.NETCore.App.Ref\9.0.12\ref\net9.0\System.ComponentModel.EventBasedAsync.dll".
             Se encontr├│ una referencia en la ubicaci├│n de ruta de acceso de b├║squeda "{RawFileName}".
             Esta referencia no es "CopyLocal" porque existe al menos un elemento de origen con "Private" establecido en "false" y ning├║n elemento de origen con "Private" establecido en "true".
         Referencia principal "System.ComponentModel.Primitives, Version=9.0.0.0, Culture=neutral, PublicKeyToken=b03f5f7f11d50a3a".
             La ruta de acceso del archivo resuelta es "C:\Program Files\dotnet\packs\Microsoft.NETCore.App.Ref\9.0.12\ref\net9.0\System.ComponentModel.Primitives.dll".
             Se encontr├│ una referencia en la ubicaci├│n de ruta de acceso de b├║squeda "{RawFileName}".
             Esta referencia no es "CopyLocal" porque existe al menos un elemento de origen con "Private" establecido en "false" y ning├║n elemento de origen con "Private" establecido en "true".
         Referencia principal "System.ComponentModel.TypeConverter, Version=9.0.0.0, Culture=neutral, PublicKeyToken=b03f5f7f11d50a3a".
             La ruta de acceso del archivo resuelta es "C:\Program Files\dotnet\packs\Microsoft.NETCore.App.Ref\9.0.12\ref\net9.0\System.ComponentModel.TypeConverter.dll".
             Se encontr├│ una referencia en la ubicaci├│n de ruta de acceso de b├║squeda "{RawFileName}".
             Esta referencia no es "CopyLocal" porque existe al menos un elemento de origen con "Private" establecido en "false" y ning├║n elemento de origen con "Private" establecido en "true".
         Referencia principal "System.ComponentModel, Version=9.0.0.0, Culture=neutral, PublicKeyToken=b03f5f7f11d50a3a".
             La ruta de acceso del archivo resuelta es "C:\Program Files\dotnet\packs\Microsoft.NETCore.App.Ref\9.0.12\ref\net9.0\System.ComponentModel.dll".
             Se encontr├│ una referencia en la ubicaci├│n de ruta de acceso de b├║squeda "{RawFileName}".
             Esta referencia no es "CopyLocal" porque existe al menos un elemento de origen con "Private" establecido en "false" y ning├║n elemento de origen con "Private" establecido en "true".
         Referencia principal "System.Configuration, Version=4.0.0.0, Culture=neutral, PublicKeyToken=b03f5f7f11d50a3a".
             La ruta de acceso del archivo resuelta es "C:\Program Files\dotnet\packs\Microsoft.NETCore.App.Ref\9.0.12\ref\net9.0\System.Configuration.dll".
             Se encontr├│ una referencia en la ubicaci├│n de ruta de acceso de b├║squeda "{RawFileName}".
             Esta referencia no es "CopyLocal" porque existe al menos un elemento de origen con "Private" establecido en "false" y ning├║n elemento de origen con "Private" establecido en "true".
         Referencia principal "System.Console, Version=9.0.0.0, Culture=neutral, PublicKeyToken=b03f5f7f11d50a3a".
             La ruta de acceso del archivo resuelta es "C:\Program Files\dotnet\packs\Microsoft.NETCore.App.Ref\9.0.12\ref\net9.0\System.Console.dll".
             Se encontr├│ una referencia en la ubicaci├│n de ruta de acceso de b├║squeda "{RawFileName}".
             Esta referencia no es "CopyLocal" porque existe al menos un elemento de origen con "Private" establecido en "false" y ning├║n elemento de origen con "Private" establecido en "true".
         Referencia principal "System.Core, Version=4.0.0.0, Culture=neutral, PublicKeyToken=b77a5c561934e089".
             La ruta de acceso del archivo resuelta es "C:\Program Files\dotnet\packs\Microsoft.NETCore.App.Ref\9.0.12\ref\net9.0\System.Core.dll".
             Se encontr├│ una referencia en la ubicaci├│n de ruta de acceso de b├║squeda "{RawFileName}".
             Esta referencia no es "CopyLocal" porque existe al menos un elemento de origen con "Private" establecido en "false" y ning├║n elemento de origen con "Private" establecido en "true".
         Referencia principal "System.Data.Common, Version=9.0.0.0, Culture=neutral, PublicKeyToken=b03f5f7f11d50a3a".
             La ruta de acceso del archivo resuelta es "C:\Program Files\dotnet\packs\Microsoft.NETCore.App.Ref\9.0.12\ref\net9.0\System.Data.Common.dll".
             Se encontr├│ una referencia en la ubicaci├│n de ruta de acceso de b├║squeda "{RawFileName}".
             Esta referencia no es "CopyLocal" porque existe al menos un elemento de origen con "Private" establecido en "false" y ning├║n elemento de origen con "Private" establecido en "true".
         Referencia principal "System.Data.DataSetExtensions, Version=9.0.0.0, Culture=neutral, PublicKeyToken=b77a5c561934e089".
             La ruta de acceso del archivo resuelta es "C:\Program Files\dotnet\packs\Microsoft.NETCore.App.Ref\9.0.12\ref\net9.0\System.Data.DataSetExtensions.dll".
             Se encontr├│ una referencia en la ubicaci├│n de ruta de acceso de b├║squeda "{RawFileName}".
             Esta referencia no es "CopyLocal" porque existe al menos un elemento de origen con "Private" establecido en "false" y ning├║n elemento de origen con "Private" establecido en "true".
         Referencia principal "System.Data, Version=4.0.0.0, Culture=neutral, PublicKeyToken=b77a5c561934e089".
             La ruta de acceso del archivo resuelta es "C:\Program Files\dotnet\packs\Microsoft.NETCore.App.Ref\9.0.12\ref\net9.0\System.Data.dll".
             Se encontr├│ una referencia en la ubicaci├│n de ruta de acceso de b├║squeda "{RawFileName}".
             Esta referencia no es "CopyLocal" porque existe al menos un elemento de origen con "Private" establecido en "false" y ning├║n elemento de origen con "Private" establecido en "true".
         Referencia principal "System.Diagnostics.Contracts, Version=9.0.0.0, Culture=neutral, PublicKeyToken=b03f5f7f11d50a3a".
             La ruta de acceso del archivo resuelta es "C:\Program Files\dotnet\packs\Microsoft.NETCore.App.Ref\9.0.12\ref\net9.0\System.Diagnostics.Contracts.dll".
             Se encontr├│ una referencia en la ubicaci├│n de ruta de acceso de b├║squeda "{RawFileName}".
             Esta referencia no es "CopyLocal" porque existe al menos un elemento de origen con "Private" establecido en "false" y ning├║n elemento de origen con "Private" establecido en "true".
         Referencia principal "System.Diagnostics.Debug, Version=9.0.0.0, Culture=neutral, PublicKeyToken=b03f5f7f11d50a3a".
             La ruta de acceso del archivo resuelta es "C:\Program Files\dotnet\packs\Microsoft.NETCore.App.Ref\9.0.12\ref\net9.0\System.Diagnostics.Debug.dll".
             Se encontr├│ una referencia en la ubicaci├│n de ruta de acceso de b├║squeda "{RawFileName}".
             Esta referencia no es "CopyLocal" porque existe al menos un elemento de origen con "Private" establecido en "false" y ning├║n elemento de origen con "Private" establecido en "true".
         Referencia principal "System.Diagnostics.DiagnosticSource, Version=9.0.0.0, Culture=neutral, PublicKeyToken=cc7b13ffcd2ddd51".
             La ruta de acceso del archivo resuelta es "C:\Program Files\dotnet\packs\Microsoft.NETCore.App.Ref\9.0.12\ref\net9.0\System.Diagnostics.DiagnosticSource.dll".
             Se encontr├│ una referencia en la ubicaci├│n de ruta de acceso de b├║squeda "{RawFileName}".
             Esta referencia no es "CopyLocal" porque existe al menos un elemento de origen con "Private" establecido en "false" y ning├║n elemento de origen con "Private" establecido en "true".
         Referencia principal "System.Diagnostics.FileVersionInfo, Version=9.0.0.0, Culture=neutral, PublicKeyToken=b03f5f7f11d50a3a".
             La ruta de acceso del archivo resuelta es "C:\Program Files\dotnet\packs\Microsoft.NETCore.App.Ref\9.0.12\ref\net9.0\System.Diagnostics.FileVersionInfo.dll".
             Se encontr├│ una referencia en la ubicaci├│n de ruta de acceso de b├║squeda "{RawFileName}".
             Esta referencia no es "CopyLocal" porque existe al menos un elemento de origen con "Private" establecido en "false" y ning├║n elemento de origen con "Private" establecido en "true".
         Referencia principal "System.Diagnostics.Process, Version=9.0.0.0, Culture=neutral, PublicKeyToken=b03f5f7f11d50a3a".
             La ruta de acceso del archivo resuelta es "C:\Program Files\dotnet\packs\Microsoft.NETCore.App.Ref\9.0.12\ref\net9.0\System.Diagnostics.Process.dll".
             Se encontr├│ una referencia en la ubicaci├│n de ruta de acceso de b├║squeda "{RawFileName}".
             Esta referencia no es "CopyLocal" porque existe al menos un elemento de origen con "Private" establecido en "false" y ning├║n elemento de origen con "Private" establecido en "true".
         Referencia principal "System.Diagnostics.StackTrace, Version=9.0.0.0, Culture=neutral, PublicKeyToken=b03f5f7f11d50a3a".
             La ruta de acceso del archivo resuelta es "C:\Program Files\dotnet\packs\Microsoft.NETCore.App.Ref\9.0.12\ref\net9.0\System.Diagnostics.StackTrace.dll".
             Se encontr├│ una referencia en la ubicaci├│n de ruta de acceso de b├║squeda "{RawFileName}".
             Esta referencia no es "CopyLocal" porque existe al menos un elemento de origen con "Private" establecido en "false" y ning├║n elemento de origen con "Private" establecido en "true".
         Referencia principal "System.Diagnostics.TextWriterTraceListener, Version=9.0.0.0, Culture=neutral, PublicKeyToken=b03f5f7f11d50a3a".
             La ruta de acceso del archivo resuelta es "C:\Program Files\dotnet\packs\Microsoft.NETCore.App.Ref\9.0.12\ref\net9.0\System.Diagnostics.TextWriterTraceListener.dll".
             Se encontr├│ una referencia en la ubicaci├│n de ruta de acceso de b├║squeda "{RawFileName}".
             Esta referencia no es "CopyLocal" porque existe al menos un elemento de origen con "Private" establecido en "false" y ning├║n elemento de origen con "Private" establecido en "true".
         Referencia principal "System.Diagnostics.Tools, Version=9.0.0.0, Culture=neutral, PublicKeyToken=b03f5f7f11d50a3a".
             La ruta de acceso del archivo resuelta es "C:\Program Files\dotnet\packs\Microsoft.NETCore.App.Ref\9.0.12\ref\net9.0\System.Diagnostics.Tools.dll".
             Se encontr├│ una referencia en la ubicaci├│n de ruta de acceso de b├║squeda "{RawFileName}".
             Esta referencia no es "CopyLocal" porque existe al menos un elemento de origen con "Private" establecido en "false" y ning├║n elemento de origen con "Private" establecido en "true".
         Referencia principal "System.Diagnostics.TraceSource, Version=9.0.0.0, Culture=neutral, PublicKeyToken=b03f5f7f11d50a3a".
             La ruta de acceso del archivo resuelta es "C:\Program Files\dotnet\packs\Microsoft.NETCore.App.Ref\9.0.12\ref\net9.0\System.Diagnostics.TraceSource.dll".
             Se encontr├│ una referencia en la ubicaci├│n de ruta de acceso de b├║squeda "{RawFileName}".
             Esta referencia no es "CopyLocal" porque existe al menos un elemento de origen con "Private" establecido en "false" y ning├║n elemento de origen con "Private" establecido en "true".
         Referencia principal "System.Diagnostics.Tracing, Version=9.0.0.0, Culture=neutral, PublicKeyToken=b03f5f7f11d50a3a".
             La ruta de acceso del archivo resuelta es "C:\Program Files\dotnet\packs\Microsoft.NETCore.App.Ref\9.0.12\ref\net9.0\System.Diagnostics.Tracing.dll".
             Se encontr├│ una referencia en la ubicaci├│n de ruta de acceso de b├║squeda "{RawFileName}".
             Esta referencia no es "CopyLocal" porque existe al menos un elemento de origen con "Private" establecido en "false" y ning├║n elemento de origen con "Private" establecido en "true".
         Referencia principal "System.Drawing.Primitives, Version=9.0.0.0, Culture=neutral, PublicKeyToken=b03f5f7f11d50a3a".
             La ruta de acceso del archivo resuelta es "C:\Program Files\dotnet\packs\Microsoft.NETCore.App.Ref\9.0.12\ref\net9.0\System.Drawing.Primitives.dll".
             Se encontr├│ una referencia en la ubicaci├│n de ruta de acceso de b├║squeda "{RawFileName}".
             Esta referencia no es "CopyLocal" porque existe al menos un elemento de origen con "Private" establecido en "false" y ning├║n elemento de origen con "Private" establecido en "true".
         Referencia principal "System.Drawing, Version=4.0.0.0, Culture=neutral, PublicKeyToken=b03f5f7f11d50a3a".
             La ruta de acceso del archivo resuelta es "C:\Program Files\dotnet\packs\Microsoft.NETCore.App.Ref\9.0.12\ref\net9.0\System.Drawing.dll".
             Se encontr├│ una referencia en la ubicaci├│n de ruta de acceso de b├║squeda "{RawFileName}".
             Esta referencia no es "CopyLocal" porque existe al menos un elemento de origen con "Private" establecido en "false" y ning├║n elemento de origen con "Private" establecido en "true".
         Referencia principal "System.Dynamic.Runtime, Version=9.0.0.0, Culture=neutral, PublicKeyToken=b03f5f7f11d50a3a".
             La ruta de acceso del archivo resuelta es "C:\Program Files\dotnet\packs\Microsoft.NETCore.App.Ref\9.0.12\ref\net9.0\System.Dynamic.Runtime.dll".
             Se encontr├│ una referencia en la ubicaci├│n de ruta de acceso de b├║squeda "{RawFileName}".
             Esta referencia no es "CopyLocal" porque existe al menos un elemento de origen con "Private" establecido en "false" y ning├║n elemento de origen con "Private" establecido en "true".
         Referencia principal "System.Formats.Asn1, Version=9.0.0.0, Culture=neutral, PublicKeyToken=cc7b13ffcd2ddd51".
             La ruta de acceso del archivo resuelta es "C:\Program Files\dotnet\packs\Microsoft.NETCore.App.Ref\9.0.12\ref\net9.0\System.Formats.Asn1.dll".
             Se encontr├│ una referencia en la ubicaci├│n de ruta de acceso de b├║squeda "{RawFileName}".
             Esta referencia no es "CopyLocal" porque existe al menos un elemento de origen con "Private" establecido en "false" y ning├║n elemento de origen con "Private" establecido en "true".
         Referencia principal "System.Formats.Tar, Version=9.0.0.0, Culture=neutral, PublicKeyToken=cc7b13ffcd2ddd51".
             La ruta de acceso del archivo resuelta es "C:\Program Files\dotnet\packs\Microsoft.NETCore.App.Ref\9.0.12\ref\net9.0\System.Formats.Tar.dll".
             Se encontr├│ una referencia en la ubicaci├│n de ruta de acceso de b├║squeda "{RawFileName}".
             Esta referencia no es "CopyLocal" porque existe al menos un elemento de origen con "Private" establecido en "false" y ning├║n elemento de origen con "Private" establecido en "true".
         Referencia principal "System.Globalization.Calendars, Version=9.0.0.0, Culture=neutral, PublicKeyToken=b03f5f7f11d50a3a".
             La ruta de acceso del archivo resuelta es "C:\Program Files\dotnet\packs\Microsoft.NETCore.App.Ref\9.0.12\ref\net9.0\System.Globalization.Calendars.dll".
             Se encontr├│ una referencia en la ubicaci├│n de ruta de acceso de b├║squeda "{RawFileName}".
             Esta referencia no es "CopyLocal" porque existe al menos un elemento de origen con "Private" establecido en "false" y ning├║n elemento de origen con "Private" establecido en "true".
         Referencia principal "System.Globalization.Extensions, Version=9.0.0.0, Culture=neutral, PublicKeyToken=b03f5f7f11d50a3a".
             La ruta de acceso del archivo resuelta es "C:\Program Files\dotnet\packs\Microsoft.NETCore.App.Ref\9.0.12\ref\net9.0\System.Globalization.Extensions.dll".
             Se encontr├│ una referencia en la ubicaci├│n de ruta de acceso de b├║squeda "{RawFileName}".
             Esta referencia no es "CopyLocal" porque existe al menos un elemento de origen con "Private" establecido en "false" y ning├║n elemento de origen con "Private" establecido en "true".
         Referencia principal "System.Globalization, Version=9.0.0.0, Culture=neutral, PublicKeyToken=b03f5f7f11d50a3a".
             La ruta de acceso del archivo resuelta es "C:\Program Files\dotnet\packs\Microsoft.NETCore.App.Ref\9.0.12\ref\net9.0\System.Globalization.dll".
             Se encontr├│ una referencia en la ubicaci├│n de ruta de acceso de b├║squeda "{RawFileName}".
             Esta referencia no es "CopyLocal" porque existe al menos un elemento de origen con "Private" establecido en "false" y ning├║n elemento de origen con "Private" establecido en "true".
         Referencia principal "System.IO.Compression.Brotli, Version=9.0.0.0, Culture=neutral, PublicKeyToken=b77a5c561934e089".
             La ruta de acceso del archivo resuelta es "C:\Program Files\dotnet\packs\Microsoft.NETCore.App.Ref\9.0.12\ref\net9.0\System.IO.Compression.Brotli.dll".
             Se encontr├│ una referencia en la ubicaci├│n de ruta de acceso de b├║squeda "{RawFileName}".
             Esta referencia no es "CopyLocal" porque existe al menos un elemento de origen con "Private" establecido en "false" y ning├║n elemento de origen con "Private" establecido en "true".
         Referencia principal "System.IO.Compression.FileSystem, Version=4.0.0.0, Culture=neutral, PublicKeyToken=b77a5c561934e089".
             La ruta de acceso del archivo resuelta es "C:\Program Files\dotnet\packs\Microsoft.NETCore.App.Ref\9.0.12\ref\net9.0\System.IO.Compression.FileSystem.dll".
             Se encontr├│ una referencia en la ubicaci├│n de ruta de acceso de b├║squeda "{RawFileName}".
             Esta referencia no es "CopyLocal" porque existe al menos un elemento de origen con "Private" establecido en "false" y ning├║n elemento de origen con "Private" establecido en "true".
         Referencia principal "System.IO.Compression.ZipFile, Version=9.0.0.0, Culture=neutral, PublicKeyToken=b77a5c561934e089".
             La ruta de acceso del archivo resuelta es "C:\Program Files\dotnet\packs\Microsoft.NETCore.App.Ref\9.0.12\ref\net9.0\System.IO.Compression.ZipFile.dll".
             Se encontr├│ una referencia en la ubicaci├│n de ruta de acceso de b├║squeda "{RawFileName}".
             Esta referencia no es "CopyLocal" porque existe al menos un elemento de origen con "Private" establecido en "false" y ning├║n elemento de origen con "Private" establecido en "true".
         Referencia principal "System.IO.Compression, Version=9.0.0.0, Culture=neutral, PublicKeyToken=b77a5c561934e089".
             La ruta de acceso del archivo resuelta es "C:\Program Files\dotnet\packs\Microsoft.NETCore.App.Ref\9.0.12\ref\net9.0\System.IO.Compression.dll".
             Se encontr├│ una referencia en la ubicaci├│n de ruta de acceso de b├║squeda "{RawFileName}".
             Esta referencia no es "CopyLocal" porque existe al menos un elemento de origen con "Private" establecido en "false" y ning├║n elemento de origen con "Private" establecido en "true".
         Referencia principal "System.IO.FileSystem.AccessControl, Version=9.0.0.0, Culture=neutral, PublicKeyToken=b03f5f7f11d50a3a".
             La ruta de acceso del archivo resuelta es "C:\Program Files\dotnet\packs\Microsoft.NETCore.App.Ref\9.0.12\ref\net9.0\System.IO.FileSystem.AccessControl.dll".
             Se encontr├│ una referencia en la ubicaci├│n de ruta de acceso de b├║squeda "{RawFileName}".
             Esta referencia no es "CopyLocal" porque existe al menos un elemento de origen con "Private" establecido en "false" y ning├║n elemento de origen con "Private" establecido en "true".
         Referencia principal "System.IO.FileSystem.DriveInfo, Version=9.0.0.0, Culture=neutral, PublicKeyToken=b03f5f7f11d50a3a".
             La ruta de acceso del archivo resuelta es "C:\Program Files\dotnet\packs\Microsoft.NETCore.App.Ref\9.0.12\ref\net9.0\System.IO.FileSystem.DriveInfo.dll".
             Se encontr├│ una referencia en la ubicaci├│n de ruta de acceso de b├║squeda "{RawFileName}".
             Esta referencia no es "CopyLocal" porque existe al menos un elemento de origen con "Private" establecido en "false" y ning├║n elemento de origen con "Private" establecido en "true".
         Referencia principal "System.IO.FileSystem.Primitives, Version=9.0.0.0, Culture=neutral, PublicKeyToken=b03f5f7f11d50a3a".
             La ruta de acceso del archivo resuelta es "C:\Program Files\dotnet\packs\Microsoft.NETCore.App.Ref\9.0.12\ref\net9.0\System.IO.FileSystem.Primitives.dll".
             Se encontr├│ una referencia en la ubicaci├│n de ruta de acceso de b├║squeda "{RawFileName}".
             Esta referencia no es "CopyLocal" porque existe al menos un elemento de origen con "Private" establecido en "false" y ning├║n elemento de origen con "Private" establecido en "true".
         Referencia principal "System.IO.FileSystem.Watcher, Version=9.0.0.0, Culture=neutral, PublicKeyToken=b03f5f7f11d50a3a".
             La ruta de acceso del archivo resuelta es "C:\Program Files\dotnet\packs\Microsoft.NETCore.App.Ref\9.0.12\ref\net9.0\System.IO.FileSystem.Watcher.dll".
             Se encontr├│ una referencia en la ubicaci├│n de ruta de acceso de b├║squeda "{RawFileName}".
             Esta referencia no es "CopyLocal" porque existe al menos un elemento de origen con "Private" establecido en "false" y ning├║n elemento de origen con "Private" establecido en "true".
         Referencia principal "System.IO.FileSystem, Version=9.0.0.0, Culture=neutral, PublicKeyToken=b03f5f7f11d50a3a".
             La ruta de acceso del archivo resuelta es "C:\Program Files\dotnet\packs\Microsoft.NETCore.App.Ref\9.0.12\ref\net9.0\System.IO.FileSystem.dll".
             Se encontr├│ una referencia en la ubicaci├│n de ruta de acceso de b├║squeda "{RawFileName}".
             Esta referencia no es "CopyLocal" porque existe al menos un elemento de origen con "Private" establecido en "false" y ning├║n elemento de origen con "Private" establecido en "true".
         Referencia principal "System.IO.IsolatedStorage, Version=9.0.0.0, Culture=neutral, PublicKeyToken=b03f5f7f11d50a3a".
             La ruta de acceso del archivo resuelta es "C:\Program Files\dotnet\packs\Microsoft.NETCore.App.Ref\9.0.12\ref\net9.0\System.IO.IsolatedStorage.dll".
             Se encontr├│ una referencia en la ubicaci├│n de ruta de acceso de b├║squeda "{RawFileName}".
             Esta referencia no es "CopyLocal" porque existe al menos un elemento de origen con "Private" establecido en "false" y ning├║n elemento de origen con "Private" establecido en "true".
         Referencia principal "System.IO.MemoryMappedFiles, Version=9.0.0.0, Culture=neutral, PublicKeyToken=b03f5f7f11d50a3a".
             La ruta de acceso del archivo resuelta es "C:\Program Files\dotnet\packs\Microsoft.NETCore.App.Ref\9.0.12\ref\net9.0\System.IO.MemoryMappedFiles.dll".
             Se encontr├│ una referencia en la ubicaci├│n de ruta de acceso de b├║squeda "{RawFileName}".
             Esta referencia no es "CopyLocal" porque existe al menos un elemento de origen con "Private" establecido en "false" y ning├║n elemento de origen con "Private" establecido en "true".
         Referencia principal "System.IO.Pipes.AccessControl, Version=9.0.0.0, Culture=neutral, PublicKeyToken=b03f5f7f11d50a3a".
             La ruta de acceso del archivo resuelta es "C:\Program Files\dotnet\packs\Microsoft.NETCore.App.Ref\9.0.12\ref\net9.0\System.IO.Pipes.AccessControl.dll".
             Se encontr├│ una referencia en la ubicaci├│n de ruta de acceso de b├║squeda "{RawFileName}".
             Esta referencia no es "CopyLocal" porque existe al menos un elemento de origen con "Private" establecido en "false" y ning├║n elemento de origen con "Private" establecido en "true".
         Referencia principal "System.IO.Pipes, Version=9.0.0.0, Culture=neutral, PublicKeyToken=b03f5f7f11d50a3a".
             La ruta de acceso del archivo resuelta es "C:\Program Files\dotnet\packs\Microsoft.NETCore.App.Ref\9.0.12\ref\net9.0\System.IO.Pipes.dll".
             Se encontr├│ una referencia en la ubicaci├│n de ruta de acceso de b├║squeda "{RawFileName}".
             Esta referencia no es "CopyLocal" porque existe al menos un elemento de origen con "Private" establecido en "false" y ning├║n elemento de origen con "Private" establecido en "true".
         Referencia principal "System.IO.UnmanagedMemoryStream, Version=9.0.0.0, Culture=neutral, PublicKeyToken=b03f5f7f11d50a3a".
             La ruta de acceso del archivo resuelta es "C:\Program Files\dotnet\packs\Microsoft.NETCore.App.Ref\9.0.12\ref\net9.0\System.IO.UnmanagedMemoryStream.dll".
             Se encontr├│ una referencia en la ubicaci├│n de ruta de acceso de b├║squeda "{RawFileName}".
             Esta referencia no es "CopyLocal" porque existe al menos un elemento de origen con "Private" establecido en "false" y ning├║n elemento de origen con "Private" establecido en "true".
         Referencia principal "System.IO, Version=9.0.0.0, Culture=neutral, PublicKeyToken=b03f5f7f11d50a3a".
             La ruta de acceso del archivo resuelta es "C:\Program Files\dotnet\packs\Microsoft.NETCore.App.Ref\9.0.12\ref\net9.0\System.IO.dll".
             Se encontr├│ una referencia en la ubicaci├│n de ruta de acceso de b├║squeda "{RawFileName}".
             Esta referencia no es "CopyLocal" porque existe al menos un elemento de origen con "Private" establecido en "false" y ning├║n elemento de origen con "Private" establecido en "true".
         Referencia principal "System.Linq.Expressions, Version=9.0.0.0, Culture=neutral, PublicKeyToken=b03f5f7f11d50a3a".
             La ruta de acceso del archivo resuelta es "C:\Program Files\dotnet\packs\Microsoft.NETCore.App.Ref\9.0.12\ref\net9.0\System.Linq.Expressions.dll".
             Se encontr├│ una referencia en la ubicaci├│n de ruta de acceso de b├║squeda "{RawFileName}".
             Esta referencia no es "CopyLocal" porque existe al menos un elemento de origen con "Private" establecido en "false" y ning├║n elemento de origen con "Private" establecido en "true".
         Referencia principal "System.Linq.Parallel, Version=9.0.0.0, Culture=neutral, PublicKeyToken=b03f5f7f11d50a3a".
             La ruta de acceso del archivo resuelta es "C:\Program Files\dotnet\packs\Microsoft.NETCore.App.Ref\9.0.12\ref\net9.0\System.Linq.Parallel.dll".
             Se encontr├│ una referencia en la ubicaci├│n de ruta de acceso de b├║squeda "{RawFileName}".
             Esta referencia no es "CopyLocal" porque existe al menos un elemento de origen con "Private" establecido en "false" y ning├║n elemento de origen con "Private" establecido en "true".
         Referencia principal "System.Linq.Queryable, Version=9.0.0.0, Culture=neutral, PublicKeyToken=b03f5f7f11d50a3a".
             La ruta de acceso del archivo resuelta es "C:\Program Files\dotnet\packs\Microsoft.NETCore.App.Ref\9.0.12\ref\net9.0\System.Linq.Queryable.dll".
             Se encontr├│ una referencia en la ubicaci├│n de ruta de acceso de b├║squeda "{RawFileName}".
             Esta referencia no es "CopyLocal" porque existe al menos un elemento de origen con "Private" establecido en "false" y ning├║n elemento de origen con "Private" establecido en "true".
         Referencia principal "System.Linq, Version=9.0.0.0, Culture=neutral, PublicKeyToken=b03f5f7f11d50a3a".
             La ruta de acceso del archivo resuelta es "C:\Program Files\dotnet\packs\Microsoft.NETCore.App.Ref\9.0.12\ref\net9.0\System.Linq.dll".
             Se encontr├│ una referencia en la ubicaci├│n de ruta de acceso de b├║squeda "{RawFileName}".
             Esta referencia no es "CopyLocal" porque existe al menos un elemento de origen con "Private" establecido en "false" y ning├║n elemento de origen con "Private" establecido en "true".
         Referencia principal "System.Memory, Version=9.0.0.0, Culture=neutral, PublicKeyToken=cc7b13ffcd2ddd51".
             La ruta de acceso del archivo resuelta es "C:\Program Files\dotnet\packs\Microsoft.NETCore.App.Ref\9.0.12\ref\net9.0\System.Memory.dll".
             Se encontr├│ una referencia en la ubicaci├│n de ruta de acceso de b├║squeda "{RawFileName}".
             Esta referencia no es "CopyLocal" porque existe al menos un elemento de origen con "Private" establecido en "false" y ning├║n elemento de origen con "Private" establecido en "true".
         Referencia principal "System.Net.Http.Json, Version=9.0.0.0, Culture=neutral, PublicKeyToken=cc7b13ffcd2ddd51".
             La ruta de acceso del archivo resuelta es "C:\Program Files\dotnet\packs\Microsoft.NETCore.App.Ref\9.0.12\ref\net9.0\System.Net.Http.Json.dll".
             Se encontr├│ una referencia en la ubicaci├│n de ruta de acceso de b├║squeda "{RawFileName}".
             Esta referencia no es "CopyLocal" porque existe al menos un elemento de origen con "Private" establecido en "false" y ning├║n elemento de origen con "Private" establecido en "true".
         Referencia principal "System.Net.Http, Version=9.0.0.0, Culture=neutral, PublicKeyToken=b03f5f7f11d50a3a".
             La ruta de acceso del archivo resuelta es "C:\Program Files\dotnet\packs\Microsoft.NETCore.App.Ref\9.0.12\ref\net9.0\System.Net.Http.dll".
             Se encontr├│ una referencia en la ubicaci├│n de ruta de acceso de b├║squeda "{RawFileName}".
             Esta referencia no es "CopyLocal" porque existe al menos un elemento de origen con "Private" establecido en "false" y ning├║n elemento de origen con "Private" establecido en "true".
         Referencia principal "System.Net.HttpListener, Version=9.0.0.0, Culture=neutral, PublicKeyToken=cc7b13ffcd2ddd51".
             La ruta de acceso del archivo resuelta es "C:\Program Files\dotnet\packs\Microsoft.NETCore.App.Ref\9.0.12\ref\net9.0\System.Net.HttpListener.dll".
             Se encontr├│ una referencia en la ubicaci├│n de ruta de acceso de b├║squeda "{RawFileName}".
             Esta referencia no es "CopyLocal" porque existe al menos un elemento de origen con "Private" establecido en "false" y ning├║n elemento de origen con "Private" establecido en "true".
         Referencia principal "System.Net.Mail, Version=9.0.0.0, Culture=neutral, PublicKeyToken=cc7b13ffcd2ddd51".
             La ruta de acceso del archivo resuelta es "C:\Program Files\dotnet\packs\Microsoft.NETCore.App.Ref\9.0.12\ref\net9.0\System.Net.Mail.dll".
             Se encontr├│ una referencia en la ubicaci├│n de ruta de acceso de b├║squeda "{RawFileName}".
             Esta referencia no es "CopyLocal" porque existe al menos un elemento de origen con "Private" establecido en "false" y ning├║n elemento de origen con "Private" establecido en "true".
         Referencia principal "System.Net.NameResolution, Version=9.0.0.0, Culture=neutral, PublicKeyToken=b03f5f7f11d50a3a".
             La ruta de acceso del archivo resuelta es "C:\Program Files\dotnet\packs\Microsoft.NETCore.App.Ref\9.0.12\ref\net9.0\System.Net.NameResolution.dll".
             Se encontr├│ una referencia en la ubicaci├│n de ruta de acceso de b├║squeda "{RawFileName}".
             Esta referencia no es "CopyLocal" porque existe al menos un elemento de origen con "Private" establecido en "false" y ning├║n elemento de origen con "Private" establecido en "true".
         Referencia principal "System.Net.NetworkInformation, Version=9.0.0.0, Culture=neutral, PublicKeyToken=b03f5f7f11d50a3a".
             La ruta de acceso del archivo resuelta es "C:\Program Files\dotnet\packs\Microsoft.NETCore.App.Ref\9.0.12\ref\net9.0\System.Net.NetworkInformation.dll".
             Se encontr├│ una referencia en la ubicaci├│n de ruta de acceso de b├║squeda "{RawFileName}".
             Esta referencia no es "CopyLocal" porque existe al menos un elemento de origen con "Private" establecido en "false" y ning├║n elemento de origen con "Private" establecido en "true".
         Referencia principal "System.Net.Ping, Version=9.0.0.0, Culture=neutral, PublicKeyToken=b03f5f7f11d50a3a".
             La ruta de acceso del archivo resuelta es "C:\Program Files\dotnet\packs\Microsoft.NETCore.App.Ref\9.0.12\ref\net9.0\System.Net.Ping.dll".
             Se encontr├│ una referencia en la ubicaci├│n de ruta de acceso de b├║squeda "{RawFileName}".
             Esta referencia no es "CopyLocal" porque existe al menos un elemento de origen con "Private" establecido en "false" y ning├║n elemento de origen con "Private" establecido en "true".
         Referencia principal "System.Net.Primitives, Version=9.0.0.0, Culture=neutral, PublicKeyToken=b03f5f7f11d50a3a".
             La ruta de acceso del archivo resuelta es "C:\Program Files\dotnet\packs\Microsoft.NETCore.App.Ref\9.0.12\ref\net9.0\System.Net.Primitives.dll".
             Se encontr├│ una referencia en la ubicaci├│n de ruta de acceso de b├║squeda "{RawFileName}".
             Esta referencia no es "CopyLocal" porque existe al menos un elemento de origen con "Private" establecido en "false" y ning├║n elemento de origen con "Private" establecido en "true".
         Referencia principal "System.Net.Quic, Version=9.0.0.0, Culture=neutral, PublicKeyToken=b03f5f7f11d50a3a".
             La ruta de acceso del archivo resuelta es "C:\Program Files\dotnet\packs\Microsoft.NETCore.App.Ref\9.0.12\ref\net9.0\System.Net.Quic.dll".
             Se encontr├│ una referencia en la ubicaci├│n de ruta de acceso de b├║squeda "{RawFileName}".
             Esta referencia no es "CopyLocal" porque existe al menos un elemento de origen con "Private" establecido en "false" y ning├║n elemento de origen con "Private" establecido en "true".
         Referencia principal "System.Net.Requests, Version=9.0.0.0, Culture=neutral, PublicKeyToken=b03f5f7f11d50a3a".
             La ruta de acceso del archivo resuelta es "C:\Program Files\dotnet\packs\Microsoft.NETCore.App.Ref\9.0.12\ref\net9.0\System.Net.Requests.dll".
             Se encontr├│ una referencia en la ubicaci├│n de ruta de acceso de b├║squeda "{RawFileName}".
             Esta referencia no es "CopyLocal" porque existe al menos un elemento de origen con "Private" establecido en "false" y ning├║n elemento de origen con "Private" establecido en "true".
         Referencia principal "System.Net.Security, Version=9.0.0.0, Culture=neutral, PublicKeyToken=b03f5f7f11d50a3a".
             La ruta de acceso del archivo resuelta es "C:\Program Files\dotnet\packs\Microsoft.NETCore.App.Ref\9.0.12\ref\net9.0\System.Net.Security.dll".
             Se encontr├│ una referencia en la ubicaci├│n de ruta de acceso de b├║squeda "{RawFileName}".
             Esta referencia no es "CopyLocal" porque existe al menos un elemento de origen con "Private" establecido en "false" y ning├║n elemento de origen con "Private" establecido en "true".
         Referencia principal "System.Net.ServicePoint, Version=9.0.0.0, Culture=neutral, PublicKeyToken=cc7b13ffcd2ddd51".
             La ruta de acceso del archivo resuelta es "C:\Program Files\dotnet\packs\Microsoft.NETCore.App.Ref\9.0.12\ref\net9.0\System.Net.ServicePoint.dll".
             Se encontr├│ una referencia en la ubicaci├│n de ruta de acceso de b├║squeda "{RawFileName}".
             Esta referencia no es "CopyLocal" porque existe al menos un elemento de origen con "Private" establecido en "false" y ning├║n elemento de origen con "Private" establecido en "true".
         Referencia principal "System.Net.Sockets, Version=9.0.0.0, Culture=neutral, PublicKeyToken=b03f5f7f11d50a3a".
             La ruta de acceso del archivo resuelta es "C:\Program Files\dotnet\packs\Microsoft.NETCore.App.Ref\9.0.12\ref\net9.0\System.Net.Sockets.dll".
             Se encontr├│ una referencia en la ubicaci├│n de ruta de acceso de b├║squeda "{RawFileName}".
             Esta referencia no es "CopyLocal" porque existe al menos un elemento de origen con "Private" establecido en "false" y ning├║n elemento de origen con "Private" establecido en "true".
         Referencia principal "System.Net.WebClient, Version=9.0.0.0, Culture=neutral, PublicKeyToken=cc7b13ffcd2ddd51".
             La ruta de acceso del archivo resuelta es "C:\Program Files\dotnet\packs\Microsoft.NETCore.App.Ref\9.0.12\ref\net9.0\System.Net.WebClient.dll".
             Se encontr├│ una referencia en la ubicaci├│n de ruta de acceso de b├║squeda "{RawFileName}".
             Esta referencia no es "CopyLocal" porque existe al menos un elemento de origen con "Private" establecido en "false" y ning├║n elemento de origen con "Private" establecido en "true".
         Referencia principal "System.Net.WebHeaderCollection, Version=9.0.0.0, Culture=neutral, PublicKeyToken=b03f5f7f11d50a3a".
             La ruta de acceso del archivo resuelta es "C:\Program Files\dotnet\packs\Microsoft.NETCore.App.Ref\9.0.12\ref\net9.0\System.Net.WebHeaderCollection.dll".
             Se encontr├│ una referencia en la ubicaci├│n de ruta de acceso de b├║squeda "{RawFileName}".
             Esta referencia no es "CopyLocal" porque existe al menos un elemento de origen con "Private" establecido en "false" y ning├║n elemento de origen con "Private" establecido en "true".
         Referencia principal "System.Net.WebProxy, Version=9.0.0.0, Culture=neutral, PublicKeyToken=cc7b13ffcd2ddd51".
             La ruta de acceso del archivo resuelta es "C:\Program Files\dotnet\packs\Microsoft.NETCore.App.Ref\9.0.12\ref\net9.0\System.Net.WebProxy.dll".
             Se encontr├│ una referencia en la ubicaci├│n de ruta de acceso de b├║squeda "{RawFileName}".
             Esta referencia no es "CopyLocal" porque existe al menos un elemento de origen con "Private" establecido en "false" y ning├║n elemento de origen con "Private" establecido en "true".
         Referencia principal "System.Net.WebSockets.Client, Version=9.0.0.0, Culture=neutral, PublicKeyToken=b03f5f7f11d50a3a".
             La ruta de acceso del archivo resuelta es "C:\Program Files\dotnet\packs\Microsoft.NETCore.App.Ref\9.0.12\ref\net9.0\System.Net.WebSockets.Client.dll".
             Se encontr├│ una referencia en la ubicaci├│n de ruta de acceso de b├║squeda "{RawFileName}".
             Esta referencia no es "CopyLocal" porque existe al menos un elemento de origen con "Private" establecido en "false" y ning├║n elemento de origen con "Private" establecido en "true".
         Referencia principal "System.Net.WebSockets, Version=9.0.0.0, Culture=neutral, PublicKeyToken=b03f5f7f11d50a3a".
             La ruta de acceso del archivo resuelta es "C:\Program Files\dotnet\packs\Microsoft.NETCore.App.Ref\9.0.12\ref\net9.0\System.Net.WebSockets.dll".
             Se encontr├│ una referencia en la ubicaci├│n de ruta de acceso de b├║squeda "{RawFileName}".
             Esta referencia no es "CopyLocal" porque existe al menos un elemento de origen con "Private" establecido en "false" y ning├║n elemento de origen con "Private" establecido en "true".
         Referencia principal "System.Net, Version=4.0.0.0, Culture=neutral, PublicKeyToken=b03f5f7f11d50a3a".
             La ruta de acceso del archivo resuelta es "C:\Program Files\dotnet\packs\Microsoft.NETCore.App.Ref\9.0.12\ref\net9.0\System.Net.dll".
             Se encontr├│ una referencia en la ubicaci├│n de ruta de acceso de b├║squeda "{RawFileName}".
             Esta referencia no es "CopyLocal" porque existe al menos un elemento de origen con "Private" establecido en "false" y ning├║n elemento de origen con "Private" establecido en "true".
         Referencia principal "System.Numerics.Vectors, Version=9.0.0.0, Culture=neutral, PublicKeyToken=b03f5f7f11d50a3a".
             La ruta de acceso del archivo resuelta es "C:\Program Files\dotnet\packs\Microsoft.NETCore.App.Ref\9.0.12\ref\net9.0\System.Numerics.Vectors.dll".
             Se encontr├│ una referencia en la ubicaci├│n de ruta de acceso de b├║squeda "{RawFileName}".
             Esta referencia no es "CopyLocal" porque existe al menos un elemento de origen con "Private" establecido en "false" y ning├║n elemento de origen con "Private" establecido en "true".
         Referencia principal "System.Numerics, Version=4.0.0.0, Culture=neutral, PublicKeyToken=b77a5c561934e089".
             La ruta de acceso del archivo resuelta es "C:\Program Files\dotnet\packs\Microsoft.NETCore.App.Ref\9.0.12\ref\net9.0\System.Numerics.dll".
             Se encontr├│ una referencia en la ubicaci├│n de ruta de acceso de b├║squeda "{RawFileName}".
             Esta referencia no es "CopyLocal" porque existe al menos un elemento de origen con "Private" establecido en "false" y ning├║n elemento de origen con "Private" establecido en "true".
         Referencia principal "System.ObjectModel, Version=9.0.0.0, Culture=neutral, PublicKeyToken=b03f5f7f11d50a3a".
             La ruta de acceso del archivo resuelta es "C:\Program Files\dotnet\packs\Microsoft.NETCore.App.Ref\9.0.12\ref\net9.0\System.ObjectModel.dll".
             Se encontr├│ una referencia en la ubicaci├│n de ruta de acceso de b├║squeda "{RawFileName}".
             Esta referencia no es "CopyLocal" porque existe al menos un elemento de origen con "Private" establecido en "false" y ning├║n elemento de origen con "Private" establecido en "true".
         Referencia principal "System.Reflection.DispatchProxy, Version=9.0.0.0, Culture=neutral, PublicKeyToken=b03f5f7f11d50a3a".
             La ruta de acceso del archivo resuelta es "C:\Program Files\dotnet\packs\Microsoft.NETCore.App.Ref\9.0.12\ref\net9.0\System.Reflection.DispatchProxy.dll".
             Se encontr├│ una referencia en la ubicaci├│n de ruta de acceso de b├║squeda "{RawFileName}".
             Esta referencia no es "CopyLocal" porque existe al menos un elemento de origen con "Private" establecido en "false" y ning├║n elemento de origen con "Private" establecido en "true".
         Referencia principal "System.Reflection.Emit.ILGeneration, Version=9.0.0.0, Culture=neutral, PublicKeyToken=b03f5f7f11d50a3a".
             La ruta de acceso del archivo resuelta es "C:\Program Files\dotnet\packs\Microsoft.NETCore.App.Ref\9.0.12\ref\net9.0\System.Reflection.Emit.ILGeneration.dll".
             Se encontr├│ una referencia en la ubicaci├│n de ruta de acceso de b├║squeda "{RawFileName}".
             Esta referencia no es "CopyLocal" porque existe al menos un elemento de origen con "Private" establecido en "false" y ning├║n elemento de origen con "Private" establecido en "true".
         Referencia principal "System.Reflection.Emit.Lightweight, Version=9.0.0.0, Culture=neutral, PublicKeyToken=b03f5f7f11d50a3a".
             La ruta de acceso del archivo resuelta es "C:\Program Files\dotnet\packs\Microsoft.NETCore.App.Ref\9.0.12\ref\net9.0\System.Reflection.Emit.Lightweight.dll".
             Se encontr├│ una referencia en la ubicaci├│n de ruta de acceso de b├║squeda "{RawFileName}".
             Esta referencia no es "CopyLocal" porque existe al menos un elemento de origen con "Private" establecido en "false" y ning├║n elemento de origen con "Private" establecido en "true".
         Referencia principal "System.Reflection.Emit, Version=9.0.0.0, Culture=neutral, PublicKeyToken=b03f5f7f11d50a3a".
             La ruta de acceso del archivo resuelta es "C:\Program Files\dotnet\packs\Microsoft.NETCore.App.Ref\9.0.12\ref\net9.0\System.Reflection.Emit.dll".
             Se encontr├│ una referencia en la ubicaci├│n de ruta de acceso de b├║squeda "{RawFileName}".
             Esta referencia no es "CopyLocal" porque existe al menos un elemento de origen con "Private" establecido en "false" y ning├║n elemento de origen con "Private" establecido en "true".
         Referencia principal "System.Reflection.Extensions, Version=9.0.0.0, Culture=neutral, PublicKeyToken=b03f5f7f11d50a3a".
             La ruta de acceso del archivo resuelta es "C:\Program Files\dotnet\packs\Microsoft.NETCore.App.Ref\9.0.12\ref\net9.0\System.Reflection.Extensions.dll".
             Se encontr├│ una referencia en la ubicaci├│n de ruta de acceso de b├║squeda "{RawFileName}".
             Esta referencia no es "CopyLocal" porque existe al menos un elemento de origen con "Private" establecido en "false" y ning├║n elemento de origen con "Private" establecido en "true".
         Referencia principal "System.Reflection.Metadata, Version=9.0.0.0, Culture=neutral, PublicKeyToken=b03f5f7f11d50a3a".
             La ruta de acceso del archivo resuelta es "C:\Program Files\dotnet\packs\Microsoft.NETCore.App.Ref\9.0.12\ref\net9.0\System.Reflection.Metadata.dll".
             Se encontr├│ una referencia en la ubicaci├│n de ruta de acceso de b├║squeda "{RawFileName}".
             Esta referencia no es "CopyLocal" porque existe al menos un elemento de origen con "Private" establecido en "false" y ning├║n elemento de origen con "Private" establecido en "true".
         Referencia principal "System.Reflection.Primitives, Version=9.0.0.0, Culture=neutral, PublicKeyToken=b03f5f7f11d50a3a".
             La ruta de acceso del archivo resuelta es "C:\Program Files\dotnet\packs\Microsoft.NETCore.App.Ref\9.0.12\ref\net9.0\System.Reflection.Primitives.dll".
             Se encontr├│ una referencia en la ubicaci├│n de ruta de acceso de b├║squeda "{RawFileName}".
             Esta referencia no es "CopyLocal" porque existe al menos un elemento de origen con "Private" establecido en "false" y ning├║n elemento de origen con "Private" establecido en "true".
         Referencia principal "System.Reflection.TypeExtensions, Version=9.0.0.0, Culture=neutral, PublicKeyToken=b03f5f7f11d50a3a".
             La ruta de acceso del archivo resuelta es "C:\Program Files\dotnet\packs\Microsoft.NETCore.App.Ref\9.0.12\ref\net9.0\System.Reflection.TypeExtensions.dll".
             Se encontr├│ una referencia en la ubicaci├│n de ruta de acceso de b├║squeda "{RawFileName}".
             Esta referencia no es "CopyLocal" porque existe al menos un elemento de origen con "Private" establecido en "false" y ning├║n elemento de origen con "Private" establecido en "true".
         Referencia principal "System.Reflection, Version=9.0.0.0, Culture=neutral, PublicKeyToken=b03f5f7f11d50a3a".
             La ruta de acceso del archivo resuelta es "C:\Program Files\dotnet\packs\Microsoft.NETCore.App.Ref\9.0.12\ref\net9.0\System.Reflection.dll".
             Se encontr├│ una referencia en la ubicaci├│n de ruta de acceso de b├║squeda "{RawFileName}".
             Esta referencia no es "CopyLocal" porque existe al menos un elemento de origen con "Private" establecido en "false" y ning├║n elemento de origen con "Private" establecido en "true".
         Referencia principal "System.Resources.Reader, Version=9.0.0.0, Culture=neutral, PublicKeyToken=b03f5f7f11d50a3a".
             La ruta de acceso del archivo resuelta es "C:\Program Files\dotnet\packs\Microsoft.NETCore.App.Ref\9.0.12\ref\net9.0\System.Resources.Reader.dll".
             Se encontr├│ una referencia en la ubicaci├│n de ruta de acceso de b├║squeda "{RawFileName}".
             Esta referencia no es "CopyLocal" porque existe al menos un elemento de origen con "Private" establecido en "false" y ning├║n elemento de origen con "Private" establecido en "true".
         Referencia principal "System.Resources.ResourceManager, Version=9.0.0.0, Culture=neutral, PublicKeyToken=b03f5f7f11d50a3a".
             La ruta de acceso del archivo resuelta es "C:\Program Files\dotnet\packs\Microsoft.NETCore.App.Ref\9.0.12\ref\net9.0\System.Resources.ResourceManager.dll".
             Se encontr├│ una referencia en la ubicaci├│n de ruta de acceso de b├║squeda "{RawFileName}".
             Esta referencia no es "CopyLocal" porque existe al menos un elemento de origen con "Private" establecido en "false" y ning├║n elemento de origen con "Private" establecido en "true".
         Referencia principal "System.Resources.Writer, Version=9.0.0.0, Culture=neutral, PublicKeyToken=b03f5f7f11d50a3a".
             La ruta de acceso del archivo resuelta es "C:\Program Files\dotnet\packs\Microsoft.NETCore.App.Ref\9.0.12\ref\net9.0\System.Resources.Writer.dll".
             Se encontr├│ una referencia en la ubicaci├│n de ruta de acceso de b├║squeda "{RawFileName}".
             Esta referencia no es "CopyLocal" porque existe al menos un elemento de origen con "Private" establecido en "false" y ning├║n elemento de origen con "Private" establecido en "true".
         Referencia principal "System.Runtime.CompilerServices.Unsafe, Version=9.0.0.0, Culture=neutral, PublicKeyToken=b03f5f7f11d50a3a".
             La ruta de acceso del archivo resuelta es "C:\Program Files\dotnet\packs\Microsoft.NETCore.App.Ref\9.0.12\ref\net9.0\System.Runtime.CompilerServices.Unsafe.dll".
             Se encontr├│ una referencia en la ubicaci├│n de ruta de acceso de b├║squeda "{RawFileName}".
             Esta referencia no es "CopyLocal" porque existe al menos un elemento de origen con "Private" establecido en "false" y ning├║n elemento de origen con "Private" establecido en "true".
         Referencia principal "System.Runtime.CompilerServices.VisualC, Version=9.0.0.0, Culture=neutral, PublicKeyToken=b03f5f7f11d50a3a".
             La ruta de acceso del archivo resuelta es "C:\Program Files\dotnet\packs\Microsoft.NETCore.App.Ref\9.0.12\ref\net9.0\System.Runtime.CompilerServices.VisualC.dll".
             Se encontr├│ una referencia en la ubicaci├│n de ruta de acceso de b├║squeda "{RawFileName}".
             Esta referencia no es "CopyLocal" porque existe al menos un elemento de origen con "Private" establecido en "false" y ning├║n elemento de origen con "Private" establecido en "true".
         Referencia principal "System.Runtime.Extensions, Version=9.0.0.0, Culture=neutral, PublicKeyToken=b03f5f7f11d50a3a".
             La ruta de acceso del archivo resuelta es "C:\Program Files\dotnet\packs\Microsoft.NETCore.App.Ref\9.0.12\ref\net9.0\System.Runtime.Extensions.dll".
             Se encontr├│ una referencia en la ubicaci├│n de ruta de acceso de b├║squeda "{RawFileName}".
             Esta referencia no es "CopyLocal" porque existe al menos un elemento de origen con "Private" establecido en "false" y ning├║n elemento de origen con "Private" establecido en "true".
         Referencia principal "System.Runtime.Handles, Version=9.0.0.0, Culture=neutral, PublicKeyToken=b03f5f7f11d50a3a".
             La ruta de acceso del archivo resuelta es "C:\Program Files\dotnet\packs\Microsoft.NETCore.App.Ref\9.0.12\ref\net9.0\System.Runtime.Handles.dll".
             Se encontr├│ una referencia en la ubicaci├│n de ruta de acceso de b├║squeda "{RawFileName}".
             Esta referencia no es "CopyLocal" porque existe al menos un elemento de origen con "Private" establecido en "false" y ning├║n elemento de origen con "Private" establecido en "true".
         Referencia principal "System.Runtime.InteropServices.JavaScript, Version=9.0.0.0, Culture=neutral, PublicKeyToken=b03f5f7f11d50a3a".
             La ruta de acceso del archivo resuelta es "C:\Program Files\dotnet\packs\Microsoft.NETCore.App.Ref\9.0.12\ref\net9.0\System.Runtime.InteropServices.JavaScript.dll".
             Se encontr├│ una referencia en la ubicaci├│n de ruta de acceso de b├║squeda "{RawFileName}".
             Esta referencia no es "CopyLocal" porque existe al menos un elemento de origen con "Private" establecido en "false" y ning├║n elemento de origen con "Private" establecido en "true".
         Referencia principal "System.Runtime.InteropServices.RuntimeInformation, Version=9.0.0.0, Culture=neutral, PublicKeyToken=b03f5f7f11d50a3a".
             La ruta de acceso del archivo resuelta es "C:\Program Files\dotnet\packs\Microsoft.NETCore.App.Ref\9.0.12\ref\net9.0\System.Runtime.InteropServices.RuntimeInformation.dll".
             Se encontr├│ una referencia en la ubicaci├│n de ruta de acceso de b├║squeda "{RawFileName}".
             Esta referencia no es "CopyLocal" porque existe al menos un elemento de origen con "Private" establecido en "false" y ning├║n elemento de origen con "Private" establecido en "true".
         Referencia principal "System.Runtime.InteropServices, Version=9.0.0.0, Culture=neutral, PublicKeyToken=b03f5f7f11d50a3a".
             La ruta de acceso del archivo resuelta es "C:\Program Files\dotnet\packs\Microsoft.NETCore.App.Ref\9.0.12\ref\net9.0\System.Runtime.InteropServices.dll".
             Se encontr├│ una referencia en la ubicaci├│n de ruta de acceso de b├║squeda "{RawFileName}".
             Esta referencia no es "CopyLocal" porque existe al menos un elemento de origen con "Private" establecido en "false" y ning├║n elemento de origen con "Private" establecido en "true".
         Referencia principal "System.Runtime.Intrinsics, Version=9.0.0.0, Culture=neutral, PublicKeyToken=cc7b13ffcd2ddd51".
             La ruta de acceso del archivo resuelta es "C:\Program Files\dotnet\packs\Microsoft.NETCore.App.Ref\9.0.12\ref\net9.0\System.Runtime.Intrinsics.dll".
             Se encontr├│ una referencia en la ubicaci├│n de ruta de acceso de b├║squeda "{RawFileName}".
             Esta referencia no es "CopyLocal" porque existe al menos un elemento de origen con "Private" establecido en "false" y ning├║n elemento de origen con "Private" establecido en "true".
         Referencia principal "System.Runtime.Loader, Version=9.0.0.0, Culture=neutral, PublicKeyToken=b03f5f7f11d50a3a".
             La ruta de acceso del archivo resuelta es "C:\Program Files\dotnet\packs\Microsoft.NETCore.App.Ref\9.0.12\ref\net9.0\System.Runtime.Loader.dll".
             Se encontr├│ una referencia en la ubicaci├│n de ruta de acceso de b├║squeda "{RawFileName}".
             Esta referencia no es "CopyLocal" porque existe al menos un elemento de origen con "Private" establecido en "false" y ning├║n elemento de origen con "Private" establecido en "true".
         Referencia principal "System.Runtime.Numerics, Version=9.0.0.0, Culture=neutral, PublicKeyToken=b03f5f7f11d50a3a".
             La ruta de acceso del archivo resuelta es "C:\Program Files\dotnet\packs\Microsoft.NETCore.App.Ref\9.0.12\ref\net9.0\System.Runtime.Numerics.dll".
             Se encontr├│ una referencia en la ubicaci├│n de ruta de acceso de b├║squeda "{RawFileName}".
             Esta referencia no es "CopyLocal" porque existe al menos un elemento de origen con "Private" establecido en "false" y ning├║n elemento de origen con "Private" establecido en "true".
         Referencia principal "System.Runtime.Serialization.Formatters, Version=8.1.0.0, Culture=neutral, PublicKeyToken=b03f5f7f11d50a3a".
             La ruta de acceso del archivo resuelta es "C:\Program Files\dotnet\packs\Microsoft.NETCore.App.Ref\9.0.12\ref\net9.0\System.Runtime.Serialization.Formatters.dll".
             Se encontr├│ una referencia en la ubicaci├│n de ruta de acceso de b├║squeda "{RawFileName}".
             Esta referencia no es "CopyLocal" porque existe al menos un elemento de origen con "Private" establecido en "false" y ning├║n elemento de origen con "Private" establecido en "true".
         Referencia principal "System.Runtime.Serialization.Json, Version=9.0.0.0, Culture=neutral, PublicKeyToken=b03f5f7f11d50a3a".
             La ruta de acceso del archivo resuelta es "C:\Program Files\dotnet\packs\Microsoft.NETCore.App.Ref\9.0.12\ref\net9.0\System.Runtime.Serialization.Json.dll".
             Se encontr├│ una referencia en la ubicaci├│n de ruta de acceso de b├║squeda "{RawFileName}".
             Esta referencia no es "CopyLocal" porque existe al menos un elemento de origen con "Private" establecido en "false" y ning├║n elemento de origen con "Private" establecido en "true".
         Referencia principal "System.Runtime.Serialization.Primitives, Version=9.0.0.0, Culture=neutral, PublicKeyToken=b03f5f7f11d50a3a".
             La ruta de acceso del archivo resuelta es "C:\Program Files\dotnet\packs\Microsoft.NETCore.App.Ref\9.0.12\ref\net9.0\System.Runtime.Serialization.Primitives.dll".
             Se encontr├│ una referencia en la ubicaci├│n de ruta de acceso de b├║squeda "{RawFileName}".
             Esta referencia no es "CopyLocal" porque existe al menos un elemento de origen con "Private" establecido en "false" y ning├║n elemento de origen con "Private" establecido en "true".
         Referencia principal "System.Runtime.Serialization.Xml, Version=9.0.0.0, Culture=neutral, PublicKeyToken=b03f5f7f11d50a3a".
             La ruta de acceso del archivo resuelta es "C:\Program Files\dotnet\packs\Microsoft.NETCore.App.Ref\9.0.12\ref\net9.0\System.Runtime.Serialization.Xml.dll".
             Se encontr├│ una referencia en la ubicaci├│n de ruta de acceso de b├║squeda "{RawFileName}".
             Esta referencia no es "CopyLocal" porque existe al menos un elemento de origen con "Private" establecido en "false" y ning├║n elemento de origen con "Private" establecido en "true".
         Referencia principal "System.Runtime.Serialization, Version=4.0.0.0, Culture=neutral, PublicKeyToken=b77a5c561934e089".
             La ruta de acceso del archivo resuelta es "C:\Program Files\dotnet\packs\Microsoft.NETCore.App.Ref\9.0.12\ref\net9.0\System.Runtime.Serialization.dll".
             Se encontr├│ una referencia en la ubicaci├│n de ruta de acceso de b├║squeda "{RawFileName}".
             Esta referencia no es "CopyLocal" porque existe al menos un elemento de origen con "Private" establecido en "false" y ning├║n elemento de origen con "Private" establecido en "true".
         Referencia principal unificada "System.Runtime, Version=9.0.0.0, Culture=neutral, PublicKeyToken=b03f5f7f11d50a3a".
             Se usar├í esta versi├│n en lugar de la versi├│n original "8.0.0.0" en "C:\temp\MVP\documento-ia-clasificacion-mvp\src\backend\DocumentIA.Core\bin\Debug\net8.0\DocumentIA.Core.dll" porque AutoUnify es 'true'.
             La ruta de acceso del archivo resuelta es "C:\Program Files\dotnet\packs\Microsoft.NETCore.App.Ref\9.0.12\ref\net9.0\System.Runtime.dll".
             Se encontr├│ una referencia en la ubicaci├│n de ruta de acceso de b├║squeda "{RawFileName}".
             Esta referencia no es "CopyLocal" porque existe al menos un elemento de origen con "Private" establecido en "false" y ning├║n elemento de origen con "Private" establecido en "true".
         Referencia principal "System.Security.AccessControl, Version=9.0.0.0, Culture=neutral, PublicKeyToken=b03f5f7f11d50a3a".
             La ruta de acceso del archivo resuelta es "C:\Program Files\dotnet\packs\Microsoft.NETCore.App.Ref\9.0.12\ref\net9.0\System.Security.AccessControl.dll".
             Se encontr├│ una referencia en la ubicaci├│n de ruta de acceso de b├║squeda "{RawFileName}".
             Esta referencia no es "CopyLocal" porque existe al menos un elemento de origen con "Private" establecido en "false" y ning├║n elemento de origen con "Private" establecido en "true".
         Referencia principal "System.Security.Claims, Version=9.0.0.0, Culture=neutral, PublicKeyToken=b03f5f7f11d50a3a".
             La ruta de acceso del archivo resuelta es "C:\Program Files\dotnet\packs\Microsoft.NETCore.App.Ref\9.0.12\ref\net9.0\System.Security.Claims.dll".
             Se encontr├│ una referencia en la ubicaci├│n de ruta de acceso de b├║squeda "{RawFileName}".
             Esta referencia no es "CopyLocal" porque existe al menos un elemento de origen con "Private" establecido en "false" y ning├║n elemento de origen con "Private" establecido en "true".
         Referencia principal "System.Security.Cryptography.Algorithms, Version=9.0.0.0, Culture=neutral, PublicKeyToken=b03f5f7f11d50a3a".
             La ruta de acceso del archivo resuelta es "C:\Program Files\dotnet\packs\Microsoft.NETCore.App.Ref\9.0.12\ref\net9.0\System.Security.Cryptography.Algorithms.dll".
             Se encontr├│ una referencia en la ubicaci├│n de ruta de acceso de b├║squeda "{RawFileName}".
             Esta referencia no es "CopyLocal" porque existe al menos un elemento de origen con "Private" establecido en "false" y ning├║n elemento de origen con "Private" establecido en "true".
         Referencia principal "System.Security.Cryptography.Cng, Version=9.0.0.0, Culture=neutral, PublicKeyToken=b03f5f7f11d50a3a".
             La ruta de acceso del archivo resuelta es "C:\Program Files\dotnet\packs\Microsoft.NETCore.App.Ref\9.0.12\ref\net9.0\System.Security.Cryptography.Cng.dll".
             Se encontr├│ una referencia en la ubicaci├│n de ruta de acceso de b├║squeda "{RawFileName}".
             Esta referencia no es "CopyLocal" porque existe al menos un elemento de origen con "Private" establecido en "false" y ning├║n elemento de origen con "Private" establecido en "true".
         Referencia principal "System.Security.Cryptography.Csp, Version=9.0.0.0, Culture=neutral, PublicKeyToken=b03f5f7f11d50a3a".
             La ruta de acceso del archivo resuelta es "C:\Program Files\dotnet\packs\Microsoft.NETCore.App.Ref\9.0.12\ref\net9.0\System.Security.Cryptography.Csp.dll".
             Se encontr├│ una referencia en la ubicaci├│n de ruta de acceso de b├║squeda "{RawFileName}".
             Esta referencia no es "CopyLocal" porque existe al menos un elemento de origen con "Private" establecido en "false" y ning├║n elemento de origen con "Private" establecido en "true".
         Referencia principal "System.Security.Cryptography.Encoding, Version=9.0.0.0, Culture=neutral, PublicKeyToken=b03f5f7f11d50a3a".
             La ruta de acceso del archivo resuelta es "C:\Program Files\dotnet\packs\Microsoft.NETCore.App.Ref\9.0.12\ref\net9.0\System.Security.Cryptography.Encoding.dll".
             Se encontr├│ una referencia en la ubicaci├│n de ruta de acceso de b├║squeda "{RawFileName}".
             Esta referencia no es "CopyLocal" porque existe al menos un elemento de origen con "Private" establecido en "false" y ning├║n elemento de origen con "Private" establecido en "true".
         Referencia principal "System.Security.Cryptography.OpenSsl, Version=9.0.0.0, Culture=neutral, PublicKeyToken=b03f5f7f11d50a3a".
             La ruta de acceso del archivo resuelta es "C:\Program Files\dotnet\packs\Microsoft.NETCore.App.Ref\9.0.12\ref\net9.0\System.Security.Cryptography.OpenSsl.dll".
             Se encontr├│ una referencia en la ubicaci├│n de ruta de acceso de b├║squeda "{RawFileName}".
             Esta referencia no es "CopyLocal" porque existe al menos un elemento de origen con "Private" establecido en "false" y ning├║n elemento de origen con "Private" establecido en "true".
         Referencia principal "System.Security.Cryptography.Primitives, Version=9.0.0.0, Culture=neutral, PublicKeyToken=b03f5f7f11d50a3a".
             La ruta de acceso del archivo resuelta es "C:\Program Files\dotnet\packs\Microsoft.NETCore.App.Ref\9.0.12\ref\net9.0\System.Security.Cryptography.Primitives.dll".
             Se encontr├│ una referencia en la ubicaci├│n de ruta de acceso de b├║squeda "{RawFileName}".
             Esta referencia no es "CopyLocal" porque existe al menos un elemento de origen con "Private" establecido en "false" y ning├║n elemento de origen con "Private" establecido en "true".
         Referencia principal "System.Security.Cryptography.X509Certificates, Version=9.0.0.0, Culture=neutral, PublicKeyToken=b03f5f7f11d50a3a".
             La ruta de acceso del archivo resuelta es "C:\Program Files\dotnet\packs\Microsoft.NETCore.App.Ref\9.0.12\ref\net9.0\System.Security.Cryptography.X509Certificates.dll".
             Se encontr├│ una referencia en la ubicaci├│n de ruta de acceso de b├║squeda "{RawFileName}".
             Esta referencia no es "CopyLocal" porque existe al menos un elemento de origen con "Private" establecido en "false" y ning├║n elemento de origen con "Private" establecido en "true".
         Referencia principal unificada "System.Security.Cryptography, Version=9.0.0.0, Culture=neutral, PublicKeyToken=b03f5f7f11d50a3a".
             Se usar├í esta versi├│n en lugar de la versi├│n original "8.0.0.0" en "C:\temp\MVP\documento-ia-clasificacion-mvp\src\backend\DocumentIA.Core\bin\Debug\net8.0\DocumentIA.Core.dll" porque AutoUnify es 'true'.
             La ruta de acceso del archivo resuelta es "C:\Program Files\dotnet\packs\Microsoft.NETCore.App.Ref\9.0.12\ref\net9.0\System.Security.Cryptography.dll".
             Se encontr├│ una referencia en la ubicaci├│n de ruta de acceso de b├║squeda "{RawFileName}".
             Esta referencia no es "CopyLocal" porque existe al menos un elemento de origen con "Private" establecido en "false" y ning├║n elemento de origen con "Private" establecido en "true".
         Referencia principal "System.Security.Principal.Windows, Version=9.0.0.0, Culture=neutral, PublicKeyToken=b03f5f7f11d50a3a".
             La ruta de acceso del archivo resuelta es "C:\Program Files\dotnet\packs\Microsoft.NETCore.App.Ref\9.0.12\ref\net9.0\System.Security.Principal.Windows.dll".
             Se encontr├│ una referencia en la ubicaci├│n de ruta de acceso de b├║squeda "{RawFileName}".
             Esta referencia no es "CopyLocal" porque existe al menos un elemento de origen con "Private" establecido en "false" y ning├║n elemento de origen con "Private" establecido en "true".
         Referencia principal "System.Security.Principal, Version=9.0.0.0, Culture=neutral, PublicKeyToken=b03f5f7f11d50a3a".
             La ruta de acceso del archivo resuelta es "C:\Program Files\dotnet\packs\Microsoft.NETCore.App.Ref\9.0.12\ref\net9.0\System.Security.Principal.dll".
             Se encontr├│ una referencia en la ubicaci├│n de ruta de acceso de b├║squeda "{RawFileName}".
             Esta referencia no es "CopyLocal" porque existe al menos un elemento de origen con "Private" establecido en "false" y ning├║n elemento de origen con "Private" establecido en "true".
         Referencia principal "System.Security.SecureString, Version=9.0.0.0, Culture=neutral, PublicKeyToken=b03f5f7f11d50a3a".
             La ruta de acceso del archivo resuelta es "C:\Program Files\dotnet\packs\Microsoft.NETCore.App.Ref\9.0.12\ref\net9.0\System.Security.SecureString.dll".
             Se encontr├│ una referencia en la ubicaci├│n de ruta de acceso de b├║squeda "{RawFileName}".
             Esta referencia no es "CopyLocal" porque existe al menos un elemento de origen con "Private" establecido en "false" y ning├║n elemento de origen con "Private" establecido en "true".
         Referencia principal "System.Security, Version=4.0.0.0, Culture=neutral, PublicKeyToken=b03f5f7f11d50a3a".
             La ruta de acceso del archivo resuelta es "C:\Program Files\dotnet\packs\Microsoft.NETCore.App.Ref\9.0.12\ref\net9.0\System.Security.dll".
             Se encontr├│ una referencia en la ubicaci├│n de ruta de acceso de b├║squeda "{RawFileName}".
             Esta referencia no es "CopyLocal" porque existe al menos un elemento de origen con "Private" establecido en "false" y ning├║n elemento de origen con "Private" establecido en "true".
         Referencia principal "System.ServiceModel.Web, Version=4.0.0.0, Culture=neutral, PublicKeyToken=31bf3856ad364e35".
             La ruta de acceso del archivo resuelta es "C:\Program Files\dotnet\packs\Microsoft.NETCore.App.Ref\9.0.12\ref\net9.0\System.ServiceModel.Web.dll".
             Se encontr├│ una referencia en la ubicaci├│n de ruta de acceso de b├║squeda "{RawFileName}".
             Esta referencia no es "CopyLocal" porque existe al menos un elemento de origen con "Private" establecido en "false" y ning├║n elemento de origen con "Private" establecido en "true".
         Referencia principal "System.ServiceProcess, Version=4.0.0.0, Culture=neutral, PublicKeyToken=b03f5f7f11d50a3a".
             La ruta de acceso del archivo resuelta es "C:\Program Files\dotnet\packs\Microsoft.NETCore.App.Ref\9.0.12\ref\net9.0\System.ServiceProcess.dll".
             Se encontr├│ una referencia en la ubicaci├│n de ruta de acceso de b├║squeda "{RawFileName}".
             Esta referencia no es "CopyLocal" porque existe al menos un elemento de origen con "Private" establecido en "false" y ning├║n elemento de origen con "Private" establecido en "true".
         Referencia principal "System.Text.Encoding.CodePages, Version=9.0.0.0, Culture=neutral, PublicKeyToken=b03f5f7f11d50a3a".
             La ruta de acceso del archivo resuelta es "C:\Program Files\dotnet\packs\Microsoft.NETCore.App.Ref\9.0.12\ref\net9.0\System.Text.Encoding.CodePages.dll".
             Se encontr├│ una referencia en la ubicaci├│n de ruta de acceso de b├║squeda "{RawFileName}".
             Esta referencia no es "CopyLocal" porque existe al menos un elemento de origen con "Private" establecido en "false" y ning├║n elemento de origen con "Private" establecido en "true".
         Referencia principal "System.Text.Encoding.Extensions, Version=9.0.0.0, Culture=neutral, PublicKeyToken=b03f5f7f11d50a3a".
             La ruta de acceso del archivo resuelta es "C:\Program Files\dotnet\packs\Microsoft.NETCore.App.Ref\9.0.12\ref\net9.0\System.Text.Encoding.Extensions.dll".
             Se encontr├│ una referencia en la ubicaci├│n de ruta de acceso de b├║squeda "{RawFileName}".
             Esta referencia no es "CopyLocal" porque existe al menos un elemento de origen con "Private" establecido en "false" y ning├║n elemento de origen con "Private" establecido en "true".
         Referencia principal "System.Text.Encoding, Version=9.0.0.0, Culture=neutral, PublicKeyToken=b03f5f7f11d50a3a".
             La ruta de acceso del archivo resuelta es "C:\Program Files\dotnet\packs\Microsoft.NETCore.App.Ref\9.0.12\ref\net9.0\System.Text.Encoding.dll".
             Se encontr├│ una referencia en la ubicaci├│n de ruta de acceso de b├║squeda "{RawFileName}".
             Esta referencia no es "CopyLocal" porque existe al menos un elemento de origen con "Private" establecido en "false" y ning├║n elemento de origen con "Private" establecido en "true".
         Referencia principal unificada "System.Text.RegularExpressions, Version=9.0.0.0, Culture=neutral, PublicKeyToken=b03f5f7f11d50a3a".
             Se usar├í esta versi├│n en lugar de la versi├│n original "8.0.0.0" en "C:\temp\MVP\documento-ia-clasificacion-mvp\src\backend\DocumentIA.Core\bin\Debug\net8.0\DocumentIA.Core.dll" porque AutoUnify es 'true'.
             La ruta de acceso del archivo resuelta es "C:\Program Files\dotnet\packs\Microsoft.NETCore.App.Ref\9.0.12\ref\net9.0\System.Text.RegularExpressions.dll".
             Se encontr├│ una referencia en la ubicaci├│n de ruta de acceso de b├║squeda "{RawFileName}".
             Esta referencia no es "CopyLocal" porque existe al menos un elemento de origen con "Private" establecido en "false" y ning├║n elemento de origen con "Private" establecido en "true".
         Referencia principal "System.Threading.Channels, Version=9.0.0.0, Culture=neutral, PublicKeyToken=cc7b13ffcd2ddd51".
             La ruta de acceso del archivo resuelta es "C:\Program Files\dotnet\packs\Microsoft.NETCore.App.Ref\9.0.12\ref\net9.0\System.Threading.Channels.dll".
             Se encontr├│ una referencia en la ubicaci├│n de ruta de acceso de b├║squeda "{RawFileName}".
             Esta referencia no es "CopyLocal" porque existe al menos un elemento de origen con "Private" establecido en "false" y ning├║n elemento de origen con "Private" establecido en "true".
         Referencia principal "System.Threading.Overlapped, Version=9.0.0.0, Culture=neutral, PublicKeyToken=b03f5f7f11d50a3a".
             La ruta de acceso del archivo resuelta es "C:\Program Files\dotnet\packs\Microsoft.NETCore.App.Ref\9.0.12\ref\net9.0\System.Threading.Overlapped.dll".
             Se encontr├│ una referencia en la ubicaci├│n de ruta de acceso de b├║squeda "{RawFileName}".
             Esta referencia no es "CopyLocal" porque existe al menos un elemento de origen con "Private" establecido en "false" y ning├║n elemento de origen con "Private" establecido en "true".
         Referencia principal "System.Threading.Tasks.Dataflow, Version=9.0.0.0, Culture=neutral, PublicKeyToken=b03f5f7f11d50a3a".
             La ruta de acceso del archivo resuelta es "C:\Program Files\dotnet\packs\Microsoft.NETCore.App.Ref\9.0.12\ref\net9.0\System.Threading.Tasks.Dataflow.dll".
             Se encontr├│ una referencia en la ubicaci├│n de ruta de acceso de b├║squeda "{RawFileName}".
             Esta referencia no es "CopyLocal" porque existe al menos un elemento de origen con "Private" establecido en "false" y ning├║n elemento de origen con "Private" establecido en "true".
         Referencia principal "System.Threading.Tasks.Extensions, Version=9.0.0.0, Culture=neutral, PublicKeyToken=cc7b13ffcd2ddd51".
             La ruta de acceso del archivo resuelta es "C:\Program Files\dotnet\packs\Microsoft.NETCore.App.Ref\9.0.12\ref\net9.0\System.Threading.Tasks.Extensions.dll".
             Se encontr├│ una referencia en la ubicaci├│n de ruta de acceso de b├║squeda "{RawFileName}".
             Esta referencia no es "CopyLocal" porque existe al menos un elemento de origen con "Private" establecido en "false" y ning├║n elemento de origen con "Private" establecido en "true".
         Referencia principal "System.Threading.Tasks.Parallel, Version=9.0.0.0, Culture=neutral, PublicKeyToken=b03f5f7f11d50a3a".
             La ruta de acceso del archivo resuelta es "C:\Program Files\dotnet\packs\Microsoft.NETCore.App.Ref\9.0.12\ref\net9.0\System.Threading.Tasks.Parallel.dll".
             Se encontr├│ una referencia en la ubicaci├│n de ruta de acceso de b├║squeda "{RawFileName}".
             Esta referencia no es "CopyLocal" porque existe al menos un elemento de origen con "Private" establecido en "false" y ning├║n elemento de origen con "Private" establecido en "true".
         Referencia principal "System.Threading.Tasks, Version=9.0.0.0, Culture=neutral, PublicKeyToken=b03f5f7f11d50a3a".
             La ruta de acceso del archivo resuelta es "C:\Program Files\dotnet\packs\Microsoft.NETCore.App.Ref\9.0.12\ref\net9.0\System.Threading.Tasks.dll".
             Se encontr├│ una referencia en la ubicaci├│n de ruta de acceso de b├║squeda "{RawFileName}".
             Esta referencia no es "CopyLocal" porque existe al menos un elemento de origen con "Private" establecido en "false" y ning├║n elemento de origen con "Private" establecido en "true".
         Referencia principal "System.Threading.Thread, Version=9.0.0.0, Culture=neutral, PublicKeyToken=b03f5f7f11d50a3a".
             La ruta de acceso del archivo resuelta es "C:\Program Files\dotnet\packs\Microsoft.NETCore.App.Ref\9.0.12\ref\net9.0\System.Threading.Thread.dll".
             Se encontr├│ una referencia en la ubicaci├│n de ruta de acceso de b├║squeda "{RawFileName}".
             Esta referencia no es "CopyLocal" porque existe al menos un elemento de origen con "Private" establecido en "false" y ning├║n elemento de origen con "Private" establecido en "true".
         Referencia principal "System.Threading.ThreadPool, Version=9.0.0.0, Culture=neutral, PublicKeyToken=b03f5f7f11d50a3a".
             La ruta de acceso del archivo resuelta es "C:\Program Files\dotnet\packs\Microsoft.NETCore.App.Ref\9.0.12\ref\net9.0\System.Threading.ThreadPool.dll".
             Se encontr├│ una referencia en la ubicaci├│n de ruta de acceso de b├║squeda "{RawFileName}".
             Esta referencia no es "CopyLocal" porque existe al menos un elemento de origen con "Private" establecido en "false" y ning├║n elemento de origen con "Private" establecido en "true".
         Referencia principal "System.Threading.Timer, Version=9.0.0.0, Culture=neutral, PublicKeyToken=b03f5f7f11d50a3a".
             La ruta de acceso del archivo resuelta es "C:\Program Files\dotnet\packs\Microsoft.NETCore.App.Ref\9.0.12\ref\net9.0\System.Threading.Timer.dll".
             Se encontr├│ una referencia en la ubicaci├│n de ruta de acceso de b├║squeda "{RawFileName}".
             Esta referencia no es "CopyLocal" porque existe al menos un elemento de origen con "Private" establecido en "false" y ning├║n elemento de origen con "Private" establecido en "true".
         Referencia principal "System.Threading, Version=9.0.0.0, Culture=neutral, PublicKeyToken=b03f5f7f11d50a3a".
             La ruta de acceso del archivo resuelta es "C:\Program Files\dotnet\packs\Microsoft.NETCore.App.Ref\9.0.12\ref\net9.0\System.Threading.dll".
             Se encontr├│ una referencia en la ubicaci├│n de ruta de acceso de b├║squeda "{RawFileName}".
             Esta referencia no es "CopyLocal" porque existe al menos un elemento de origen con "Private" establecido en "false" y ning├║n elemento de origen con "Private" establecido en "true".
         Referencia principal "System.Transactions.Local, Version=9.0.0.0, Culture=neutral, PublicKeyToken=cc7b13ffcd2ddd51".
             La ruta de acceso del archivo resuelta es "C:\Program Files\dotnet\packs\Microsoft.NETCore.App.Ref\9.0.12\ref\net9.0\System.Transactions.Local.dll".
             Se encontr├│ una referencia en la ubicaci├│n de ruta de acceso de b├║squeda "{RawFileName}".
             Esta referencia no es "CopyLocal" porque existe al menos un elemento de origen con "Private" establecido en "false" y ning├║n elemento de origen con "Private" establecido en "true".
         Referencia principal "System.Transactions, Version=4.0.0.0, Culture=neutral, PublicKeyToken=b77a5c561934e089".
             La ruta de acceso del archivo resuelta es "C:\Program Files\dotnet\packs\Microsoft.NETCore.App.Ref\9.0.12\ref\net9.0\System.Transactions.dll".
             Se encontr├│ una referencia en la ubicaci├│n de ruta de acceso de b├║squeda "{RawFileName}".
             Esta referencia no es "CopyLocal" porque existe al menos un elemento de origen con "Private" establecido en "false" y ning├║n elemento de origen con "Private" establecido en "true".
         Referencia principal "System.ValueTuple, Version=9.0.0.0, Culture=neutral, PublicKeyToken=cc7b13ffcd2ddd51".
             La ruta de acceso del archivo resuelta es "C:\Program Files\dotnet\packs\Microsoft.NETCore.App.Ref\9.0.12\ref\net9.0\System.ValueTuple.dll".
             Se encontr├│ una referencia en la ubicaci├│n de ruta de acceso de b├║squeda "{RawFileName}".
             Esta referencia no es "CopyLocal" porque existe al menos un elemento de origen con "Private" establecido en "false" y ning├║n elemento de origen con "Private" establecido en "true".
         Referencia principal "System.Web.HttpUtility, Version=9.0.0.0, Culture=neutral, PublicKeyToken=cc7b13ffcd2ddd51".
             La ruta de acceso del archivo resuelta es "C:\Program Files\dotnet\packs\Microsoft.NETCore.App.Ref\9.0.12\ref\net9.0\System.Web.HttpUtility.dll".
             Se encontr├│ una referencia en la ubicaci├│n de ruta de acceso de b├║squeda "{RawFileName}".
             Esta referencia no es "CopyLocal" porque existe al menos un elemento de origen con "Private" establecido en "false" y ning├║n elemento de origen con "Private" establecido en "true".
         Referencia principal "System.Web, Version=4.0.0.0, Culture=neutral, PublicKeyToken=b03f5f7f11d50a3a".
             La ruta de acceso del archivo resuelta es "C:\Program Files\dotnet\packs\Microsoft.NETCore.App.Ref\9.0.12\ref\net9.0\System.Web.dll".
             Se encontr├│ una referencia en la ubicaci├│n de ruta de acceso de b├║squeda "{RawFileName}".
             Esta referencia no es "CopyLocal" porque existe al menos un elemento de origen con "Private" establecido en "false" y ning├║n elemento de origen con "Private" establecido en "true".
         Referencia principal "System.Windows, Version=4.0.0.0, Culture=neutral, PublicKeyToken=b03f5f7f11d50a3a".
             La ruta de acceso del archivo resuelta es "C:\Program Files\dotnet\packs\Microsoft.NETCore.App.Ref\9.0.12\ref\net9.0\System.Windows.dll".
             Se encontr├│ una referencia en la ubicaci├│n de ruta de acceso de b├║squeda "{RawFileName}".
             Esta referencia no es "CopyLocal" porque existe al menos un elemento de origen con "Private" establecido en "false" y ning├║n elemento de origen con "Private" establecido en "true".
         Referencia principal "System.Xml.Linq, Version=4.0.0.0, Culture=neutral, PublicKeyToken=b77a5c561934e089".
             La ruta de acceso del archivo resuelta es "C:\Program Files\dotnet\packs\Microsoft.NETCore.App.Ref\9.0.12\ref\net9.0\System.Xml.Linq.dll".
             Se encontr├│ una referencia en la ubicaci├│n de ruta de acceso de b├║squeda "{RawFileName}".
             Esta referencia no es "CopyLocal" porque existe al menos un elemento de origen con "Private" establecido en "false" y ning├║n elemento de origen con "Private" establecido en "true".
         Referencia principal "System.Xml.ReaderWriter, Version=9.0.0.0, Culture=neutral, PublicKeyToken=b03f5f7f11d50a3a".
             La ruta de acceso del archivo resuelta es "C:\Program Files\dotnet\packs\Microsoft.NETCore.App.Ref\9.0.12\ref\net9.0\System.Xml.ReaderWriter.dll".
             Se encontr├│ una referencia en la ubicaci├│n de ruta de acceso de b├║squeda "{RawFileName}".
             Esta referencia no es "CopyLocal" porque existe al menos un elemento de origen con "Private" establecido en "false" y ning├║n elemento de origen con "Private" establecido en "true".
         Referencia principal "System.Xml.Serialization, Version=4.0.0.0, Culture=neutral, PublicKeyToken=b77a5c561934e089".
             La ruta de acceso del archivo resuelta es "C:\Program Files\dotnet\packs\Microsoft.NETCore.App.Ref\9.0.12\ref\net9.0\System.Xml.Serialization.dll".
             Se encontr├│ una referencia en la ubicaci├│n de ruta de acceso de b├║squeda "{RawFileName}".
             Esta referencia no es "CopyLocal" porque existe al menos un elemento de origen con "Private" establecido en "false" y ning├║n elemento de origen con "Private" establecido en "true".
         Referencia principal "System.Xml.XDocument, Version=9.0.0.0, Culture=neutral, PublicKeyToken=b03f5f7f11d50a3a".
             La ruta de acceso del archivo resuelta es "C:\Program Files\dotnet\packs\Microsoft.NETCore.App.Ref\9.0.12\ref\net9.0\System.Xml.XDocument.dll".
             Se encontr├│ una referencia en la ubicaci├│n de ruta de acceso de b├║squeda "{RawFileName}".
             Esta referencia no es "CopyLocal" porque existe al menos un elemento de origen con "Private" establecido en "false" y ning├║n elemento de origen con "Private" establecido en "true".
         Referencia principal "System.Xml.XPath.XDocument, Version=9.0.0.0, Culture=neutral, PublicKeyToken=b03f5f7f11d50a3a".
             La ruta de acceso del archivo resuelta es "C:\Program Files\dotnet\packs\Microsoft.NETCore.App.Ref\9.0.12\ref\net9.0\System.Xml.XPath.XDocument.dll".
             Se encontr├│ una referencia en la ubicaci├│n de ruta de acceso de b├║squeda "{RawFileName}".
             Esta referencia no es "CopyLocal" porque existe al menos un elemento de origen con "Private" establecido en "false" y ning├║n elemento de origen con "Private" establecido en "true".
         Referencia principal "System.Xml.XPath, Version=9.0.0.0, Culture=neutral, PublicKeyToken=b03f5f7f11d50a3a".
             La ruta de acceso del archivo resuelta es "C:\Program Files\dotnet\packs\Microsoft.NETCore.App.Ref\9.0.12\ref\net9.0\System.Xml.XPath.dll".
             Se encontr├│ una referencia en la ubicaci├│n de ruta de acceso de b├║squeda "{RawFileName}".
             Esta referencia no es "CopyLocal" porque existe al menos un elemento de origen con "Private" establecido en "false" y ning├║n elemento de origen con "Private" establecido en "true".
         Referencia principal "System.Xml.XmlDocument, Version=9.0.0.0, Culture=neutral, PublicKeyToken=b03f5f7f11d50a3a".
             La ruta de acceso del archivo resuelta es "C:\Program Files\dotnet\packs\Microsoft.NETCore.App.Ref\9.0.12\ref\net9.0\System.Xml.XmlDocument.dll".
             Se encontr├│ una referencia en la ubicaci├│n de ruta de acceso de b├║squeda "{RawFileName}".
             Esta referencia no es "CopyLocal" porque existe al menos un elemento de origen con "Private" establecido en "false" y ning├║n elemento de origen con "Private" establecido en "true".
         Referencia principal "System.Xml.XmlSerializer, Version=9.0.0.0, Culture=neutral, PublicKeyToken=b03f5f7f11d50a3a".
             La ruta de acceso del archivo resuelta es "C:\Program Files\dotnet\packs\Microsoft.NETCore.App.Ref\9.0.12\ref\net9.0\System.Xml.XmlSerializer.dll".
             Se encontr├│ una referencia en la ubicaci├│n de ruta de acceso de b├║squeda "{RawFileName}".
             Esta referencia no es "CopyLocal" porque existe al menos un elemento de origen con "Private" establecido en "false" y ning├║n elemento de origen con "Private" establecido en "true".
         Referencia principal "System.Xml, Version=4.0.0.0, Culture=neutral, PublicKeyToken=b77a5c561934e089".
             La ruta de acceso del archivo resuelta es "C:\Program Files\dotnet\packs\Microsoft.NETCore.App.Ref\9.0.12\ref\net9.0\System.Xml.dll".
             Se encontr├│ una referencia en la ubicaci├│n de ruta de acceso de b├║squeda "{RawFileName}".
             Esta referencia no es "CopyLocal" porque existe al menos un elemento de origen con "Private" establecido en "false" y ning├║n elemento de origen con "Private" establecido en "true".
         Referencia principal "System, Version=4.0.0.0, Culture=neutral, PublicKeyToken=b77a5c561934e089".
             La ruta de acceso del archivo resuelta es "C:\Program Files\dotnet\packs\Microsoft.NETCore.App.Ref\9.0.12\ref\net9.0\System.dll".
             Se encontr├│ una referencia en la ubicaci├│n de ruta de acceso de b├║squeda "{RawFileName}".
             Esta referencia no es "CopyLocal" porque existe al menos un elemento de origen con "Private" establecido en "false" y ning├║n elemento de origen con "Private" establecido en "true".
         Referencia principal "WindowsBase, Version=4.0.0.0, Culture=neutral, PublicKeyToken=31bf3856ad364e35".
             La ruta de acceso del archivo resuelta es "C:\Program Files\dotnet\packs\Microsoft.NETCore.App.Ref\9.0.12\ref\net9.0\WindowsBase.dll".
             Se encontr├│ una referencia en la ubicaci├│n de ruta de acceso de b├║squeda "{RawFileName}".
             Esta referencia no es "CopyLocal" porque existe al menos un elemento de origen con "Private" establecido en "false" y ning├║n elemento de origen con "Private" establecido en "true".
         Referencia principal "mscorlib, Version=4.0.0.0, Culture=neutral, PublicKeyToken=b77a5c561934e089".
             La ruta de acceso del archivo resuelta es "C:\Program Files\dotnet\packs\Microsoft.NETCore.App.Ref\9.0.12\ref\net9.0\mscorlib.dll".
             Se encontr├│ una referencia en la ubicaci├│n de ruta de acceso de b├║squeda "{RawFileName}".
             Esta referencia no es "CopyLocal" porque existe al menos un elemento de origen con "Private" establecido en "false" y ning├║n elemento de origen con "Private" establecido en "true".
         Referencia principal "netstandard, Version=2.1.0.0, Culture=neutral, PublicKeyToken=cc7b13ffcd2ddd51".
             La ruta de acceso del archivo resuelta es "C:\Program Files\dotnet\packs\Microsoft.NETCore.App.Ref\9.0.12\ref\net9.0\netstandard.dll".
             Se encontr├│ una referencia en la ubicaci├│n de ruta de acceso de b├║squeda "{RawFileName}".
             Esta referencia no es "CopyLocal" porque existe al menos un elemento de origen con "Private" establecido en "false" y ning├║n elemento de origen con "Private" establecido en "true".
       Ejecuci├│n de la tarea "ResolveAssemblyReference" terminada.
   1:8>Compilaci├│n terminada del destino "ResolveAssemblyReferences" en el proyecto "DocumentIA.Tests.Unit.csproj".
       Se omiti├│ el destino "GenerateBindingRedirects" debido a una condici├│n falsa (False); ('$(AutoGenerateBindingRedirects)' == 'true' and '$(GenerateBindingRedirectsOutputType)' == 'true' and '@(SuggestedBindingRedirects)' != '' and '$(DesignTimeBuild)' != 'true' and '$(BuildingProject)' == 'true') se evalu├│ como ('' == 'true' and '' == 'true' and 'System.Collections, Culture=neutral, PublicKeyToken=b03f5f7f11d50a3a;System.Runtime, Culture=neutral, PublicKeyToken=b03f5f7f11d50a3a;System.Security.Cryptography, Culture=neutral, PublicKeyToken=b03f5f7f11d50a3a;...' != '' and '' != 'true' and 'true' == 'true').
       Se omiti├│ el destino "GenerateSupportedRuntime" debido a una condici├│n falsa (False); ('$(GenerateSupportedRuntime)' != 'false' and '$(TargetFrameworkIdentifier)' == '.NETFramework' and '$(HasRuntimeOutput)' == 'true') se evalu├│ como ('' != 'false' and '.NETCoreApp' == '.NETFramework' and 'true' == 'true').
       Se omiti├│ el destino "GenerateBindingRedirectsUpdateAppConfig" debido a una condici├│n falsa (False); ('$(AutoGenerateBindingRedirects)' == 'true' and '$(GenerateBindingRedirectsOutputType)' == 'true') se evalu├│ como ('' == 'true' and '' == 'true').
       Se omiti├│ el destino "ResolveComReferences" debido a una condici├│n falsa (False); ('@(COMReference)'!='' or '@(COMFileReference)'!='') se evalu├│ como (''!='' or ''!='').
   1:8>Destino "AfterResolveReferences" en el archivo "C:\Program Files\dotnet\sdk\9.0.310\Microsoft.Common.CurrentVersion.targets" del proyecto "C:\temp\MVP\documento-ia-clasificacion-mvp\src\backend\DocumentIA.Tests.Unit\DocumentIA.Tests.Unit.csproj" (el destino "ResolveReferences" depende de ├®l):
   1:8>Compilaci├│n terminada del destino "AfterResolveReferences" en el proyecto "DocumentIA.Tests.Unit.csproj".
   1:8>Destino "ResolveReferences" en el archivo "C:\Program Files\dotnet\sdk\9.0.310\Microsoft.Common.CurrentVersion.targets" del proyecto "C:\temp\MVP\documento-ia-clasificacion-mvp\src\backend\DocumentIA.Tests.Unit\DocumentIA.Tests.Unit.csproj" (el destino "_BlockWinMDsOnUnsupportedTFMs" depende de ├®l):
   1:8>Compilaci├│n terminada del destino "ResolveReferences" en el proyecto "DocumentIA.Tests.Unit.csproj".
   1:8>Destino "_BlockWinMDsOnUnsupportedTFMs" en el archivo "C:\Program Files\dotnet\sdk\9.0.310\Sdks\Microsoft.NET.Sdk\targets\Microsoft.NET.Sdk.targets" del proyecto "C:\temp\MVP\documento-ia-clasificacion-mvp\src\backend\DocumentIA.Tests.Unit\DocumentIA.Tests.Unit.csproj" (el destino "CoreBuild" depende de ├®l):
       Usando la tarea "CheckForUnsupportedWinMDReferences" del ensamblado "C:\Program Files\dotnet\sdk\9.0.310\Sdks\Microsoft.NET.Sdk\targets\..\tools\net9.0\Microsoft.NET.Build.Tasks.dll".
       Tarea "CheckForUnsupportedWinMDReferences"
       Ejecuci├│n de la tarea "CheckForUnsupportedWinMDReferences" terminada.
       Se omiti├│ la tarea "NETSdkError" debido a una condici├│n falsa (False); ('$(OutputType)' == 'winmdobj') se evalu├│ como ('Exe' == 'winmdobj').
   1:8>Compilaci├│n terminada del destino "_BlockWinMDsOnUnsupportedTFMs" en el proyecto "DocumentIA.Tests.Unit.csproj".
       Se omiti├│ el destino "ResolveReferences". Compilado previamente de forma correcta.
       Se omiti├│ el destino "ResolvePackageDependenciesForBuild". Compilado previamente de forma correcta.
       Se omiti├│ el destino "_HandlePackageFileConflicts". Compilado previamente de forma correcta.
   1:8>Destino "CopyAdditionalFiles" en el archivo "C:\Program Files\dotnet\sdk\9.0.310\Roslyn\Microsoft.Managed.Core.targets" del proyecto "C:\temp\MVP\documento-ia-clasificacion-mvp\src\backend\DocumentIA.Tests.Unit\DocumentIA.Tests.Unit.csproj" (el destino "AssignTargetPaths" depende de ├®l):
   1:8>Compilaci├│n terminada del destino "CopyAdditionalFiles" en el proyecto "DocumentIA.Tests.Unit.csproj".
       Se omiti├│ el destino "_GetAppHostPaths" debido a una condici├│n falsa (False); ('$(UseAppHost)' == 'true' and '$(_IsExecutable)' == 'true') se evalu├│ como ('' == 'true' and 'true' == 'true').
       Se omiti├│ el destino "_GetAppHostCreationConfiguration" debido a una condici├│n falsa (False); ('$(UseAppHost)' == 'true' and '$(_IsExecutable)' == 'true') se evalu├│ como ('' == 'true' and 'true' == 'true').
       Se omiti├│ el destino "_GetComHostPaths" debido a una condici├│n falsa (False); ('$(EnableComHosting)' == 'true' and '$(_IsExecutable)' != 'true') se evalu├│ como ('' == 'true' and 'true' != 'true').
       Se omiti├│ el destino "_GetIjwHostPaths" debido a una condici├│n falsa (False); ('$(UseIJWHost)' == 'true') se evalu├│ como ('' == 'true').
   1:8>Destino "_ComputeNETCoreBuildOutputFiles" en el archivo "C:\Program Files\dotnet\sdk\9.0.310\Sdks\Microsoft.NET.Sdk\targets\Microsoft.NET.Sdk.targets" del proyecto "C:\temp\MVP\documento-ia-clasificacion-mvp\src\backend\DocumentIA.Tests.Unit\DocumentIA.Tests.Unit.csproj" (el destino "AssignTargetPaths" depende de ├®l):
   1:8>Compilaci├│n terminada del destino "_ComputeNETCoreBuildOutputFiles" en el proyecto "DocumentIA.Tests.Unit.csproj".
   1:8>Destino "AssignTargetPaths" en el archivo "C:\Program Files\dotnet\sdk\9.0.310\Microsoft.Common.CurrentVersion.targets" del proyecto "C:\temp\MVP\documento-ia-clasificacion-mvp\src\backend\DocumentIA.Tests.Unit\DocumentIA.Tests.Unit.csproj" (el destino "PrepareResourceNames" depende de ├®l):
       Tarea "AssignTargetPath"
       Ejecuci├│n de la tarea "AssignTargetPath" terminada.
       Tarea "AssignTargetPath"
       Ejecuci├│n de la tarea "AssignTargetPath" terminada.
       Tarea "AssignTargetPath"
       Ejecuci├│n de la tarea "AssignTargetPath" terminada.
       Tarea "AssignTargetPath"
       Ejecuci├│n de la tarea "AssignTargetPath" terminada.
       Se omiti├│ la tarea "AssignTargetPath" debido a una condici├│n falsa (False); ('@(_DeploymentBaseManifestWithTargetPath)'=='' and '%(None.Extension)'=='.manifest') se evalu├│ como (''=='' and '.dll'=='.manifest').
   1:8>Compilaci├│n terminada del destino "AssignTargetPaths" en el proyecto "DocumentIA.Tests.Unit.csproj".
       Se omiti├│ el destino "AssignTargetPaths". Compilado previamente de forma correcta.
   1:8>Destino "SplitResourcesByCulture" en el archivo "C:\Program Files\dotnet\sdk\9.0.310\Microsoft.Common.CurrentVersion.targets" del proyecto "C:\temp\MVP\documento-ia-clasificacion-mvp\src\backend\DocumentIA.Tests.Unit\DocumentIA.Tests.Unit.csproj" (el destino "PrepareResourceNames" depende de ├®l):
       Se omiti├│ la tarea "MSBuildInternalMessage" debido a una condici├│n falsa (False); ('@(ResxWithNoCulture)'!='') se evalu├│ como (''!='').
       Se omiti├│ la tarea "MSBuildInternalMessage" debido a una condici├│n falsa (False); ('@(ResxWithCulture)'!='') se evalu├│ como (''!='').
       Se omiti├│ la tarea "MSBuildInternalMessage" debido a una condici├│n falsa (False); ('@(NonResxWithCulture)'!='') se evalu├│ como (''!='').
       Se omiti├│ la tarea "MSBuildInternalMessage" debido a una condici├│n falsa (False); ('@(NonResxWithNoCulture)'!='') se evalu├│ como (''!='').
       Tarea "AssignCulture"
       Ejecuci├│n de la tarea "AssignCulture" terminada.
   1:8>Compilaci├│n terminada del destino "SplitResourcesByCulture" en el proyecto "DocumentIA.Tests.Unit.csproj".
       Se omiti├│ el destino "CreateManifestResourceNames" debido a una condici├│n falsa (False); ('@(EmbeddedResource)' != '') se evalu├│ como ('' != '').
   1:8>Destino "CreateCustomManifestResourceNames" en el archivo "C:\Program Files\dotnet\sdk\9.0.310\Microsoft.Common.CurrentVersion.targets" del proyecto "C:\temp\MVP\documento-ia-clasificacion-mvp\src\backend\DocumentIA.Tests.Unit\DocumentIA.Tests.Unit.csproj" (el destino "PrepareResourceNames" depende de ├®l):
   1:8>Compilaci├│n terminada del destino "CreateCustomManifestResourceNames" en el proyecto "DocumentIA.Tests.Unit.csproj".
   1:8>Destino "PrepareResourceNames" en el archivo "C:\Program Files\dotnet\sdk\9.0.310\Microsoft.Common.CurrentVersion.targets" del proyecto "C:\temp\MVP\documento-ia-clasificacion-mvp\src\backend\DocumentIA.Tests.Unit\DocumentIA.Tests.Unit.csproj" (el destino "PrepareResources" depende de ├®l):
   1:8>Compilaci├│n terminada del destino "PrepareResourceNames" en el proyecto "DocumentIA.Tests.Unit.csproj".
       Se omiti├│ el destino "ResolveAssemblyReferences". Compilado previamente de forma correcta.
       Se omiti├│ el destino "SplitResourcesByCulture". Compilado previamente de forma correcta.
   1:8>Destino "BeforeResGen" en el archivo "C:\Program Files\dotnet\sdk\9.0.310\Microsoft.Common.CurrentVersion.targets" del proyecto "C:\temp\MVP\documento-ia-clasificacion-mvp\src\backend\DocumentIA.Tests.Unit\DocumentIA.Tests.Unit.csproj" (el destino "ResGen" depende de ├®l):
   1:8>Compilaci├│n terminada del destino "BeforeResGen" en el proyecto "DocumentIA.Tests.Unit.csproj".
       Se omiti├│ el destino "ResolveReferences". Compilado previamente de forma correcta.
   1:8>Destino "FindReferenceAssembliesForReferences" en el archivo "C:\Program Files\dotnet\sdk\9.0.310\Microsoft.Common.CurrentVersion.targets" del proyecto "C:\temp\MVP\documento-ia-clasificacion-mvp\src\backend\DocumentIA.Tests.Unit\DocumentIA.Tests.Unit.csproj" (el destino "CoreResGen" depende de ├®l):
   1:8>Compilaci├│n terminada del destino "FindReferenceAssembliesForReferences" en el proyecto "DocumentIA.Tests.Unit.csproj".
   1:8>Destino "CoreResGen" en el archivo "C:\Program Files\dotnet\sdk\9.0.310\Microsoft.Common.CurrentVersion.targets" del proyecto "C:\temp\MVP\documento-ia-clasificacion-mvp\src\backend\DocumentIA.Tests.Unit\DocumentIA.Tests.Unit.csproj" (el destino "ResGen" depende de ├®l):
       Se omiti├│ la tarea "GenerateResource" debido a una condici├│n falsa (False); ('%(EmbeddedResource.Type)' == 'Resx' and '%(EmbeddedResource.GenerateResource)' != 'false' and '$(GenerateResourceMSBuildRuntime)' != 'CLR2') se evalu├│ como ('' == 'Resx' and '' != 'false' and 'CurrentRuntime' != 'CLR2').
       Se omiti├│ la tarea "GenerateResource" debido a una condici├│n falsa (False); ('%(EmbeddedResource.Type)' == 'Resx' and '%(EmbeddedResource.GenerateResource)' != 'false' and '$(GenerateResourceMSBuildRuntime)' == 'CLR2') se evalu├│ como ('' == 'Resx' and '' != 'false' and 'CurrentRuntime' == 'CLR2').
   1:8>Compilaci├│n terminada del destino "CoreResGen" en el proyecto "DocumentIA.Tests.Unit.csproj".
   1:8>Destino "AfterResGen" en el archivo "C:\Program Files\dotnet\sdk\9.0.310\Microsoft.Common.CurrentVersion.targets" del proyecto "C:\temp\MVP\documento-ia-clasificacion-mvp\src\backend\DocumentIA.Tests.Unit\DocumentIA.Tests.Unit.csproj" (el destino "ResGen" depende de ├®l):
   1:8>Compilaci├│n terminada del destino "AfterResGen" en el proyecto "DocumentIA.Tests.Unit.csproj".
   1:8>Destino "ResGen" en el archivo "C:\Program Files\dotnet\sdk\9.0.310\Microsoft.Common.CurrentVersion.targets" del proyecto "C:\temp\MVP\documento-ia-clasificacion-mvp\src\backend\DocumentIA.Tests.Unit\DocumentIA.Tests.Unit.csproj" (el destino "PrepareResources" depende de ├®l):
   1:8>Compilaci├│n terminada del destino "ResGen" en el proyecto "DocumentIA.Tests.Unit.csproj".
       Se omiti├│ el destino "CompileLicxFiles" debido a una condici├│n falsa (False); ('@(_LicxFile)'!='') se evalu├│ como (''!='').
   1:8>Destino "PrepareResources" en el archivo "C:\Program Files\dotnet\sdk\9.0.310\Microsoft.Common.CurrentVersion.targets" del proyecto "C:\temp\MVP\documento-ia-clasificacion-mvp\src\backend\DocumentIA.Tests.Unit\DocumentIA.Tests.Unit.csproj" (el destino "CoreBuild" depende de ├®l):
   1:8>Compilaci├│n terminada del destino "PrepareResources" en el proyecto "DocumentIA.Tests.Unit.csproj".
       Se omiti├│ el destino "ResolveKeySource" debido a una condici├│n falsa (False); ($(SignManifests) == 'true' or $(SignAssembly) == 'true') se evalu├│ como ( == 'true' or false == 'true').
       Se omiti├│ el destino "ResolveReferences". Compilado previamente de forma correcta.
       Se omiti├│ el destino "ResolveKeySource" debido a una condici├│n falsa (False); ($(SignManifests) == 'true' or $(SignAssembly) == 'true') se evalu├│ como ( == 'true' or false == 'true').
       Se omiti├│ el destino "ResolveComReferences" debido a una condici├│n falsa (False); ('@(COMReference)'!='' or '@(COMFileReference)'!='') se evalu├│ como (''!='' or ''!='').
       Se omiti├│ el destino "ResolveNativeReferences" debido a una condici├│n falsa (False); ('@(NativeReference)'!='') se evalu├│ como (''!='').
       Se omiti├│ el destino "_SetExternalWin32ManifestProperties" debido a una condici├│n falsa (False); ('$(GenerateClickOnceManifests)'=='true' or '@(NativeReference)'!='' or '@(ResolvedIsolatedComModules)'!='') se evalu├│ como (''=='true' or ''!='' or ''!='').
   1:8>Destino "_SetEmbeddedWin32ManifestProperties" en el archivo "C:\Program Files\dotnet\sdk\9.0.310\Microsoft.Common.CurrentVersion.targets" del proyecto "C:\temp\MVP\documento-ia-clasificacion-mvp\src\backend\DocumentIA.Tests.Unit\DocumentIA.Tests.Unit.csproj" (el destino "SetWin32ManifestProperties" depende de ├®l):
       Tarea "GetFrameworkPath"
       Ejecuci├│n de la tarea "GetFrameworkPath" terminada.
   1:8>Compilaci├│n terminada del destino "_SetEmbeddedWin32ManifestProperties" en el proyecto "DocumentIA.Tests.Unit.csproj".
   1:8>Destino "SetWin32ManifestProperties" en el archivo "C:\Program Files\dotnet\sdk\9.0.310\Microsoft.Common.CurrentVersion.targets" del proyecto "C:\temp\MVP\documento-ia-clasificacion-mvp\src\backend\DocumentIA.Tests.Unit\DocumentIA.Tests.Unit.csproj" (el destino "Compile" depende de ├®l):
   1:8>Compilaci├│n terminada del destino "SetWin32ManifestProperties" en el proyecto "DocumentIA.Tests.Unit.csproj".
       Se omiti├│ el destino "_SetPreferNativeArm64Win32ManifestProperties" debido a una condici├│n falsa (False); ( '$(PreferNativeArm64)'=='true' and '$(NoWin32Manifest)'!='true') se evalu├│ como ( 'false'=='true' and ''!='true').
       Se omiti├│ el destino "FindReferenceAssembliesForReferences". Compilado previamente de forma correcta.
   1:8>Destino "_GenerateCompileInputs" en el archivo "C:\Program Files\dotnet\sdk\9.0.310\Microsoft.Common.CurrentVersion.targets" del proyecto "C:\temp\MVP\documento-ia-clasificacion-mvp\src\backend\DocumentIA.Tests.Unit\DocumentIA.Tests.Unit.csproj" (el destino "Compile" depende de ├®l):
       Se omiti├│ la tarea "MSBuildInternalMessage" debido a una condici├│n falsa (False); ('@(ManifestResourceWithNoCulture)'!='' and '%(ManifestResourceWithNoCulture.EmittedForCompatibilityOnly)'=='') se evalu├│ como (''!='' and ''=='').
       Se omiti├│ la tarea "MSBuildInternalMessage" debido a una condici├│n falsa (False); ('@(ManifestNonResxWithNoCultureOnDisk)'!='' and '%(ManifestNonResxWithNoCultureOnDisk.EmittedForCompatibilityOnly)'=='') se evalu├│ como (''!='' and ''=='').
   1:8>Compilaci├│n terminada del destino "_GenerateCompileInputs" en el proyecto "DocumentIA.Tests.Unit.csproj".
       Se omiti├│ el destino "PrepareForBuild". Compilado previamente de forma correcta.
   1:8>Destino "GenerateMSBuildEditorConfigFileShouldRun" en el archivo "C:\Program Files\dotnet\sdk\9.0.310\Roslyn\Microsoft.Managed.Core.targets" del proyecto "C:\temp\MVP\documento-ia-clasificacion-mvp\src\backend\DocumentIA.Tests.Unit\DocumentIA.Tests.Unit.csproj" (el destino "GenerateMSBuildEditorConfigFile" depende de ├®l):
   1:8>Compilaci├│n terminada del destino "GenerateMSBuildEditorConfigFileShouldRun" en el proyecto "DocumentIA.Tests.Unit.csproj".
   1:8>Destino "AddGlobalAnalyzerConfigForPackage_MicrosoftCodeAnalysisCSharpCodeStyle" en el archivo "C:\Program Files\dotnet\sdk\9.0.310\Sdks\Microsoft.NET.Sdk\codestyle\cs\build\Microsoft.CodeAnalysis.CSharp.CodeStyle.targets" del proyecto "C:\temp\MVP\documento-ia-clasificacion-mvp\src\backend\DocumentIA.Tests.Unit\DocumentIA.Tests.Unit.csproj" (el destino "GenerateMSBuildEditorConfigFileCore" depende de ├®l):
   1:8>Compilaci├│n terminada del destino "AddGlobalAnalyzerConfigForPackage_MicrosoftCodeAnalysisCSharpCodeStyle" en el proyecto "DocumentIA.Tests.Unit.csproj".
   1:8>Destino "GenerateMSBuildEditorConfigFileCore" en el archivo "C:\Program Files\dotnet\sdk\9.0.310\Roslyn\Microsoft.Managed.Core.targets" del proyecto "C:\temp\MVP\documento-ia-clasificacion-mvp\src\backend\DocumentIA.Tests.Unit\DocumentIA.Tests.Unit.csproj" (el destino "GenerateMSBuildEditorConfigFile" depende de ├®l):
       Compilando completamente el destino "GenerateMSBuildEditorConfigFileCore".
       No se especificaron archivos de entrada.
       Usando la tarea "GenerateMSBuildEditorConfig" del ensamblado "C:\Program Files\dotnet\sdk\9.0.310\Roslyn\Microsoft.Build.Tasks.CodeAnalysis.dll".
       Tarea "GenerateMSBuildEditorConfig"
       Ejecuci├│n de la tarea "GenerateMSBuildEditorConfig" terminada.
   1:8>Compilaci├│n terminada del destino "GenerateMSBuildEditorConfigFileCore" en el proyecto "DocumentIA.Tests.Unit.csproj".
   1:8>Destino "GenerateMSBuildEditorConfigFile" en el archivo "C:\Program Files\dotnet\sdk\9.0.310\Roslyn\Microsoft.Managed.Core.targets" del proyecto "C:\temp\MVP\documento-ia-clasificacion-mvp\src\backend\DocumentIA.Tests.Unit\DocumentIA.Tests.Unit.csproj" (el destino "BeforeCompile" depende de ├®l):
   1:8>Compilaci├│n terminada del destino "GenerateMSBuildEditorConfigFile" en el proyecto "DocumentIA.Tests.Unit.csproj".
       Se omiti├│ el destino "PrepareForBuild". Compilado previamente de forma correcta.
       Se omiti├│ el destino "GetReferenceAssemblyPaths". Compilado previamente de forma correcta.
   1:8>Destino "_SetTargetFrameworkMonikerAttribute" en el archivo "C:\Program Files\dotnet\sdk\9.0.310\Microsoft.CSharp.CurrentVersion.targets" del proyecto "C:\temp\MVP\documento-ia-clasificacion-mvp\src\backend\DocumentIA.Tests.Unit\DocumentIA.Tests.Unit.csproj" (el destino "GenerateTargetFrameworkMonikerAttribute" depende de ├®l):
   1:8>Compilaci├│n terminada del destino "_SetTargetFrameworkMonikerAttribute" en el proyecto "DocumentIA.Tests.Unit.csproj".
   1:8>Destino "GenerateTargetFrameworkMonikerAttribute" en el archivo "C:\Program Files\dotnet\sdk\9.0.310\Microsoft.Common.CurrentVersion.targets" del proyecto "C:\temp\MVP\documento-ia-clasificacion-mvp\src\backend\DocumentIA.Tests.Unit\DocumentIA.Tests.Unit.csproj" (el destino "BeforeCompile" depende de ├®l):
       Se omitir├í el destino "GenerateTargetFrameworkMonikerAttribute" porque todos los archivos de salida est├ín actualizados respecto a los archivos de entrada.
       Archivos de entrada: C:\Program Files\dotnet\sdk\9.0.310\Microsoft.Common.targets
       Archivos de salida: obj\Debug\net9.0\.NETCoreApp,Version=v9.0.AssemblyAttributes.cs
   1:8>Compilaci├│n terminada del destino "GenerateTargetFrameworkMonikerAttribute" en el proyecto "DocumentIA.Tests.Unit.csproj".
       Se omiti├│ el destino "GenerateAdditionalSources" debido a una condici├│n falsa (False); ('@(AssemblyAttributes)' != '' and '$(GenerateAdditionalSources)' == 'true') se evalu├│ como ('' != '' and '' == 'true').
       Se omiti├│ el destino "PrepareForBuild". Compilado previamente de forma correcta.
   1:8>Destino "GetAssemblyVersion" en el archivo "C:\Program Files\dotnet\sdk\9.0.310\Sdks\Microsoft.NET.Sdk\targets\Microsoft.NET.GenerateAssemblyInfo.targets" del proyecto "C:\temp\MVP\documento-ia-clasificacion-mvp\src\backend\DocumentIA.Tests.Unit\DocumentIA.Tests.Unit.csproj" (el destino "GetAssemblyAttributes" depende de ├®l):
       Usando la tarea "GetAssemblyVersion" del ensamblado "C:\Program Files\dotnet\sdk\9.0.310\Sdks\Microsoft.NET.Sdk\targets\..\tools\net9.0\Microsoft.NET.Build.Tasks.dll".
       Tarea "GetAssemblyVersion"
       Ejecuci├│n de la tarea "GetAssemblyVersion" terminada.
   1:8>Compilaci├│n terminada del destino "GetAssemblyVersion" en el proyecto "DocumentIA.Tests.Unit.csproj".
   1:8>Destino "InitializeSourceControlInformationFromSourceControlManager" en el archivo "C:\Program Files\dotnet\sdk\9.0.310\Sdks\Microsoft.Build.Tasks.Git\build\Microsoft.Build.Tasks.Git.targets" del proyecto "C:\temp\MVP\documento-ia-clasificacion-mvp\src\backend\DocumentIA.Tests.Unit\DocumentIA.Tests.Unit.csproj" (el destino "_InitializeSourceControlInformationFromSourceControlManager" depende de ├®l):
       Usando la tarea "Microsoft.Build.Tasks.Git.LocateRepository" del ensamblado "C:\Program Files\dotnet\sdk\9.0.310\Sdks\Microsoft.Build.Tasks.Git\build\..\tools\core\Microsoft.Build.Tasks.Git.dll".
       Tarea "Microsoft.Build.Tasks.Git.LocateRepository"
         SourceLink: Reusing cached git repository information.
       Ejecuci├│n de la tarea "Microsoft.Build.Tasks.Git.LocateRepository" terminada.
   1:8>Compilaci├│n terminada del destino "InitializeSourceControlInformationFromSourceControlManager" en el proyecto "DocumentIA.Tests.Unit.csproj".
   1:8>Destino "_SourceLinkHasSingleProvider" en el archivo "C:\Program Files\dotnet\sdk\9.0.310\Sdks\Microsoft.SourceLink.Common\build\InitializeSourceControlInformation.targets" del proyecto "C:\temp\MVP\documento-ia-clasificacion-mvp\src\backend\DocumentIA.Tests.Unit\DocumentIA.Tests.Unit.csproj" (el destino "_InitializeSourceControlInformationFromSourceControlManager" depende de ├®l):
       Usando la tarea "Microsoft.SourceLink.Common.SourceLinkHasSingleProvider" del ensamblado "C:\Program Files\dotnet\sdk\9.0.310\Sdks\Microsoft.SourceLink.Common\build\..\tools\core\Microsoft.SourceLink.Common.dll".
       Tarea "Microsoft.SourceLink.Common.SourceLinkHasSingleProvider"
       Ejecuci├│n de la tarea "Microsoft.SourceLink.Common.SourceLinkHasSingleProvider" terminada.
   1:8>Compilaci├│n terminada del destino "_SourceLinkHasSingleProvider" en el proyecto "DocumentIA.Tests.Unit.csproj".
   1:8>Destino "TranslateGitHubUrlsInSourceControlInformation" en el archivo "C:\Program Files\dotnet\sdk\9.0.310\Sdks\Microsoft.SourceLink.GitHub\build\Microsoft.SourceLink.GitHub.targets" del proyecto "C:\temp\MVP\documento-ia-clasificacion-mvp\src\backend\DocumentIA.Tests.Unit\DocumentIA.Tests.Unit.csproj" (el destino "_InitializeSourceControlInformationFromSourceControlManager" depende de ├®l):
       Usando la tarea "Microsoft.SourceLink.GitHub.TranslateRepositoryUrls" del ensamblado "C:\Program Files\dotnet\sdk\9.0.310\Sdks\Microsoft.SourceLink.GitHub\build\..\tools\core\Microsoft.SourceLink.GitHub.dll".
       Tarea "Microsoft.SourceLink.GitHub.TranslateRepositoryUrls"
       C:\Program Files\dotnet\sdk\9.0.310\Sdks\Microsoft.SourceLink.GitHub\build\Microsoft.SourceLink.GitHub.targets(56,7): message : Reasignaci├│n de propiedad: $(ScmRepositoryUrl)="https://sareb.visualstudio.com/AI%2520DocClassExt/_git/AI%2520DocClassExt" (valor anterior: "https://sareb.visualstudio.com/AI%20DocClassExt/_git/AI%20DocClassExt") en C:\Program Files\dotnet\sdk\9.0.310\Sdks\Microsoft.SourceLink.GitHub\build\Microsoft.SourceLink.GitHub.targets (56,7) [C:\temp\MVP\documento-ia-clasificacion-mvp\src\backend\DocumentIA.Tests.Unit\DocumentIA.Tests.Unit.csproj]
       Ejecuci├│n de la tarea "Microsoft.SourceLink.GitHub.TranslateRepositoryUrls" terminada.
   1:8>Compilaci├│n terminada del destino "TranslateGitHubUrlsInSourceControlInformation" en el proyecto "DocumentIA.Tests.Unit.csproj".
   1:8>Destino "TranslateGitLabUrlsInSourceControlInformation" en el archivo "C:\Program Files\dotnet\sdk\9.0.310\Sdks\Microsoft.SourceLink.GitLab\build\Microsoft.SourceLink.GitLab.targets" del proyecto "C:\temp\MVP\documento-ia-clasificacion-mvp\src\backend\DocumentIA.Tests.Unit\DocumentIA.Tests.Unit.csproj" (el destino "_InitializeSourceControlInformationFromSourceControlManager" depende de ├®l):
       Usando la tarea "Microsoft.SourceLink.GitLab.TranslateRepositoryUrls" del ensamblado "C:\Program Files\dotnet\sdk\9.0.310\Sdks\Microsoft.SourceLink.GitLab\build\..\tools\core\Microsoft.SourceLink.GitLab.dll".
       Tarea "Microsoft.SourceLink.GitLab.TranslateRepositoryUrls"
       C:\Program Files\dotnet\sdk\9.0.310\Sdks\Microsoft.SourceLink.GitLab\build\Microsoft.SourceLink.GitLab.targets(56,7): message : Reasignaci├│n de propiedad: $(ScmRepositoryUrl)="https://sareb.visualstudio.com/AI%2520DocClassExt/_git/AI%2520DocClassExt" (valor anterior: "https://sareb.visualstudio.com/AI%20DocClassExt/_git/AI%20DocClassExt") en C:\Program Files\dotnet\sdk\9.0.310\Sdks\Microsoft.SourceLink.GitLab\build\Microsoft.SourceLink.GitLab.targets (56,7) [C:\temp\MVP\documento-ia-clasificacion-mvp\src\backend\DocumentIA.Tests.Unit\DocumentIA.Tests.Unit.csproj]
       Ejecuci├│n de la tarea "Microsoft.SourceLink.GitLab.TranslateRepositoryUrls" terminada.
   1:8>Compilaci├│n terminada del destino "TranslateGitLabUrlsInSourceControlInformation" en el proyecto "DocumentIA.Tests.Unit.csproj".
   1:8>Destino "TranslateAzureReposGitUrlsInSourceControlInformation" en el archivo "C:\Program Files\dotnet\sdk\9.0.310\Sdks\Microsoft.SourceLink.AzureRepos.Git\build\Microsoft.SourceLink.AzureRepos.Git.targets" del proyecto "C:\temp\MVP\documento-ia-clasificacion-mvp\src\backend\DocumentIA.Tests.Unit\DocumentIA.Tests.Unit.csproj" (el destino "_InitializeSourceControlInformationFromSourceControlManager" depende de ├®l):
       Usando la tarea "Microsoft.SourceLink.AzureRepos.Git.TranslateRepositoryUrls" del ensamblado "C:\Program Files\dotnet\sdk\9.0.310\Sdks\Microsoft.SourceLink.AzureRepos.Git\build\..\tools\core\Microsoft.SourceLink.AzureRepos.Git.dll".
       Tarea "Microsoft.SourceLink.AzureRepos.Git.TranslateRepositoryUrls"
       C:\Program Files\dotnet\sdk\9.0.310\Sdks\Microsoft.SourceLink.AzureRepos.Git\build\Microsoft.SourceLink.AzureRepos.Git.targets(48,7): message : Reasignaci├│n de propiedad: $(ScmRepositoryUrl)="https://sareb.visualstudio.com/AI DocClassExt/_git/AI DocClassExt" (valor anterior: "https://sareb.visualstudio.com/AI%20DocClassExt/_git/AI%20DocClassExt") en C:\Program Files\dotnet\sdk\9.0.310\Sdks\Microsoft.SourceLink.AzureRepos.Git\build\Microsoft.SourceLink.AzureRepos.Git.targets (48,7) [C:\temp\MVP\documento-ia-clasificacion-mvp\src\backend\DocumentIA.Tests.Unit\DocumentIA.Tests.Unit.csproj]
       Ejecuci├│n de la tarea "Microsoft.SourceLink.AzureRepos.Git.TranslateRepositoryUrls" terminada.
   1:8>Compilaci├│n terminada del destino "TranslateAzureReposGitUrlsInSourceControlInformation" en el proyecto "DocumentIA.Tests.Unit.csproj".
   1:8>Destino "TranslateBitbucketGitUrlsInSourceControlInformation" en el archivo "C:\Program Files\dotnet\sdk\9.0.310\Sdks\Microsoft.SourceLink.Bitbucket.Git\build\Microsoft.SourceLink.Bitbucket.Git.targets" del proyecto "C:\temp\MVP\documento-ia-clasificacion-mvp\src\backend\DocumentIA.Tests.Unit\DocumentIA.Tests.Unit.csproj" (el destino "_InitializeSourceControlInformationFromSourceControlManager" depende de ├®l):
       Usando la tarea "Microsoft.SourceLink.Bitbucket.Git.TranslateRepositoryUrls" del ensamblado "C:\Program Files\dotnet\sdk\9.0.310\Sdks\Microsoft.SourceLink.Bitbucket.Git\build\..\tools\core\Microsoft.SourceLink.Bitbucket.Git.dll".
       Tarea "Microsoft.SourceLink.Bitbucket.Git.TranslateRepositoryUrls"
       Ejecuci├│n de la tarea "Microsoft.SourceLink.Bitbucket.Git.TranslateRepositoryUrls" terminada.
   1:8>Compilaci├│n terminada del destino "TranslateBitbucketGitUrlsInSourceControlInformation" en el proyecto "DocumentIA.Tests.Unit.csproj".
   1:8>Destino "SourceControlManagerPublishTranslatedUrls" en el archivo "C:\Program Files\dotnet\sdk\9.0.310\Sdks\Microsoft.SourceLink.Common\build\InitializeSourceControlInformation.targets" del proyecto "C:\temp\MVP\documento-ia-clasificacion-mvp\src\backend\DocumentIA.Tests.Unit\DocumentIA.Tests.Unit.csproj" (el destino "_InitializeSourceControlInformationFromSourceControlManager" depende de ├®l):
   1:8>Compilaci├│n terminada del destino "SourceControlManagerPublishTranslatedUrls" en el proyecto "DocumentIA.Tests.Unit.csproj".
   1:8>Destino "_InitializeSourceControlInformationFromSourceControlManager" en el archivo "C:\Program Files\dotnet\sdk\9.0.310\Sdks\Microsoft.SourceLink.Common\build\InitializeSourceControlInformation.targets" del proyecto "C:\temp\MVP\documento-ia-clasificacion-mvp\src\backend\DocumentIA.Tests.Unit\DocumentIA.Tests.Unit.csproj" (el destino "InitializeSourceControlInformation" depende de ├®l):
   1:8>Compilaci├│n terminada del destino "_InitializeSourceControlInformationFromSourceControlManager" en el proyecto "DocumentIA.Tests.Unit.csproj".
   1:8>Destino "InitializeSourceControlInformation" en el archivo "C:\Program Files\dotnet\sdk\9.0.310\Microsoft.Common.CurrentVersion.targets" del proyecto "C:\temp\MVP\documento-ia-clasificacion-mvp\src\backend\DocumentIA.Tests.Unit\DocumentIA.Tests.Unit.csproj" (el destino "GetAssemblyAttributes" depende de ├®l):
   1:8>Compilaci├│n terminada del destino "InitializeSourceControlInformation" en el proyecto "DocumentIA.Tests.Unit.csproj".
       Se omiti├│ el destino "GetAssemblyVersion". Compilado previamente de forma correcta.
       Se omiti├│ el destino "InitializeSourceControlInformation". Compilado previamente de forma correcta.
   1:8>Destino "AddSourceRevisionToInformationalVersion" en el archivo "C:\Program Files\dotnet\sdk\9.0.310\Sdks\Microsoft.NET.Sdk\targets\Microsoft.NET.GenerateAssemblyInfo.targets" del proyecto "C:\temp\MVP\documento-ia-clasificacion-mvp\src\backend\DocumentIA.Tests.Unit\DocumentIA.Tests.Unit.csproj" (el destino "GetAssemblyAttributes" depende de ├®l):
       C:\Program Files\dotnet\sdk\9.0.310\Sdks\Microsoft.NET.Sdk\targets\Microsoft.NET.GenerateAssemblyInfo.targets(70,7): message : Reasignaci├│n de propiedad: $(InformationalVersion)="1.0.0+4b1d49c2e1d1494cdbad4ae06c6ebcf291c2fdb8" (valor anterior: "1.0.0") en C:\Program Files\dotnet\sdk\9.0.310\Sdks\Microsoft.NET.Sdk\targets\Microsoft.NET.GenerateAssemblyInfo.targets (70,7) [C:\temp\MVP\documento-ia-clasificacion-mvp\src\backend\DocumentIA.Tests.Unit\DocumentIA.Tests.Unit.csproj]
   1:8>Compilaci├│n terminada del destino "AddSourceRevisionToInformationalVersion" en el proyecto "DocumentIA.Tests.Unit.csproj".
       Se omiti├│ el destino "_GetUserSecretsAssemblyAttribute" debido a una condici├│n falsa (False); ( '$(UserSecretsId)' != '' AND '$(GenerateUserSecretsAttribute)' != 'false' AND '$(GeneratedUserSecretsAttributeFile)' == '' ) se evalu├│ como ( '' != '' AND '' != 'false' AND '' == '' ).
   1:8>Destino "GetAssemblyAttributes" en el archivo "C:\Program Files\dotnet\sdk\9.0.310\Sdks\Microsoft.NET.Sdk\targets\Microsoft.NET.GenerateAssemblyInfo.targets" del proyecto "C:\temp\MVP\documento-ia-clasificacion-mvp\src\backend\DocumentIA.Tests.Unit\DocumentIA.Tests.Unit.csproj" (el destino "CreateGeneratedAssemblyInfoInputsCacheFile" depende de ├®l):
   1:8>Compilaci├│n terminada del destino "GetAssemblyAttributes" en el proyecto "DocumentIA.Tests.Unit.csproj".
   1:8>Destino "CreateGeneratedAssemblyInfoInputsCacheFile" en el archivo "C:\Program Files\dotnet\sdk\9.0.310\Sdks\Microsoft.NET.Sdk\targets\Microsoft.NET.GenerateAssemblyInfo.targets" del proyecto "C:\temp\MVP\documento-ia-clasificacion-mvp\src\backend\DocumentIA.Tests.Unit\DocumentIA.Tests.Unit.csproj" (el destino "CoreGenerateAssemblyInfo" depende de ├®l):
       Tarea "Hash"
       Ejecuci├│n de la tarea "Hash" terminada.
       Tarea "WriteLinesToFile"
         Omitiendo la escritura en el archivo "obj\Debug\net9.0\DocumentIA.Tests.Unit.AssemblyInfoInputs.cache" porque el contenido no cambiar├í.
       Ejecuci├│n de la tarea "WriteLinesToFile" terminada.
   1:8>Compilaci├│n terminada del destino "CreateGeneratedAssemblyInfoInputsCacheFile" en el proyecto "DocumentIA.Tests.Unit.csproj".
   1:8>Destino "CoreGenerateAssemblyInfo" en el archivo "C:\Program Files\dotnet\sdk\9.0.310\Sdks\Microsoft.NET.Sdk\targets\Microsoft.NET.GenerateAssemblyInfo.targets" del proyecto "C:\temp\MVP\documento-ia-clasificacion-mvp\src\backend\DocumentIA.Tests.Unit\DocumentIA.Tests.Unit.csproj" (el destino "GenerateAssemblyInfo" depende de ├®l):
       Se omitir├í el destino "CoreGenerateAssemblyInfo" porque todos los archivos de salida est├ín actualizados respecto a los archivos de entrada.
       Archivos de entrada: obj\Debug\net9.0\DocumentIA.Tests.Unit.AssemblyInfoInputs.cache
       Archivos de salida: obj\Debug\net9.0\DocumentIA.Tests.Unit.AssemblyInfo.cs
   1:8>Compilaci├│n terminada del destino "CoreGenerateAssemblyInfo" en el proyecto "DocumentIA.Tests.Unit.csproj".
   1:8>Destino "GenerateAssemblyInfo" en el archivo "C:\Program Files\dotnet\sdk\9.0.310\Sdks\Microsoft.NET.Sdk\targets\Microsoft.NET.GenerateAssemblyInfo.targets" del proyecto "C:\temp\MVP\documento-ia-clasificacion-mvp\src\backend\DocumentIA.Tests.Unit\DocumentIA.Tests.Unit.csproj" (el destino "BeforeCompile" depende de ├®l):
   1:8>Compilaci├│n terminada del destino "GenerateAssemblyInfo" en el proyecto "DocumentIA.Tests.Unit.csproj".
   1:8>Destino "BeforeCompile" en el archivo "C:\Program Files\dotnet\sdk\9.0.310\Microsoft.Common.CurrentVersion.targets" del proyecto "C:\temp\MVP\documento-ia-clasificacion-mvp\src\backend\DocumentIA.Tests.Unit\DocumentIA.Tests.Unit.csproj" (el destino "Compile" depende de ├®l):
   1:8>Compilaci├│n terminada del destino "BeforeCompile" en el proyecto "DocumentIA.Tests.Unit.csproj".
       Se omiti├│ el destino "_TimeStampBeforeCompile" debido a una condici├│n falsa (False); ('$(RunPostBuildEvent)'=='OnOutputUpdated' or ('$(RegisterForComInterop)'=='true' and '$(OutputType)'=='library')) se evalu├│ como (''=='OnOutputUpdated' or (''=='true' and 'Exe'=='library')).
       Se omiti├│ el destino "ResolveAssemblyReferences". Compilado previamente de forma correcta.
       Se omiti├│ el destino "_GenerateCompileInputs". Compilado previamente de forma correcta.
   1:8>Destino "_GenerateCompileDependencyCache" en el archivo "C:\Program Files\dotnet\sdk\9.0.310\Microsoft.Common.CurrentVersion.targets" del proyecto "C:\temp\MVP\documento-ia-clasificacion-mvp\src\backend\DocumentIA.Tests.Unit\DocumentIA.Tests.Unit.csproj" (el destino "Compile" depende de ├®l):
       Tarea "Hash"
       Ejecuci├│n de la tarea "Hash" terminada.
       Tarea "WriteLinesToFile"
         Omitiendo la escritura en el archivo "obj\Debug\net9.0\DocumentIA.Tests.Unit.csproj.CoreCompileInputs.cache" porque el contenido no cambiar├í.
       Ejecuci├│n de la tarea "WriteLinesToFile" terminada.
   1:8>Compilaci├│n terminada del destino "_GenerateCompileDependencyCache" en el proyecto "DocumentIA.Tests.Unit.csproj".
       Se omiti├│ el destino "_ComputeNonExistentFileProperty" debido a una condici├│n falsa (False); (('$(BuildingInsideVisualStudio)' == 'true') and ('$(BuildingOutOfProcess)' != 'true') and (('$(BuildingProject)' == 'false') or ('$(UseHostCompilerIfAvailable)' == 'true'))) se evalu├│ como (('' == 'true') and ('' != 'true') and (('true' == 'false') or ('true' == 'true'))).
       Se omiti├│ el destino "ResolveCodeAnalysisRuleSet" debido a una condici├│n falsa (False); ('$(CodeAnalysisRuleSet)' != '') se evalu├│ como ('' != '').
       Se omiti├│ el destino "ShimReferencePathsWhenCommonTargetsDoesNotUnderstandReferenceAssemblies" debido a una condici├│n falsa (False); ('@(ReferencePathWithRefAssemblies)' == '') se evalu├│ como ('C:\Users\ubf0238\.nuget\packages\azure.core\1.50.0\lib\net8.0\Azure.Core.dll;C:\Users\ubf0238\.nuget\packages\azure.storage.blobs\12.27.0\lib\net8.0\Azure.Storage.Blobs.dll;C:\Users\ubf0238\.nuget\packages\azure.storage.common\12.26.0\lib\net8.0\Azure.Storage.Common.dll;...' == '').
   1:8>Destino "_BeforeVBCSCoreCompile" en el archivo "C:\Program Files\dotnet\sdk\9.0.310\Roslyn\Microsoft.Managed.Core.targets" del proyecto "C:\temp\MVP\documento-ia-clasificacion-mvp\src\backend\DocumentIA.Tests.Unit\DocumentIA.Tests.Unit.csproj" (el destino "CoreCompile" depende de ├®l):
   1:8>Compilaci├│n terminada del destino "_BeforeVBCSCoreCompile" en el proyecto "DocumentIA.Tests.Unit.csproj".
       Se omiti├│ el destino "AdjustDefaultPlatformTargetForNetFrameworkExeWithNoNativeCopyLocalItems" debido a una condici├│n falsa (False); ('$(_UsingDefaultPlatformTarget)' == 'true' and
                            '$(_UsingDefaultRuntimeIdentifier)' == 'true') se evalu├│ como ('true' == 'true' and
                            '' == 'true').
       Se omiti├│ el destino "_DisableDiagnosticTracing" debido a una condici├│n falsa (False); ('$(DisableDiagnosticTracing)' == 'true') se evalu├│ como ('' == 'true').
       Se omiti├│ el destino "ShimReferencePathsWhenCommonTargetsDoesNotUnderstandReferenceAssemblies" debido a una condici├│n falsa (False); ('@(ReferencePathWithRefAssemblies)' == '') se evalu├│ como ('C:\Users\ubf0238\.nuget\packages\azure.core\1.50.0\lib\net8.0\Azure.Core.dll;C:\Users\ubf0238\.nuget\packages\azure.storage.blobs\12.27.0\lib\net8.0\Azure.Storage.Blobs.dll;C:\Users\ubf0238\.nuget\packages\azure.storage.common\12.26.0\lib\net8.0\Azure.Storage.Common.dll;...' == '').
   1:8>Destino "_ComputeSkipAnalyzers" en el archivo "C:\Program Files\dotnet\sdk\9.0.310\Roslyn\Microsoft.Managed.Core.targets" del proyecto "C:\temp\MVP\documento-ia-clasificacion-mvp\src\backend\DocumentIA.Tests.Unit\DocumentIA.Tests.Unit.csproj" (el destino "CoreCompile" depende de ├®l):
       Se omiti├│ la tarea "ShowMessageForImplicitlySkipAnalyzers" debido a una condici├│n falsa (False); ('$(_ImplicitlySkipAnalyzers)' == 'true') se evalu├│ como ('' == 'true').
   1:8>Compilaci├│n terminada del destino "_ComputeSkipAnalyzers" en el proyecto "DocumentIA.Tests.Unit.csproj".
       Se omiti├│ el destino "_SetPathMapFromSourceRoots" debido a una condici├│n falsa (False); ('$(DeterministicSourcePaths)' == 'true') se evalu├│ como ('' == 'true').
       Se omiti├│ el destino "CreateCompilerGeneratedFilesOutputPath" debido a una condici├│n falsa (False); ('$(EmitCompilerGeneratedFiles)' == 'true' and !('$(DesignTimeBuild)' == 'true' OR '$(BuildingProject)' != 'true')) se evalu├│ como ('false' == 'true' and !('' == 'true' OR 'true' != 'true')).
       Se omiti├│ el destino "ResolveProjectReferences". Compilado previamente de forma correcta.
   1:8>Destino "MsCoverageReferencedPathMaps" en el archivo "C:\Users\ubf0238\.nuget\packages\microsoft.codecoverage\17.12.0\build\netstandard2.0\Microsoft.CodeCoverage.targets" del proyecto "C:\temp\MVP\documento-ia-clasificacion-mvp\src\backend\DocumentIA.Tests.Unit\DocumentIA.Tests.Unit.csproj" (el destino "CoreCompile" depende de ├®l):
       Tarea "MSBuild"
         Propiedades globales:
           TargetFramework=net8.0
         Quitando propiedades del proyecto "C:\temp\MVP\documento-ia-clasificacion-mvp\src\backend\DocumentIA.Core\DocumentIA.Core.csproj":
           TargetFramework
           RuntimeIdentifier
           SelfContained
   1:8>El proyecto "C:\temp\MVP\documento-ia-clasificacion-mvp\src\backend\DocumentIA.Tests.Unit\DocumentIA.Tests.Unit.csproj" (1:8) est├í compilando "C:\temp\MVP\documento-ia-clasificacion-mvp\src\backend\DocumentIA.Core\DocumentIA.Core.csproj" (2:8) en el nodo 1 (InitializeSourceRootMappedPaths destinos).
   2:8>Se omiti├│ el destino "InitializeSourceRootMappedPaths". Compilado previamente de forma correcta.
   2:8>Compilaci├│n del proyecto terminada "C:\temp\MVP\documento-ia-clasificacion-mvp\src\backend\DocumentIA.Core\DocumentIA.Core.csproj" (InitializeSourceRootMappedPaths destinos).
   1:8>Ejecuci├│n de la tarea "MSBuild" terminada.
       Tarea "WriteLinesToFile"
         Omitiendo la escritura en el archivo "bin\Debug\net9.0\.msCoverageSourceRootsMapping_DocumentIA.Tests.Unit" porque el contenido no cambiar├í.
       Ejecuci├│n de la tarea "WriteLinesToFile" terminada.
   1:8>Compilaci├│n terminada del destino "MsCoverageReferencedPathMaps" en el proyecto "DocumentIA.Tests.Unit.csproj".
       Se omiti├│ el destino "ResolveProjectReferences". Compilado previamente de forma correcta.
   1:8>Destino "ReferencedPathMaps" en el archivo "C:\Users\ubf0238\.nuget\packages\coverlet.collector\6.0.2\build\netstandard2.0\coverlet.collector.targets" del proyecto "C:\temp\MVP\documento-ia-clasificacion-mvp\src\backend\DocumentIA.Tests.Unit\DocumentIA.Tests.Unit.csproj" (el destino "CoreCompile" depende de ├®l):
       Tarea "MSBuild"
         Propiedades globales:
           TargetFramework=net8.0
         Quitando propiedades del proyecto "C:\temp\MVP\documento-ia-clasificacion-mvp\src\backend\DocumentIA.Core\DocumentIA.Core.csproj":
           TargetFramework
           RuntimeIdentifier
           SelfContained
   1:8>El proyecto "C:\temp\MVP\documento-ia-clasificacion-mvp\src\backend\DocumentIA.Tests.Unit\DocumentIA.Tests.Unit.csproj" (1:8) est├í compilando "C:\temp\MVP\documento-ia-clasificacion-mvp\src\backend\DocumentIA.Core\DocumentIA.Core.csproj" (2:9) en el nodo 1 (InitializeSourceRootMappedPaths destinos).
   2:9>Se omiti├│ el destino "InitializeSourceRootMappedPaths". Compilado previamente de forma correcta.
   2:9>Compilaci├│n del proyecto terminada "C:\temp\MVP\documento-ia-clasificacion-mvp\src\backend\DocumentIA.Core\DocumentIA.Core.csproj" (InitializeSourceRootMappedPaths destinos).
   1:8>Ejecuci├│n de la tarea "MSBuild" terminada.
       Tarea "WriteLinesToFile"
         Omitiendo la escritura en el archivo "bin\Debug\net9.0\CoverletSourceRootsMapping_DocumentIA.Tests.Unit" porque el contenido no cambiar├í.
       Ejecuci├│n de la tarea "WriteLinesToFile" terminada.
   1:8>Compilaci├│n terminada del destino "ReferencedPathMaps" en el proyecto "DocumentIA.Tests.Unit.csproj".
       Se omiti├│ el destino "_CheckMicrosoftNetSdkCompilersToolsetPackageExists" debido a una condici├│n falsa (False); ('$(_NeedToDownloadMicrosoftNetSdkCompilersToolsetPackage)' == 'true' and '$(DesignTimeBuild)' != 'true') se evalu├│ como ('' == 'true' and '' != 'true').
       Se omiti├│ el destino "BeforeCompile". Compilado previamente de forma correcta.
       Se omiti├│ el destino "InitializeSourceControlInformationFromSourceControlManager". Compilado previamente de forma correcta.
   1:8>Destino "SetEmbeddedFilesFromSourceControlManagerUntrackedFiles" en el archivo "C:\Program Files\dotnet\sdk\9.0.310\Sdks\Microsoft.Build.Tasks.Git\build\Microsoft.Build.Tasks.Git.targets" del proyecto "C:\temp\MVP\documento-ia-clasificacion-mvp\src\backend\DocumentIA.Tests.Unit\DocumentIA.Tests.Unit.csproj" (el destino "_SetEmbeddedFilesFromSourceControlManagerUntrackedFiles" depende de ├®l):
       Usando la tarea "Microsoft.Build.Tasks.Git.GetUntrackedFiles" del ensamblado "C:\Program Files\dotnet\sdk\9.0.310\Sdks\Microsoft.Build.Tasks.Git\build\..\tools\core\Microsoft.Build.Tasks.Git.dll".
       Tarea "Microsoft.Build.Tasks.Git.GetUntrackedFiles"
         SourceLink: Reusing cached git repository information.
       Ejecuci├│n de la tarea "Microsoft.Build.Tasks.Git.GetUntrackedFiles" terminada.
   1:8>Compilaci├│n terminada del destino "SetEmbeddedFilesFromSourceControlManagerUntrackedFiles" en el proyecto "DocumentIA.Tests.Unit.csproj".
   1:8>Destino "_SetEmbeddedFilesFromSourceControlManagerUntrackedFiles" en el archivo "C:\Program Files\dotnet\sdk\9.0.310\Sdks\Microsoft.SourceLink.Common\build\Microsoft.SourceLink.Common.targets" del proyecto "C:\temp\MVP\documento-ia-clasificacion-mvp\src\backend\DocumentIA.Tests.Unit\DocumentIA.Tests.Unit.csproj" (el destino "CoreCompile" depende de ├®l):
   1:8>Compilaci├│n terminada del destino "_SetEmbeddedFilesFromSourceControlManagerUntrackedFiles" en el proyecto "DocumentIA.Tests.Unit.csproj".
       Se omiti├│ el destino "InitializeSourceControlInformation". Compilado previamente de forma correcta.
   1:8>Destino "_SetSourceLinkFilePath" en el archivo "C:\Program Files\dotnet\sdk\9.0.310\Sdks\Microsoft.SourceLink.Common\build\Microsoft.SourceLink.Common.targets" del proyecto "C:\temp\MVP\documento-ia-clasificacion-mvp\src\backend\DocumentIA.Tests.Unit\DocumentIA.Tests.Unit.csproj" (el destino "_GenerateSourceLinkFile" depende de ├®l):
   1:8>Compilaci├│n terminada del destino "_SetSourceLinkFilePath" en el proyecto "DocumentIA.Tests.Unit.csproj".
       Se omiti├│ el destino "InitializeSourceControlInformation". Compilado previamente de forma correcta.
   1:8>Destino "_InitializeSourceRootMappedPathsFromSourceControl" en el archivo "C:\Program Files\dotnet\sdk\9.0.310\Roslyn\Microsoft.Managed.Core.targets" del proyecto "C:\temp\MVP\documento-ia-clasificacion-mvp\src\backend\DocumentIA.Tests.Unit\DocumentIA.Tests.Unit.csproj" (el destino "InitializeSourceRootMappedPaths" depende de ├®l):
   1:8>Compilaci├│n terminada del destino "_InitializeSourceRootMappedPathsFromSourceControl" en el proyecto "DocumentIA.Tests.Unit.csproj".
   1:8>Destino "InitializeSourceRootMappedPaths" en el archivo "C:\Program Files\dotnet\sdk\9.0.310\Roslyn\Microsoft.Managed.Core.targets" del proyecto "C:\temp\MVP\documento-ia-clasificacion-mvp\src\backend\DocumentIA.Tests.Unit\DocumentIA.Tests.Unit.csproj" (el destino "_InitializeSourceRootMappedPathsOpt" depende de ├®l):
       Usando la tarea "Microsoft.CodeAnalysis.BuildTasks.MapSourceRoots" del ensamblado "C:\Program Files\dotnet\sdk\9.0.310\Roslyn\Microsoft.Build.Tasks.CodeAnalysis.dll".
       Tarea "Microsoft.CodeAnalysis.BuildTasks.MapSourceRoots"
       Ejecuci├│n de la tarea "Microsoft.CodeAnalysis.BuildTasks.MapSourceRoots" terminada.
   1:8>Compilaci├│n terminada del destino "InitializeSourceRootMappedPaths" en el proyecto "DocumentIA.Tests.Unit.csproj".
   1:8>Destino "_InitializeSourceRootMappedPathsOpt" en el archivo "C:\Program Files\dotnet\sdk\9.0.310\Sdks\Microsoft.SourceLink.Common\build\Microsoft.SourceLink.Common.targets" del proyecto "C:\temp\MVP\documento-ia-clasificacion-mvp\src\backend\DocumentIA.Tests.Unit\DocumentIA.Tests.Unit.csproj" (el destino "_GenerateSourceLinkFile" depende de ├®l):
   1:8>Compilaci├│n terminada del destino "_InitializeSourceRootMappedPathsOpt" en el proyecto "DocumentIA.Tests.Unit.csproj".
   1:8>Destino "_InitializeGitHubSourceLinkUrl" en el archivo "C:\Program Files\dotnet\sdk\9.0.310\Sdks\Microsoft.SourceLink.GitHub\build\Microsoft.SourceLink.GitHub.targets" del proyecto "C:\temp\MVP\documento-ia-clasificacion-mvp\src\backend\DocumentIA.Tests.Unit\DocumentIA.Tests.Unit.csproj" (el destino "_GenerateSourceLinkFile" depende de ├®l):
       Compilando completamente el destino "_InitializeGitHubSourceLinkUrl".
       No se especificaron archivos de entrada.
       Usando la tarea "Microsoft.SourceLink.GitHub.GetSourceLinkUrl" del ensamblado "C:\Program Files\dotnet\sdk\9.0.310\Sdks\Microsoft.SourceLink.GitHub\build\..\tools\core\Microsoft.SourceLink.GitHub.dll".
       Tarea "Microsoft.SourceLink.GitHub.GetSourceLinkUrl"
       Ejecuci├│n de la tarea "Microsoft.SourceLink.GitHub.GetSourceLinkUrl" terminada.
   1:8>Compilaci├│n terminada del destino "_InitializeGitHubSourceLinkUrl" en el proyecto "DocumentIA.Tests.Unit.csproj".
   1:8>Destino "_InitializeGitHubSourceLinkUrl" en el archivo "C:\Program Files\dotnet\sdk\9.0.310\Sdks\Microsoft.SourceLink.GitHub\build\Microsoft.SourceLink.GitHub.targets" del proyecto "C:\temp\MVP\documento-ia-clasificacion-mvp\src\backend\DocumentIA.Tests.Unit\DocumentIA.Tests.Unit.csproj" (el destino "_GenerateSourceLinkFile" depende de ├®l):
       Compilando completamente el destino "_InitializeGitHubSourceLinkUrl".
       No se especificaron archivos de entrada.
       Tarea "Microsoft.SourceLink.GitHub.GetSourceLinkUrl"
       Ejecuci├│n de la tarea "Microsoft.SourceLink.GitHub.GetSourceLinkUrl" terminada.
   1:8>Compilaci├│n terminada del destino "_InitializeGitHubSourceLinkUrl" en el proyecto "DocumentIA.Tests.Unit.csproj".
   1:8>Destino "_InitializeGitHubSourceLinkUrl" en el archivo "C:\Program Files\dotnet\sdk\9.0.310\Sdks\Microsoft.SourceLink.GitHub\build\Microsoft.SourceLink.GitHub.targets" del proyecto "C:\temp\MVP\documento-ia-clasificacion-mvp\src\backend\DocumentIA.Tests.Unit\DocumentIA.Tests.Unit.csproj" (el destino "_GenerateSourceLinkFile" depende de ├®l):
       Compilando completamente el destino "_InitializeGitHubSourceLinkUrl".
       No se especificaron archivos de entrada.
       Tarea "Microsoft.SourceLink.GitHub.GetSourceLinkUrl"
       Ejecuci├│n de la tarea "Microsoft.SourceLink.GitHub.GetSourceLinkUrl" terminada.
   1:8>Compilaci├│n terminada del destino "_InitializeGitHubSourceLinkUrl" en el proyecto "DocumentIA.Tests.Unit.csproj".
   1:8>Destino "_InitializeGitLabSourceLinkUrl" en el archivo "C:\Program Files\dotnet\sdk\9.0.310\Sdks\Microsoft.SourceLink.GitLab\build\Microsoft.SourceLink.GitLab.targets" del proyecto "C:\temp\MVP\documento-ia-clasificacion-mvp\src\backend\DocumentIA.Tests.Unit\DocumentIA.Tests.Unit.csproj" (el destino "_GenerateSourceLinkFile" depende de ├®l):
       Compilando completamente el destino "_InitializeGitLabSourceLinkUrl".
       No se especificaron archivos de entrada.
       Usando la tarea "Microsoft.SourceLink.GitLab.GetSourceLinkUrl" del ensamblado "C:\Program Files\dotnet\sdk\9.0.310\Sdks\Microsoft.SourceLink.GitLab\build\..\tools\core\Microsoft.SourceLink.GitLab.dll".
       Tarea "Microsoft.SourceLink.GitLab.GetSourceLinkUrl"
       Ejecuci├│n de la tarea "Microsoft.SourceLink.GitLab.GetSourceLinkUrl" terminada.
   1:8>Compilaci├│n terminada del destino "_InitializeGitLabSourceLinkUrl" en el proyecto "DocumentIA.Tests.Unit.csproj".
   1:8>Destino "_InitializeGitLabSourceLinkUrl" en el archivo "C:\Program Files\dotnet\sdk\9.0.310\Sdks\Microsoft.SourceLink.GitLab\build\Microsoft.SourceLink.GitLab.targets" del proyecto "C:\temp\MVP\documento-ia-clasificacion-mvp\src\backend\DocumentIA.Tests.Unit\DocumentIA.Tests.Unit.csproj" (el destino "_GenerateSourceLinkFile" depende de ├®l):
       Compilando completamente el destino "_InitializeGitLabSourceLinkUrl".
       No se especificaron archivos de entrada.
       Tarea "Microsoft.SourceLink.GitLab.GetSourceLinkUrl"
       Ejecuci├│n de la tarea "Microsoft.SourceLink.GitLab.GetSourceLinkUrl" terminada.
   1:8>Compilaci├│n terminada del destino "_InitializeGitLabSourceLinkUrl" en el proyecto "DocumentIA.Tests.Unit.csproj".
   1:8>Destino "_InitializeGitLabSourceLinkUrl" en el archivo "C:\Program Files\dotnet\sdk\9.0.310\Sdks\Microsoft.SourceLink.GitLab\build\Microsoft.SourceLink.GitLab.targets" del proyecto "C:\temp\MVP\documento-ia-clasificacion-mvp\src\backend\DocumentIA.Tests.Unit\DocumentIA.Tests.Unit.csproj" (el destino "_GenerateSourceLinkFile" depende de ├®l):
       Compilando completamente el destino "_InitializeGitLabSourceLinkUrl".
       No se especificaron archivos de entrada.
       Tarea "Microsoft.SourceLink.GitLab.GetSourceLinkUrl"
       Ejecuci├│n de la tarea "Microsoft.SourceLink.GitLab.GetSourceLinkUrl" terminada.
   1:8>Compilaci├│n terminada del destino "_InitializeGitLabSourceLinkUrl" en el proyecto "DocumentIA.Tests.Unit.csproj".
   1:8>Destino "_InitializeAzureReposGitSourceLinkUrl" en el archivo "C:\Program Files\dotnet\sdk\9.0.310\Sdks\Microsoft.SourceLink.AzureRepos.Git\build\Microsoft.SourceLink.AzureRepos.Git.targets" del proyecto "C:\temp\MVP\documento-ia-clasificacion-mvp\src\backend\DocumentIA.Tests.Unit\DocumentIA.Tests.Unit.csproj" (el destino "_GenerateSourceLinkFile" depende de ├®l):
       Compilando completamente el destino "_InitializeAzureReposGitSourceLinkUrl".
       No se especificaron archivos de entrada.
       Usando la tarea "Microsoft.SourceLink.AzureRepos.Git.GetSourceLinkUrl" del ensamblado "C:\Program Files\dotnet\sdk\9.0.310\Sdks\Microsoft.SourceLink.AzureRepos.Git\build\..\tools\core\Microsoft.SourceLink.AzureRepos.Git.dll".
       Tarea "Microsoft.SourceLink.AzureRepos.Git.GetSourceLinkUrl"
       Ejecuci├│n de la tarea "Microsoft.SourceLink.AzureRepos.Git.GetSourceLinkUrl" terminada.
   1:8>Compilaci├│n terminada del destino "_InitializeAzureReposGitSourceLinkUrl" en el proyecto "DocumentIA.Tests.Unit.csproj".
   1:8>Destino "_InitializeAzureReposGitSourceLinkUrl" en el archivo "C:\Program Files\dotnet\sdk\9.0.310\Sdks\Microsoft.SourceLink.AzureRepos.Git\build\Microsoft.SourceLink.AzureRepos.Git.targets" del proyecto "C:\temp\MVP\documento-ia-clasificacion-mvp\src\backend\DocumentIA.Tests.Unit\DocumentIA.Tests.Unit.csproj" (el destino "_GenerateSourceLinkFile" depende de ├®l):
       Compilando completamente el destino "_InitializeAzureReposGitSourceLinkUrl".
       No se especificaron archivos de entrada.
       Tarea "Microsoft.SourceLink.AzureRepos.Git.GetSourceLinkUrl"
       Ejecuci├│n de la tarea "Microsoft.SourceLink.AzureRepos.Git.GetSourceLinkUrl" terminada.
   1:8>Compilaci├│n terminada del destino "_InitializeAzureReposGitSourceLinkUrl" en el proyecto "DocumentIA.Tests.Unit.csproj".
   1:8>Destino "_InitializeAzureReposGitSourceLinkUrl" en el archivo "C:\Program Files\dotnet\sdk\9.0.310\Sdks\Microsoft.SourceLink.AzureRepos.Git\build\Microsoft.SourceLink.AzureRepos.Git.targets" del proyecto "C:\temp\MVP\documento-ia-clasificacion-mvp\src\backend\DocumentIA.Tests.Unit\DocumentIA.Tests.Unit.csproj" (el destino "_GenerateSourceLinkFile" depende de ├®l):
       Compilando completamente el destino "_InitializeAzureReposGitSourceLinkUrl".
       No se especificaron archivos de entrada.
       Tarea "Microsoft.SourceLink.AzureRepos.Git.GetSourceLinkUrl"
       C:\Program Files\dotnet\sdk\9.0.310\Sdks\Microsoft.SourceLink.AzureRepos.Git\build\Microsoft.SourceLink.AzureRepos.Git.targets(29,7): message : Reasignaci├│n de propiedad: $(_SourceLinkUrlToUpdate)="https://sareb.visualstudio.com/AI DocClassExt/_apis/git/repositories/AI DocClassExt/items%3fapi-version=1.0&versionType=commit&version=4b1d49c2e1d1494cdbad4ae06c6ebcf291c2fdb8&path=/%2a" (valor anterior: "N/A") en C:\Program Files\dotnet\sdk\9.0.310\Sdks\Microsoft.SourceLink.AzureRepos.Git\build\Microsoft.SourceLink.AzureRepos.Git.targets (29,7) [C:\temp\MVP\documento-ia-clasificacion-mvp\src\backend\DocumentIA.Tests.Unit\DocumentIA.Tests.Unit.csproj]
       Ejecuci├│n de la tarea "Microsoft.SourceLink.AzureRepos.Git.GetSourceLinkUrl" terminada.
   1:8>Compilaci├│n terminada del destino "_InitializeAzureReposGitSourceLinkUrl" en el proyecto "DocumentIA.Tests.Unit.csproj".
   1:8>Destino "_InitializeBitbucketGitSourceLinkUrl" en el archivo "C:\Program Files\dotnet\sdk\9.0.310\Sdks\Microsoft.SourceLink.Bitbucket.Git\build\Microsoft.SourceLink.Bitbucket.Git.targets" del proyecto "C:\temp\MVP\documento-ia-clasificacion-mvp\src\backend\DocumentIA.Tests.Unit\DocumentIA.Tests.Unit.csproj" (el destino "_GenerateSourceLinkFile" depende de ├®l):
       Compilando completamente el destino "_InitializeBitbucketGitSourceLinkUrl".
       No se especificaron archivos de entrada.
       Usando la tarea "Microsoft.SourceLink.Bitbucket.Git.GetSourceLinkUrl" del ensamblado "C:\Program Files\dotnet\sdk\9.0.310\Sdks\Microsoft.SourceLink.Bitbucket.Git\build\..\tools\core\Microsoft.SourceLink.Bitbucket.Git.dll".
       Tarea "Microsoft.SourceLink.Bitbucket.Git.GetSourceLinkUrl"
       C:\Program Files\dotnet\sdk\9.0.310\Sdks\Microsoft.SourceLink.Bitbucket.Git\build\Microsoft.SourceLink.Bitbucket.Git.targets(37,7): message : Reasignaci├│n de propiedad: $(_SourceLinkUrlToUpdate)="N/A" (valor anterior: "https://sareb.visualstudio.com/AI DocClassExt/_apis/git/repositories/AI DocClassExt/items?api-version=1.0&versionType=commit&version=4b1d49c2e1d1494cdbad4ae06c6ebcf291c2fdb8&path=/*") en C:\Program Files\dotnet\sdk\9.0.310\Sdks\Microsoft.SourceLink.Bitbucket.Git\build\Microsoft.SourceLink.Bitbucket.Git.targets (37,7) [C:\temp\MVP\documento-ia-clasificacion-mvp\src\backend\DocumentIA.Tests.Unit\DocumentIA.Tests.Unit.csproj]
       Ejecuci├│n de la tarea "Microsoft.SourceLink.Bitbucket.Git.GetSourceLinkUrl" terminada.
   1:8>Compilaci├│n terminada del destino "_InitializeBitbucketGitSourceLinkUrl" en el proyecto "DocumentIA.Tests.Unit.csproj".
   1:8>Destino "_InitializeBitbucketGitSourceLinkUrl" en el archivo "C:\Program Files\dotnet\sdk\9.0.310\Sdks\Microsoft.SourceLink.Bitbucket.Git\build\Microsoft.SourceLink.Bitbucket.Git.targets" del proyecto "C:\temp\MVP\documento-ia-clasificacion-mvp\src\backend\DocumentIA.Tests.Unit\DocumentIA.Tests.Unit.csproj" (el destino "_GenerateSourceLinkFile" depende de ├®l):
       Compilando completamente el destino "_InitializeBitbucketGitSourceLinkUrl".
       No se especificaron archivos de entrada.
       Tarea "Microsoft.SourceLink.Bitbucket.Git.GetSourceLinkUrl"
       C:\Program Files\dotnet\sdk\9.0.310\Sdks\Microsoft.SourceLink.Bitbucket.Git\build\Microsoft.SourceLink.Bitbucket.Git.targets(37,7): message : Reasignaci├│n de propiedad: $(_SourceLinkUrlToUpdate)="N/A" (valor anterior: "https://sareb.visualstudio.com/AI DocClassExt/_apis/git/repositories/AI DocClassExt/items?api-version=1.0&versionType=commit&version=4b1d49c2e1d1494cdbad4ae06c6ebcf291c2fdb8&path=/*") en C:\Program Files\dotnet\sdk\9.0.310\Sdks\Microsoft.SourceLink.Bitbucket.Git\build\Microsoft.SourceLink.Bitbucket.Git.targets (37,7) [C:\temp\MVP\documento-ia-clasificacion-mvp\src\backend\DocumentIA.Tests.Unit\DocumentIA.Tests.Unit.csproj]
       Ejecuci├│n de la tarea "Microsoft.SourceLink.Bitbucket.Git.GetSourceLinkUrl" terminada.
   1:8>Compilaci├│n terminada del destino "_InitializeBitbucketGitSourceLinkUrl" en el proyecto "DocumentIA.Tests.Unit.csproj".
   1:8>Destino "_InitializeBitbucketGitSourceLinkUrl" en el archivo "C:\Program Files\dotnet\sdk\9.0.310\Sdks\Microsoft.SourceLink.Bitbucket.Git\build\Microsoft.SourceLink.Bitbucket.Git.targets" del proyecto "C:\temp\MVP\documento-ia-clasificacion-mvp\src\backend\DocumentIA.Tests.Unit\DocumentIA.Tests.Unit.csproj" (el destino "_GenerateSourceLinkFile" depende de ├®l):
       Compilando completamente el destino "_InitializeBitbucketGitSourceLinkUrl".
       No se especificaron archivos de entrada.
       Tarea "Microsoft.SourceLink.Bitbucket.Git.GetSourceLinkUrl"
       C:\Program Files\dotnet\sdk\9.0.310\Sdks\Microsoft.SourceLink.Bitbucket.Git\build\Microsoft.SourceLink.Bitbucket.Git.targets(37,7): message : Reasignaci├│n de propiedad: $(_SourceLinkUrlToUpdate)="N/A" (valor anterior: "https://sareb.visualstudio.com/AI DocClassExt/_apis/git/repositories/AI DocClassExt/items?api-version=1.0&versionType=commit&version=4b1d49c2e1d1494cdbad4ae06c6ebcf291c2fdb8&path=/*") en C:\Program Files\dotnet\sdk\9.0.310\Sdks\Microsoft.SourceLink.Bitbucket.Git\build\Microsoft.SourceLink.Bitbucket.Git.targets (37,7) [C:\temp\MVP\documento-ia-clasificacion-mvp\src\backend\DocumentIA.Tests.Unit\DocumentIA.Tests.Unit.csproj]
       Ejecuci├│n de la tarea "Microsoft.SourceLink.Bitbucket.Git.GetSourceLinkUrl" terminada.
   1:8>Compilaci├│n terminada del destino "_InitializeBitbucketGitSourceLinkUrl" en el proyecto "DocumentIA.Tests.Unit.csproj".
   1:8>Destino "_GenerateSourceLinkFile" en el archivo "C:\Program Files\dotnet\sdk\9.0.310\Sdks\Microsoft.SourceLink.Common\build\Microsoft.SourceLink.Common.targets" del proyecto "C:\temp\MVP\documento-ia-clasificacion-mvp\src\backend\DocumentIA.Tests.Unit\DocumentIA.Tests.Unit.csproj" (el destino "GenerateSourceLinkFile" depende de ├®l):
       Compilando completamente el destino "_GenerateSourceLinkFile".
       No se especificaron archivos de entrada.
       Usando la tarea "Microsoft.SourceLink.Common.GenerateSourceLinkFile" del ensamblado "C:\Program Files\dotnet\sdk\9.0.310\Sdks\Microsoft.SourceLink.Common\build\..\tools\core\Microsoft.SourceLink.Common.dll".
       Tarea "Microsoft.SourceLink.Common.GenerateSourceLinkFile"
         El archivo de Source Link 'obj\Debug\net9.0\DocumentIA.Tests.Unit.sourcelink.json' est├í actualizado.
       Ejecuci├│n de la tarea "Microsoft.SourceLink.Common.GenerateSourceLinkFile" terminada.
   1:8>Compilaci├│n terminada del destino "_GenerateSourceLinkFile" en el proyecto "DocumentIA.Tests.Unit.csproj".
   1:8>Destino "GenerateSourceLinkFile" en el archivo "C:\Program Files\dotnet\sdk\9.0.310\Sdks\Microsoft.SourceLink.Common\build\Microsoft.SourceLink.Common.targets" del proyecto "C:\temp\MVP\documento-ia-clasificacion-mvp\src\backend\DocumentIA.Tests.Unit\DocumentIA.Tests.Unit.csproj" (el destino "CoreCompile" depende de ├®l):
   1:8>Compilaci├│n terminada del destino "GenerateSourceLinkFile" en el proyecto "DocumentIA.Tests.Unit.csproj".
   1:8>Destino "AddGlobalAnalyzerConfigForPackage_MicrosoftCodeAnalysisNetAnalyzers" en el archivo "C:\Program Files\dotnet\sdk\9.0.310\Sdks\Microsoft.NET.Sdk\analyzers\build\Microsoft.CodeAnalysis.NetAnalyzers.targets" del proyecto "C:\temp\MVP\documento-ia-clasificacion-mvp\src\backend\DocumentIA.Tests.Unit\DocumentIA.Tests.Unit.csproj" (el destino "CoreCompile" depende de ├®l):
   1:8>Compilaci├│n terminada del destino "AddGlobalAnalyzerConfigForPackage_MicrosoftCodeAnalysisNetAnalyzers" en el proyecto "DocumentIA.Tests.Unit.csproj".
       Se omiti├│ el destino "AddGlobalAnalyzerConfigForPackage_MicrosoftCodeAnalysisNetAnalyzersDesign" debido a una condici├│n falsa (False); ('$(SkipGlobalAnalyzerConfigForPackage)' != 'true' and ('$(AnalysisLevelDesign)' != '' or '$(AnalysisModeDesign)' != '')) se evalu├│ como ('' != 'true' and ('' != '' or '' != '')).
       Se omiti├│ el destino "AddGlobalAnalyzerConfigForPackage_MicrosoftCodeAnalysisNetAnalyzersDocumentation" debido a una condici├│n falsa (False); ('$(SkipGlobalAnalyzerConfigForPackage)' != 'true' and ('$(AnalysisLevelDocumentation)' != '' or '$(AnalysisModeDocumentation)' != '')) se evalu├│ como ('' != 'true' and ('' != '' or '' != '')).
       Se omiti├│ el destino "AddGlobalAnalyzerConfigForPackage_MicrosoftCodeAnalysisNetAnalyzersGlobalization" debido a una condici├│n falsa (False); ('$(SkipGlobalAnalyzerConfigForPackage)' != 'true' and ('$(AnalysisLevelGlobalization)' != '' or '$(AnalysisModeGlobalization)' != '')) se evalu├│ como ('' != 'true' and ('' != '' or '' != '')).
       Se omiti├│ el destino "AddGlobalAnalyzerConfigForPackage_MicrosoftCodeAnalysisNetAnalyzersInteroperability" debido a una condici├│n falsa (False); ('$(SkipGlobalAnalyzerConfigForPackage)' != 'true' and ('$(AnalysisLevelInteroperability)' != '' or '$(AnalysisModeInteroperability)' != '')) se evalu├│ como ('' != 'true' and ('' != '' or '' != '')).
       Se omiti├│ el destino "AddGlobalAnalyzerConfigForPackage_MicrosoftCodeAnalysisNetAnalyzersMaintainability" debido a una condici├│n falsa (False); ('$(SkipGlobalAnalyzerConfigForPackage)' != 'true' and ('$(AnalysisLevelMaintainability)' != '' or '$(AnalysisModeMaintainability)' != '')) se evalu├│ como ('' != 'true' and ('' != '' or '' != '')).
       Se omiti├│ el destino "AddGlobalAnalyzerConfigForPackage_MicrosoftCodeAnalysisNetAnalyzersNaming" debido a una condici├│n falsa (False); ('$(SkipGlobalAnalyzerConfigForPackage)' != 'true' and ('$(AnalysisLevelNaming)' != '' or '$(AnalysisModeNaming)' != '')) se evalu├│ como ('' != 'true' and ('' != '' or '' != '')).
       Se omiti├│ el destino "AddGlobalAnalyzerConfigForPackage_MicrosoftCodeAnalysisNetAnalyzersPerformance" debido a una condici├│n falsa (False); ('$(SkipGlobalAnalyzerConfigForPackage)' != 'true' and ('$(AnalysisLevelPerformance)' != '' or '$(AnalysisModePerformance)' != '')) se evalu├│ como ('' != 'true' and ('' != '' or '' != '')).
       Se omiti├│ el destino "AddGlobalAnalyzerConfigForPackage_MicrosoftCodeAnalysisNetAnalyzersReliability" debido a una condici├│n falsa (False); ('$(SkipGlobalAnalyzerConfigForPackage)' != 'true' and ('$(AnalysisLevelReliability)' != '' or '$(AnalysisModeReliability)' != '')) se evalu├│ como ('' != 'true' and ('' != '' or '' != '')).
       Se omiti├│ el destino "AddGlobalAnalyzerConfigForPackage_MicrosoftCodeAnalysisNetAnalyzersSecurity" debido a una condici├│n falsa (False); ('$(SkipGlobalAnalyzerConfigForPackage)' != 'true' and ('$(AnalysisLevelSecurity)' != '' or '$(AnalysisModeSecurity)' != '')) se evalu├│ como ('' != 'true' and ('' != '' or '' != '')).
       Se omiti├│ el destino "AddGlobalAnalyzerConfigForPackage_MicrosoftCodeAnalysisNetAnalyzersUsage" debido a una condici├│n falsa (False); ('$(SkipGlobalAnalyzerConfigForPackage)' != 'true' and ('$(AnalysisLevelUsage)' != '' or '$(AnalysisModeUsage)' != '')) se evalu├│ como ('' != 'true' and ('' != '' or '' != '')).
       Se omiti├│ el destino "_CodeAnalysisTreatWarningsAsErrors" debido a una condici├│n falsa (False); ('$(DesignTimeBuild)' == 'true' OR '$(BuildingProject)' != 'true') se evalu├│ como ('' == 'true' OR 'true' != 'true').
   1:8>Destino "CoreCompile" en el archivo "C:\Program Files\dotnet\sdk\9.0.310\Roslyn\Microsoft.CSharp.Core.targets" del proyecto "C:\temp\MVP\documento-ia-clasificacion-mvp\src\backend\DocumentIA.Tests.Unit\DocumentIA.Tests.Unit.csproj" (el destino "Compile" depende de ├®l):
       Compilando completamente el destino "CoreCompile".
       El archivo de entrada "Validation\NifValidatorTests.cs" es m├ís reciente que el archivo de salida "obj\Debug\net9.0\DocumentIA.Tests.Unit.pdb".
       C:\Program Files\dotnet\sdk\9.0.310\Roslyn\Microsoft.CSharp.Core.targets(66,7): message : Reasignaci├│n de propiedad: $(NoWarn)="1701;1702;1701;1702" (valor anterior: "1701;1702") en C:\Program Files\dotnet\sdk\9.0.310\Roslyn\Microsoft.CSharp.Core.targets (66,7) [C:\temp\MVP\documento-ia-clasificacion-mvp\src\backend\DocumentIA.Tests.Unit\DocumentIA.Tests.Unit.csproj]
       Usando la tarea "Csc" del ensamblado "C:\Program Files\dotnet\sdk\9.0.310\Roslyn\Microsoft.Build.Tasks.CodeAnalysis.dll".
       Tarea "Csc"
         C:\Program Files\dotnet\dotnet.exe exec "C:\Program Files\dotnet\sdk\9.0.310\Roslyn\bincore\csc.dll" /noconfig /unsafe- /checked- /nowarn:1701,1702,1701,1702 /fullpaths /nostdlib+ /errorreport:prompt /warn:9 /define:TRACE;DEBUG;NET;NET9_0;NETCOREAPP;NET5_0_OR_GREATER;NET6_0_OR_GREATER;NET7_0_OR_GREATER;NET8_0_OR_GREATER;NET9_0_OR_GREATER;NETCOREAPP1_0_OR_GREATER;NETCOREAPP1_1_OR_GREATER;NETCOREAPP2_0_OR_GREATER;NETCOREAPP2_1_OR_GREATER;NETCOREAPP2_2_OR_GREATER;NETCOREAPP3_0_OR_GREATER;NETCOREAPP3_1_OR_GREATER /highentropyva+ /nullable:enable /reference:C:\Users\ubf0238\.nuget\packages\azure.core\1.50.0\lib\net8.0\Azure.Core.dll /reference:C:\Users\ubf0238\.nuget\packages\azure.storage.blobs\12.27.0\lib\net8.0\Azure.Storage.Blobs.dll /reference:C:\Users\ubf0238\.nuget\packages\azure.storage.common\12.26.0\lib\net8.0\Azure.Storage.Common.dll /reference:C:\Users\ubf0238\.nuget\packages\castle.core\5.1.1\lib\net6.0\Castle.Core.dll /reference:C:\temp\MVP\documento-ia-clasificacion-mvp\src\backend\DocumentIA.Core\obj\Debug\net8.0\ref\DocumentIA.Core.dll /reference:C:\Users\ubf0238\.nuget\packages\fluentassertions\6.12.0\lib\net6.0\FluentAssertions.dll /reference:C:\Users\ubf0238\.nuget\packages\fluentvalidation\12.1.1\lib\net8.0\FluentValidation.dll /reference:C:\Users\ubf0238\.nuget\packages\microsoft.bcl.asyncinterfaces\8.0.0\lib\netstandard2.1\Microsoft.Bcl.AsyncInterfaces.dll /reference:"C:\Program Files\dotnet\packs\Microsoft.NETCore.App.Ref\9.0.12\ref\net9.0\Microsoft.CSharp.dll" /reference:C:\Users\ubf0238\.nuget\packages\microsoft.extensions.configuration.abstractions\8.0.0\lib\net8.0\Microsoft.Extensions.Configuration.Abstractions.dll /reference:C:\Users\ubf0238\.nuget\packages\microsoft.extensions.dependencyinjection.abstractions\8.0.2\lib\net8.0\Microsoft.Extensions.DependencyInjection.Abstractions.dll /reference:C:\Users\ubf0238\.nuget\packages\microsoft.extensions.logging.abstractions\8.0.3\lib\net8.0\Microsoft.Extensions.Logging.Abstractions.dll /reference:C:\Users\ubf0238\.nuget\packages\microsoft.extensions.primitives\8.0.0\lib\net8.0\Microsoft.Extensions.Primitives.dll /reference:C:\Users\ubf0238\.nuget\packages\microsoft.testplatform.testhost\17.12.0\lib\netcoreapp3.1\Microsoft.TestPlatform.CommunicationUtilities.dll /reference:C:\Users\ubf0238\.nuget\packages\microsoft.testplatform.testhost\17.12.0\lib\netcoreapp3.1\Microsoft.TestPlatform.CoreUtilities.dll /reference:C:\Users\ubf0238\.nuget\packages\microsoft.testplatform.testhost\17.12.0\lib\netcoreapp3.1\Microsoft.TestPlatform.CrossPlatEngine.dll /reference:C:\Users\ubf0238\.nuget\packages\microsoft.testplatform.testhost\17.12.0\lib\netcoreapp3.1\Microsoft.TestPlatform.PlatformAbstractions.dll /reference:C:\Users\ubf0238\.nuget\packages\microsoft.testplatform.testhost\17.12.0\lib\netcoreapp3.1\Microsoft.TestPlatform.Utilities.dll /reference:"C:\Program Files\dotnet\packs\Microsoft.NETCore.App.Ref\9.0.12\ref\net9.0\Microsoft.VisualBasic.Core.dll" /reference:"C:\Program Files\dotnet\packs\Microsoft.NETCore.App.Ref\9.0.12\ref\net9.0\Microsoft.VisualBasic.dll" /reference:C:\Users\ubf0238\.nuget\packages\microsoft.codecoverage\17.12.0\lib\netcoreapp3.1\Microsoft.VisualStudio.CodeCoverage.Shim.dll /reference:C:\Users\ubf0238\.nuget\packages\microsoft.testplatform.testhost\17.12.0\lib\netcoreapp3.1\Microsoft.VisualStudio.TestPlatform.Common.dll /reference:C:\Users\ubf0238\.nuget\packages\microsoft.testplatform.testhost\17.12.0\lib\netcoreapp3.1\Microsoft.VisualStudio.TestPlatform.ObjectModel.dll /reference:"C:\Program Files\dotnet\packs\Microsoft.NETCore.App.Ref\9.0.12\ref\net9.0\Microsoft.Win32.Primitives.dll" /reference:"C:\Program Files\dotnet\packs\Microsoft.NETCore.App.Ref\9.0.12\ref\net9.0\Microsoft.Win32.Registry.dll" /reference:C:\Users\ubf0238\.nuget\packages\moq\4.20.70\lib\net6.0\Moq.dll /reference:"C:\Program Files\dotnet\packs\Microsoft.NETCore.App.Ref\9.0.12\ref\net9.0\mscorlib.dll" /reference:"C:\Program Files\dotnet\packs\Microsoft.NETCore.App.Ref\9.0.12\ref\net9.0\netstandard.dll" /reference:C:\Users\ubf0238\.nuget\packages\newtonsoft.json\13.0.1\lib\netstandard2.0\Newtonsoft.Json.dll /reference:"C:\Program Files\dotnet\packs\Microsoft.NETCore.App.Ref\9.0.12\ref\net9.0\System.AppContext.dll" /reference:"C:\Program Files\dotnet\packs\Microsoft.NETCore.App.Ref\9.0.12\ref\net9.0\System.Buffers.dll" /reference:C:\Users\ubf0238\.nuget\packages\system.clientmodel\1.8.0\lib\net9.0\System.ClientModel.dll /reference:"C:\Program Files\dotnet\packs\Microsoft.NETCore.App.Ref\9.0.12\ref\net9.0\System.Collections.Concurrent.dll" /reference:"C:\Program Files\dotnet\packs\Microsoft.NETCore.App.Ref\9.0.12\ref\net9.0\System.Collections.dll" /reference:"C:\Program Files\dotnet\packs\Microsoft.NETCore.App.Ref\9.0.12\ref\net9.0\System.Collections.Immutable.dll" /reference:"C:\Program Files\dotnet\packs\Microsoft.NETCore.App.Ref\9.0.12\ref\net9.0\System.Collections.NonGeneric.dll" /reference:"C:\Program Files\dotnet\packs\Microsoft.NETCore.App.Ref\9.0.12\ref\net9.0\System.Collections.Specialized.dll" /reference:"C:\Program Files\dotnet\packs\Microsoft.NETCore.App.Ref\9.0.12\ref\net9.0\System.ComponentModel.Annotations.dll" /reference:"C:\Program Files\dotnet\packs\Microsoft.NETCore.App.Ref\9.0.12\ref\net9.0\System.ComponentModel.DataAnnotations.dll" /reference:"C:\Program Files\dotnet\packs\Microsoft.NETCore.App.Ref\9.0.12\ref\net9.0\System.ComponentModel.dll" /reference:"C:\Program Files\dotnet\packs\Microsoft.NETCore.App.Ref\9.0.12\ref\net9.0\System.ComponentModel.EventBasedAsync.dll" /reference:"C:\Program Files\dotnet\packs\Microsoft.NETCore.App.Ref\9.0.12\ref\net9.0\System.ComponentModel.Primitives.dll" /reference:"C:\Program Files\dotnet\packs\Microsoft.NETCore.App.Ref\9.0.12\ref\net9.0\System.ComponentModel.TypeConverter.dll" /reference:C:\Users\ubf0238\.nuget\packages\system.configuration.configurationmanager\4.4.0\ref\netstandard2.0\System.Configuration.ConfigurationManager.dll /reference:"C:\Program Files\dotnet\packs\Microsoft.NETCore.App.Ref\9.0.12\ref\net9.0\System.Configuration.dll" /reference:"C:\Program Files\dotnet\packs\Microsoft.NETCore.App.Ref\9.0.12\ref\net9.0\System.Console.dll" /reference:"C:\Program Files\dotnet\packs\Microsoft.NETCore.App.Ref\9.0.12\ref\net9.0\System.Core.dll" /reference:"C:\Program Files\dotnet\packs\Microsoft.NETCore.App.Ref\9.0.12\ref\net9.0\System.Data.Common.dll" /reference:"C:\Program Files\dotnet\packs\Microsoft.NETCore.App.Ref\9.0.12\ref\net9.0\System.Data.DataSetExtensions.dll" /reference:"C:\Program Files\dotnet\packs\Microsoft.NETCore.App.Ref\9.0.12\ref\net9.0\System.Data.dll" /reference:"C:\Program Files\dotnet\packs\Microsoft.NETCore.App.Ref\9.0.12\ref\net9.0\System.Diagnostics.Contracts.dll" /reference:"C:\Program Files\dotnet\packs\Microsoft.NETCore.App.Ref\9.0.12\ref\net9.0\System.Diagnostics.Debug.dll" /reference:"C:\Program Files\dotnet\packs\Microsoft.NETCore.App.Ref\9.0.12\ref\net9.0\System.Diagnostics.DiagnosticSource.dll" /reference:C:\Users\ubf0238\.nuget\packages\system.diagnostics.eventlog\6.0.0\lib\net6.0\System.Diagnostics.EventLog.dll /reference:"C:\Program Files\dotnet\packs\Microsoft.NETCore.App.Ref\9.0.12\ref\net9.0\System.Diagnostics.FileVersionInfo.dll" /reference:"C:\Program Files\dotnet\packs\Microsoft.NETCore.App.Ref\9.0.12\ref\net9.0\System.Diagnostics.Process.dll" /reference:"C:\Program Files\dotnet\packs\Microsoft.NETCore.App.Ref\9.0.12\ref\net9.0\System.Diagnostics.StackTrace.dll" /reference:"C:\Program Files\dotnet\packs\Microsoft.NETCore.App.Ref\9.0.12\ref\net9.0\System.Diagnostics.TextWriterTraceListener.dll" /reference:"C:\Program Files\dotnet\packs\Microsoft.NETCore.App.Ref\9.0.12\ref\net9.0\System.Diagnostics.Tools.dll" /reference:"C:\Program Files\dotnet\packs\Microsoft.NETCore.App.Ref\9.0.12\ref\net9.0\System.Diagnostics.TraceSource.dll" /reference:"C:\Program Files\dotnet\packs\Microsoft.NETCore.App.Ref\9.0.12\ref\net9.0\System.Diagnostics.Tracing.dll" /reference:"C:\Program Files\dotnet\packs\Microsoft.NETCore.App.Ref\9.0.12\ref\net9.0\System.dll" /reference:"C:\Program Files\dotnet\packs\Microsoft.NETCore.App.Ref\9.0.12\ref\net9.0\System.Drawing.dll" /reference:"C:\Program Files\dotnet\packs\Microsoft.NETCore.App.Ref\9.0.12\ref\net9.0\System.Drawing.Primitives.dll" /reference:"C:\Program Files\dotnet\packs\Microsoft.NETCore.App.Ref\9.0.12\ref\net9.0\System.Dynamic.Runtime.dll" /reference:"C:\Program Files\dotnet\packs\Microsoft.NETCore.App.Ref\9.0.12\ref\net9.0\System.Formats.Asn1.dll" /reference:"C:\Program Files\dotnet\packs\Microsoft.NETCore.App.Ref\9.0.12\ref\net9.0\System.Formats.Tar.dll" /reference:"C:\Program Files\dotnet\packs\Microsoft.NETCore.App.Ref\9.0.12\ref\net9.0\System.Globalization.Calendars.dll" /reference:"C:\Program Files\dotnet\packs\Microsoft.NETCore.App.Ref\9.0.12\ref\net9.0\System.Globalization.dll" /reference:"C:\Program Files\dotnet\packs\Microsoft.NETCore.App.Ref\9.0.12\ref\net9.0\System.Globalization.Extensions.dll" /reference:"C:\Program Files\dotnet\packs\Microsoft.NETCore.App.Ref\9.0.12\ref\net9.0\System.IO.Compression.Brotli.dll" /reference:"C:\Program Files\dotnet\packs\Microsoft.NETCore.App.Ref\9.0.12\ref\net9.0\System.IO.Compression.dll" /reference:"C:\Program Files\dotnet\packs\Microsoft.NETCore.App.Ref\9.0.12\ref\net9.0\System.IO.Compression.FileSystem.dll" /reference:"C:\Program Files\dotnet\packs\Microsoft.NETCore.App.Ref\9.0.12\ref\net9.0\System.IO.Compression.ZipFile.dll" /reference:"C:\Program Files\dotnet\packs\Microsoft.NETCore.App.Ref\9.0.12\ref\net9.0\System.IO.dll" /reference:"C:\Program Files\dotnet\packs\Microsoft.NETCore.App.Ref\9.0.12\ref\net9.0\System.IO.FileSystem.AccessControl.dll" /reference:"C:\Program Files\dotnet\packs\Microsoft.NETCore.App.Ref\9.0.12\ref\net9.0\System.IO.FileSystem.dll" /reference:"C:\Program Files\dotnet\packs\Microsoft.NETCore.App.Ref\9.0.12\ref\net9.0\System.IO.FileSystem.DriveInfo.dll" /reference:"C:\Program Files\dotnet\packs\Microsoft.NETCore.App.Ref\9.0.12\ref\net9.0\System.IO.FileSystem.Primitives.dll" /reference:"C:\Program Files\dotnet\packs\Microsoft.NETCore.App.Ref\9.0.12\ref\net9.0\System.IO.FileSystem.Watcher.dll" /reference:C:\Users\ubf0238\.nuget\packages\system.io.hashing\10.0.1\lib\net9.0\System.IO.Hashing.dll /reference:"C:\Program Files\dotnet\packs\Microsoft.NETCore.App.Ref\9.0.12\ref\net9.0\System.IO.IsolatedStorage.dll" /reference:"C:\Program Files\dotnet\packs\Microsoft.NETCore.App.Ref\9.0.12\ref\net9.0\System.IO.MemoryMappedFiles.dll" /reference:C:\Users\ubf0238\.nuget\packages\system.io.pipelines\10.0.2\lib\net9.0\System.IO.Pipelines.dll /reference:"C:\Program Files\dotnet\packs\Microsoft.NETCore.App.Ref\9.0.12\ref\net9.0\System.IO.Pipes.AccessControl.dll" /reference:"C:\Program Files\dotnet\packs\Microsoft.NETCore.App.Ref\9.0.12\ref\net9.0\System.IO.Pipes.dll" /reference:"C:\Program Files\dotnet\packs\Microsoft.NETCore.App.Ref\9.0.12\ref\net9.0\System.IO.UnmanagedMemoryStream.dll" /reference:"C:\Program Files\dotnet\packs\Microsoft.NETCore.App.Ref\9.0.12\ref\net9.0\System.Linq.dll" /reference:"C:\Program Files\dotnet\packs\Microsoft.NETCore.App.Ref\9.0.12\ref\net9.0\System.Linq.Expressions.dll" /reference:"C:\Program Files\dotnet\packs\Microsoft.NETCore.App.Ref\9.0.12\ref\net9.0\System.Linq.Parallel.dll" /reference:"C:\Program Files\dotnet\packs\Microsoft.NETCore.App.Ref\9.0.12\ref\net9.0\System.Linq.Queryable.dll" /reference:C:\Users\ubf0238\.nuget\packages\system.memory.data\8.0.1\lib\net8.0\System.Memory.Data.dll /reference:"C:\Program Files\dotnet\packs\Microsoft.NETCore.App.Ref\9.0.12\ref\net9.0\System.Memory.dll" /reference:"C:\Program Files\dotnet\packs\Microsoft.NETCore.App.Ref\9.0.12\ref\net9.0\System.Net.dll" /reference:"C:\Program Files\dotnet\packs\Microsoft.NETCore.App.Ref\9.0.12\ref\net9.0\System.Net.Http.dll" /reference:"C:\Program Files\dotnet\packs\Microsoft.NETCore.App.Ref\9.0.12\ref\net9.0\System.Net.Http.Json.dll" /reference:"C:\Program Files\dotnet\packs\Microsoft.NETCore.App.Ref\9.0.12\ref\net9.0\System.Net.HttpListener.dll" /reference:"C:\Program Files\dotnet\packs\Microsoft.NETCore.App.Ref\9.0.12\ref\net9.0\System.Net.Mail.dll" /reference:"C:\Program Files\dotnet\packs\Microsoft.NETCore.App.Ref\9.0.12\ref\net9.0\System.Net.NameResolution.dll" /reference:"C:\Program Files\dotnet\packs\Microsoft.NETCore.App.Ref\9.0.12\ref\net9.0\System.Net.NetworkInformation.dll" /reference:"C:\Program Files\dotnet\packs\Microsoft.NETCore.App.Ref\9.0.12\ref\net9.0\System.Net.Ping.dll" /reference:"C:\Program Files\dotnet\packs\Microsoft.NETCore.App.Ref\9.0.12\ref\net9.0\System.Net.Primitives.dll" /reference:"C:\Program Files\dotnet\packs\Microsoft.NETCore.App.Ref\9.0.12\ref\net9.0\System.Net.Quic.dll" /reference:"C:\Program Files\dotnet\packs\Microsoft.NETCore.App.Ref\9.0.12\ref\net9.0\System.Net.Requests.dll" /reference:"C:\Program Files\dotnet\packs\Microsoft.NETCore.App.Ref\9.0.12\ref\net9.0\System.Net.Security.dll" /reference:"C:\Program Files\dotnet\packs\Microsoft.NETCore.App.Ref\9.0.12\ref\net9.0\System.Net.ServicePoint.dll" /reference:"C:\Program Files\dotnet\packs\Microsoft.NETCore.App.Ref\9.0.12\ref\net9.0\System.Net.Sockets.dll" /reference:"C:\Program Files\dotnet\packs\Microsoft.NETCore.App.Ref\9.0.12\ref\net9.0\System.Net.WebClient.dll" /reference:"C:\Program Files\dotnet\packs\Microsoft.NETCore.App.Ref\9.0.12\ref\net9.0\System.Net.WebHeaderCollection.dll" /reference:"C:\Program Files\dotnet\packs\Microsoft.NETCore.App.Ref\9.0.12\ref\net9.0\System.Net.WebProxy.dll" /reference:"C:\Program Files\dotnet\packs\Microsoft.NETCore.App.Ref\9.0.12\ref\net9.0\System.Net.WebSockets.Client.dll" /reference:"C:\Program Files\dotnet\packs\Microsoft.NETCore.App.Ref\9.0.12\ref\net9.0\System.Net.WebSockets.dll" /reference:"C:\Program Files\dotnet\packs\Microsoft.NETCore.App.Ref\9.0.12\ref\net9.0\System.Numerics.dll" /reference:"C:\Program Files\dotnet\packs\Microsoft.NETCore.App.Ref\9.0.12\ref\net9.0\System.Numerics.Vectors.dll" /reference:"C:\Program Files\dotnet\packs\Microsoft.NETCore.App.Ref\9.0.12\ref\net9.0\System.ObjectModel.dll" /reference:"C:\Program Files\dotnet\packs\Microsoft.NETCore.App.Ref\9.0.12\ref\net9.0\System.Reflection.DispatchProxy.dll" /reference:"C:\Program Files\dotnet\packs\Microsoft.NETCore.App.Ref\9.0.12\ref\net9.0\System.Reflection.dll" /reference:"C:\Program Files\dotnet\packs\Microsoft.NETCore.App.Ref\9.0.12\ref\net9.0\System.Reflection.Emit.dll" /reference:"C:\Program Files\dotnet\packs\Microsoft.NETCore.App.Ref\9.0.12\ref\net9.0\System.Reflection.Emit.ILGeneration.dll" /reference:"C:\Program Files\dotnet\packs\Microsoft.NETCore.App.Ref\9.0.12\ref\net9.0\System.Reflection.Emit.Lightweight.dll" /reference:"C:\Program Files\dotnet\packs\Microsoft.NETCore.App.Ref\9.0.12\ref\net9.0\System.Reflection.Extensions.dll" /reference:"C:\Program Files\dotnet\packs\Microsoft.NETCore.App.Ref\9.0.12\ref\net9.0\System.Reflection.Metadata.dll" /reference:"C:\Program Files\dotnet\packs\Microsoft.NETCore.App.Ref\9.0.12\ref\net9.0\System.Reflection.Primitives.dll" /reference:"C:\Program Files\dotnet\packs\Microsoft.NETCore.App.Ref\9.0.12\ref\net9.0\System.Reflection.TypeExtensions.dll" /reference:"C:\Program Files\dotnet\packs\Microsoft.NETCore.App.Ref\9.0.12\ref\net9.0\System.Resources.Reader.dll" /reference:"C:\Program Files\dotnet\packs\Microsoft.NETCore.App.Ref\9.0.12\ref\net9.0\System.Resources.ResourceManager.dll" /reference:"C:\Program Files\dotnet\packs\Microsoft.NETCore.App.Ref\9.0.12\ref\net9.0\System.Resources.Writer.dll" /reference:"C:\Program Files\dotnet\packs\Microsoft.NETCore.App.Ref\9.0.12\ref\net9.0\System.Runtime.CompilerServices.Unsafe.dll" /reference:"C:\Program Files\dotnet\packs\Microsoft.NETCore.App.Ref\9.0.12\ref\net9.0\System.Runtime.CompilerServices.VisualC.dll" /reference:"C:\Program Files\dotnet\packs\Microsoft.NETCore.App.Ref\9.0.12\ref\net9.0\System.Runtime.dll" /reference:"C:\Program Files\dotnet\packs\Microsoft.NETCore.App.Ref\9.0.12\ref\net9.0\System.Runtime.Extensions.dll" /reference:"C:\Program Files\dotnet\packs\Microsoft.NETCore.App.Ref\9.0.12\ref\net9.0\System.Runtime.Handles.dll" /reference:"C:\Program Files\dotnet\packs\Microsoft.NETCore.App.Ref\9.0.12\ref\net9.0\System.Runtime.InteropServices.dll" /reference:"C:\Program Files\dotnet\packs\Microsoft.NETCore.App.Ref\9.0.12\ref\net9.0\System.Runtime.InteropServices.JavaScript.dll" /reference:"C:\Program Files\dotnet\packs\Microsoft.NETCore.App.Ref\9.0.12\ref\net9.0\System.Runtime.InteropServices.RuntimeInformation.dll" /reference:"C:\Program Files\dotnet\packs\Microsoft.NETCore.App.Ref\9.0.12\ref\net9.0\System.Runtime.Intrinsics.dll" /reference:"C:\Program Files\dotnet\packs\Microsoft.NETCore.App.Ref\9.0.12\ref\net9.0\System.Runtime.Loader.dll" /reference:"C:\Program Files\dotnet\packs\Microsoft.NETCore.App.Ref\9.0.12\ref\net9.0\System.Runtime.Numerics.dll" /reference:"C:\Program Files\dotnet\packs\Microsoft.NETCore.App.Ref\9.0.12\ref\net9.0\System.Runtime.Serialization.dll" /reference:"C:\Program Files\dotnet\packs\Microsoft.NETCore.App.Ref\9.0.12\ref\net9.0\System.Runtime.Serialization.Formatters.dll" /reference:"C:\Program Files\dotnet\packs\Microsoft.NETCore.App.Ref\9.0.12\ref\net9.0\System.Runtime.Serialization.Json.dll" /reference:"C:\Program Files\dotnet\packs\Microsoft.NETCore.App.Ref\9.0.12\ref\net9.0\System.Runtime.Serialization.Primitives.dll" /reference:"C:\Program Files\dotnet\packs\Microsoft.NETCore.App.Ref\9.0.12\ref\net9.0\System.Runtime.Serialization.Xml.dll" /reference:"C:\Program Files\dotnet\packs\Microsoft.NETCore.App.Ref\9.0.12\ref\net9.0\System.Security.AccessControl.dll" /reference:"C:\Program Files\dotnet\packs\Microsoft.NETCore.App.Ref\9.0.12\ref\net9.0\System.Security.Claims.dll" /reference:"C:\Program Files\dotnet\packs\Microsoft.NETCore.App.Ref\9.0.12\ref\net9.0\System.Security.Cryptography.Algorithms.dll" /reference:"C:\Program Files\dotnet\packs\Microsoft.NETCore.App.Ref\9.0.12\ref\net9.0\System.Security.Cryptography.Cng.dll" /reference:"C:\Program Files\dotnet\packs\Microsoft.NETCore.App.Ref\9.0.12\ref\net9.0\System.Security.Cryptography.Csp.dll" /reference:"C:\Program Files\dotnet\packs\Microsoft.NETCore.App.Ref\9.0.12\ref\net9.0\System.Security.Cryptography.dll" /reference:"C:\Program Files\dotnet\packs\Microsoft.NETCore.App.Ref\9.0.12\ref\net9.0\System.Security.Cryptography.Encoding.dll" /reference:"C:\Program Files\dotnet\packs\Microsoft.NETCore.App.Ref\9.0.12\ref\net9.0\System.Security.Cryptography.OpenSsl.dll" /reference:"C:\Program Files\dotnet\packs\Microsoft.NETCore.App.Ref\9.0.12\ref\net9.0\System.Security.Cryptography.Primitives.dll" /reference:"C:\Program Files\dotnet\packs\Microsoft.NETCore.App.Ref\9.0.12\ref\net9.0\System.Security.Cryptography.X509Certificates.dll" /reference:"C:\Program Files\dotnet\packs\Microsoft.NETCore.App.Ref\9.0.12\ref\net9.0\System.Security.dll" /reference:"C:\Program Files\dotnet\packs\Microsoft.NETCore.App.Ref\9.0.12\ref\net9.0\System.Security.Principal.dll" /reference:"C:\Program Files\dotnet\packs\Microsoft.NETCore.App.Ref\9.0.12\ref\net9.0\System.Security.Principal.Windows.dll" /reference:"C:\Program Files\dotnet\packs\Microsoft.NETCore.App.Ref\9.0.12\ref\net9.0\System.Security.SecureString.dll" /reference:"C:\Program Files\dotnet\packs\Microsoft.NETCore.App.Ref\9.0.12\ref\net9.0\System.ServiceModel.Web.dll" /reference:"C:\Program Files\dotnet\packs\Microsoft.NETCore.App.Ref\9.0.12\ref\net9.0\System.ServiceProcess.dll" /reference:"C:\Program Files\dotnet\packs\Microsoft.NETCore.App.Ref\9.0.12\ref\net9.0\System.Text.Encoding.CodePages.dll" /reference:"C:\Program Files\dotnet\packs\Microsoft.NETCore.App.Ref\9.0.12\ref\net9.0\System.Text.Encoding.dll" /reference:"C:\Program Files\dotnet\packs\Microsoft.NETCore.App.Ref\9.0.12\ref\net9.0\System.Text.Encoding.Extensions.dll" /reference:C:\Users\ubf0238\.nuget\packages\system.text.encodings.web\10.0.2\lib\net9.0\System.Text.Encodings.Web.dll /reference:C:\Users\ubf0238\.nuget\packages\system.text.json\10.0.2\lib\net9.0\System.Text.Json.dll /reference:"C:\Program Files\dotnet\packs\Microsoft.NETCore.App.Ref\9.0.12\ref\net9.0\System.Text.RegularExpressions.dll" /reference:"C:\Program Files\dotnet\packs\Microsoft.NETCore.App.Ref\9.0.12\ref\net9.0\System.Threading.Channels.dll" /reference:"C:\Program Files\dotnet\packs\Microsoft.NETCore.App.Ref\9.0.12\ref\net9.0\System.Threading.dll" /reference:"C:\Program Files\dotnet\packs\Microsoft.NETCore.App.Ref\9.0.12\ref\net9.0\System.Threading.Overlapped.dll" /reference:"C:\Program Files\dotnet\packs\Microsoft.NETCore.App.Ref\9.0.12\ref\net9.0\System.Threading.Tasks.Dataflow.dll" /reference:"C:\Program Files\dotnet\packs\Microsoft.NETCore.App.Ref\9.0.12\ref\net9.0\System.Threading.Tasks.dll" /reference:"C:\Program Files\dotnet\packs\Microsoft.NETCore.App.Ref\9.0.12\ref\net9.0\System.Threading.Tasks.Extensions.dll" /reference:"C:\Program Files\dotnet\packs\Microsoft.NETCore.App.Ref\9.0.12\ref\net9.0\System.Threading.Tasks.Parallel.dll" /reference:"C:\Program Files\dotnet\packs\Microsoft.NETCore.App.Ref\9.0.12\ref\net9.0\System.Threading.Thread.dll" /reference:"C:\Program Files\dotnet\packs\Microsoft.NETCore.App.Ref\9.0.12\ref\net9.0\System.Threading.ThreadPool.dll" /reference:"C:\Program Files\dotnet\packs\Microsoft.NETCore.App.Ref\9.0.12\ref\net9.0\System.Threading.Timer.dll" /reference:"C:\Program Files\dotnet\packs\Microsoft.NETCore.App.Ref\9.0.12\ref\net9.0\System.Transactions.dll" /reference:"C:\Program Files\dotnet\packs\Microsoft.NETCore.App.Ref\9.0.12\ref\net9.0\System.Transactions.Local.dll" /reference:"C:\Program Files\dotnet\packs\Microsoft.NETCore.App.Ref\9.0.12\ref\net9.0\System.ValueTuple.dll" /reference:"C:\Program Files\dotnet\packs\Microsoft.NETCore.App.Ref\9.0.12\ref\net9.0\System.Web.dll" /reference:"C:\Program Files\dotnet\packs\Microsoft.NETCore.App.Ref\9.0.12\ref\net9.0\System.Web.HttpUtility.dll" /reference:"C:\Program Files\dotnet\packs\Microsoft.NETCore.App.Ref\9.0.12\ref\net9.0\System.Windows.dll" /reference:"C:\Program Files\dotnet\packs\Microsoft.NETCore.App.Ref\9.0.12\ref\net9.0\System.Xml.dll" /reference:"C:\Program Files\dotnet\packs\Microsoft.NETCore.App.Ref\9.0.12\ref\net9.0\System.Xml.Linq.dll" /reference:"C:\Program Files\dotnet\packs\Microsoft.NETCore.App.Ref\9.0.12\ref\net9.0\System.Xml.ReaderWriter.dll" /reference:"C:\Program Files\dotnet\packs\Microsoft.NETCore.App.Ref\9.0.12\ref\net9.0\System.Xml.Serialization.dll" /reference:"C:\Program Files\dotnet\packs\Microsoft.NETCore.App.Ref\9.0.12\ref\net9.0\System.Xml.XDocument.dll" /reference:"C:\Program Files\dotnet\packs\Microsoft.NETCore.App.Ref\9.0.12\ref\net9.0\System.Xml.XmlDocument.dll" /reference:"C:\Program Files\dotnet\packs\Microsoft.NETCore.App.Ref\9.0.12\ref\net9.0\System.Xml.XmlSerializer.dll" /reference:"C:\Program Files\dotnet\packs\Microsoft.NETCore.App.Ref\9.0.12\ref\net9.0\System.Xml.XPath.dll" /reference:"C:\Program Files\dotnet\packs\Microsoft.NETCore.App.Ref\9.0.12\ref\net9.0\System.Xml.XPath.XDocument.dll" /reference:C:\Users\ubf0238\.nuget\packages\microsoft.testplatform.testhost\17.12.0\lib\netcoreapp3.1\testhost.dll /reference:"C:\Program Files\dotnet\packs\Microsoft.NETCore.App.Ref\9.0.12\ref\net9.0\WindowsBase.dll" /reference:C:\Users\ubf0238\.nuget\packages\xunit.abstractions\2.0.3\lib\netstandard2.0\xunit.abstractions.dll /reference:C:\Users\ubf0238\.nuget\packages\xunit.assert\2.9.2\lib\net6.0\xunit.assert.dll /reference:C:\Users\ubf0238\.nuget\packages\xunit.extensibility.core\2.9.2\lib\netstandard1.1\xunit.core.dll /reference:C:\Users\ubf0238\.nuget\packages\xunit.extensibility.execution\2.9.2\lib\netstandard1.1\xunit.execution.dotnet.dll /debug+ /debug:portable /filealign:512 /optimize- /out:obj\Debug\net9.0\DocumentIA.Tests.Unit.dll /refout:obj\Debug\net9.0\refint\DocumentIA.Tests.Unit.dll /target:exe /warnaserror- /utf8output /deterministic+ /sourcelink:obj\Debug\net9.0\DocumentIA.Tests.Unit.sourcelink.json /langversion:13.0 /embed:C:\Users\ubf0238\.nuget\packages\microsoft.net.test.sdk\17.12.0\build\netcoreapp3.1\Microsoft.NET.Test.Sdk.Program.cs /embed:obj\Debug\net9.0\DocumentIA.Tests.Unit.GlobalUsings.g.cs /embed:"obj\Debug\net9.0\.NETCoreApp,Version=v9.0.AssemblyAttributes.cs" /embed:obj\Debug\net9.0\DocumentIA.Tests.Unit.AssemblyInfo.cs /analyzerconfig:obj\Debug\net9.0\DocumentIA.Tests.Unit.GeneratedMSBuildEditorConfig.editorconfig /analyzerconfig:"C:\Program Files\dotnet\sdk\9.0.310\Sdks\Microsoft.NET.Sdk\analyzers\build\config\analysislevel_9_default.globalconfig" /analyzer:"C:\Program Files\dotnet\sdk\9.0.310\Sdks\Microsoft.NET.Sdk\targets\..\analyzers\Microsoft.CodeAnalysis.CSharp.NetAnalyzers.dll" /analyzer:"C:\Program Files\dotnet\sdk\9.0.310\Sdks\Microsoft.NET.Sdk\targets\..\analyzers\Microsoft.CodeAnalysis.NetAnalyzers.dll" /analyzer:C:\Users\ubf0238\.nuget\packages\microsoft.extensions.logging.abstractions\8.0.3\analyzers\dotnet\roslyn4.4\cs\Microsoft.Extensions.Logging.Generators.dll /analyzer:C:\Users\ubf0238\.nuget\packages\system.clientmodel\1.8.0\analyzers\dotnet\cs\System.ClientModel.SourceGeneration.dll /analyzer:C:\Users\ubf0238\.nuget\packages\system.text.json\10.0.2\analyzers\dotnet\roslyn4.4\cs\System.Text.Json.SourceGeneration.dll /analyzer:C:\Users\ubf0238\.nuget\packages\xunit.analyzers\1.16.0\analyzers\dotnet\cs\xunit.analyzers.dll /analyzer:C:\Users\ubf0238\.nuget\packages\xunit.analyzers\1.16.0\analyzers\dotnet\cs\xunit.analyzers.fixes.dll /analyzer:"C:\Program Files\dotnet\packs\Microsoft.NETCore.App.Ref\9.0.12\analyzers/dotnet/cs/Microsoft.Interop.ComInterfaceGenerator.dll" /analyzer:"C:\Program Files\dotnet\packs\Microsoft.NETCore.App.Ref\9.0.12\analyzers/dotnet/cs/Microsoft.Interop.JavaScript.JSImportGenerator.dll" /analyzer:"C:\Program Files\dotnet\packs\Microsoft.NETCore.App.Ref\9.0.12\analyzers/dotnet/cs/Microsoft.Interop.LibraryImportGenerator.dll" /analyzer:"C:\Program Files\dotnet\packs\Microsoft.NETCore.App.Ref\9.0.12\analyzers/dotnet/cs/Microsoft.Interop.SourceGeneration.dll" /analyzer:"C:\Program Files\dotnet\packs\Microsoft.NETCore.App.Ref\9.0.12\analyzers/dotnet/cs/System.Text.RegularExpressions.Generator.dll" Validation\CatastralReferenceValidatorTests.cs Validation\DateFormatValidatorTests.cs Validation\NifValidatorTests.cs Validation\RangeValidatorTests.cs Validation\RequiredFieldValidatorTests.cs Validation\ValidationEngineTests.cs C:\Users\ubf0238\.nuget\packages\microsoft.net.test.sdk\17.12.0\build\netcoreapp3.1\Microsoft.NET.Test.Sdk.Program.cs obj\Debug\net9.0\DocumentIA.Tests.Unit.GlobalUsings.g.cs "obj\Debug\net9.0\.NETCoreApp,Version=v9.0.AssemblyAttributes.cs" obj\Debug\net9.0\DocumentIA.Tests.Unit.AssemblyInfo.cs /warnaserror+:NU1605,SYSLIB0011
         Compilador de Microsoft (R) Visual C# versi├│n 4.14.0-3.26064.1 (450493a9)
         Copyright (C) Microsoft Corporation. Todos los derechos reservados.
   1:8>C:\temp\MVP\documento-ia-clasificacion-mvp\src\backend\DocumentIA.Tests.Unit\Validation\ValidationEngineTests.cs(15,16): warning CS0436: El tipo 'ValidationEngine' de 'C:\temp\MVP\documento-ia-clasificacion-mvp\src\backend\DocumentIA.Tests.Unit\Validation\ValidationEngineTests.cs' est├í en conflicto con el tipo importado 'ValidationEngine' de 'DocumentIA.Core, Version=1.0.0.0, Culture=neutral, PublicKeyToken=null'. Se usar├í el tipo definido en 'C:\temp\MVP\documento-ia-clasificacion-mvp\src\backend\DocumentIA.Tests.Unit\Validation\ValidationEngineTests.cs'. [C:\temp\MVP\documento-ia-clasificacion-mvp\src\backend\DocumentIA.Tests.Unit\DocumentIA.Tests.Unit.csproj]
   1:8>C:\temp\MVP\documento-ia-clasificacion-mvp\src\backend\DocumentIA.Tests.Unit\Validation\ValidationEngineTests.cs(26,129): warning CS8625: No se puede convertir un literal NULL en un tipo de referencia que no acepta valores NULL. [C:\temp\MVP\documento-ia-clasificacion-mvp\src\backend\DocumentIA.Tests.Unit\DocumentIA.Tests.Unit.csproj]
   1:8>C:\temp\MVP\documento-ia-clasificacion-mvp\src\backend\DocumentIA.Tests.Unit\Validation\ValidationEngineTests.cs(35,37): warning CS8600: Se va a convertir un literal nulo o un posible valor nulo en un tipo que no acepta valores NULL [C:\temp\MVP\documento-ia-clasificacion-mvp\src\backend\DocumentIA.Tests.Unit\DocumentIA.Tests.Unit.csproj]
   1:8>C:\temp\MVP\documento-ia-clasificacion-mvp\src\backend\DocumentIA.Tests.Unit\Validation\ValidationEngineTests.cs(41,59): warning CS8604: Posible argumento de referencia nulo para el par├ímetro "value" en "ValidationResult IValidationRule.Validate(string fieldName, object value, Dictionary<string, object> context = null)". [C:\temp\MVP\documento-ia-clasificacion-mvp\src\backend\DocumentIA.Tests.Unit\DocumentIA.Tests.Unit.csproj]
         CompilerServer: server - server processed compilation - DocumentIA.Tests.Unit (net9.0)
       Ejecuci├│n de la tarea "Csc" terminada.
       Se omiti├│ la tarea "CallTarget" debido a una condici├│n falsa (False); ('$(TargetsTriggeredByCompilation)' != '') se evalu├│ como ('' != '').
   1:8>Compilaci├│n terminada del destino "CoreCompile" en el proyecto "DocumentIA.Tests.Unit.csproj".
       Se omiti├│ el destino "_TouchLastBuildWithSkipAnalyzers" debido a una condici├│n falsa (False); ('$(_SkipAnalyzers)' == 'true') se evalu├│ como ('' == 'true').
       Se omiti├│ el destino "_TimeStampAfterCompile" debido a una condici├│n falsa (False); ('$(RunPostBuildEvent)'=='OnOutputUpdated' or ('$(RegisterForComInterop)'=='true' and '$(OutputType)'=='library')) se evalu├│ como (''=='OnOutputUpdated' or (''=='true' and 'Exe'=='library')).
   1:8>Destino "AfterCompile" en el archivo "C:\Program Files\dotnet\sdk\9.0.310\Microsoft.Common.CurrentVersion.targets" del proyecto "C:\temp\MVP\documento-ia-clasificacion-mvp\src\backend\DocumentIA.Tests.Unit\DocumentIA.Tests.Unit.csproj" (el destino "Compile" depende de ├®l):
   1:8>Compilaci├│n terminada del destino "AfterCompile" en el proyecto "DocumentIA.Tests.Unit.csproj".
       Se omiti├│ el destino "_CreateAppHost" debido a una condici├│n falsa (False); ('$(ComputeNETCoreBuildOutputFiles)' == 'true' and
                            '$(AppHostSourcePath)' != '' and
                            Exists('@(IntermediateAssembly)') and
                            Exists('$(AppHostSourcePath)')) se evalu├│ como ('true' == 'true' and
                            '' != '' and
                            Exists('obj\Debug\net9.0\DocumentIA.Tests.Unit.dll') and
                            Exists('')).
       Se omiti├│ el destino "_CreateComHost" debido a una condici├│n falsa (False); ('$(ComputeNETCoreBuildOutputFiles)' == 'true' and
                            '$(ComHostIntermediatePath)' != '' and
                            Exists('@(IntermediateAssembly)') and
                            Exists('$(ComHostSourcePath)')) se evalu├│ como ('true' == 'true' and
                            '' != '' and
                            Exists('obj\Debug\net9.0\DocumentIA.Tests.Unit.dll') and
                            Exists('')).
       Se omiti├│ el destino "_GetIjwHostPaths" debido a una condici├│n falsa (False); ('$(UseIJWHost)' == 'true') se evalu├│ como ('' == 'true').
   1:8>Destino "Compile" en el archivo "C:\Program Files\dotnet\sdk\9.0.310\Microsoft.Common.CurrentVersion.targets" del proyecto "C:\temp\MVP\documento-ia-clasificacion-mvp\src\backend\DocumentIA.Tests.Unit\DocumentIA.Tests.Unit.csproj" (el destino "CoreBuild" depende de ├®l):
   1:8>Compilaci├│n terminada del destino "Compile" en el proyecto "DocumentIA.Tests.Unit.csproj".
       Se omiti├│ el destino "ExportWindowsMDFile" debido a una condici├│n falsa (False); ('$(ExportWinMDFile)' == 'true') se evalu├│ como ('' == 'true').
       Se omiti├│ el destino "UnmanagedUnregistration" debido a una condici├│n falsa (False); ((('$(_AssemblyTimestampBeforeCompile)' != '$(_AssemblyTimestampAfterCompile)' or '$(RegisterForComInterop)' != 'true' or '$(OutputType)' != 'library') or
                           ('$(_AssemblyTimestampBeforeCompile)' == '')) and
                          Exists('@(_UnmanagedRegistrationCache)')) se evalu├│ como ((('' != '' or '' != 'true' or 'Exe' != 'library') or
                           ('' == '')) and
                          Exists('obj\DocumentIA.Tests.Unit.csproj.UnmanagedRegistration.cache')).
       Se omiti├│ el destino "GenerateSerializationAssemblies" debido a una condici├│n falsa (False); ('$(_SGenGenerateSerializationAssembliesConfig)' == 'On' or ('@(WebReferenceUrl)'!='' and '$(_SGenGenerateSerializationAssembliesConfig)' == 'Auto')) se evalu├│ como ('Off' == 'On' or (''!='' and 'Off' == 'Auto')).
   1:8>Destino "_GenerateSatelliteAssemblyInputs" en el archivo "C:\Program Files\dotnet\sdk\9.0.310\Microsoft.Common.CurrentVersion.targets" del proyecto "C:\temp\MVP\documento-ia-clasificacion-mvp\src\backend\DocumentIA.Tests.Unit\DocumentIA.Tests.Unit.csproj" (el destino "CreateSatelliteAssemblies" depende de ├®l):
       Se omiti├│ la tarea "MSBuildInternalMessage" debido a una condici├│n falsa (False); ('@(ManifestResourceWithCulture)'!='' and '%(ManifestResourceWithCulture.EmittedForCompatibilityOnly)'=='') se evalu├│ como (''!='' and ''=='').
       Se omiti├│ la tarea "MSBuildInternalMessage" debido a una condici├│n falsa (False); ('@(ManifestNonResxWithCultureOnDisk)'!='' and '%(ManifestNonResxWithCultureOnDisk.EmittedForCompatibilityOnly)'=='') se evalu├│ como (''!='' and ''=='').
   1:8>Compilaci├│n terminada del destino "_GenerateSatelliteAssemblyInputs" en el proyecto "DocumentIA.Tests.Unit.csproj".
       Se omiti├│ el destino "ComputeIntermediateSatelliteAssemblies" debido a una condici├│n falsa (False); (@(EmbeddedResource->'%(WithCulture)') != '') se evalu├│ como ( != '').
Serie de pruebas para C:\temp\MVP\documento-ia-clasificacion-mvp\src\backend\DocumentIA.Tests.Unit\bin\Debug\net9.0\DocumentIA.Tests.Unit.dll (.NETCoreApp,Version=v9.0)
       Se omiti├│ el destino "GenerateSatelliteAssemblies" debido a una condici├│n falsa (False); ('@(_SatelliteAssemblyResourceInputs)' != '' and '$(GenerateSatelliteAssembliesForCore)' != 'true') se evalu├│ como ('' != '' and 'true' != 'true').
       Se omiti├│ el destino "CoreGenerateSatelliteAssemblies" debido a una condici├│n falsa (False); ('@(_SatelliteAssemblyResourceInputs)' != ''  and '$(GenerateSatelliteAssembliesForCore)' == 'true' ) se evalu├│ como ('' != ''  and 'true' == 'true' ).
   1:8>Destino "CreateSatelliteAssemblies" en el archivo "C:\Program Files\dotnet\sdk\9.0.310\Microsoft.Common.CurrentVersion.targets" del proyecto "C:\temp\MVP\documento-ia-clasificacion-mvp\src\backend\DocumentIA.Tests.Unit\DocumentIA.Tests.Unit.csproj" (el destino "CoreBuild" depende de ├®l):
   1:8>Compilaci├│n terminada del destino "CreateSatelliteAssemblies" en el proyecto "DocumentIA.Tests.Unit.csproj".
       Se omiti├│ el destino "GenerateManifests" debido a una condici├│n falsa (False); ('$(GenerateClickOnceManifests)'=='true' or '@(NativeReference)'!='' or '@(ResolvedIsolatedComModules)'!='' or '$(GenerateAppxManifest)' == 'true') se evalu├│ como (''=='true' or ''!='' or ''!='' or '' == 'true').
   1:8>Destino "GetTargetPathWithTargetPlatformMoniker" en el archivo "C:\Program Files\dotnet\sdk\9.0.310\Microsoft.Common.CurrentVersion.targets" del proyecto "C:\temp\MVP\documento-ia-clasificacion-mvp\src\backend\DocumentIA.Tests.Unit\DocumentIA.Tests.Unit.csproj" (el destino "GetTargetPath" depende de ├®l):
   1:8>Compilaci├│n terminada del destino "GetTargetPathWithTargetPlatformMoniker" en el proyecto "DocumentIA.Tests.Unit.csproj".
   1:8>Destino "GetTargetPath" en el archivo "C:\Program Files\dotnet\sdk\9.0.310\Microsoft.Common.CurrentVersion.targets" del proyecto "C:\temp\MVP\documento-ia-clasificacion-mvp\src\backend\DocumentIA.Tests.Unit\DocumentIA.Tests.Unit.csproj" (el destino "CoreBuild" depende de ├®l):
   1:8>Compilaci├│n terminada del destino "GetTargetPath" en el proyecto "DocumentIA.Tests.Unit.csproj".
       Se omiti├│ el destino "ComputeIntermediateSatelliteAssemblies" debido a una condici├│n falsa (False); (@(EmbeddedResource->'%(WithCulture)') != '') se evalu├│ como ( != '').
   1:8>Destino "_CopyFilesMarkedCopyLocal" en el archivo "C:\Program Files\dotnet\sdk\9.0.310\Microsoft.Common.CurrentVersion.targets" del proyecto "C:\temp\MVP\documento-ia-clasificacion-mvp\src\backend\DocumentIA.Tests.Unit\DocumentIA.Tests.Unit.csproj" (el destino "CopyFilesToOutputDirectory" depende de ├®l):
       Tarea "Copy"
         No se copi├│ del archivo "C:\Users\ubf0238\.nuget\packages\azure.core\1.50.0\lib\net8.0\Azure.Core.dll" en el archivo "bin\Debug\net9.0\Azure.Core.dll" porque el par├ímetro "SkipUnchangedFiles" se estableci├│ como "true" en el proyecto y los tama├▒os y las marcas de tiempo de los archivos coinciden.
         No se copi├│ del archivo "C:\Users\ubf0238\.nuget\packages\azure.storage.blobs\12.27.0\lib\net8.0\Azure.Storage.Blobs.dll" en el archivo "bin\Debug\net9.0\Azure.Storage.Blobs.dll" porque el par├ímetro "SkipUnchangedFiles" se estableci├│ como "true" en el proyecto y los tama├▒os y las marcas de tiempo de los archivos coinciden.
         No se copi├│ del archivo "C:\Users\ubf0238\.nuget\packages\azure.storage.common\12.26.0\lib\net8.0\Azure.Storage.Common.dll" en el archivo "bin\Debug\net9.0\Azure.Storage.Common.dll" porque el par├ímetro "SkipUnchangedFiles" se estableci├│ como "true" en el proyecto y los tama├▒os y las marcas de tiempo de los archivos coinciden.
         No se copi├│ del archivo "C:\Users\ubf0238\.nuget\packages\castle.core\5.1.1\lib\net6.0\Castle.Core.dll" en el archivo "bin\Debug\net9.0\Castle.Core.dll" porque el par├ímetro "SkipUnchangedFiles" se estableci├│ como "true" en el proyecto y los tama├▒os y las marcas de tiempo de los archivos coinciden.
         No se copi├│ del archivo "C:\Users\ubf0238\.nuget\packages\fluentassertions\6.12.0\lib\net6.0\FluentAssertions.dll" en el archivo "bin\Debug\net9.0\FluentAssertions.dll" porque el par├ímetro "SkipUnchangedFiles" se estableci├│ como "true" en el proyecto y los tama├▒os y las marcas de tiempo de los archivos coinciden.
         No se copi├│ del archivo "C:\Users\ubf0238\.nuget\packages\fluentvalidation\12.1.1\lib\net8.0\FluentValidation.dll" en el archivo "bin\Debug\net9.0\FluentValidation.dll" porque el par├ímetro "SkipUnchangedFiles" se estableci├│ como "true" en el proyecto y los tama├▒os y las marcas de tiempo de los archivos coinciden.
         No se copi├│ del archivo "C:\Users\ubf0238\.nuget\packages\microsoft.bcl.asyncinterfaces\8.0.0\lib\netstandard2.1\Microsoft.Bcl.AsyncInterfaces.dll" en el archivo "bin\Debug\net9.0\Microsoft.Bcl.AsyncInterfaces.dll" porque el par├ímetro "SkipUnchangedFiles" se estableci├│ como "true" en el proyecto y los tama├▒os y las marcas de tiempo de los archivos coinciden.
         No se copi├│ del archivo "C:\Users\ubf0238\.nuget\packages\microsoft.extensions.configuration.abstractions\8.0.0\lib\net8.0\Microsoft.Extensions.Configuration.Abstractions.dll" en el archivo "bin\Debug\net9.0\Microsoft.Extensions.Configuration.Abstractions.dll" porque el par├ímetro "SkipUnchangedFiles" se estableci├│ como "true" en el proyecto y los tama├▒os y las marcas de tiempo de los archivos coinciden.
         No se copi├│ del archivo "C:\Users\ubf0238\.nuget\packages\microsoft.codecoverage\17.12.0\lib\netcoreapp3.1\Microsoft.VisualStudio.CodeCoverage.Shim.dll" en el archivo "bin\Debug\net9.0\Microsoft.VisualStudio.CodeCoverage.Shim.dll" porque el par├ímetro "SkipUnchangedFiles" se estableci├│ como "true" en el proyecto y los tama├▒os y las marcas de tiempo de los archivos coinciden.
         No se copi├│ del archivo "C:\Users\ubf0238\.nuget\packages\microsoft.extensions.logging.abstractions\8.0.3\lib\net8.0\Microsoft.Extensions.Logging.Abstractions.dll" en el archivo "bin\Debug\net9.0\Microsoft.Extensions.Logging.Abstractions.dll" porque el par├ímetro "SkipUnchangedFiles" se estableci├│ como "true" en el proyecto y los tama├▒os y las marcas de tiempo de los archivos coinciden.
         No se copi├│ del archivo "C:\Users\ubf0238\.nuget\packages\microsoft.extensions.dependencyinjection.abstractions\8.0.2\lib\net8.0\Microsoft.Extensions.DependencyInjection.Abstractions.dll" en el archivo "bin\Debug\net9.0\Microsoft.Extensions.DependencyInjection.Abstractions.dll" porque el par├ímetro "SkipUnchangedFiles" se estableci├│ como "true" en el proyecto y los tama├▒os y las marcas de tiempo de los archivos coinciden.
         No se copi├│ del archivo "C:\Users\ubf0238\.nuget\packages\microsoft.testplatform.objectmodel\17.12.0\lib\netcoreapp3.1\Microsoft.TestPlatform.PlatformAbstractions.dll" en el archivo "bin\Debug\net9.0\Microsoft.TestPlatform.PlatformAbstractions.dll" porque el par├ímetro "SkipUnchangedFiles" se estableci├│ como "true" en el proyecto y los tama├▒os y las marcas de tiempo de los archivos coinciden.
         No se copi├│ del archivo "C:\Users\ubf0238\.nuget\packages\microsoft.testplatform.objectmodel\17.12.0\lib\netcoreapp3.1\Microsoft.TestPlatform.CoreUtilities.dll" en el archivo "bin\Debug\net9.0\Microsoft.TestPlatform.CoreUtilities.dll" porque el par├ímetro "SkipUnchangedFiles" se estableci├│ como "true" en el proyecto y los tama├▒os y las marcas de tiempo de los archivos coinciden.
         No se copi├│ del archivo "C:\Users\ubf0238\.nuget\packages\microsoft.extensions.primitives\8.0.0\lib\net8.0\Microsoft.Extensions.Primitives.dll" en el archivo "bin\Debug\net9.0\Microsoft.Extensions.Primitives.dll" porque el par├ímetro "SkipUnchangedFiles" se estableci├│ como "true" en el proyecto y los tama├▒os y las marcas de tiempo de los archivos coinciden.
         No se copi├│ del archivo "C:\Users\ubf0238\.nuget\packages\microsoft.testplatform.objectmodel\17.12.0\lib\netcoreapp3.1\Microsoft.VisualStudio.TestPlatform.ObjectModel.dll" en el archivo "bin\Debug\net9.0\Microsoft.VisualStudio.TestPlatform.ObjectModel.dll" porque el par├ímetro "SkipUnchangedFiles" se estableci├│ como "true" en el proyecto y los tama├▒os y las marcas de tiempo de los archivos coinciden.
         No se copi├│ del archivo "C:\Users\ubf0238\.nuget\packages\microsoft.testplatform.testhost\17.12.0\lib\netcoreapp3.1\Microsoft.TestPlatform.CommunicationUtilities.dll" en el archivo "bin\Debug\net9.0\Microsoft.TestPlatform.CommunicationUtilities.dll" porque el par├ímetro "SkipUnchangedFiles" se estableci├│ como "true" en el proyecto y los tama├▒os y las marcas de tiempo de los archivos coinciden.
         No se copi├│ del archivo "C:\Users\ubf0238\.nuget\packages\microsoft.testplatform.testhost\17.12.0\lib\netcoreapp3.1\Microsoft.TestPlatform.CrossPlatEngine.dll" en el archivo "bin\Debug\net9.0\Microsoft.TestPlatform.CrossPlatEngine.dll" porque el par├ímetro "SkipUnchangedFiles" se estableci├│ como "true" en el proyecto y los tama├▒os y las marcas de tiempo de los archivos coinciden.
         No se copi├│ del archivo "C:\Users\ubf0238\.nuget\packages\microsoft.testplatform.testhost\17.12.0\lib\netcoreapp3.1\testhost.dll" en el archivo "bin\Debug\net9.0\testhost.dll" porque el par├ímetro "SkipUnchangedFiles" se estableci├│ como "true" en el proyecto y los tama├▒os y las marcas de tiempo de los archivos coinciden.
         No se copi├│ del archivo "C:\Users\ubf0238\.nuget\packages\microsoft.testplatform.testhost\17.12.0\lib\netcoreapp3.1\Microsoft.TestPlatform.Utilities.dll" en el archivo "bin\Debug\net9.0\Microsoft.TestPlatform.Utilities.dll" porque el par├ímetro "SkipUnchangedFiles" se estableci├│ como "true" en el proyecto y los tama├▒os y las marcas de tiempo de los archivos coinciden.
         No se copi├│ del archivo "C:\Users\ubf0238\.nuget\packages\microsoft.testplatform.testhost\17.12.0\lib\netcoreapp3.1\Microsoft.VisualStudio.TestPlatform.Common.dll" en el archivo "bin\Debug\net9.0\Microsoft.VisualStudio.TestPlatform.Common.dll" porque el par├ímetro "SkipUnchangedFiles" se estableci├│ como "true" en el proyecto y los tama├▒os y las marcas de tiempo de los archivos coinciden.
         No se copi├│ del archivo "C:\Users\ubf0238\.nuget\packages\newtonsoft.json\13.0.1\lib\netstandard2.0\Newtonsoft.Json.dll" en el archivo "bin\Debug\net9.0\Newtonsoft.Json.dll" porque el par├ímetro "SkipUnchangedFiles" se estableci├│ como "true" en el proyecto y los tama├▒os y las marcas de tiempo de los archivos coinciden.
         No se copi├│ del archivo "C:\Users\ubf0238\.nuget\packages\moq\4.20.70\lib\net6.0\Moq.dll" en el archivo "bin\Debug\net9.0\Moq.dll" porque el par├ímetro "SkipUnchangedFiles" se estableci├│ como "true" en el proyecto y los tama├▒os y las marcas de tiempo de los archivos coinciden.
         No se copi├│ del archivo "C:\Users\ubf0238\.nuget\packages\system.configuration.configurationmanager\4.4.0\lib\netstandard2.0\System.Configuration.ConfigurationManager.dll" en el archivo "bin\Debug\net9.0\System.Configuration.ConfigurationManager.dll" porque el par├ímetro "SkipUnchangedFiles" se estableci├│ como "true" en el proyecto y los tama├▒os y las marcas de tiempo de los archivos coinciden.
         No se copi├│ del archivo "C:\Users\ubf0238\.nuget\packages\system.io.hashing\10.0.1\lib\net9.0\System.IO.Hashing.dll" en el archivo "bin\Debug\net9.0\System.IO.Hashing.dll" porque el par├ímetro "SkipUnchangedFiles" se estableci├│ como "true" en el proyecto y los tama├▒os y las marcas de tiempo de los archivos coinciden.
         No se copi├│ del archivo "C:\Users\ubf0238\.nuget\packages\system.io.pipelines\10.0.2\lib\net9.0\System.IO.Pipelines.dll" en el archivo "bin\Debug\net9.0\System.IO.Pipelines.dll" porque el par├ímetro "SkipUnchangedFiles" se estableci├│ como "true" en el proyecto y los tama├▒os y las marcas de tiempo de los archivos coinciden.
         No se copi├│ del archivo "C:\Users\ubf0238\.nuget\packages\system.clientmodel\1.8.0\lib\net9.0\System.ClientModel.dll" en el archivo "bin\Debug\net9.0\System.ClientModel.dll" porque el par├ímetro "SkipUnchangedFiles" se estableci├│ como "true" en el proyecto y los tama├▒os y las marcas de tiempo de los archivos coinciden.
         No se copi├│ del archivo "C:\Users\ubf0238\.nuget\packages\system.diagnostics.eventlog\6.0.0\lib\net6.0\System.Diagnostics.EventLog.dll" en el archivo "bin\Debug\net9.0\System.Diagnostics.EventLog.dll" porque el par├ímetro "SkipUnchangedFiles" se estableci├│ como "true" en el proyecto y los tama├▒os y las marcas de tiempo de los archivos coinciden.
         No se copi├│ del archivo "C:\Users\ubf0238\.nuget\packages\system.security.cryptography.protecteddata\4.4.0\lib\netstandard2.0\System.Security.Cryptography.ProtectedData.dll" en el archivo "bin\Debug\net9.0\System.Security.Cryptography.ProtectedData.dll" porque el par├ímetro "SkipUnchangedFiles" se estableci├│ como "true" en el proyecto y los tama├▒os y las marcas de tiempo de los archivos coinciden.
         No se copi├│ del archivo "C:\Users\ubf0238\.nuget\packages\system.memory.data\8.0.1\lib\net8.0\System.Memory.Data.dll" en el archivo "bin\Debug\net9.0\System.Memory.Data.dll" porque el par├ímetro "SkipUnchangedFiles" se estableci├│ como "true" en el proyecto y los tama├▒os y las marcas de tiempo de los archivos coinciden.
         No se copi├│ del archivo "C:\Users\ubf0238\.nuget\packages\system.text.encodings.web\10.0.2\lib\net9.0\System.Text.Encodings.Web.dll" en el archivo "bin\Debug\net9.0\System.Text.Encodings.Web.dll" porque el par├ímetro "SkipUnchangedFiles" se estableci├│ como "true" en el proyecto y los tama├▒os y las marcas de tiempo de los archivos coinciden.
         No se copi├│ del archivo "C:\Users\ubf0238\.nuget\packages\system.text.json\10.0.2\lib\net9.0\System.Text.Json.dll" en el archivo "bin\Debug\net9.0\System.Text.Json.dll" porque el par├ímetro "SkipUnchangedFiles" se estableci├│ como "true" en el proyecto y los tama├▒os y las marcas de tiempo de los archivos coinciden.
         No se copi├│ del archivo "C:\Users\ubf0238\.nuget\packages\xunit.extensibility.core\2.9.2\lib\netstandard1.1\xunit.core.dll" en el archivo "bin\Debug\net9.0\xunit.core.dll" porque el par├ímetro "SkipUnchangedFiles" se estableci├│ como "true" en el proyecto y los tama├▒os y las marcas de tiempo de los archivos coinciden.
         No se copi├│ del archivo "C:\Users\ubf0238\.nuget\packages\xunit.assert\2.9.2\lib\net6.0\xunit.assert.dll" en el archivo "bin\Debug\net9.0\xunit.assert.dll" porque el par├ímetro "SkipUnchangedFiles" se estableci├│ como "true" en el proyecto y los tama├▒os y las marcas de tiempo de los archivos coinciden.
         No se copi├│ del archivo "C:\Users\ubf0238\.nuget\packages\microsoft.testplatform.objectmodel\17.12.0\lib\netcoreapp3.1\cs\Microsoft.TestPlatform.CoreUtilities.resources.dll" en el archivo "bin\Debug\net9.0\cs\Microsoft.TestPlatform.CoreUtilities.resources.dll" porque el par├ímetro "SkipUnchangedFiles" se estableci├│ como "true" en el proyecto y los tama├▒os y las marcas de tiempo de los archivos coinciden.
         No se copi├│ del archivo "C:\Users\ubf0238\.nuget\packages\xunit.abstractions\2.0.3\lib\netstandard2.0\xunit.abstractions.dll" en el archivo "bin\Debug\net9.0\xunit.abstractions.dll" porque el par├ímetro "SkipUnchangedFiles" se estableci├│ como "true" en el proyecto y los tama├▒os y las marcas de tiempo de los archivos coinciden.
         No se copi├│ del archivo "C:\Users\ubf0238\.nuget\packages\microsoft.testplatform.objectmodel\17.12.0\lib\netcoreapp3.1\de\Microsoft.TestPlatform.CoreUtilities.resources.dll" en el archivo "bin\Debug\net9.0\de\Microsoft.TestPlatform.CoreUtilities.resources.dll" porque el par├ímetro "SkipUnchangedFiles" se estableci├│ como "true" en el proyecto y los tama├▒os y las marcas de tiempo de los archivos coinciden.
         No se copi├│ del archivo "C:\Users\ubf0238\.nuget\packages\microsoft.testplatform.objectmodel\17.12.0\lib\netcoreapp3.1\cs\Microsoft.VisualStudio.TestPlatform.ObjectModel.resources.dll" en el archivo "bin\Debug\net9.0\cs\Microsoft.VisualStudio.TestPlatform.ObjectModel.resources.dll" porque el par├ímetro "SkipUnchangedFiles" se estableci├│ como "true" en el proyecto y los tama├▒os y las marcas de tiempo de los archivos coinciden.
         No se copi├│ del archivo "C:\Users\ubf0238\.nuget\packages\xunit.extensibility.execution\2.9.2\lib\netstandard1.1\xunit.execution.dotnet.dll" en el archivo "bin\Debug\net9.0\xunit.execution.dotnet.dll" porque el par├ímetro "SkipUnchangedFiles" se estableci├│ como "true" en el proyecto y los tama├▒os y las marcas de tiempo de los archivos coinciden.
         No se copi├│ del archivo "C:\Users\ubf0238\.nuget\packages\microsoft.testplatform.objectmodel\17.12.0\lib\netcoreapp3.1\de\Microsoft.VisualStudio.TestPlatform.ObjectModel.resources.dll" en el archivo "bin\Debug\net9.0\de\Microsoft.VisualStudio.TestPlatform.ObjectModel.resources.dll" porque el par├ímetro "SkipUnchangedFiles" se estableci├│ como "true" en el proyecto y los tama├▒os y las marcas de tiempo de los archivos coinciden.
         No se copi├│ del archivo "C:\Users\ubf0238\.nuget\packages\microsoft.testplatform.objectmodel\17.12.0\lib\netcoreapp3.1\es\Microsoft.TestPlatform.CoreUtilities.resources.dll" en el archivo "bin\Debug\net9.0\es\Microsoft.TestPlatform.CoreUtilities.resources.dll" porque el par├ímetro "SkipUnchangedFiles" se estableci├│ como "true" en el proyecto y los tama├▒os y las marcas de tiempo de los archivos coinciden.
         No se copi├│ del archivo "C:\Users\ubf0238\.nuget\packages\microsoft.testplatform.objectmodel\17.12.0\lib\netcoreapp3.1\fr\Microsoft.VisualStudio.TestPlatform.ObjectModel.resources.dll" en el archivo "bin\Debug\net9.0\fr\Microsoft.VisualStudio.TestPlatform.ObjectModel.resources.dll" porque el par├ímetro "SkipUnchangedFiles" se estableci├│ como "true" en el proyecto y los tama├▒os y las marcas de tiempo de los archivos coinciden.
         No se copi├│ del archivo "C:\Users\ubf0238\.nuget\packages\microsoft.testplatform.objectmodel\17.12.0\lib\netcoreapp3.1\es\Microsoft.VisualStudio.TestPlatform.ObjectModel.resources.dll" en el archivo "bin\Debug\net9.0\es\Microsoft.VisualStudio.TestPlatform.ObjectModel.resources.dll" porque el par├ímetro "SkipUnchangedFiles" se estableci├│ como "true" en el proyecto y los tama├▒os y las marcas de tiempo de los archivos coinciden.
         No se copi├│ del archivo "C:\Users\ubf0238\.nuget\packages\microsoft.testplatform.objectmodel\17.12.0\lib\netcoreapp3.1\fr\Microsoft.TestPlatform.CoreUtilities.resources.dll" en el archivo "bin\Debug\net9.0\fr\Microsoft.TestPlatform.CoreUtilities.resources.dll" porque el par├ímetro "SkipUnchangedFiles" se estableci├│ como "true" en el proyecto y los tama├▒os y las marcas de tiempo de los archivos coinciden.
         No se copi├│ del archivo "C:\Users\ubf0238\.nuget\packages\microsoft.testplatform.objectmodel\17.12.0\lib\netcoreapp3.1\it\Microsoft.TestPlatform.CoreUtilities.resources.dll" en el archivo "bin\Debug\net9.0\it\Microsoft.TestPlatform.CoreUtilities.resources.dll" porque el par├ímetro "SkipUnchangedFiles" se estableci├│ como "true" en el proyecto y los tama├▒os y las marcas de tiempo de los archivos coinciden.
         No se copi├│ del archivo "C:\Users\ubf0238\.nuget\packages\microsoft.testplatform.objectmodel\17.12.0\lib\netcoreapp3.1\ja\Microsoft.VisualStudio.TestPlatform.ObjectModel.resources.dll" en el archivo "bin\Debug\net9.0\ja\Microsoft.VisualStudio.TestPlatform.ObjectModel.resources.dll" porque el par├ímetro "SkipUnchangedFiles" se estableci├│ como "true" en el proyecto y los tama├▒os y las marcas de tiempo de los archivos coinciden.
         No se copi├│ del archivo "C:\Users\ubf0238\.nuget\packages\microsoft.testplatform.objectmodel\17.12.0\lib\netcoreapp3.1\it\Microsoft.VisualStudio.TestPlatform.ObjectModel.resources.dll" en el archivo "bin\Debug\net9.0\it\Microsoft.VisualStudio.TestPlatform.ObjectModel.resources.dll" porque el par├ímetro "SkipUnchangedFiles" se estableci├│ como "true" en el proyecto y los tama├▒os y las marcas de tiempo de los archivos coinciden.
         No se copi├│ del archivo "C:\Users\ubf0238\.nuget\packages\microsoft.testplatform.objectmodel\17.12.0\lib\netcoreapp3.1\ko\Microsoft.TestPlatform.CoreUtilities.resources.dll" en el archivo "bin\Debug\net9.0\ko\Microsoft.TestPlatform.CoreUtilities.resources.dll" porque el par├ímetro "SkipUnchangedFiles" se estableci├│ como "true" en el proyecto y los tama├▒os y las marcas de tiempo de los archivos coinciden.
         No se copi├│ del archivo "C:\Users\ubf0238\.nuget\packages\microsoft.testplatform.objectmodel\17.12.0\lib\netcoreapp3.1\ja\Microsoft.TestPlatform.CoreUtilities.resources.dll" en el archivo "bin\Debug\net9.0\ja\Microsoft.TestPlatform.CoreUtilities.resources.dll" porque el par├ímetro "SkipUnchangedFiles" se estableci├│ como "true" en el proyecto y los tama├▒os y las marcas de tiempo de los archivos coinciden.
         No se copi├│ del archivo "C:\Users\ubf0238\.nuget\packages\microsoft.testplatform.objectmodel\17.12.0\lib\netcoreapp3.1\ko\Microsoft.VisualStudio.TestPlatform.ObjectModel.resources.dll" en el archivo "bin\Debug\net9.0\ko\Microsoft.VisualStudio.TestPlatform.ObjectModel.resources.dll" porque el par├ímetro "SkipUnchangedFiles" se estableci├│ como "true" en el proyecto y los tama├▒os y las marcas de tiempo de los archivos coinciden.
         No se copi├│ del archivo "C:\Users\ubf0238\.nuget\packages\microsoft.testplatform.objectmodel\17.12.0\lib\netcoreapp3.1\pl\Microsoft.VisualStudio.TestPlatform.ObjectModel.resources.dll" en el archivo "bin\Debug\net9.0\pl\Microsoft.VisualStudio.TestPlatform.ObjectModel.resources.dll" porque el par├ímetro "SkipUnchangedFiles" se estableci├│ como "true" en el proyecto y los tama├▒os y las marcas de tiempo de los archivos coinciden.
         No se copi├│ del archivo "C:\Users\ubf0238\.nuget\packages\microsoft.testplatform.objectmodel\17.12.0\lib\netcoreapp3.1\pl\Microsoft.TestPlatform.CoreUtilities.resources.dll" en el archivo "bin\Debug\net9.0\pl\Microsoft.TestPlatform.CoreUtilities.resources.dll" porque el par├ímetro "SkipUnchangedFiles" se estableci├│ como "true" en el proyecto y los tama├▒os y las marcas de tiempo de los archivos coinciden.
         No se copi├│ del archivo "C:\Users\ubf0238\.nuget\packages\microsoft.testplatform.objectmodel\17.12.0\lib\netcoreapp3.1\pt-BR\Microsoft.VisualStudio.TestPlatform.ObjectModel.resources.dll" en el archivo "bin\Debug\net9.0\pt-BR\Microsoft.VisualStudio.TestPlatform.ObjectModel.resources.dll" porque el par├ímetro "SkipUnchangedFiles" se estableci├│ como "true" en el proyecto y los tama├▒os y las marcas de tiempo de los archivos coinciden.
         No se copi├│ del archivo "C:\Users\ubf0238\.nuget\packages\microsoft.testplatform.objectmodel\17.12.0\lib\netcoreapp3.1\ru\Microsoft.TestPlatform.CoreUtilities.resources.dll" en el archivo "bin\Debug\net9.0\ru\Microsoft.TestPlatform.CoreUtilities.resources.dll" porque el par├ímetro "SkipUnchangedFiles" se estableci├│ como "true" en el proyecto y los tama├▒os y las marcas de tiempo de los archivos coinciden.
         No se copi├│ del archivo "C:\Users\ubf0238\.nuget\packages\microsoft.testplatform.objectmodel\17.12.0\lib\netcoreapp3.1\tr\Microsoft.TestPlatform.CoreUtilities.resources.dll" en el archivo "bin\Debug\net9.0\tr\Microsoft.TestPlatform.CoreUtilities.resources.dll" porque el par├ímetro "SkipUnchangedFiles" se estableci├│ como "true" en el proyecto y los tama├▒os y las marcas de tiempo de los archivos coinciden.
         No se copi├│ del archivo "C:\Users\ubf0238\.nuget\packages\microsoft.testplatform.objectmodel\17.12.0\lib\netcoreapp3.1\pt-BR\Microsoft.TestPlatform.CoreUtilities.resources.dll" en el archivo "bin\Debug\net9.0\pt-BR\Microsoft.TestPlatform.CoreUtilities.resources.dll" porque el par├ímetro "SkipUnchangedFiles" se estableci├│ como "true" en el proyecto y los tama├▒os y las marcas de tiempo de los archivos coinciden.
         No se copi├│ del archivo "C:\Users\ubf0238\.nuget\packages\microsoft.testplatform.objectmodel\17.12.0\lib\netcoreapp3.1\tr\Microsoft.VisualStudio.TestPlatform.ObjectModel.resources.dll" en el archivo "bin\Debug\net9.0\tr\Microsoft.VisualStudio.TestPlatform.ObjectModel.resources.dll" porque el par├ímetro "SkipUnchangedFiles" se estableci├│ como "true" en el proyecto y los tama├▒os y las marcas de tiempo de los archivos coinciden.
         No se copi├│ del archivo "C:\Users\ubf0238\.nuget\packages\microsoft.testplatform.objectmodel\17.12.0\lib\netcoreapp3.1\ru\Microsoft.VisualStudio.TestPlatform.ObjectModel.resources.dll" en el archivo "bin\Debug\net9.0\ru\Microsoft.VisualStudio.TestPlatform.ObjectModel.resources.dll" porque el par├ímetro "SkipUnchangedFiles" se estableci├│ como "true" en el proyecto y los tama├▒os y las marcas de tiempo de los archivos coinciden.
         No se copi├│ del archivo "C:\Users\ubf0238\.nuget\packages\microsoft.testplatform.objectmodel\17.12.0\lib\netcoreapp3.1\zh-Hans\Microsoft.VisualStudio.TestPlatform.ObjectModel.resources.dll" en el archivo "bin\Debug\net9.0\zh-Hans\Microsoft.VisualStudio.TestPlatform.ObjectModel.resources.dll" porque el par├ímetro "SkipUnchangedFiles" se estableci├│ como "true" en el proyecto y los tama├▒os y las marcas de tiempo de los archivos coinciden.
         No se copi├│ del archivo "C:\Users\ubf0238\.nuget\packages\microsoft.testplatform.objectmodel\17.12.0\lib\netcoreapp3.1\zh-Hans\Microsoft.TestPlatform.CoreUtilities.resources.dll" en el archivo "bin\Debug\net9.0\zh-Hans\Microsoft.TestPlatform.CoreUtilities.resources.dll" porque el par├ímetro "SkipUnchangedFiles" se estableci├│ como "true" en el proyecto y los tama├▒os y las marcas de tiempo de los archivos coinciden.
         No se copi├│ del archivo "C:\Users\ubf0238\.nuget\packages\microsoft.testplatform.objectmodel\17.12.0\lib\netcoreapp3.1\zh-Hant\Microsoft.VisualStudio.TestPlatform.ObjectModel.resources.dll" en el archivo "bin\Debug\net9.0\zh-Hant\Microsoft.VisualStudio.TestPlatform.ObjectModel.resources.dll" porque el par├ímetro "SkipUnchangedFiles" se estableci├│ como "true" en el proyecto y los tama├▒os y las marcas de tiempo de los archivos coinciden.
         No se copi├│ del archivo "C:\Users\ubf0238\.nuget\packages\microsoft.testplatform.testhost\17.12.0\lib\netcoreapp3.1\cs\Microsoft.TestPlatform.CommunicationUtilities.resources.dll" en el archivo "bin\Debug\net9.0\cs\Microsoft.TestPlatform.CommunicationUtilities.resources.dll" porque el par├ímetro "SkipUnchangedFiles" se estableci├│ como "true" en el proyecto y los tama├▒os y las marcas de tiempo de los archivos coinciden.
         No se copi├│ del archivo "C:\Users\ubf0238\.nuget\packages\microsoft.testplatform.objectmodel\17.12.0\lib\netcoreapp3.1\zh-Hant\Microsoft.TestPlatform.CoreUtilities.resources.dll" en el archivo "bin\Debug\net9.0\zh-Hant\Microsoft.TestPlatform.CoreUtilities.resources.dll" porque el par├ímetro "SkipUnchangedFiles" se estableci├│ como "true" en el proyecto y los tama├▒os y las marcas de tiempo de los archivos coinciden.
         No se copi├│ del archivo "C:\Users\ubf0238\.nuget\packages\microsoft.testplatform.testhost\17.12.0\lib\netcoreapp3.1\cs\Microsoft.VisualStudio.TestPlatform.Common.resources.dll" en el archivo "bin\Debug\net9.0\cs\Microsoft.VisualStudio.TestPlatform.Common.resources.dll" porque el par├ímetro "SkipUnchangedFiles" se estableci├│ como "true" en el proyecto y los tama├▒os y las marcas de tiempo de los archivos coinciden.
         No se copi├│ del archivo "C:\Users\ubf0238\.nuget\packages\microsoft.testplatform.testhost\17.12.0\lib\netcoreapp3.1\de\Microsoft.TestPlatform.CrossPlatEngine.resources.dll" en el archivo "bin\Debug\net9.0\de\Microsoft.TestPlatform.CrossPlatEngine.resources.dll" porque el par├ímetro "SkipUnchangedFiles" se estableci├│ como "true" en el proyecto y los tama├▒os y las marcas de tiempo de los archivos coinciden.
         No se copi├│ del archivo "C:\Users\ubf0238\.nuget\packages\microsoft.testplatform.testhost\17.12.0\lib\netcoreapp3.1\cs\Microsoft.TestPlatform.CrossPlatEngine.resources.dll" en el archivo "bin\Debug\net9.0\cs\Microsoft.TestPlatform.CrossPlatEngine.resources.dll" porque el par├ímetro "SkipUnchangedFiles" se estableci├│ como "true" en el proyecto y los tama├▒os y las marcas de tiempo de los archivos coinciden.
         No se copi├│ del archivo "C:\Users\ubf0238\.nuget\packages\microsoft.testplatform.testhost\17.12.0\lib\netcoreapp3.1\de\Microsoft.VisualStudio.TestPlatform.Common.resources.dll" en el archivo "bin\Debug\net9.0\de\Microsoft.VisualStudio.TestPlatform.Common.resources.dll" porque el par├ímetro "SkipUnchangedFiles" se estableci├│ como "true" en el proyecto y los tama├▒os y las marcas de tiempo de los archivos coinciden.
         No se copi├│ del archivo "C:\Users\ubf0238\.nuget\packages\microsoft.testplatform.testhost\17.12.0\lib\netcoreapp3.1\es\Microsoft.TestPlatform.CrossPlatEngine.resources.dll" en el archivo "bin\Debug\net9.0\es\Microsoft.TestPlatform.CrossPlatEngine.resources.dll" porque el par├ímetro "SkipUnchangedFiles" se estableci├│ como "true" en el proyecto y los tama├▒os y las marcas de tiempo de los archivos coinciden.
         No se copi├│ del archivo "C:\Users\ubf0238\.nuget\packages\microsoft.testplatform.testhost\17.12.0\lib\netcoreapp3.1\de\Microsoft.TestPlatform.CommunicationUtilities.resources.dll" en el archivo "bin\Debug\net9.0\de\Microsoft.TestPlatform.CommunicationUtilities.resources.dll" porque el par├ímetro "SkipUnchangedFiles" se estableci├│ como "true" en el proyecto y los tama├▒os y las marcas de tiempo de los archivos coinciden.
         No se copi├│ del archivo "C:\Users\ubf0238\.nuget\packages\microsoft.testplatform.testhost\17.12.0\lib\netcoreapp3.1\es\Microsoft.VisualStudio.TestPlatform.Common.resources.dll" en el archivo "bin\Debug\net9.0\es\Microsoft.VisualStudio.TestPlatform.Common.resources.dll" porque el par├ímetro "SkipUnchangedFiles" se estableci├│ como "true" en el proyecto y los tama├▒os y las marcas de tiempo de los archivos coinciden.
         No se copi├│ del archivo "C:\Users\ubf0238\.nuget\packages\microsoft.testplatform.testhost\17.12.0\lib\netcoreapp3.1\fr\Microsoft.TestPlatform.CrossPlatEngine.resources.dll" en el archivo "bin\Debug\net9.0\fr\Microsoft.TestPlatform.CrossPlatEngine.resources.dll" porque el par├ímetro "SkipUnchangedFiles" se estableci├│ como "true" en el proyecto y los tama├▒os y las marcas de tiempo de los archivos coinciden.
         No se copi├│ del archivo "C:\Users\ubf0238\.nuget\packages\microsoft.testplatform.testhost\17.12.0\lib\netcoreapp3.1\es\Microsoft.TestPlatform.CommunicationUtilities.resources.dll" en el archivo "bin\Debug\net9.0\es\Microsoft.TestPlatform.CommunicationUtilities.resources.dll" porque el par├ímetro "SkipUnchangedFiles" se estableci├│ como "true" en el proyecto y los tama├▒os y las marcas de tiempo de los archivos coinciden.
         No se copi├│ del archivo "C:\Users\ubf0238\.nuget\packages\microsoft.testplatform.testhost\17.12.0\lib\netcoreapp3.1\fr\Microsoft.VisualStudio.TestPlatform.Common.resources.dll" en el archivo "bin\Debug\net9.0\fr\Microsoft.VisualStudio.TestPlatform.Common.resources.dll" porque el par├ímetro "SkipUnchangedFiles" se estableci├│ como "true" en el proyecto y los tama├▒os y las marcas de tiempo de los archivos coinciden.
         No se copi├│ del archivo "C:\Users\ubf0238\.nuget\packages\microsoft.testplatform.testhost\17.12.0\lib\netcoreapp3.1\fr\Microsoft.TestPlatform.CommunicationUtilities.resources.dll" en el archivo "bin\Debug\net9.0\fr\Microsoft.TestPlatform.CommunicationUtilities.resources.dll" porque el par├ímetro "SkipUnchangedFiles" se estableci├│ como "true" en el proyecto y los tama├▒os y las marcas de tiempo de los archivos coinciden.
         No se copi├│ del archivo "C:\Users\ubf0238\.nuget\packages\microsoft.testplatform.testhost\17.12.0\lib\netcoreapp3.1\it\Microsoft.TestPlatform.CrossPlatEngine.resources.dll" en el archivo "bin\Debug\net9.0\it\Microsoft.TestPlatform.CrossPlatEngine.resources.dll" porque el par├ímetro "SkipUnchangedFiles" se estableci├│ como "true" en el proyecto y los tama├▒os y las marcas de tiempo de los archivos coinciden.
         No se copi├│ del archivo "C:\Users\ubf0238\.nuget\packages\microsoft.testplatform.testhost\17.12.0\lib\netcoreapp3.1\it\Microsoft.TestPlatform.CommunicationUtilities.resources.dll" en el archivo "bin\Debug\net9.0\it\Microsoft.TestPlatform.CommunicationUtilities.resources.dll" porque el par├ímetro "SkipUnchangedFiles" se estableci├│ como "true" en el proyecto y los tama├▒os y las marcas de tiempo de los archivos coinciden.
         No se copi├│ del archivo "C:\Users\ubf0238\.nuget\packages\microsoft.testplatform.testhost\17.12.0\lib\netcoreapp3.1\it\Microsoft.VisualStudio.TestPlatform.Common.resources.dll" en el archivo "bin\Debug\net9.0\it\Microsoft.VisualStudio.TestPlatform.Common.resources.dll" porque el par├ímetro "SkipUnchangedFiles" se estableci├│ como "true" en el proyecto y los tama├▒os y las marcas de tiempo de los archivos coinciden.
         No se copi├│ del archivo "C:\Users\ubf0238\.nuget\packages\microsoft.testplatform.testhost\17.12.0\lib\netcoreapp3.1\ja\Microsoft.TestPlatform.CommunicationUtilities.resources.dll" en el archivo "bin\Debug\net9.0\ja\Microsoft.TestPlatform.CommunicationUtilities.resources.dll" porque el par├ímetro "SkipUnchangedFiles" se estableci├│ como "true" en el proyecto y los tama├▒os y las marcas de tiempo de los archivos coinciden.
         No se copi├│ del archivo "C:\Users\ubf0238\.nuget\packages\microsoft.testplatform.testhost\17.12.0\lib\netcoreapp3.1\ko\Microsoft.TestPlatform.CommunicationUtilities.resources.dll" en el archivo "bin\Debug\net9.0\ko\Microsoft.TestPlatform.CommunicationUtilities.resources.dll" porque el par├ímetro "SkipUnchangedFiles" se estableci├│ como "true" en el proyecto y los tama├▒os y las marcas de tiempo de los archivos coinciden.
         No se copi├│ del archivo "C:\Users\ubf0238\.nuget\packages\microsoft.testplatform.testhost\17.12.0\lib\netcoreapp3.1\ja\Microsoft.TestPlatform.CrossPlatEngine.resources.dll" en el archivo "bin\Debug\net9.0\ja\Microsoft.TestPlatform.CrossPlatEngine.resources.dll" porque el par├ímetro "SkipUnchangedFiles" se estableci├│ como "true" en el proyecto y los tama├▒os y las marcas de tiempo de los archivos coinciden.
         No se copi├│ del archivo "C:\Users\ubf0238\.nuget\packages\microsoft.testplatform.testhost\17.12.0\lib\netcoreapp3.1\ko\Microsoft.TestPlatform.CrossPlatEngine.resources.dll" en el archivo "bin\Debug\net9.0\ko\Microsoft.TestPlatform.CrossPlatEngine.resources.dll" porque el par├ímetro "SkipUnchangedFiles" se estableci├│ como "true" en el proyecto y los tama├▒os y las marcas de tiempo de los archivos coinciden.
         No se copi├│ del archivo "C:\Users\ubf0238\.nuget\packages\microsoft.testplatform.testhost\17.12.0\lib\netcoreapp3.1\ja\Microsoft.VisualStudio.TestPlatform.Common.resources.dll" en el archivo "bin\Debug\net9.0\ja\Microsoft.VisualStudio.TestPlatform.Common.resources.dll" porque el par├ímetro "SkipUnchangedFiles" se estableci├│ como "true" en el proyecto y los tama├▒os y las marcas de tiempo de los archivos coinciden.
         No se copi├│ del archivo "C:\Users\ubf0238\.nuget\packages\microsoft.testplatform.testhost\17.12.0\lib\netcoreapp3.1\pl\Microsoft.TestPlatform.CommunicationUtilities.resources.dll" en el archivo "bin\Debug\net9.0\pl\Microsoft.TestPlatform.CommunicationUtilities.resources.dll" porque el par├ímetro "SkipUnchangedFiles" se estableci├│ como "true" en el proyecto y los tama├▒os y las marcas de tiempo de los archivos coinciden.
         No se copi├│ del archivo "C:\Users\ubf0238\.nuget\packages\microsoft.testplatform.testhost\17.12.0\lib\netcoreapp3.1\pl\Microsoft.TestPlatform.CrossPlatEngine.resources.dll" en el archivo "bin\Debug\net9.0\pl\Microsoft.TestPlatform.CrossPlatEngine.resources.dll" porque el par├ímetro "SkipUnchangedFiles" se estableci├│ como "true" en el proyecto y los tama├▒os y las marcas de tiempo de los archivos coinciden.
         No se copi├│ del archivo "C:\Users\ubf0238\.nuget\packages\microsoft.testplatform.testhost\17.12.0\lib\netcoreapp3.1\ko\Microsoft.VisualStudio.TestPlatform.Common.resources.dll" en el archivo "bin\Debug\net9.0\ko\Microsoft.VisualStudio.TestPlatform.Common.resources.dll" porque el par├ímetro "SkipUnchangedFiles" se estableci├│ como "true" en el proyecto y los tama├▒os y las marcas de tiempo de los archivos coinciden.
         No se copi├│ del archivo "C:\Users\ubf0238\.nuget\packages\microsoft.testplatform.testhost\17.12.0\lib\netcoreapp3.1\pl\Microsoft.VisualStudio.TestPlatform.Common.resources.dll" en el archivo "bin\Debug\net9.0\pl\Microsoft.VisualStudio.TestPlatform.Common.resources.dll" porque el par├ímetro "SkipUnchangedFiles" se estableci├│ como "true" en el proyecto y los tama├▒os y las marcas de tiempo de los archivos coinciden.
         No se copi├│ del archivo "C:\Users\ubf0238\.nuget\packages\microsoft.testplatform.testhost\17.12.0\lib\netcoreapp3.1\pt-BR\Microsoft.VisualStudio.TestPlatform.Common.resources.dll" en el archivo "bin\Debug\net9.0\pt-BR\Microsoft.VisualStudio.TestPlatform.Common.resources.dll" porque el par├ímetro "SkipUnchangedFiles" se estableci├│ como "true" en el proyecto y los tama├▒os y las marcas de tiempo de los archivos coinciden.
         No se copi├│ del archivo "C:\Users\ubf0238\.nuget\packages\microsoft.testplatform.testhost\17.12.0\lib\netcoreapp3.1\pt-BR\Microsoft.TestPlatform.CommunicationUtilities.resources.dll" en el archivo "bin\Debug\net9.0\pt-BR\Microsoft.TestPlatform.CommunicationUtilities.resources.dll" porque el par├ímetro "SkipUnchangedFiles" se estableci├│ como "true" en el proyecto y los tama├▒os y las marcas de tiempo de los archivos coinciden.
         No se copi├│ del archivo "C:\Users\ubf0238\.nuget\packages\microsoft.testplatform.testhost\17.12.0\lib\netcoreapp3.1\pt-BR\Microsoft.TestPlatform.CrossPlatEngine.resources.dll" en el archivo "bin\Debug\net9.0\pt-BR\Microsoft.TestPlatform.CrossPlatEngine.resources.dll" porque el par├ímetro "SkipUnchangedFiles" se estableci├│ como "true" en el proyecto y los tama├▒os y las marcas de tiempo de los archivos coinciden.
         No se copi├│ del archivo "C:\Users\ubf0238\.nuget\packages\microsoft.testplatform.testhost\17.12.0\lib\netcoreapp3.1\ru\Microsoft.TestPlatform.CommunicationUtilities.resources.dll" en el archivo "bin\Debug\net9.0\ru\Microsoft.TestPlatform.CommunicationUtilities.resources.dll" porque el par├ímetro "SkipUnchangedFiles" se estableci├│ como "true" en el proyecto y los tama├▒os y las marcas de tiempo de los archivos coinciden.
         No se copi├│ del archivo "C:\Users\ubf0238\.nuget\packages\microsoft.testplatform.testhost\17.12.0\lib\netcoreapp3.1\ru\Microsoft.VisualStudio.TestPlatform.Common.resources.dll" en el archivo "bin\Debug\net9.0\ru\Microsoft.VisualStudio.TestPlatform.Common.resources.dll" porque el par├ímetro "SkipUnchangedFiles" se estableci├│ como "true" en el proyecto y los tama├▒os y las marcas de tiempo de los archivos coinciden.
         No se copi├│ del archivo "C:\Users\ubf0238\.nuget\packages\microsoft.testplatform.testhost\17.12.0\lib\netcoreapp3.1\ru\Microsoft.TestPlatform.CrossPlatEngine.resources.dll" en el archivo "bin\Debug\net9.0\ru\Microsoft.TestPlatform.CrossPlatEngine.resources.dll" porque el par├ímetro "SkipUnchangedFiles" se estableci├│ como "true" en el proyecto y los tama├▒os y las marcas de tiempo de los archivos coinciden.
         No se copi├│ del archivo "C:\Users\ubf0238\.nuget\packages\microsoft.testplatform.testhost\17.12.0\lib\netcoreapp3.1\tr\Microsoft.TestPlatform.CommunicationUtilities.resources.dll" en el archivo "bin\Debug\net9.0\tr\Microsoft.TestPlatform.CommunicationUtilities.resources.dll" porque el par├ímetro "SkipUnchangedFiles" se estableci├│ como "true" en el proyecto y los tama├▒os y las marcas de tiempo de los archivos coinciden.
         No se copi├│ del archivo "C:\Users\ubf0238\.nuget\packages\microsoft.testplatform.testhost\17.12.0\lib\netcoreapp3.1\tr\Microsoft.VisualStudio.TestPlatform.Common.resources.dll" en el archivo "bin\Debug\net9.0\tr\Microsoft.VisualStudio.TestPlatform.Common.resources.dll" porque el par├ímetro "SkipUnchangedFiles" se estableci├│ como "true" en el proyecto y los tama├▒os y las marcas de tiempo de los archivos coinciden.
         No se copi├│ del archivo "C:\Users\ubf0238\.nuget\packages\microsoft.testplatform.testhost\17.12.0\lib\netcoreapp3.1\zh-Hans\Microsoft.TestPlatform.CommunicationUtilities.resources.dll" en el archivo "bin\Debug\net9.0\zh-Hans\Microsoft.TestPlatform.CommunicationUtilities.resources.dll" porque el par├ímetro "SkipUnchangedFiles" se estableci├│ como "true" en el proyecto y los tama├▒os y las marcas de tiempo de los archivos coinciden.
         No se copi├│ del archivo "C:\Users\ubf0238\.nuget\packages\microsoft.testplatform.testhost\17.12.0\lib\netcoreapp3.1\tr\Microsoft.TestPlatform.CrossPlatEngine.resources.dll" en el archivo "bin\Debug\net9.0\tr\Microsoft.TestPlatform.CrossPlatEngine.resources.dll" porque el par├ímetro "SkipUnchangedFiles" se estableci├│ como "true" en el proyecto y los tama├▒os y las marcas de tiempo de los archivos coinciden.
         No se copi├│ del archivo "C:\Users\ubf0238\.nuget\packages\microsoft.testplatform.testhost\17.12.0\lib\netcoreapp3.1\zh-Hans\Microsoft.VisualStudio.TestPlatform.Common.resources.dll" en el archivo "bin\Debug\net9.0\zh-Hans\Microsoft.VisualStudio.TestPlatform.Common.resources.dll" porque el par├ímetro "SkipUnchangedFiles" se estableci├│ como "true" en el proyecto y los tama├▒os y las marcas de tiempo de los archivos coinciden.
         No se copi├│ del archivo "C:\Users\ubf0238\.nuget\packages\microsoft.testplatform.testhost\17.12.0\lib\netcoreapp3.1\zh-Hans\Microsoft.TestPlatform.CrossPlatEngine.resources.dll" en el archivo "bin\Debug\net9.0\zh-Hans\Microsoft.TestPlatform.CrossPlatEngine.resources.dll" porque el par├ímetro "SkipUnchangedFiles" se estableci├│ como "true" en el proyecto y los tama├▒os y las marcas de tiempo de los archivos coinciden.
         No se copi├│ del archivo "C:\Users\ubf0238\.nuget\packages\microsoft.testplatform.testhost\17.12.0\lib\netcoreapp3.1\zh-Hant\Microsoft.TestPlatform.CrossPlatEngine.resources.dll" en el archivo "bin\Debug\net9.0\zh-Hant\Microsoft.TestPlatform.CrossPlatEngine.resources.dll" porque el par├ímetro "SkipUnchangedFiles" se estableci├│ como "true" en el proyecto y los tama├▒os y las marcas de tiempo de los archivos coinciden.
         No se copi├│ del archivo "C:\Users\ubf0238\.nuget\packages\microsoft.testplatform.testhost\17.12.0\lib\netcoreapp3.1\zh-Hant\Microsoft.VisualStudio.TestPlatform.Common.resources.dll" en el archivo "bin\Debug\net9.0\zh-Hant\Microsoft.VisualStudio.TestPlatform.Common.resources.dll" porque el par├ímetro "SkipUnchangedFiles" se estableci├│ como "true" en el proyecto y los tama├▒os y las marcas de tiempo de los archivos coinciden.
         No se copi├│ del archivo "C:\Users\ubf0238\.nuget\packages\system.diagnostics.eventlog\6.0.0\runtimes\win\lib\net6.0\System.Diagnostics.EventLog.Messages.dll" en el archivo "bin\Debug\net9.0\runtimes\win\lib\net6.0\System.Diagnostics.EventLog.Messages.dll" porque el par├ímetro "SkipUnchangedFiles" se estableci├│ como "true" en el proyecto y los tama├▒os y las marcas de tiempo de los archivos coinciden.
         No se copi├│ del archivo "C:\Users\ubf0238\.nuget\packages\system.security.cryptography.protecteddata\4.4.0\runtimes\win\lib\netstandard2.0\System.Security.Cryptography.ProtectedData.dll" en el archivo "bin\Debug\net9.0\runtimes\win\lib\netstandard2.0\System.Security.Cryptography.ProtectedData.dll" porque el par├ímetro "SkipUnchangedFiles" se estableci├│ como "true" en el proyecto y los tama├▒os y las marcas de tiempo de los archivos coinciden.
         No se copi├│ del archivo "C:\Users\ubf0238\.nuget\packages\system.text.encodings.web\10.0.2\runtimes\browser\lib\net8.0\System.Text.Encodings.Web.dll" en el archivo "bin\Debug\net9.0\runtimes\browser\lib\net8.0\System.Text.Encodings.Web.dll" porque el par├ímetro "SkipUnchangedFiles" se estableci├│ como "true" en el proyecto y los tama├▒os y las marcas de tiempo de los archivos coinciden.
         No se copi├│ del archivo "C:\Users\ubf0238\.nuget\packages\system.text.encodings.web\10.0.2\runtimes\win\lib\net9.0\System.Text.Encodings.Web.dll" en el archivo "bin\Debug\net9.0\runtimes\win\lib\net9.0\System.Text.Encodings.Web.dll" porque el par├ímetro "SkipUnchangedFiles" se estableci├│ como "true" en el proyecto y los tama├▒os y las marcas de tiempo de los archivos coinciden.
         No se copi├│ del archivo "C:\Users\ubf0238\.nuget\packages\system.diagnostics.eventlog\6.0.0\runtimes\win\lib\net6.0\System.Diagnostics.EventLog.dll" en el archivo "bin\Debug\net9.0\runtimes\win\lib\net6.0\System.Diagnostics.EventLog.dll" porque el par├ímetro "SkipUnchangedFiles" se estableci├│ como "true" en el proyecto y los tama├▒os y las marcas de tiempo de los archivos coinciden.
         No se copi├│ del archivo "C:\Users\ubf0238\.nuget\packages\microsoft.testplatform.testhost\17.12.0\lib\netcoreapp3.1\zh-Hant\Microsoft.TestPlatform.CommunicationUtilities.resources.dll" en el archivo "bin\Debug\net9.0\zh-Hant\Microsoft.TestPlatform.CommunicationUtilities.resources.dll" porque el par├ímetro "SkipUnchangedFiles" se estableci├│ como "true" en el proyecto y los tama├▒os y las marcas de tiempo de los archivos coinciden.
         Copiando el archivo de "C:\temp\MVP\documento-ia-clasificacion-mvp\src\backend\DocumentIA.Core\bin\Debug\net8.0\DocumentIA.Core.pdb" en "C:\temp\MVP\documento-ia-clasificacion-mvp\src\backend\DocumentIA.Tests.Unit\bin\Debug\net9.0\DocumentIA.Core.pdb".
         Copiando el archivo de "C:\temp\MVP\documento-ia-clasificacion-mvp\src\backend\DocumentIA.Core\bin\Debug\net8.0\DocumentIA.Core.dll" en "C:\temp\MVP\documento-ia-clasificacion-mvp\src\backend\DocumentIA.Tests.Unit\bin\Debug\net9.0\DocumentIA.Core.dll".
       Ejecuci├│n de la tarea "Copy" terminada.
       Usando la tarea "Touch" del ensamblado "Microsoft.Build.Tasks.Core, Version=15.1.0.0, Culture=neutral, PublicKeyToken=b03f5f7f11d50a3a".
       Tarea "Touch"
         Aplicando tarea Touch a "C:\temp\MVP\documento-ia-clasificacion-mvp\src\backend\DocumentIA.Tests.Unit\obj\Debug\net9.0\Document.348240EB.Up2Date".
       Ejecuci├│n de la tarea "Touch" terminada.
   1:8>Compilaci├│n terminada del destino "_CopyFilesMarkedCopyLocal" en el proyecto "DocumentIA.Tests.Unit.csproj".
       Se omiti├│ el destino "AssignTargetPaths". Compilado previamente de forma correcta.
       Se omiti├│ el destino "AssignProjectConfiguration". Compilado previamente de forma correcta.
       Se omiti├│ el destino "_SplitProjectReferencesByFileExistence". Compilado previamente de forma correcta.
       Se omiti├│ el destino "_GetProjectReferenceTargetFrameworkProperties". Compilado previamente de forma correcta.
   1:8>Destino "_PopulateCommonStateForGetCopyToOutputDirectoryItems" en el archivo "C:\Program Files\dotnet\sdk\9.0.310\Microsoft.Common.CurrentVersion.targets" del proyecto "C:\temp\MVP\documento-ia-clasificacion-mvp\src\backend\DocumentIA.Tests.Unit\DocumentIA.Tests.Unit.csproj" (el destino "GetCopyToOutputDirectoryItems" depende de ├®l):
   1:8>Compilaci├│n terminada del destino "_PopulateCommonStateForGetCopyToOutputDirectoryItems" en el proyecto "DocumentIA.Tests.Unit.csproj".
   1:8>Destino "AddDepsJsonAndRuntimeConfigToCopyItemsForReferencingProjects" en el archivo "C:\Program Files\dotnet\sdk\9.0.310\Sdks\Microsoft.NET.Sdk\targets\Microsoft.NET.Sdk.targets" del proyecto "C:\temp\MVP\documento-ia-clasificacion-mvp\src\backend\DocumentIA.Tests.Unit\DocumentIA.Tests.Unit.csproj" (el destino "GetCopyToOutputDirectoryItems" depende de ├®l):
   1:8>Compilaci├│n terminada del destino "AddDepsJsonAndRuntimeConfigToCopyItemsForReferencingProjects" en el proyecto "DocumentIA.Tests.Unit.csproj".
   1:8>Destino "GetCopyToOutputDirectoryItems" en el archivo "C:\Program Files\dotnet\sdk\9.0.310\Microsoft.Common.CurrentVersion.targets" del proyecto "C:\temp\MVP\documento-ia-clasificacion-mvp\src\backend\DocumentIA.Tests.Unit\DocumentIA.Tests.Unit.csproj" (el destino "_CopySourceItemsToOutputDirectory" depende de ├®l):
       Tarea "CallTarget"
       Se omiti├│ el destino "_PopulateCommonStateForGetCopyToOutputDirectoryItems". Compilado previamente de forma correcta.
       Se omiti├│ el destino "_AddOutputPathToGlobalPropertiesToRemove". Compilado previamente de forma correcta.
   1:8>Destino "_GetCopyToOutputDirectoryItemsFromTransitiveProjectReferences" en el archivo "C:\Program Files\dotnet\sdk\9.0.310\Microsoft.Common.CurrentVersion.targets" del proyecto "C:\temp\MVP\documento-ia-clasificacion-mvp\src\backend\DocumentIA.Tests.Unit\DocumentIA.Tests.Unit.csproj" (el destino "GetCopyToOutputDirectoryItems" depende de ├®l):
       Tarea "MSBuild"
         Quitando propiedades del proyecto "..\DocumentIA.Core\DocumentIA.Core.csproj":
           TargetFramework
           RuntimeIdentifier
           SelfContained
   1:8>El proyecto "C:\temp\MVP\documento-ia-clasificacion-mvp\src\backend\DocumentIA.Tests.Unit\DocumentIA.Tests.Unit.csproj" (1:8) est├í compilando "C:\temp\MVP\documento-ia-clasificacion-mvp\src\backend\DocumentIA.Core\DocumentIA.Core.csproj" (2:10) en el nodo 1 (GetCopyToOutputDirectoryItems destinos).
  2:10>Se omiti├│ el destino "GetCopyToOutputDirectoryItems". Compilado previamente de forma correcta.
  2:10>Compilaci├│n del proyecto terminada "C:\temp\MVP\documento-ia-clasificacion-mvp\src\backend\DocumentIA.Core\DocumentIA.Core.csproj" (GetCopyToOutputDirectoryItems destinos).
   1:8>Ejecuci├│n de la tarea "MSBuild" terminada.
       Tarea "AssignTargetPath"
       Ejecuci├│n de la tarea "AssignTargetPath" terminada.
   1:8>Compilaci├│n terminada del destino "_GetCopyToOutputDirectoryItemsFromTransitiveProjectReferences" en el proyecto "DocumentIA.Tests.Unit.csproj".
       Ejecuci├│n de la tarea "CallTarget" terminada.
       Tarea "CallTarget"
       Se omiti├│ el destino "AssignTargetPaths". Compilado previamente de forma correcta.
       Se omiti├│ el destino "_PopulateCommonStateForGetCopyToOutputDirectoryItems". Compilado previamente de forma correcta.
   1:8>Destino "_GetCopyToOutputDirectoryItemsFromThisProject" en el archivo "C:\Program Files\dotnet\sdk\9.0.310\Microsoft.Common.CurrentVersion.targets" del proyecto "C:\temp\MVP\documento-ia-clasificacion-mvp\src\backend\DocumentIA.Tests.Unit\DocumentIA.Tests.Unit.csproj" (el destino "GetCopyToOutputDirectoryItems" depende de ├®l):
       Tarea "AssignTargetPath"
       Ejecuci├│n de la tarea "AssignTargetPath" terminada.
   1:8>Compilaci├│n terminada del destino "_GetCopyToOutputDirectoryItemsFromThisProject" en el proyecto "DocumentIA.Tests.Unit.csproj".
       Ejecuci├│n de la tarea "CallTarget" terminada.
   1:8>Compilaci├│n terminada del destino "GetCopyToOutputDirectoryItems" en el proyecto "DocumentIA.Tests.Unit.csproj".
   1:8>Destino "_CopyOutOfDateSourceItemsToOutputDirectory" en el archivo "C:\Program Files\dotnet\sdk\9.0.310\Microsoft.Common.CurrentVersion.targets" del proyecto "C:\temp\MVP\documento-ia-clasificacion-mvp\src\backend\DocumentIA.Tests.Unit\DocumentIA.Tests.Unit.csproj" (el destino "_CopySourceItemsToOutputDirectory" depende de ├®l):
       Se omitir├í el destino "_CopyOutOfDateSourceItemsToOutputDirectory" porque todos los archivos de salida est├ín actualizados respecto a los archivos de entrada.
       Archivos de entrada: 
           C:\Users\ubf0238\.nuget\packages\microsoft.testplatform.testhost\17.12.0\build\netcoreapp3.1\x64\testhost.exe
           C:\Users\ubf0238\.nuget\packages\microsoft.testplatform.testhost\17.12.0\build\netcoreapp3.1\x64\testhost.dll
           C:\Users\ubf0238\.nuget\packages\xunit.runner.visualstudio\2.8.2\build\net6.0\xunit.runner.visualstudio.testadapter.dll
           C:\Users\ubf0238\.nuget\packages\xunit.runner.visualstudio\2.8.2\build\net6.0\xunit.runner.reporters.netcoreapp10.dll
           C:\Users\ubf0238\.nuget\packages\xunit.runner.visualstudio\2.8.2\build\net6.0\xunit.runner.utility.netcoreapp10.dll
       Archivos de salida: 
           bin\Debug\net9.0\testhost.exe
           bin\Debug\net9.0\testhost.dll
           bin\Debug\net9.0\xunit.runner.visualstudio.testadapter.dll
           bin\Debug\net9.0\xunit.runner.reporters.netcoreapp10.dll
           bin\Debug\net9.0\xunit.runner.utility.netcoreapp10.dll
   1:8>Compilaci├│n terminada del destino "_CopyOutOfDateSourceItemsToOutputDirectory" en el proyecto "DocumentIA.Tests.Unit.csproj".
       Se omiti├│ el destino "_CopyOutOfDateSourceItemsToOutputDirectoryAlways" debido a una condici├│n falsa (False); ( '@(_SourceItemsToCopyToOutputDirectoryAlways)' != '' ) se evalu├│ como ( '' != '' ).
       Se omiti├│ el destino "_CopyDifferingSourceItemsToOutputDirectory" debido a una condici├│n falsa (False); ( '@(_SourceItemsToCopyToOutputDirectoryIfDifferent)' != '' ) se evalu├│ como ( '' != '' ).
   1:8>Destino "_CopySourceItemsToOutputDirectory" en el archivo "C:\Program Files\dotnet\sdk\9.0.310\Microsoft.Common.CurrentVersion.targets" del proyecto "C:\temp\MVP\documento-ia-clasificacion-mvp\src\backend\DocumentIA.Tests.Unit\DocumentIA.Tests.Unit.csproj" (el destino "CopyFilesToOutputDirectory" depende de ├®l):
   1:8>Compilaci├│n terminada del destino "_CopySourceItemsToOutputDirectory" en el proyecto "DocumentIA.Tests.Unit.csproj".
       Se omiti├│ el destino "_CopyAppConfigFile" debido a una condici├│n falsa (False); ( '@(AppConfigWithTargetPath)' != '' ) se evalu├│ como ( '' != '' ).
       Se omiti├│ el destino "_CopyManifestFiles" debido a una condici├│n falsa (False); ( '$(_DeploymentCopyApplicationManifest)'=='true' or '$(GenerateClickOnceManifests)'=='true' ) se evalu├│ como ( ''=='true' or ''=='true' ).
   1:8>Destino "_CheckForCompileOutputs" en el archivo "C:\Program Files\dotnet\sdk\9.0.310\Microsoft.Common.CurrentVersion.targets" del proyecto "C:\temp\MVP\documento-ia-clasificacion-mvp\src\backend\DocumentIA.Tests.Unit\DocumentIA.Tests.Unit.csproj" (el destino "CopyFilesToOutputDirectory" depende de ├®l):
   1:8>Compilaci├│n terminada del destino "_CheckForCompileOutputs" en el proyecto "DocumentIA.Tests.Unit.csproj".
       Se omiti├│ el destino "_SGenCheckForOutputs" debido a una condici├│n falsa (False); ('$(_SGenGenerateSerializationAssembliesConfig)' == 'On' or ('@(WebReferenceUrl)'!='' and '$(_SGenGenerateSerializationAssembliesConfig)' == 'Auto')) se evalu├│ como ('Off' == 'On' or (''!='' and 'Off' == 'Auto')).
       Se omiti├│ el destino "_DefaultMicrosoftNETPlatformLibrary". Compilado previamente de forma correcta.
       Se omiti├│ el destino "_HandlePackageFileConflicts". Compilado previamente de forma correcta.
       Se omiti├│ el destino "ResolveAssemblyReferences". Compilado previamente de forma correcta.
   1:8>Destino "_ComputeReferenceAssemblies" en el archivo "C:\Program Files\dotnet\sdk\9.0.310\Sdks\Microsoft.NET.Sdk\targets\Microsoft.NET.Sdk.targets" del proyecto "C:\temp\MVP\documento-ia-clasificacion-mvp\src\backend\DocumentIA.Tests.Unit\DocumentIA.Tests.Unit.csproj" (el destino "GenerateBuildDependencyFile" depende de ├®l):
   1:8>Compilaci├│n terminada del destino "_ComputeReferenceAssemblies" en el proyecto "DocumentIA.Tests.Unit.csproj".
   1:8>Destino "_ComputeUserRuntimeAssemblies" en el archivo "C:\Program Files\dotnet\sdk\9.0.310\Sdks\Microsoft.NET.Sdk\targets\Microsoft.NET.Sdk.targets" del proyecto "C:\temp\MVP\documento-ia-clasificacion-mvp\src\backend\DocumentIA.Tests.Unit\DocumentIA.Tests.Unit.csproj" (el destino "GenerateBuildDependencyFile" depende de ├®l):
   1:8>Compilaci├│n terminada del destino "_ComputeUserRuntimeAssemblies" en el proyecto "DocumentIA.Tests.Unit.csproj".
       Se omiti├│ el destino "ResolveRuntimePackAssets" debido a una condici├│n falsa (False); ('@(RuntimePack)' != '') se evalu├│ como ('' != '').
       Se omiti├│ el destino "_ComputePackageReferencePublish". Compilado previamente de forma correcta.
       Se omiti├│ el destino "ComputeDependencyFileCompilerOptions" debido a una condici├│n falsa (False); ('$(PreserveCompilationContext)' == 'true') se evalu├│ como ('' == 'true').
   1:8>Destino "GenerateBuildDependencyFile" en el archivo "C:\Program Files\dotnet\sdk\9.0.310\Sdks\Microsoft.NET.Sdk\targets\Microsoft.NET.Sdk.targets" del proyecto "C:\temp\MVP\documento-ia-clasificacion-mvp\src\backend\DocumentIA.Tests.Unit\DocumentIA.Tests.Unit.csproj" (el destino "CopyFilesToOutputDirectory" depende de ├®l):
       Se omitir├í el destino "GenerateBuildDependencyFile" porque todos los archivos de salida est├ín actualizados respecto a los archivos de entrada.
       Archivos de entrada: 
           C:\temp\MVP\documento-ia-clasificacion-mvp\src\backend\DocumentIA.Tests.Unit\obj\project.assets.json
           C:\temp\MVP\documento-ia-clasificacion-mvp\src\backend\DocumentIA.Tests.Unit\obj\Debug\net9.0\DocumentIA.Tests.Unit.assets.cache
           C:\temp\MVP\documento-ia-clasificacion-mvp\src\backend\DocumentIA.Tests.Unit\DocumentIA.Tests.Unit.csproj
           C:\Program Files\dotnet\sdk\9.0.310\Current\Microsoft.Common.targets\ImportAfter\Microsoft.TestPlatform.ImportAfter.targets
       Archivos de salida: C:\temp\MVP\documento-ia-clasificacion-mvp\src\backend\DocumentIA.Tests.Unit\bin\Debug\net9.0\DocumentIA.Tests.Unit.deps.json
   1:8>Compilaci├│n terminada del destino "GenerateBuildDependencyFile" en el proyecto "DocumentIA.Tests.Unit.csproj".
       Se omiti├│ el destino "_DefaultMicrosoftNETPlatformLibrary". Compilado previamente de forma correcta.
   1:8>Destino "_GenerateRuntimeConfigurationFilesInputCache" en el archivo "C:\Program Files\dotnet\sdk\9.0.310\Sdks\Microsoft.NET.Sdk\targets\Microsoft.NET.Sdk.targets" del proyecto "C:\temp\MVP\documento-ia-clasificacion-mvp\src\backend\DocumentIA.Tests.Unit\DocumentIA.Tests.Unit.csproj" (el destino "GenerateBuildRuntimeConfigurationFiles" depende de ├®l):
       Tarea "Hash"
       Ejecuci├│n de la tarea "Hash" terminada.
       Tarea "WriteLinesToFile"
         Omitiendo la escritura en el archivo "C:\temp\MVP\documento-ia-clasificacion-mvp\src\backend\DocumentIA.Tests.Unit\obj\Debug\net9.0\DocumentIA.Tests.Unit.genruntimeconfig.cache" porque el contenido no cambiar├í.
       Ejecuci├│n de la tarea "WriteLinesToFile" terminada.
   1:8>Compilaci├│n terminada del destino "_GenerateRuntimeConfigurationFilesInputCache" en el proyecto "DocumentIA.Tests.Unit.csproj".
   1:8>Destino "GenerateBuildRuntimeConfigurationFiles" en el archivo "C:\Program Files\dotnet\sdk\9.0.310\Sdks\Microsoft.NET.Sdk\targets\Microsoft.NET.Sdk.targets" del proyecto "C:\temp\MVP\documento-ia-clasificacion-mvp\src\backend\DocumentIA.Tests.Unit\DocumentIA.Tests.Unit.csproj" (el destino "CopyFilesToOutputDirectory" depende de ├®l):
       Se omitir├í el destino "GenerateBuildRuntimeConfigurationFiles" porque todos los archivos de salida est├ín actualizados respecto a los archivos de entrada.
       Archivos de entrada: 
           C:\temp\MVP\documento-ia-clasificacion-mvp\src\backend\DocumentIA.Tests.Unit\obj\project.assets.json
           C:\temp\MVP\documento-ia-clasificacion-mvp\src\backend\DocumentIA.Tests.Unit\obj\Debug\net9.0\DocumentIA.Tests.Unit.assets.cache
           C:\temp\MVP\documento-ia-clasificacion-mvp\src\backend\DocumentIA.Tests.Unit\obj\Debug\net9.0\DocumentIA.Tests.Unit.genruntimeconfig.cache
       Archivos de salida: C:\temp\MVP\documento-ia-clasificacion-mvp\src\backend\DocumentIA.Tests.Unit\bin\Debug\net9.0\DocumentIA.Tests.Unit.runtimeconfig.json
   1:8>Compilaci├│n terminada del destino "GenerateBuildRuntimeConfigurationFiles" en el proyecto "DocumentIA.Tests.Unit.csproj".
       Se omiti├│ el destino "GenerateShimsAssets" debido a una condici├│n falsa (False); ('$(PackAsTool)' == 'true' and $(PackAsToolShimRuntimeIdentifiers) != '' ) se evalu├│ como ('' == 'true' and  != '' ).
   1:8>Destino "CopyFilesToOutputDirectory" en el archivo "C:\Program Files\dotnet\sdk\9.0.310\Microsoft.Common.CurrentVersion.targets" del proyecto "C:\temp\MVP\documento-ia-clasificacion-mvp\src\backend\DocumentIA.Tests.Unit\DocumentIA.Tests.Unit.csproj" (el destino "PrepareForRun" depende de ├®l):
       Tarea "Copy"
         Copiando el archivo de "C:\temp\MVP\documento-ia-clasificacion-mvp\src\backend\DocumentIA.Tests.Unit\obj\Debug\net9.0\DocumentIA.Tests.Unit.dll" en "C:\temp\MVP\documento-ia-clasificacion-mvp\src\backend\DocumentIA.Tests.Unit\bin\Debug\net9.0\DocumentIA.Tests.Unit.dll".
       Ejecuci├│n de la tarea "Copy" terminada.
       Usando la tarea "CopyRefAssembly" del ensamblado "C:\Program Files\dotnet\sdk\9.0.310\Roslyn\Microsoft.Build.Tasks.CodeAnalysis.dll".
       Tarea "CopyRefAssembly"
         El ensamblado de referencia de origen "obj\Debug\net9.0\refint\DocumentIA.Tests.Unit.dll" (marca de tiempo "2026-02-02T16:28:44.9367274Z", MVID "134713ce-c454-44bd-977d-f506b9ef4a13") difiere del destino "C:\temp\MVP\documento-ia-clasificacion-mvp\src\backend\DocumentIA.Tests.Unit\obj\Debug\net9.0\ref\DocumentIA.Tests.Unit.dll" (marca de tiempo "2026-02-02T16:20:21.8727334Z", MVID "adda7c1f-75bb-415f-a2d3-5820c2b988c0").
         Copiando ensamblado de referencia de "obj\Debug\net9.0\refint\DocumentIA.Tests.Unit.dll" a "C:\temp\MVP\documento-ia-clasificacion-mvp\src\backend\DocumentIA.Tests.Unit\obj\Debug\net9.0\ref\DocumentIA.Tests.Unit.dll".
       Ejecuci├│n de la tarea "CopyRefAssembly" terminada.
       Tarea "Message"
         DocumentIA.Tests.Unit -> C:\temp\MVP\documento-ia-clasificacion-mvp\src\backend\DocumentIA.Tests.Unit\bin\Debug\net9.0\DocumentIA.Tests.Unit.dll
       Ejecuci├│n de la tarea "Message" terminada.
       Se omiti├│ la tarea "Copy" debido a una condici├│n falsa (False); ('@(AddModules)' != '') se evalu├│ como ('' != '').
       Se omiti├│ la tarea "Copy" debido a una condici├│n falsa (False); ('$(_SGenDllCreated)'=='true') se evalu├│ como ('false'=='true').
       Tarea "Copy"
         Copiando el archivo de "C:\temp\MVP\documento-ia-clasificacion-mvp\src\backend\DocumentIA.Tests.Unit\obj\Debug\net9.0\DocumentIA.Tests.Unit.pdb" en "C:\temp\MVP\documento-ia-clasificacion-mvp\src\backend\DocumentIA.Tests.Unit\bin\Debug\net9.0\DocumentIA.Tests.Unit.pdb".
       Ejecuci├│n de la tarea "Copy" terminada.
       Se omiti├│ la tarea "Copy" debido a una condici├│n falsa (False); ('$(_DocumentationFileProduced)'=='true' and '$(CopyDocumentationFileToOutputDirectory)'=='true') se evalu├│ como ('false'=='true' and 'true'=='true').
       Se omiti├│ la tarea "Copy" debido a una condici├│n falsa (False); ('@(IntermediateSatelliteAssembliesWithTargetPath)' != '') se evalu├│ como ('' != '').
       Se omiti├│ la tarea "Copy" debido a una condici├│n falsa (False); ('@(ReferenceComWrappersToCopyLocal)' != '' or '@(ResolvedIsolatedComModules)' != '' or '@(_DeploymentLooseManifestFile)' != '' or '@(NativeReferenceFile)' != '' ) se evalu├│ como ('' != '' or '' != '' or '' != '' or '' != '' ).
       Se omiti├│ la tarea "Copy" debido a una condici├│n falsa (False); ('$(SkipCopyWinMDArtifact)' != 'true' and '@(WinMDExpArtifacts)' != '') se evalu├│ como ('' != 'true' and '' != '').
       Se omiti├│ la tarea "Message" debido a una condici├│n falsa (False); ('$(SkipCopyWinMDArtifact)' != 'true' and '$(_WindowsMetadataOutputPath)' != '') se evalu├│ como ('' != 'true' and '' != '').
   1:8>Compilaci├│n terminada del destino "CopyFilesToOutputDirectory" en el proyecto "DocumentIA.Tests.Unit.csproj".
       Se omiti├│ el destino "_CopyReferenceOnlyAssembliesForBuild" debido a una condici├│n falsa (False); ('$(PreserveCompilationReferences)' == 'true') se evalu├│ como ('' == 'true').
   1:8>Destino "PrepareForRun" en el archivo "C:\Program Files\dotnet\sdk\9.0.310\Microsoft.Common.CurrentVersion.targets" del proyecto "C:\temp\MVP\documento-ia-clasificacion-mvp\src\backend\DocumentIA.Tests.Unit\DocumentIA.Tests.Unit.csproj" (el destino "CoreBuild" depende de ├®l):
   1:8>Compilaci├│n terminada del destino "PrepareForRun" en el proyecto "DocumentIA.Tests.Unit.csproj".
       Se omiti├│ el destino "UnmanagedRegistration" debido a una condici├│n falsa (False); ('$(RegisterForComInterop)'=='true' and '$(OutputType)'=='library') se evalu├│ como (''=='true' and 'Exe'=='library').
       Se omiti├│ el destino "_CheckForCompileOutputs". Compilado previamente de forma correcta.
       Se omiti├│ el destino "_SGenCheckForOutputs" debido a una condici├│n falsa (False); ('$(_SGenGenerateSerializationAssembliesConfig)' == 'On' or ('@(WebReferenceUrl)'!='' and '$(_SGenGenerateSerializationAssembliesConfig)' == 'Auto')) se evalu├│ como ('Off' == 'On' or (''!='' and 'Off' == 'Auto')).
   1:8>Destino "_CleanGetCurrentAndPriorFileWrites" en el archivo "C:\Program Files\dotnet\sdk\9.0.310\Microsoft.Common.CurrentVersion.targets" del proyecto "C:\temp\MVP\documento-ia-clasificacion-mvp\src\backend\DocumentIA.Tests.Unit\DocumentIA.Tests.Unit.csproj" (el destino "IncrementalClean" depende de ├®l):
       Tarea "ReadLinesFromFile"
       Ejecuci├│n de la tarea "ReadLinesFromFile" terminada.
       Tarea "ConvertToAbsolutePath"
       Ejecuci├│n de la tarea "ConvertToAbsolutePath" terminada.
       Tarea "FindUnderPath"
         La ruta de comparaci├│n es "C:\temp\MVP\documento-ia-clasificacion-mvp\src\backend\DocumentIA.Tests.Unit".
       Ejecuci├│n de la tarea "FindUnderPath" terminada.
       Tarea "FindUnderPath"
         La ruta de comparaci├│n es "bin\Debug\net9.0\".
       Ejecuci├│n de la tarea "FindUnderPath" terminada.
       Tarea "FindUnderPath"
         La ruta de comparaci├│n es "obj\Debug\net9.0\".
       Ejecuci├│n de la tarea "FindUnderPath" terminada.
       Tarea "RemoveDuplicates"
       Ejecuci├│n de la tarea "RemoveDuplicates" terminada.
   1:8>Compilaci├│n terminada del destino "_CleanGetCurrentAndPriorFileWrites" en el proyecto "DocumentIA.Tests.Unit.csproj".
   1:8>Destino "IncrementalClean" en el archivo "C:\Program Files\dotnet\sdk\9.0.310\Microsoft.Common.CurrentVersion.targets" del proyecto "C:\temp\MVP\documento-ia-clasificacion-mvp\src\backend\DocumentIA.Tests.Unit\DocumentIA.Tests.Unit.csproj" (el destino "CoreBuild" depende de ├®l):
       Tarea "FindUnderPath"
         La ruta de comparaci├│n es "bin\Debug\net9.0\".
       Ejecuci├│n de la tarea "FindUnderPath" terminada.
       Tarea "FindUnderPath"
         La ruta de comparaci├│n es "obj\Debug\net9.0\".
       Ejecuci├│n de la tarea "FindUnderPath" terminada.
       Tarea "Delete"
       Ejecuci├│n de la tarea "Delete" terminada.
       Tarea "RemoveDuplicates"
       Ejecuci├│n de la tarea "RemoveDuplicates" terminada.
       Se omiti├│ la tarea "WriteLinesToFile" debido a una condici├│n falsa (False); ('@(_CleanUnfilteredPriorFileWrites)'!='@(_CleanUniqueRemainingFileWritesAfterIncrementalClean)') se evalu├│ como ('C:\temp\MVP\documento-ia-clasificacion-mvp\src\backend\DocumentIA.Tests.Unit\bin\Debug\net9.0\.msCoverageSourceRootsMapping_DocumentIA.Tests.Unit;C:\temp\MVP\documento-ia-clasificacion-mvp\src\backend\DocumentIA.Tests.Unit\bin\Debug\net9.0\CoverletSourceRootsMapping_DocumentIA.Tests.Unit;C:\temp\MVP\documento-ia-clasificacion-mvp\src\backend\DocumentIA.Tests.Unit\obj\Debug\net9.0\DocumentIA.Tests.Unit.csproj.AssemblyReference.cache;...'!='C:\temp\MVP\documento-ia-clasificacion-mvp\src\backend\DocumentIA.Tests.Unit\bin\Debug\net9.0\.msCoverageSourceRootsMapping_DocumentIA.Tests.Unit;C:\temp\MVP\documento-ia-clasificacion-mvp\src\backend\DocumentIA.Tests.Unit\bin\Debug\net9.0\CoverletSourceRootsMapping_DocumentIA.Tests.Unit;C:\temp\MVP\documento-ia-clasificacion-mvp\src\backend\DocumentIA.Tests.Unit\obj\Debug\net9.0\DocumentIA.Tests.Unit.csproj.AssemblyReference.cache;...').
   1:8>Compilaci├│n terminada del destino "IncrementalClean" en el proyecto "DocumentIA.Tests.Unit.csproj".
       Se omiti├│ el destino "PostBuildEvent" debido a una condici├│n falsa (False); ('$(PostBuildEvent)' != '' and ('$(RunPostBuildEvent)' != 'OnOutputUpdated' or '$(_AssemblyTimestampBeforeCompile)' != '$(_AssemblyTimestampAfterCompile)')) se evalu├│ como ('' != '' and ('' != 'OnOutputUpdated' or '' != '')).
       Se omiti├│ el destino "GenerateBuildDependencyFile". Compilado previamente de forma correcta.
       Se omiti├│ el destino "GenerateBuildRuntimeConfigurationFiles". Compilado previamente de forma correcta.
   1:8>Destino "CoreBuild" en el archivo "C:\Program Files\dotnet\sdk\9.0.310\Microsoft.Common.CurrentVersion.targets" del proyecto "C:\temp\MVP\documento-ia-clasificacion-mvp\src\backend\DocumentIA.Tests.Unit\DocumentIA.Tests.Unit.csproj" (el destino "Build" depende de ├®l):
   1:8>Compilaci├│n terminada del destino "CoreBuild" en el proyecto "DocumentIA.Tests.Unit.csproj".
   1:8>Destino "AfterBuild" en el archivo "C:\Program Files\dotnet\sdk\9.0.310\Microsoft.Common.CurrentVersion.targets" del proyecto "C:\temp\MVP\documento-ia-clasificacion-mvp\src\backend\DocumentIA.Tests.Unit\DocumentIA.Tests.Unit.csproj" (el destino "Build" depende de ├®l):
   1:8>Compilaci├│n terminada del destino "AfterBuild" en el proyecto "DocumentIA.Tests.Unit.csproj".
       Se omiti├│ el destino "_CheckBrowserWorkloadNeededButNotAvailable" debido a una condici├│n falsa (False); ('$(RuntimeIdentifier)' == 'browser-wasm' and '$(_BrowserWorkloadDisabled)' != 'true' and '$(WasmNativeWorkloadAvailable)' != 'true') se evalu├│ como ('' == 'browser-wasm' and '' != 'true' and '' != 'true').
       Se omiti├│ el destino "_ErrorWorkloadDisabledForTFMLessThan6" debido a una condici├│n falsa (False); ('$(_BrowserWorkloadNotSupportedForTFM)' == 'true') se evalu├│ como ('' == 'true').
       Se omiti├│ el destino "_ErrorDualWasmThreadPropsOn7" debido a una condici├│n falsa (False); ('$(TargetsNet7)' == 'true' and '$(RuntimeIdentifier)' == 'browser-wasm' and
           '$(BrowserWorkloadDisabled)' != 'true' and '$(WasmEnableThreads)' == 'true' and '$(WasmEnablePerfTrace)' == 'true') se evalu├│ como ('' == 'true' and '' == 'browser-wasm' and
           '' != 'true' and '' == 'true' and '' == 'true').
       Se omiti├│ el destino "_CheckForInvalidConfigurationAndPlatform". Compilado previamente de forma correcta.
       Se omiti├│ el destino "_CheckForInvalidConfigurationAndPlatform". Compilado previamente de forma correcta.
   1:8>Destino "Build" en el archivo "C:\Program Files\dotnet\sdk\9.0.310\Microsoft.Common.CurrentVersion.targets" del proyecto "C:\temp\MVP\documento-ia-clasificacion-mvp\src\backend\DocumentIA.Tests.Unit\DocumentIA.Tests.Unit.csproj" (punto de entrada):
   1:8>Compilaci├│n terminada del destino "Build" en el proyecto "DocumentIA.Tests.Unit.csproj".
       Se omiti├│ el destino "_PackAsBuildAfterTarget" debido a una condici├│n falsa (False); ('$(GeneratePackageOnBuild)' == 'true' AND '$(IsInnerBuild)' != 'true') se evalu├│ como ('false' == 'true' AND '' != 'true').
   1:8>Destino "_CheckContainersPackage" en el archivo "C:\Program Files\dotnet\sdk\9.0.310\Containers\build\Microsoft.NET.Build.Containers.targets" del proyecto "C:\temp\MVP\documento-ia-clasificacion-mvp\src\backend\DocumentIA.Tests.Unit\DocumentIA.Tests.Unit.csproj" (punto de entrada):
       Se omiti├│ la tarea "Warning" debido a una condici├│n falsa (False); ($(_ContainerPackageIsPresent)
               and (
                 ($(_SdkCanPublishWeb) and $(_IsWebProject)) or
                 ($(_SdkCanPublishWorker) and $(_IsWorkerProject)) or
                 ($(_SdkCanPublishConsole) and '$(EnableSdkContainerSupport)' == 'true')
               )) se evalu├│ como (false
               and (
                 (True and false) or
                 (True and false) or
                 (True and 'true' == 'true')
               )).
   1:8>Compilaci├│n terminada del destino "_CheckContainersPackage" en el proyecto "DocumentIA.Tests.Unit.csproj".
   1:8>Compilaci├│n del proyecto terminada "C:\temp\MVP\documento-ia-clasificacion-mvp\src\backend\DocumentIA.Tests.Unit\DocumentIA.Tests.Unit.csproj" (destinos predeterminados).
   1:7>Ejecuci├│n de la tarea "MSBuild" terminada.
       Tarea "VSTestLogsTask"
         Se complet├│ la compilaci├│n.
         
       Ejecuci├│n de la tarea "VSTestLogsTask" terminada.
       Tarea "Message"
         Done Building project C:\temp\MVP\documento-ia-clasificacion-mvp\src\backend\DocumentIA.Tests.Unit\DocumentIA.Tests.Unit.csproj for TargetFramework=net9.0
       Ejecuci├│n de la tarea "Message" terminada.
   1:7>Compilaci├│n terminada del destino "BuildProject" en el proyecto "DocumentIA.Tests.Unit.csproj".
       Ejecuci├│n de la tarea "CallTarget" terminada.
       Tarea "CallTarget"
   1:7>Destino "ShowCallOfVSTestTaskWithParameter" en el archivo "C:\Program Files\dotnet\sdk\9.0.310\Microsoft.TestPlatform.targets" del proyecto "C:\temp\MVP\documento-ia-clasificacion-mvp\src\backend\DocumentIA.Tests.Unit\DocumentIA.Tests.Unit.csproj" (el destino "_VSTestConsole" depende de ├®l):
       Tarea "Message"
         Calling task Microsoft.TestPlatform.Build.Tasks.VSTestTask with following parameter...
       Ejecuci├│n de la tarea "Message" terminada.
       Tarea "Message"
         TestFileFullPath = C:\temp\MVP\documento-ia-clasificacion-mvp\src\backend\DocumentIA.Tests.Unit\bin\Debug\net9.0\DocumentIA.Tests.Unit.dll
       Ejecuci├│n de la tarea "Message" terminada.
       Tarea "Message"
         VSTestSetting = 
       Ejecuci├│n de la tarea "Message" terminada.
       Tarea "Message"
         VSTestTestAdapterPath = ;C:\Users\ubf0238\.nuget\packages\coverlet.collector\6.0.2\build\netstandard2.0\
       Ejecuci├│n de la tarea "Message" terminada.
       Tarea "Message"
         VSTestFramework = .NETCoreApp,Version=v9.0
       Ejecuci├│n de la tarea "Message" terminada.
       Tarea "Message"
         VSTestPlatform = 
       Ejecuci├│n de la tarea "Message" terminada.
       Tarea "Message"
         VSTestTestCaseFilter = FullyQualifiedName~ValidationEngineTests.ValidateDocument_AllRulesPass_ReturnsValidReport|FullyQualifiedName~NifValidatorTests.Validate_Nie_ReturnsExpectedResult|FullyQualifiedName~ValidationEngineTests.ValidateDocument_EmptyData_ValidatesAgainstRules
       Ejecuci├│n de la tarea "Message" terminada.
       Tarea "Message"
         VSTestLogger = console;verbosity=detailed
       Ejecuci├│n de la tarea "Message" terminada.
       Tarea "Message"
         VSTestListTests = 
       Ejecuci├│n de la tarea "Message" terminada.
       Tarea "Message"
         VSTestDiag = 
       Ejecuci├│n de la tarea "Message" terminada.
       Tarea "Message"
         VSTestCLIRunSettings = 
       Ejecuci├│n de la tarea "Message" terminada.
       Tarea "Message"
         VSTestResultsDirectory = 
       Ejecuci├│n de la tarea "Message" terminada.
       Tarea "Message"
         VSTestConsolePath = C:\Program Files\dotnet\sdk\9.0.310\vstest.console.dll
       Ejecuci├│n de la tarea "Message" terminada.
       Tarea "Message"
         VSTestVerbosity = detailed
       Ejecuci├│n de la tarea "Message" terminada.
       Tarea "Message"
         VSTestCollect = 
       Ejecuci├│n de la tarea "Message" terminada.
       Tarea "Message"
         VSTestBlame = 
       Ejecuci├│n de la tarea "Message" terminada.
       Tarea "Message"
         VSTestTraceDataCollectorDirectoryPath = C:\Users\ubf0238\.nuget\packages\microsoft.codecoverage\17.12.0\build\netstandard2.0\
       Ejecuci├│n de la tarea "Message" terminada.
       Tarea "Message"
         VSTestNoLogo = 
       Ejecuci├│n de la tarea "Message" terminada.
   1:7>Compilaci├│n terminada del destino "ShowCallOfVSTestTaskWithParameter" en el proyecto "DocumentIA.Tests.Unit.csproj".
       Ejecuci├│n de la tarea "CallTarget" terminada.
       Usando la tarea "VSTestTask" del ensamblado "C:\Program Files\dotnet\sdk\9.0.310\Microsoft.TestPlatform.Build.dll".
       Tarea "VSTestTask"
         Ensamblado cargado durante TaskRun (Microsoft.TestPlatform.Build.Tasks.VSTestTask): System.Diagnostics.TraceSource, Version=9.0.0.0, Culture=neutral, PublicKeyToken=b03f5f7f11d50a3a(ubicaci├│n: C:\Program Files\dotnet\shared\Microsoft.NETCore.App\9.0.12\System.Diagnostics.TraceSource.dll, MVID: 9ccf130c-185b-41cd-b894-7b7a26ebe982, AssemblyLoadContext: Default)
Versi├│n 17.14.1 (x64) de VSTest

Iniciando la ejecuci├│n de pruebas, espere...
1 archivos de prueba en total coincidieron con el patr├│n especificado.
C:\temp\MVP\documento-ia-clasificacion-mvp\src\backend\DocumentIA.Tests.Unit\bin\Debug\net9.0\DocumentIA.Tests.Unit.dll
[xUnit.net 00:00:00.00] xUnit.net VSTest Adapter v2.8.2+699d445a1a (64-bit .NET 9.0.12)
[xUnit.net 00:00:00.06]   Discovering: DocumentIA.Tests.Unit
[xUnit.net 00:00:00.09]   Discovered:  DocumentIA.Tests.Unit
[xUnit.net 00:00:00.09]   Starting:    DocumentIA.Tests.Unit
[xUnit.net 00:00:00.30]   Finished:    DocumentIA.Tests.Unit
  Correctas DocumentIA.Tests.Unit.Validation.NifValidatorTests.Validate_Nie_ReturnsExpectedResult(nie: "X1234567A", expectedValid: False) [176 ms]
  Correctas DocumentIA.Tests.Unit.Validation.NifValidatorTests.Validate_Nie_ReturnsExpectedResult(nie: "Y0000000Z", expectedValid: True) [< 1 ms]
  Correctas DocumentIA.Tests.Unit.Validation.NifValidatorTests.Validate_Nie_ReturnsExpectedResult(nie: "X1234567L", expectedValid: True) [< 1 ms]
  Correctas DocumentIA.Tests.Unit.Validation.NifValidatorTests.Validate_Nie_ReturnsExpectedResult(nie: "X0000000T", expectedValid: True) [< 1 ms]

La serie de pruebas se ejecut├│ correctamente.
Pruebas totales: 4
     Correcto: 4
 Tiempo total: 0,7971 Segundos
       Ejecuci├│n de la tarea "VSTestTask" terminada.
   1:7>Compilaci├│n terminada del destino "_VSTestConsole" en el proyecto "DocumentIA.Tests.Unit.csproj".
       Ejecuci├│n de la tarea "CallTarget" terminada.
       Se omiti├│ la tarea "CallTarget" debido a una condici├│n falsa (False); ($(_MSBUILDTLENABLED) == '1' AND $(VsTestUseMSBuildOutput)) se evalu├│ como (0 == '1' AND False).
   1:7>Compilaci├│n terminada del destino "VSTest" en el proyecto "DocumentIA.Tests.Unit.csproj".
   1:7>Compilaci├│n del proyecto terminada "C:\temp\MVP\documento-ia-clasificacion-mvp\src\backend\DocumentIA.Tests.Unit\DocumentIA.Tests.Unit.csproj" (VSTest destinos).

Compilaci├│n correcta.

       "C:\temp\MVP\documento-ia-clasificacion-mvp\src\backend\DocumentIA.Tests.Unit\DocumentIA.Tests.Unit.csproj" (VSTest destino) (1:7) ->
       "C:\temp\MVP\documento-ia-clasificacion-mvp\src\backend\DocumentIA.Tests.Unit\DocumentIA.Tests.Unit.csproj" (destino predeterminado) (1:8) ->
       "C:\temp\MVP\documento-ia-clasificacion-mvp\src\backend\DocumentIA.Core\DocumentIA.Core.csproj" (destino predeterminado) (2:6) ->
       (CoreCompile destino) -> 
         C:\temp\MVP\documento-ia-clasificacion-mvp\src\backend\DocumentIA.Core\Validation\IValidationRule.cs(21,104): warning CS8625: No se puede convertir un literal NULL en un tipo de referencia que no acepta valores NULL. [C:\temp\MVP\documento-ia-clasificacion-mvp\src\backend\DocumentIA.Core\DocumentIA.Core.csproj]
         C:\temp\MVP\documento-ia-clasificacion-mvp\src\backend\DocumentIA.Core\Configuration\TipologiaConfigLoader.cs(101,103): warning CS8601: Posible asignaci├│n de referencia nula. [C:\temp\MVP\documento-ia-clasificacion-mvp\src\backend\DocumentIA.Core\DocumentIA.Core.csproj]
         C:\temp\MVP\documento-ia-clasificacion-mvp\src\backend\DocumentIA.Core\Validation\IValidationRule.cs(32,120): warning CS8625: No se puede convertir un literal NULL en un tipo de referencia que no acepta valores NULL. [C:\temp\MVP\documento-ia-clasificacion-mvp\src\backend\DocumentIA.Core\DocumentIA.Core.csproj]
         C:\temp\MVP\documento-ia-clasificacion-mvp\src\backend\DocumentIA.Core\Validation\IValidationRule.cs(44,110): warning CS8625: No se puede convertir un literal NULL en un tipo de referencia que no acepta valores NULL. [C:\temp\MVP\documento-ia-clasificacion-mvp\src\backend\DocumentIA.Core\DocumentIA.Core.csproj]
         C:\temp\MVP\documento-ia-clasificacion-mvp\src\backend\DocumentIA.Core\Validation\Rules\CatastralReferenceValidator.cs(18,120): warning CS8625: No se puede convertir un literal NULL en un tipo de referencia que no acepta valores NULL. [C:\temp\MVP\documento-ia-clasificacion-mvp\src\backend\DocumentIA.Core\DocumentIA.Core.csproj]
         C:\temp\MVP\documento-ia-clasificacion-mvp\src\backend\DocumentIA.Core\Validation\ValidationEngine.cs(26,129): warning CS8625: No se puede convertir un literal NULL en un tipo de referencia que no acepta valores NULL. [C:\temp\MVP\documento-ia-clasificacion-mvp\src\backend\DocumentIA.Core\DocumentIA.Core.csproj]
         C:\temp\MVP\documento-ia-clasificacion-mvp\src\backend\DocumentIA.Core\Validation\Rules\RangeValidator.cs(22,120): warning CS8625: No se puede convertir un literal NULL en un tipo de referencia que no acepta valores NULL. [C:\temp\MVP\documento-ia-clasificacion-mvp\src\backend\DocumentIA.Core\DocumentIA.Core.csproj]
         C:\temp\MVP\documento-ia-clasificacion-mvp\src\backend\DocumentIA.Core\Validation\Rules\RequiredFieldValidator.cs(13,120): warning CS8625: No se puede convertir un literal NULL en un tipo de referencia que no acepta valores NULL. [C:\temp\MVP\documento-ia-clasificacion-mvp\src\backend\DocumentIA.Core\DocumentIA.Core.csproj]
         C:\temp\MVP\documento-ia-clasificacion-mvp\src\backend\DocumentIA.Core\Validation\Rules\NifValidator.cs(17,120): warning CS8625: No se puede convertir un literal NULL en un tipo de referencia que no acepta valores NULL. [C:\temp\MVP\documento-ia-clasificacion-mvp\src\backend\DocumentIA.Core\DocumentIA.Core.csproj]
         C:\temp\MVP\documento-ia-clasificacion-mvp\src\backend\DocumentIA.Core\Validation\Rules\DateFormatValidator.cs(19,40): warning CS8625: No se puede convertir un literal NULL en un tipo de referencia que no acepta valores NULL. [C:\temp\MVP\documento-ia-clasificacion-mvp\src\backend\DocumentIA.Core\DocumentIA.Core.csproj]
         C:\temp\MVP\documento-ia-clasificacion-mvp\src\backend\DocumentIA.Core\Validation\Rules\DateFormatValidator.cs(34,120): warning CS8625: No se puede convertir un literal NULL en un tipo de referencia que no acepta valores NULL. [C:\temp\MVP\documento-ia-clasificacion-mvp\src\backend\DocumentIA.Core\DocumentIA.Core.csproj]
         C:\temp\MVP\documento-ia-clasificacion-mvp\src\backend\DocumentIA.Core\Configuration\TipologiaValidationConfig.cs(24,16): warning CS8618: El elemento propiedad "Name" que no acepta valores NULL debe contener un valor distinto de NULL al salir del constructor. Considere la posibilidad de agregar el modificador "required'"o declarar el propiedad como un valor que acepta valores NULL. [C:\temp\MVP\documento-ia-clasificacion-mvp\src\backend\DocumentIA.Core\DocumentIA.Core.csproj]
         C:\temp\MVP\documento-ia-clasificacion-mvp\src\backend\DocumentIA.Core\Configuration\TipologiaValidationConfig.cs(24,16): warning CS8618: El elemento propiedad "Type" que no acepta valores NULL debe contener un valor distinto de NULL al salir del constructor. Considere la posibilidad de agregar el modificador "required'"o declarar el propiedad como un valor que acepta valores NULL. [C:\temp\MVP\documento-ia-clasificacion-mvp\src\backend\DocumentIA.Core\DocumentIA.Core.csproj]
         C:\temp\MVP\documento-ia-clasificacion-mvp\src\backend\DocumentIA.Core\Configuration\TipologiaValidationConfig.cs(36,16): warning CS8618: El elemento propiedad "RuleType" que no acepta valores NULL debe contener un valor distinto de NULL al salir del constructor. Considere la posibilidad de agregar el modificador "required'"o declarar el propiedad como un valor que acepta valores NULL. [C:\temp\MVP\documento-ia-clasificacion-mvp\src\backend\DocumentIA.Core\DocumentIA.Core.csproj]
         C:\temp\MVP\documento-ia-clasificacion-mvp\src\backend\DocumentIA.Core\Configuration\TipologiaValidationConfig.cs(36,16): warning CS8618: El elemento propiedad "Severity" que no acepta valores NULL debe contener un valor distinto de NULL al salir del constructor. Considere la posibilidad de agregar el modificador "required'"o declarar el propiedad como un valor que acepta valores NULL. [C:\temp\MVP\documento-ia-clasificacion-mvp\src\backend\DocumentIA.Core\DocumentIA.Core.csproj]
         C:\temp\MVP\documento-ia-clasificacion-mvp\src\backend\DocumentIA.Core\Configuration\TipologiaValidationConfig.cs(11,16): warning CS8618: El elemento propiedad "TipologiaId" que no acepta valores NULL debe contener un valor distinto de NULL al salir del constructor. Considere la posibilidad de agregar el modificador "required'"o declarar el propiedad como un valor que acepta valores NULL. [C:\temp\MVP\documento-ia-clasificacion-mvp\src\backend\DocumentIA.Core\DocumentIA.Core.csproj]
         C:\temp\MVP\documento-ia-clasificacion-mvp\src\backend\DocumentIA.Core\Configuration\TipologiaValidationConfig.cs(11,16): warning CS8618: El elemento propiedad "TipologiaNombre" que no acepta valores NULL debe contener un valor distinto de NULL al salir del constructor. Considere la posibilidad de agregar el modificador "required'"o declarar el propiedad como un valor que acepta valores NULL. [C:\temp\MVP\documento-ia-clasificacion-mvp\src\backend\DocumentIA.Core\DocumentIA.Core.csproj]
         C:\temp\MVP\documento-ia-clasificacion-mvp\src\backend\DocumentIA.Core\Configuration\TipologiaValidationConfig.cs(11,16): warning CS8618: El elemento propiedad "Version" que no acepta valores NULL debe contener un valor distinto de NULL al salir del constructor. Considere la posibilidad de agregar el modificador "required'"o declarar el propiedad como un valor que acepta valores NULL. [C:\temp\MVP\documento-ia-clasificacion-mvp\src\backend\DocumentIA.Core\DocumentIA.Core.csproj]
         C:\temp\MVP\documento-ia-clasificacion-mvp\src\backend\DocumentIA.Core\Validation\Models\ValidationResult.cs(12,16): warning CS8618: El elemento propiedad "Message" que no acepta valores NULL debe contener un valor distinto de NULL al salir del constructor. Considere la posibilidad de agregar el modificador "required'"o declarar el propiedad como un valor que acepta valores NULL. [C:\temp\MVP\documento-ia-clasificacion-mvp\src\backend\DocumentIA.Core\DocumentIA.Core.csproj]
         C:\temp\MVP\documento-ia-clasificacion-mvp\src\backend\DocumentIA.Core\Validation\Models\ValidationResult.cs(12,16): warning CS8618: El elemento propiedad "FieldName" que no acepta valores NULL debe contener un valor distinto de NULL al salir del constructor. Considere la posibilidad de agregar el modificador "required'"o declarar el propiedad como un valor que acepta valores NULL. [C:\temp\MVP\documento-ia-clasificacion-mvp\src\backend\DocumentIA.Core\DocumentIA.Core.csproj]
         C:\temp\MVP\documento-ia-clasificacion-mvp\src\backend\DocumentIA.Core\Validation\Models\ValidationResult.cs(12,16): warning CS8618: El elemento propiedad "SuggestionString" que no acepta valores NULL debe contener un valor distinto de NULL al salir del constructor. Considere la posibilidad de agregar el modificador "required'"o declarar el propiedad como un valor que acepta valores NULL. [C:\temp\MVP\documento-ia-clasificacion-mvp\src\backend\DocumentIA.Core\DocumentIA.Core.csproj]
         C:\temp\MVP\documento-ia-clasificacion-mvp\src\backend\DocumentIA.Core\Configuration\TipologiaConfigLoader.cs(38,20): warning CS8603: Posible tipo de valor devuelto de referencia nulo. [C:\temp\MVP\documento-ia-clasificacion-mvp\src\backend\DocumentIA.Core\DocumentIA.Core.csproj]
         C:\temp\MVP\documento-ia-clasificacion-mvp\src\backend\DocumentIA.Core\Validation\Rules\CatastralReferenceValidator.cs(25,35): warning CS8602: Desreferencia de una referencia posiblemente NULL. [C:\temp\MVP\documento-ia-clasificacion-mvp\src\backend\DocumentIA.Core\DocumentIA.Core.csproj]
         C:\temp\MVP\documento-ia-clasificacion-mvp\src\backend\DocumentIA.Core\Validation\Rules\NifValidator.cs(24,31): warning CS8602: Desreferencia de una referencia posiblemente NULL. [C:\temp\MVP\documento-ia-clasificacion-mvp\src\backend\DocumentIA.Core\DocumentIA.Core.csproj]
         C:\temp\MVP\documento-ia-clasificacion-mvp\src\backend\DocumentIA.Core\Validation\Rules\DateFormatValidator.cs(41,33): warning CS8602: Desreferencia de una referencia posiblemente NULL. [C:\temp\MVP\documento-ia-clasificacion-mvp\src\backend\DocumentIA.Core\DocumentIA.Core.csproj]
         C:\temp\MVP\documento-ia-clasificacion-mvp\src\backend\DocumentIA.Core\Configuration\TipologiaConfigLoader.cs(109,28): warning CS8603: Posible tipo de valor devuelto de referencia nulo. [C:\temp\MVP\documento-ia-clasificacion-mvp\src\backend\DocumentIA.Core\DocumentIA.Core.csproj]
         C:\temp\MVP\documento-ia-clasificacion-mvp\src\backend\DocumentIA.Core\Validation\ValidationEngine.cs(35,37): warning CS8600: Se va a convertir un literal nulo o un posible valor nulo en un tipo que no acepta valores NULL [C:\temp\MVP\documento-ia-clasificacion-mvp\src\backend\DocumentIA.Core\DocumentIA.Core.csproj]
         C:\temp\MVP\documento-ia-clasificacion-mvp\src\backend\DocumentIA.Core\Validation\ValidationEngine.cs(41,59): warning CS8604: Posible argumento de referencia nulo para el par├ímetro "value" en "ValidationResult IValidationRule.Validate(string fieldName, object value, Dictionary<string, object> context = null)". [C:\temp\MVP\documento-ia-clasificacion-mvp\src\backend\DocumentIA.Core\DocumentIA.Core.csproj]


       "C:\temp\MVP\documento-ia-clasificacion-mvp\src\backend\DocumentIA.Tests.Unit\DocumentIA.Tests.Unit.csproj" (VSTest destino) (1:7) ->
       "C:\temp\MVP\documento-ia-clasificacion-mvp\src\backend\DocumentIA.Tests.Unit\DocumentIA.Tests.Unit.csproj" (destino predeterminado) (1:8) ->
         C:\temp\MVP\documento-ia-clasificacion-mvp\src\backend\DocumentIA.Tests.Unit\Validation\ValidationEngineTests.cs(15,16): warning CS0436: El tipo 'ValidationEngine' de 'C:\temp\MVP\documento-ia-clasificacion-mvp\src\backend\DocumentIA.Tests.Unit\Validation\ValidationEngineTests.cs' est├í en conflicto con el tipo importado 'ValidationEngine' de 'DocumentIA.Core, Version=1.0.0.0, Culture=neutral, PublicKeyToken=null'. Se usar├í el tipo definido en 'C:\temp\MVP\documento-ia-clasificacion-mvp\src\backend\DocumentIA.Tests.Unit\Validation\ValidationEngineTests.cs'. [C:\temp\MVP\documento-ia-clasificacion-mvp\src\backend\DocumentIA.Tests.Unit\DocumentIA.Tests.Unit.csproj]
         C:\temp\MVP\documento-ia-clasificacion-mvp\src\backend\DocumentIA.Tests.Unit\Validation\ValidationEngineTests.cs(26,129): warning CS8625: No se puede convertir un literal NULL en un tipo de referencia que no acepta valores NULL. [C:\temp\MVP\documento-ia-clasificacion-mvp\src\backend\DocumentIA.Tests.Unit\DocumentIA.Tests.Unit.csproj]
         C:\temp\MVP\documento-ia-clasificacion-mvp\src\backend\DocumentIA.Tests.Unit\Validation\ValidationEngineTests.cs(35,37): warning CS8600: Se va a convertir un literal nulo o un posible valor nulo en un tipo que no acepta valores NULL [C:\temp\MVP\documento-ia-clasificacion-mvp\src\backend\DocumentIA.Tests.Unit\DocumentIA.Tests.Unit.csproj]
         C:\temp\MVP\documento-ia-clasificacion-mvp\src\backend\DocumentIA.Tests.Unit\Validation\ValidationEngineTests.cs(41,59): warning CS8604: Posible argumento de referencia nulo para el par├ímetro "value" en "ValidationResult IValidationRule.Validate(string fieldName, object value, Dictionary<string, object> context = null)". [C:\temp\MVP\documento-ia-clasificacion-mvp\src\backend\DocumentIA.Tests.Unit\DocumentIA.Tests.Unit.csproj]

    32 Advertencia(s)
    0 Errores

Tiempo transcurrido 00:00:02.75
